#
# There is insufficient memory for the Java Runtime Environment to continue.
# Native memory allocation (malloc) failed to allocate 3060944 bytes. Error detail: Chunk::new
# Possible reasons:
#   The system is out of physical RAM or swap space
#   This process is running with CompressedOops enabled, and the Java Heap may be blocking the growth of the native heap
# Possible solutions:
#   Reduce memory load on the system
#   Increase physical memory or swap space
#   Check if swap backing store is full
#   Decrease Java heap size (-Xmx/-Xms)
#   Decrease number of Java threads
#   Decrease Java thread stack sizes (-Xss)
#   Set larger code cache with -XX:ReservedCodeCacheSize=
#   JVM is running with Unscaled Compressed Oops mode in which the Java heap is
#     placed in the first 4GB address space. The Java Heap base address is the
#     maximum limit for the native heap growth. Please use -XX:HeapBaseMinAddress
#     to set the Java Heap base and to place the Java Heap above 4GB virtual address.
# This output file may be truncated or incomplete.
#
#  Out of Memory Error (arena.cpp:162), pid=20920, tid=15532
#
# JRE version: OpenJDK Runtime Environment (24.0.1+9) (build 24.0.1+9-30)
# Java VM: OpenJDK 64-Bit Server VM (24.0.1+9-30, mixed mode, sharing, tiered, compressed oops, compressed class ptrs, g1 gc, windows-amd64)
# No core dump will be written. Minidumps are not enabled by default on client versions of Windows
#

---------------  S U M M A R Y ------------

Command Line: -javaagent:C:\Program Files\JetBrains\IntelliJ IDEA 2025.1.2\lib\idea_rt.jar=49393 -Dfile.encoding=UTF-8 -Dsun.stdout.encoding=UTF-8 -Dsun.stderr.encoding=UTF-8 develop.circlek.CirclekApplication

Host: 11th Gen Intel(R) Core(TM) i5-11320H @ 3.20GHz, 8 cores, 7G,  Windows 11 , 64 bit Build 26100 (10.0.26100.4484)
Time: Sun Aug  3 22:57:35 2025 SE Asia Standard Time elapsed time: 4537.694877 seconds (0d 1h 15m 37s)

---------------  T H R E A D  ---------------

Current thread (0x0000018d61668680):  JavaThread "C2 CompilerThread0" daemon [_thread_in_native, id=15532, stack(0x00000044c0900000,0x00000044c0a00000) (1024K)]


Current CompileTask:
C2:4537695 14414       4       org.hibernate.sql.results.graph.basic.BasicResultAssembler::assemble (102 bytes)

Stack: [0x00000044c0900000,0x00000044c0a00000]
Native frames: (J=compiled Java code, j=interpreted, Vv=VM code, C=native code)
V  [jvm.dll+0x730739]  (no source info available)
V  [jvm.dll+0x8d9b23]  (no source info available)
V  [jvm.dll+0x8dc00d]  (no source info available)
V  [jvm.dll+0x8dc683]  (no source info available)
V  [jvm.dll+0x2aa086]  (no source info available)
V  [jvm.dll+0xcedef]  (no source info available)
V  [jvm.dll+0xcf04f]  (no source info available)
V  [jvm.dll+0x154d83]  (no source info available)
V  [jvm.dll+0x735f5f]  (no source info available)
V  [jvm.dll+0x26fa1c]  (no source info available)
V  [jvm.dll+0x26ea3f]  (no source info available)
V  [jvm.dll+0x1e9d60]  (no source info available)
V  [jvm.dll+0x27e1fb]  (no source info available)
V  [jvm.dll+0x27c49a]  (no source info available)
V  [jvm.dll+0x42f456]  (no source info available)
V  [jvm.dll+0x87d76b]  (no source info available)
V  [jvm.dll+0x72ee55]  (no source info available)
C  [ucrtbase.dll+0x37b0]  (no source info available)
C  [KERNEL32.DLL+0x2e8d7]  (no source info available)
C  [ntdll.dll+0x3c34c]  (no source info available)

Lock stack of current Java thread (top to bottom):


---------------  P R O C E S S  ---------------

Threads class SMR info:
_java_thread_list=0x0000018d68bb6290, length=33, elements={
0x0000018d6165b8b0, 0x0000018d6165c1f0, 0x0000018d61661e80, 0x0000018d61664ab0,
0x0000018d616669e0, 0x0000018d61667730, 0x0000018d61668680, 0x0000018d6167e780,
0x0000018d41207420, 0x0000018d41423470, 0x0000018d41423bb0, 0x0000018d6640f940,
0x0000018d663acbf0, 0x0000018d663b9270, 0x0000018d663bc570, 0x0000018d6678ec60,
0x0000018d6857d0c0, 0x0000018d6857c970, 0x0000018d6857d810, 0x0000018d6857a4e0,
0x0000018d67fc6bd0, 0x0000018d67fc7a70, 0x0000018d67fc9f00, 0x0000018d67fc81c0,
0x0000018d67fcb4f0, 0x0000018d67fcada0, 0x0000018d67fcbc40, 0x0000018d67fc8910,
0x0000018d67fcc390, 0x0000018d67fc9060, 0x0000018d67fc97b0, 0x0000018d67fcd230,
0x0000018d67fcd980
}

Java Threads: ( => current thread )
  0x0000018d6165b8b0 JavaThread "Reference Handler"          daemon [_thread_blocked, id=20332, stack(0x00000044c0300000,0x00000044c0400000) (1024K)]
  0x0000018d6165c1f0 JavaThread "Finalizer"                  daemon [_thread_blocked, id=13552, stack(0x00000044c0400000,0x00000044c0500000) (1024K)]
  0x0000018d61661e80 JavaThread "Signal Dispatcher"          daemon [_thread_blocked, id=10152, stack(0x00000044c0500000,0x00000044c0600000) (1024K)]
  0x0000018d61664ab0 JavaThread "Attach Listener"            daemon [_thread_blocked, id=4244, stack(0x00000044c0600000,0x00000044c0700000) (1024K)]
  0x0000018d616669e0 JavaThread "Service Thread"             daemon [_thread_blocked, id=3924, stack(0x00000044c0700000,0x00000044c0800000) (1024K)]
  0x0000018d61667730 JavaThread "Monitor Deflation Thread"   daemon [_thread_blocked, id=11536, stack(0x00000044c0800000,0x00000044c0900000) (1024K)]
=>0x0000018d61668680 JavaThread "C2 CompilerThread0"         daemon [_thread_in_native, id=15532, stack(0x00000044c0900000,0x00000044c0a00000) (1024K)]
  0x0000018d6167e780 JavaThread "C1 CompilerThread0"         daemon [_thread_blocked, id=25840, stack(0x00000044c0a00000,0x00000044c0b00000) (1024K)]
  0x0000018d41207420 JavaThread "Common-Cleaner"             daemon [_thread_blocked, id=5288, stack(0x00000044c0b00000,0x00000044c0c00000) (1024K)]
  0x0000018d41423470 JavaThread "Monitor Ctrl-Break"         daemon [_thread_in_native, id=17216, stack(0x00000044c0d00000,0x00000044c0e00000) (1024K)]
  0x0000018d41423bb0 JavaThread "Notification Thread"        daemon [_thread_blocked, id=4636, stack(0x00000044c0e00000,0x00000044c0f00000) (1024K)]
  0x0000018d6640f940 JavaThread "RMI TCP Accept-0"           daemon [_thread_in_native, id=5600, stack(0x00000044c0f00000,0x00000044c1000000) (1024K)]
  0x0000018d663acbf0 JavaThread "RMI TCP Connection(1)-192.168.1.9" daemon [_thread_in_native, id=11272, stack(0x00000044c1000000,0x00000044c1100000) (1024K)]
  0x0000018d663b9270 JavaThread "RMI Scheduler(0)"           daemon [_thread_blocked, id=24696, stack(0x00000044c1100000,0x00000044c1200000) (1024K)]
  0x0000018d663bc570 JavaThread "JMX server connection timeout 31" daemon [_thread_blocked, id=27076, stack(0x00000044c1200000,0x00000044c1300000) (1024K)]
  0x0000018d6678ec60 JavaThread "Catalina-utility-1"                [_thread_blocked, id=22900, stack(0x00000044c1300000,0x00000044c1400000) (1024K)]
  0x0000018d6857d0c0 JavaThread "Catalina-utility-2"                [_thread_blocked, id=26636, stack(0x00000044c1c00000,0x00000044c1d00000) (1024K)]
  0x0000018d6857c970 JavaThread "container-0"                       [_thread_blocked, id=11024, stack(0x00000044c1d00000,0x00000044c1e00000) (1024K)]
  0x0000018d6857d810 JavaThread "mysql-cj-abandoned-connection-cleanup" daemon [_thread_blocked, id=28464, stack(0x00000044c1e00000,0x00000044c1f00000) (1024K)]
  0x0000018d6857a4e0 JavaThread "HikariPool-1:housekeeper"   daemon [_thread_blocked, id=18700, stack(0x00000044c2000000,0x00000044c2100000) (1024K)]
  0x0000018d67fc6bd0 JavaThread "http-nio-8080-exec-1"       daemon [_thread_blocked, id=17988, stack(0x00000044c2300000,0x00000044c2400000) (1024K)]
  0x0000018d67fc7a70 JavaThread "http-nio-8080-exec-2"       daemon [_thread_blocked, id=28736, stack(0x00000044c2400000,0x00000044c2500000) (1024K)]
  0x0000018d67fc9f00 JavaThread "http-nio-8080-exec-3"       daemon [_thread_blocked, id=13548, stack(0x00000044c2500000,0x00000044c2600000) (1024K)]
  0x0000018d67fc81c0 JavaThread "http-nio-8080-exec-4"       daemon [_thread_blocked, id=13468, stack(0x00000044c2600000,0x00000044c2700000) (1024K)]
  0x0000018d67fcb4f0 JavaThread "http-nio-8080-exec-5"       daemon [_thread_blocked, id=20384, stack(0x00000044c2700000,0x00000044c2800000) (1024K)]
  0x0000018d67fcada0 JavaThread "http-nio-8080-exec-6"       daemon [_thread_blocked, id=6548, stack(0x00000044c2800000,0x00000044c2900000) (1024K)]
  0x0000018d67fcbc40 JavaThread "http-nio-8080-exec-7"       daemon [_thread_blocked, id=7260, stack(0x00000044c2900000,0x00000044c2a00000) (1024K)]
  0x0000018d67fc8910 JavaThread "http-nio-8080-exec-8"       daemon [_thread_blocked, id=3852, stack(0x00000044c2a00000,0x00000044c2b00000) (1024K)]
  0x0000018d67fcc390 JavaThread "http-nio-8080-exec-9"       daemon [_thread_blocked, id=28472, stack(0x00000044c2b00000,0x00000044c2c00000) (1024K)]
  0x0000018d67fc9060 JavaThread "http-nio-8080-exec-10"      daemon [_thread_blocked, id=27620, stack(0x00000044c2c00000,0x00000044c2d00000) (1024K)]
  0x0000018d67fc97b0 JavaThread "http-nio-8080-Poller"       daemon [_thread_in_native, id=3168, stack(0x00000044c2d00000,0x00000044c2e00000) (1024K)]
  0x0000018d67fcd230 JavaThread "http-nio-8080-Acceptor"     daemon [_thread_in_native, id=22008, stack(0x00000044c2e00000,0x00000044c2f00000) (1024K)]
  0x0000018d67fcd980 JavaThread "DestroyJavaVM"                     [_thread_blocked, id=7420, stack(0x00000044bfb00000,0x00000044bfc00000) (1024K)]
Total: 33

Other Threads:
  0x0000018d61649b00 VMThread "VM Thread"                           [id=764, stack(0x00000044c0200000,0x00000044c0300000) (1024K)]
  0x0000018d61637200 WatcherThread "VM Periodic Task Thread"        [id=2664, stack(0x00000044c0100000,0x00000044c0200000) (1024K)]
  0x0000018d447e4550 WorkerThread "GC Thread#0"                     [id=18272, stack(0x00000044bfc00000,0x00000044bfd00000) (1024K)]
  0x0000018d66374580 WorkerThread "GC Thread#1"                     [id=20560, stack(0x00000044c1400000,0x00000044c1500000) (1024K)]
  0x0000018d66375f50 WorkerThread "GC Thread#2"                     [id=5344, stack(0x00000044c1500000,0x00000044c1600000) (1024K)]
  0x0000018d66376300 WorkerThread "GC Thread#3"                     [id=29456, stack(0x00000044c1600000,0x00000044c1700000) (1024K)]
  0x0000018d66374930 WorkerThread "GC Thread#4"                     [id=13568, stack(0x00000044c1700000,0x00000044c1800000) (1024K)]
  0x0000018d66374ce0 WorkerThread "GC Thread#5"                     [id=3392, stack(0x00000044c1800000,0x00000044c1900000) (1024K)]
  0x0000018d66372800 WorkerThread "GC Thread#6"                     [id=27292, stack(0x00000044c1900000,0x00000044c1a00000) (1024K)]
  0x0000018d66372f60 WorkerThread "GC Thread#7"                     [id=10832, stack(0x00000044c1a00000,0x00000044c1b00000) (1024K)]
  0x0000018d447f4ed0 ConcurrentGCThread "G1 Main Marker"            [id=30160, stack(0x00000044bfd00000,0x00000044bfe00000) (1024K)]
  0x0000018d447f59e0 WorkerThread "G1 Conc#0"                       [id=2016, stack(0x00000044bfe00000,0x00000044bff00000) (1024K)]
  0x0000018d66373a70 WorkerThread "G1 Conc#1"                       [id=24104, stack(0x00000044c1b00000,0x00000044c1c00000) (1024K)]
  0x0000018d614f5190 ConcurrentGCThread "G1 Refine#0"               [id=924, stack(0x00000044bff00000,0x00000044c0000000) (1024K)]
  0x0000018d614f5b20 ConcurrentGCThread "G1 Service"                [id=27588, stack(0x00000044c0000000,0x00000044c0100000) (1024K)]
Total: 15

Threads with active compile tasks:
C2 CompilerThread0  4537849 14414       4       org.hibernate.sql.results.graph.basic.BasicResultAssembler::assemble (102 bytes)
Total: 1

VM state: not at safepoint (normal execution)

VM Mutex/Monitor currently owned by a thread: None

Heap address: 0x0000000083600000, size: 1994 MB, Compressed Oops mode: 32-bit

CDS archive(s) mapped at: [0x0000018d00000000-0x0000018d00d40000-0x0000018d00d40000), size 13893632, SharedBaseAddress: 0x0000018d00000000, ArchiveRelocationMode: 1.
Compressed class space mapped at: 0x0000018d01000000-0x0000018d41000000, reserved size: 1073741824
UseCompressedClassPointers 1, UseCompactObjectHeaders 0
Narrow klass pointer bits 32, Max shift 3
Narrow klass base: 0x0000018d00000000, Narrow klass shift: 0
Encoding Range: [0x0000018d00000000 - 0x0000018e00000000), (4294967296 bytes)
Klass Range:    [0x0000018d00000000 - 0x0000018d41000000), (1090519040 bytes)
Klass ID Range:  [8 - 1090519033) (1090519025)

GC Precious Log:
 CardTable entry size: 512
 Card Set container configuration: InlinePtr #cards 5 size 8 Array Of Cards #cards 10 size 36 Howl #buckets 4 coarsen threshold 1843 Howl Bitmap #cards 512 size 80 coarsen threshold 460 Card regions per heap region 1 cards per card region 2048
 CPUs: 8 total, 8 available
 Memory: 7975M
 Large Page Support: Disabled
 NUMA Support: Disabled
 Compressed Oops: Enabled (32-bit)
 Heap Region Size: 1M
 Heap Min Capacity: 8M
 Heap Initial Capacity: 126M
 Heap Max Capacity: 1994M
 Pre-touch: Disabled
 Parallel Workers: 8
 Concurrent Workers: 2
 Concurrent Refinement Workers: 8
 Periodic GC: Disabled

Heap:
 garbage-first heap   total reserved 2041856K, committed 144384K, used 69796K [0x0000000083600000, 0x0000000100000000)
  region size 1024K, 24 young (24576K), 6 survivors (6144K)
 Metaspace       used 95204K, committed 95936K, reserved 1179648K
  class space    used 10364K, committed 10688K, reserved 1048576K

Heap Regions: E=young(eden), S=young(survivor), O=old, HS=humongous(starts), HC=humongous(continues), CS=collection set, F=free, TAMS=top-at-mark-start, PB=parsable bottom
|   0|0x0000000083600000, 0x0000000083700000, 0x0000000083700000|100%|HS|  |TAMS 0x0000000083600000| PB 0x0000000083600000| Complete |  0
|   1|0x0000000083700000, 0x0000000083800000, 0x0000000083800000|100%|HS|  |TAMS 0x0000000083700000| PB 0x0000000083700000| Complete |  0
|   2|0x0000000083800000, 0x0000000083900000, 0x0000000083900000|100%| O|  |TAMS 0x0000000083800000| PB 0x0000000083800000| Untracked |  0
|   3|0x0000000083900000, 0x0000000083a00000, 0x0000000083a00000|100%| O|  |TAMS 0x0000000083900000| PB 0x0000000083900000| Untracked |  0
|   4|0x0000000083a00000, 0x0000000083b00000, 0x0000000083b00000|100%| O|  |TAMS 0x0000000083a00000| PB 0x0000000083a00000| Untracked |  0
|   5|0x0000000083b00000, 0x0000000083c00000, 0x0000000083c00000|100%| O|  |TAMS 0x0000000083b00000| PB 0x0000000083b00000| Untracked |  0
|   6|0x0000000083c00000, 0x0000000083d00000, 0x0000000083d00000|100%| O|  |TAMS 0x0000000083c00000| PB 0x0000000083c00000| Untracked |  0
|   7|0x0000000083d00000, 0x0000000083e00000, 0x0000000083e00000|100%| O|  |TAMS 0x0000000083d00000| PB 0x0000000083d00000| Untracked |  0
|   8|0x0000000083e00000, 0x0000000083f00000, 0x0000000083f00000|100%| O|  |TAMS 0x0000000083e00000| PB 0x0000000083e00000| Untracked |  0
|   9|0x0000000083f00000, 0x0000000084000000, 0x0000000084000000|100%| O|  |TAMS 0x0000000083f00000| PB 0x0000000083f00000| Untracked |  0
|  10|0x0000000084000000, 0x0000000084100000, 0x0000000084100000|100%| O|  |TAMS 0x0000000084000000| PB 0x0000000084000000| Untracked |  0
|  11|0x0000000084100000, 0x0000000084200000, 0x0000000084200000|100%| O|  |TAMS 0x0000000084100000| PB 0x0000000084100000| Untracked |  0
|  12|0x0000000084200000, 0x0000000084300000, 0x0000000084300000|100%| O|  |TAMS 0x0000000084200000| PB 0x0000000084200000| Untracked |  0
|  13|0x0000000084300000, 0x0000000084400000, 0x0000000084400000|100%| O|  |TAMS 0x0000000084300000| PB 0x0000000084300000| Untracked |  0
|  14|0x0000000084400000, 0x0000000084500000, 0x0000000084500000|100%| O|  |TAMS 0x0000000084400000| PB 0x0000000084400000| Untracked |  0
|  15|0x0000000084500000, 0x0000000084600000, 0x0000000084600000|100%| O|  |TAMS 0x0000000084500000| PB 0x0000000084500000| Untracked |  0
|  16|0x0000000084600000, 0x0000000084700000, 0x0000000084700000|100%| O|  |TAMS 0x0000000084600000| PB 0x0000000084600000| Untracked |  0
|  17|0x0000000084700000, 0x0000000084800000, 0x0000000084800000|100%| O|  |TAMS 0x0000000084700000| PB 0x0000000084700000| Untracked |  0
|  18|0x0000000084800000, 0x0000000084900000, 0x0000000084900000|100%| O|  |TAMS 0x0000000084800000| PB 0x0000000084800000| Untracked |  0
|  19|0x0000000084900000, 0x0000000084a00000, 0x0000000084a00000|100%| O|  |TAMS 0x0000000084900000| PB 0x0000000084900000| Untracked |  0
|  20|0x0000000084a00000, 0x0000000084b00000, 0x0000000084b00000|100%| O|  |TAMS 0x0000000084a00000| PB 0x0000000084a00000| Untracked |  0
|  21|0x0000000084b00000, 0x0000000084c00000, 0x0000000084c00000|100%| O|  |TAMS 0x0000000084b00000| PB 0x0000000084b00000| Untracked |  0
|  22|0x0000000084c00000, 0x0000000084d00000, 0x0000000084d00000|100%| O|  |TAMS 0x0000000084c00000| PB 0x0000000084c00000| Untracked |  0
|  23|0x0000000084d00000, 0x0000000084e00000, 0x0000000084e00000|100%| O|  |TAMS 0x0000000084d00000| PB 0x0000000084d00000| Untracked |  0
|  24|0x0000000084e00000, 0x0000000084f00000, 0x0000000084f00000|100%| O|  |TAMS 0x0000000084e00000| PB 0x0000000084e00000| Untracked |  0
|  25|0x0000000084f00000, 0x0000000085000000, 0x0000000085000000|100%| O|  |TAMS 0x0000000084f00000| PB 0x0000000084f00000| Untracked |  0
|  26|0x0000000085000000, 0x0000000085100000, 0x0000000085100000|100%| O|  |TAMS 0x0000000085000000| PB 0x0000000085000000| Untracked |  0
|  27|0x0000000085100000, 0x0000000085200000, 0x0000000085200000|100%| O|  |TAMS 0x0000000085100000| PB 0x0000000085100000| Untracked |  0
|  28|0x0000000085200000, 0x0000000085300000, 0x0000000085300000|100%| O|  |TAMS 0x0000000085200000| PB 0x0000000085200000| Untracked |  0
|  29|0x0000000085300000, 0x0000000085400000, 0x0000000085400000|100%| O|  |TAMS 0x0000000085300000| PB 0x0000000085300000| Untracked |  0
|  30|0x0000000085400000, 0x0000000085400000, 0x0000000085500000|  0%| F|  |TAMS 0x0000000085400000| PB 0x0000000085400000| Untracked |  0
|  31|0x0000000085500000, 0x0000000085600000, 0x0000000085600000|100%| O|  |TAMS 0x0000000085500000| PB 0x0000000085500000| Untracked |  0
|  32|0x0000000085600000, 0x0000000085700000, 0x0000000085700000|100%| O|  |TAMS 0x0000000085600000| PB 0x0000000085600000| Untracked |  0
|  33|0x0000000085700000, 0x0000000085800000, 0x0000000085800000|100%| O|  |TAMS 0x0000000085700000| PB 0x0000000085700000| Untracked |  0
|  34|0x0000000085800000, 0x0000000085900000, 0x0000000085900000|100%| O|  |TAMS 0x0000000085800000| PB 0x0000000085800000| Untracked |  0
|  35|0x0000000085900000, 0x0000000085a00000, 0x0000000085a00000|100%| O|  |TAMS 0x0000000085900000| PB 0x0000000085900000| Untracked |  0
|  36|0x0000000085a00000, 0x0000000085b00000, 0x0000000085b00000|100%| O|  |TAMS 0x0000000085a00000| PB 0x0000000085a00000| Untracked |  0
|  37|0x0000000085b00000, 0x0000000085c00000, 0x0000000085c00000|100%| O|  |TAMS 0x0000000085b00000| PB 0x0000000085b00000| Untracked |  0
|  38|0x0000000085c00000, 0x0000000085d00000, 0x0000000085d00000|100%| O|  |TAMS 0x0000000085c00000| PB 0x0000000085c00000| Untracked |  0
|  39|0x0000000085d00000, 0x0000000085e00000, 0x0000000085e00000|100%| O|  |TAMS 0x0000000085d00000| PB 0x0000000085d00000| Untracked |  0
|  40|0x0000000085e00000, 0x0000000085e00000, 0x0000000085f00000|  0%| F|  |TAMS 0x0000000085e00000| PB 0x0000000085e00000| Untracked |  0
|  41|0x0000000085f00000, 0x0000000086000000, 0x0000000086000000|100%| O|  |TAMS 0x0000000085f00000| PB 0x0000000085f00000| Untracked |  0
|  42|0x0000000086000000, 0x0000000086100000, 0x0000000086100000|100%| O|  |TAMS 0x0000000086000000| PB 0x0000000086000000| Untracked |  0
|  43|0x0000000086100000, 0x0000000086200000, 0x0000000086200000|100%| O|  |TAMS 0x0000000086100000| PB 0x0000000086100000| Untracked |  0
|  44|0x0000000086200000, 0x0000000086300000, 0x0000000086300000|100%| O|  |TAMS 0x0000000086200000| PB 0x0000000086200000| Untracked |  0
|  45|0x0000000086300000, 0x00000000863ab1f8, 0x0000000086400000| 66%| O|  |TAMS 0x0000000086300000| PB 0x0000000086300000| Untracked |  0
|  46|0x0000000086400000, 0x0000000086400000, 0x0000000086500000|  0%| F|  |TAMS 0x0000000086400000| PB 0x0000000086400000| Untracked |  0
|  47|0x0000000086500000, 0x0000000086500000, 0x0000000086600000|  0%| F|  |TAMS 0x0000000086500000| PB 0x0000000086500000| Untracked |  0
|  48|0x0000000086600000, 0x0000000086600000, 0x0000000086700000|  0%| F|  |TAMS 0x0000000086600000| PB 0x0000000086600000| Untracked |  0
|  49|0x0000000086700000, 0x0000000086700000, 0x0000000086800000|  0%| F|  |TAMS 0x0000000086700000| PB 0x0000000086700000| Untracked |  0
|  50|0x0000000086800000, 0x0000000086800000, 0x0000000086900000|  0%| F|  |TAMS 0x0000000086800000| PB 0x0000000086800000| Untracked |  0
|  51|0x0000000086900000, 0x0000000086900000, 0x0000000086a00000|  0%| F|  |TAMS 0x0000000086900000| PB 0x0000000086900000| Untracked |  0
|  52|0x0000000086a00000, 0x0000000086a00000, 0x0000000086b00000|  0%| F|  |TAMS 0x0000000086a00000| PB 0x0000000086a00000| Untracked |  0
|  53|0x0000000086b00000, 0x0000000086b00000, 0x0000000086c00000|  0%| F|  |TAMS 0x0000000086b00000| PB 0x0000000086b00000| Untracked |  0
|  54|0x0000000086c00000, 0x0000000086c00000, 0x0000000086d00000|  0%| F|  |TAMS 0x0000000086c00000| PB 0x0000000086c00000| Untracked |  0
|  55|0x0000000086d00000, 0x0000000086d00000, 0x0000000086e00000|  0%| F|  |TAMS 0x0000000086d00000| PB 0x0000000086d00000| Untracked |  0
|  56|0x0000000086e00000, 0x0000000086e00000, 0x0000000086f00000|  0%| F|  |TAMS 0x0000000086e00000| PB 0x0000000086e00000| Untracked |  0
|  57|0x0000000086f00000, 0x0000000086f00000, 0x0000000087000000|  0%| F|  |TAMS 0x0000000086f00000| PB 0x0000000086f00000| Untracked |  0
|  58|0x0000000087000000, 0x000000008707df40, 0x0000000087100000| 49%| S|CS|TAMS 0x0000000087000000| PB 0x0000000087000000| Complete |  0
|  59|0x0000000087100000, 0x0000000087200000, 0x0000000087200000|100%| S|CS|TAMS 0x0000000087100000| PB 0x0000000087100000| Complete |  0
|  60|0x0000000087200000, 0x0000000087300000, 0x0000000087300000|100%| S|CS|TAMS 0x0000000087200000| PB 0x0000000087200000| Complete |  0
|  61|0x0000000087300000, 0x0000000087400000, 0x0000000087400000|100%| S|CS|TAMS 0x0000000087300000| PB 0x0000000087300000| Complete |  0
|  62|0x0000000087400000, 0x0000000087500000, 0x0000000087500000|100%| S|CS|TAMS 0x0000000087400000| PB 0x0000000087400000| Complete |  0
|  63|0x0000000087500000, 0x0000000087600000, 0x0000000087600000|100%| S|CS|TAMS 0x0000000087500000| PB 0x0000000087500000| Complete |  0
|  64|0x0000000087600000, 0x0000000087600000, 0x0000000087700000|  0%| F|  |TAMS 0x0000000087600000| PB 0x0000000087600000| Untracked |  0
|  65|0x0000000087700000, 0x0000000087700000, 0x0000000087800000|  0%| F|  |TAMS 0x0000000087700000| PB 0x0000000087700000| Untracked |  0
|  66|0x0000000087800000, 0x0000000087800000, 0x0000000087900000|  0%| F|  |TAMS 0x0000000087800000| PB 0x0000000087800000| Untracked |  0
|  67|0x0000000087900000, 0x0000000087900000, 0x0000000087a00000|  0%| F|  |TAMS 0x0000000087900000| PB 0x0000000087900000| Untracked |  0
|  68|0x0000000087a00000, 0x0000000087a00000, 0x0000000087b00000|  0%| F|  |TAMS 0x0000000087a00000| PB 0x0000000087a00000| Untracked |  0
|  69|0x0000000087b00000, 0x0000000087b00000, 0x0000000087c00000|  0%| F|  |TAMS 0x0000000087b00000| PB 0x0000000087b00000| Untracked |  0
|  70|0x0000000087c00000, 0x0000000087c00000, 0x0000000087d00000|  0%| F|  |TAMS 0x0000000087c00000| PB 0x0000000087c00000| Untracked |  0
|  71|0x0000000087d00000, 0x0000000087d00000, 0x0000000087e00000|  0%| F|  |TAMS 0x0000000087d00000| PB 0x0000000087d00000| Untracked |  0
|  72|0x0000000087e00000, 0x0000000087e00000, 0x0000000087f00000|  0%| F|  |TAMS 0x0000000087e00000| PB 0x0000000087e00000| Untracked |  0
|  73|0x0000000087f00000, 0x0000000087f00000, 0x0000000088000000|  0%| F|  |TAMS 0x0000000087f00000| PB 0x0000000087f00000| Untracked |  0
|  74|0x0000000088000000, 0x0000000088000000, 0x0000000088100000|  0%| F|  |TAMS 0x0000000088000000| PB 0x0000000088000000| Untracked |  0
|  75|0x0000000088100000, 0x0000000088100000, 0x0000000088200000|  0%| F|  |TAMS 0x0000000088100000| PB 0x0000000088100000| Untracked |  0
|  76|0x0000000088200000, 0x0000000088200000, 0x0000000088300000|  0%| F|  |TAMS 0x0000000088200000| PB 0x0000000088200000| Untracked |  0
|  77|0x0000000088300000, 0x0000000088300000, 0x0000000088400000|  0%| F|  |TAMS 0x0000000088300000| PB 0x0000000088300000| Untracked |  0
|  78|0x0000000088400000, 0x0000000088400000, 0x0000000088500000|  0%| F|  |TAMS 0x0000000088400000| PB 0x0000000088400000| Untracked |  0
|  79|0x0000000088500000, 0x0000000088500000, 0x0000000088600000|  0%| F|  |TAMS 0x0000000088500000| PB 0x0000000088500000| Untracked |  0
|  80|0x0000000088600000, 0x0000000088600000, 0x0000000088700000|  0%| F|  |TAMS 0x0000000088600000| PB 0x0000000088600000| Untracked |  0
|  81|0x0000000088700000, 0x0000000088700000, 0x0000000088800000|  0%| F|  |TAMS 0x0000000088700000| PB 0x0000000088700000| Untracked |  0
|  82|0x0000000088800000, 0x0000000088800000, 0x0000000088900000|  0%| F|  |TAMS 0x0000000088800000| PB 0x0000000088800000| Untracked |  0
|  83|0x0000000088900000, 0x0000000088900000, 0x0000000088a00000|  0%| F|  |TAMS 0x0000000088900000| PB 0x0000000088900000| Untracked |  0
|  84|0x0000000088a00000, 0x0000000088a00000, 0x0000000088b00000|  0%| F|  |TAMS 0x0000000088a00000| PB 0x0000000088a00000| Untracked |  0
|  85|0x0000000088b00000, 0x0000000088b00000, 0x0000000088c00000|  0%| F|  |TAMS 0x0000000088b00000| PB 0x0000000088b00000| Untracked |  0
|  86|0x0000000088c00000, 0x0000000088c00000, 0x0000000088d00000|  0%| F|  |TAMS 0x0000000088c00000| PB 0x0000000088c00000| Untracked |  0
|  87|0x0000000088d00000, 0x0000000088d00000, 0x0000000088e00000|  0%| F|  |TAMS 0x0000000088d00000| PB 0x0000000088d00000| Untracked |  0
|  88|0x0000000088e00000, 0x0000000088e00000, 0x0000000088f00000|  0%| F|  |TAMS 0x0000000088e00000| PB 0x0000000088e00000| Untracked |  0
|  89|0x0000000088f00000, 0x0000000088f00000, 0x0000000089000000|  0%| F|  |TAMS 0x0000000088f00000| PB 0x0000000088f00000| Untracked |  0
|  90|0x0000000089000000, 0x0000000089000000, 0x0000000089100000|  0%| F|  |TAMS 0x0000000089000000| PB 0x0000000089000000| Untracked |  0
|  91|0x0000000089100000, 0x0000000089100000, 0x0000000089200000|  0%| F|  |TAMS 0x0000000089100000| PB 0x0000000089100000| Untracked |  0
|  92|0x0000000089200000, 0x0000000089200000, 0x0000000089300000|  0%| F|  |TAMS 0x0000000089200000| PB 0x0000000089200000| Untracked |  0
|  93|0x0000000089300000, 0x0000000089300000, 0x0000000089400000|  0%| F|  |TAMS 0x0000000089300000| PB 0x0000000089300000| Untracked |  0
|  94|0x0000000089400000, 0x0000000089400000, 0x0000000089500000|  0%| F|  |TAMS 0x0000000089400000| PB 0x0000000089400000| Untracked |  0
|  95|0x0000000089500000, 0x0000000089500000, 0x0000000089600000|  0%| F|  |TAMS 0x0000000089500000| PB 0x0000000089500000| Untracked |  0
|  96|0x0000000089600000, 0x0000000089600000, 0x0000000089700000|  0%| F|  |TAMS 0x0000000089600000| PB 0x0000000089600000| Untracked |  0
|  97|0x0000000089700000, 0x0000000089700000, 0x0000000089800000|  0%| F|  |TAMS 0x0000000089700000| PB 0x0000000089700000| Untracked |  0
|  98|0x0000000089800000, 0x0000000089800000, 0x0000000089900000|  0%| F|  |TAMS 0x0000000089800000| PB 0x0000000089800000| Untracked |  0
|  99|0x0000000089900000, 0x0000000089900000, 0x0000000089a00000|  0%| F|  |TAMS 0x0000000089900000| PB 0x0000000089900000| Untracked |  0
| 100|0x0000000089a00000, 0x0000000089a00000, 0x0000000089b00000|  0%| F|  |TAMS 0x0000000089a00000| PB 0x0000000089a00000| Untracked |  0
| 101|0x0000000089b00000, 0x0000000089b00000, 0x0000000089c00000|  0%| F|  |TAMS 0x0000000089b00000| PB 0x0000000089b00000| Untracked |  0
| 102|0x0000000089c00000, 0x0000000089c00000, 0x0000000089d00000|  0%| F|  |TAMS 0x0000000089c00000| PB 0x0000000089c00000| Untracked |  0
| 103|0x0000000089d00000, 0x0000000089d00000, 0x0000000089e00000|  0%| F|  |TAMS 0x0000000089d00000| PB 0x0000000089d00000| Untracked |  0
| 104|0x0000000089e00000, 0x0000000089e00000, 0x0000000089f00000|  0%| F|  |TAMS 0x0000000089e00000| PB 0x0000000089e00000| Untracked |  0
| 105|0x0000000089f00000, 0x0000000089f00000, 0x000000008a000000|  0%| F|  |TAMS 0x0000000089f00000| PB 0x0000000089f00000| Untracked |  0
| 106|0x000000008a000000, 0x000000008a000000, 0x000000008a100000|  0%| F|  |TAMS 0x000000008a000000| PB 0x000000008a000000| Untracked |  0
| 107|0x000000008a100000, 0x000000008a100000, 0x000000008a200000|  0%| F|  |TAMS 0x000000008a100000| PB 0x000000008a100000| Untracked |  0
| 108|0x000000008a200000, 0x000000008a200000, 0x000000008a300000|  0%| F|  |TAMS 0x000000008a200000| PB 0x000000008a200000| Untracked |  0
| 109|0x000000008a300000, 0x000000008a300000, 0x000000008a400000|  0%| F|  |TAMS 0x000000008a300000| PB 0x000000008a300000| Untracked |  0
| 110|0x000000008a400000, 0x000000008a400000, 0x000000008a500000|  0%| F|  |TAMS 0x000000008a400000| PB 0x000000008a400000| Untracked |  0
| 111|0x000000008a500000, 0x000000008a500000, 0x000000008a600000|  0%| F|  |TAMS 0x000000008a500000| PB 0x000000008a500000| Untracked |  0
| 112|0x000000008a600000, 0x000000008a600000, 0x000000008a700000|  0%| F|  |TAMS 0x000000008a600000| PB 0x000000008a600000| Untracked |  0
| 113|0x000000008a700000, 0x000000008a700000, 0x000000008a800000|  0%| F|  |TAMS 0x000000008a700000| PB 0x000000008a700000| Untracked |  0
| 114|0x000000008a800000, 0x000000008a800000, 0x000000008a900000|  0%| F|  |TAMS 0x000000008a800000| PB 0x000000008a800000| Untracked |  0
| 115|0x000000008a900000, 0x000000008a900000, 0x000000008aa00000|  0%| F|  |TAMS 0x000000008a900000| PB 0x000000008a900000| Untracked |  0
| 116|0x000000008aa00000, 0x000000008aa00000, 0x000000008ab00000|  0%| F|  |TAMS 0x000000008aa00000| PB 0x000000008aa00000| Untracked |  0
| 117|0x000000008ab00000, 0x000000008ab00000, 0x000000008ac00000|  0%| F|  |TAMS 0x000000008ab00000| PB 0x000000008ab00000| Untracked |  0
| 118|0x000000008ac00000, 0x000000008ac00000, 0x000000008ad00000|  0%| F|  |TAMS 0x000000008ac00000| PB 0x000000008ac00000| Untracked |  0
| 119|0x000000008ad00000, 0x000000008ad00000, 0x000000008ae00000|  0%| F|  |TAMS 0x000000008ad00000| PB 0x000000008ad00000| Untracked |  0
| 120|0x000000008ae00000, 0x000000008ae00000, 0x000000008af00000|  0%| F|  |TAMS 0x000000008ae00000| PB 0x000000008ae00000| Untracked |  0
| 121|0x000000008af00000, 0x000000008afa4128, 0x000000008b000000| 64%| E|  |TAMS 0x000000008af00000| PB 0x000000008af00000| Complete |  0
| 122|0x000000008b000000, 0x000000008b100000, 0x000000008b100000|100%| E|CS|TAMS 0x000000008b000000| PB 0x000000008b000000| Complete |  0
| 123|0x000000008b100000, 0x000000008b200000, 0x000000008b200000|100%| E|CS|TAMS 0x000000008b100000| PB 0x000000008b100000| Complete |  0
| 124|0x000000008b200000, 0x000000008b300000, 0x000000008b300000|100%| E|CS|TAMS 0x000000008b200000| PB 0x000000008b200000| Complete |  0
| 125|0x000000008b300000, 0x000000008b400000, 0x000000008b400000|100%| E|CS|TAMS 0x000000008b300000| PB 0x000000008b300000| Complete |  0
| 126|0x000000008b400000, 0x000000008b500000, 0x000000008b500000|100%| E|CS|TAMS 0x000000008b400000| PB 0x000000008b400000| Complete |  0
| 127|0x000000008b500000, 0x000000008b600000, 0x000000008b600000|100%| E|CS|TAMS 0x000000008b500000| PB 0x000000008b500000| Complete |  0
| 128|0x000000008b600000, 0x000000008b700000, 0x000000008b700000|100%| E|CS|TAMS 0x000000008b600000| PB 0x000000008b600000| Complete |  0
| 129|0x000000008b700000, 0x000000008b800000, 0x000000008b800000|100%| E|CS|TAMS 0x000000008b700000| PB 0x000000008b700000| Complete |  0
| 130|0x000000008b800000, 0x000000008b900000, 0x000000008b900000|100%| E|CS|TAMS 0x000000008b800000| PB 0x000000008b800000| Complete |  0
| 131|0x000000008b900000, 0x000000008ba00000, 0x000000008ba00000|100%| E|CS|TAMS 0x000000008b900000| PB 0x000000008b900000| Complete |  0
| 132|0x000000008ba00000, 0x000000008bb00000, 0x000000008bb00000|100%| E|CS|TAMS 0x000000008ba00000| PB 0x000000008ba00000| Complete |  0
| 133|0x000000008bb00000, 0x000000008bc00000, 0x000000008bc00000|100%| E|CS|TAMS 0x000000008bb00000| PB 0x000000008bb00000| Complete |  0
| 134|0x000000008bc00000, 0x000000008bd00000, 0x000000008bd00000|100%| E|CS|TAMS 0x000000008bc00000| PB 0x000000008bc00000| Complete |  0
| 135|0x000000008bd00000, 0x000000008be00000, 0x000000008be00000|100%| E|CS|TAMS 0x000000008bd00000| PB 0x000000008bd00000| Complete |  0
|1989|0x00000000ffb00000, 0x00000000ffc00000, 0x00000000ffc00000|100%| O|  |TAMS 0x00000000ffb00000| PB 0x00000000ffb00000| Untracked |  0
|1990|0x00000000ffc00000, 0x00000000ffd00000, 0x00000000ffd00000|100%| E|CS|TAMS 0x00000000ffc00000| PB 0x00000000ffc00000| Complete |  0
|1991|0x00000000ffd00000, 0x00000000ffe00000, 0x00000000ffe00000|100%| E|CS|TAMS 0x00000000ffd00000| PB 0x00000000ffd00000| Complete |  0
|1992|0x00000000ffe00000, 0x00000000fff00000, 0x00000000fff00000|100%| O|  |TAMS 0x00000000ffe00000| PB 0x00000000ffe00000| Untracked |  0
|1993|0x00000000fff00000, 0x0000000100000000, 0x0000000100000000|100%| E|CS|TAMS 0x00000000fff00000| PB 0x00000000fff00000| Complete |  0

Card table byte_map: [0x0000018d5c860000,0x0000018d5cc50000] _byte_map_base: 0x0000018d5c445000

Marking Bits: (CMBitMap*) 0x0000018d447e4c60
 Bits: [0x0000018d5cc50000, 0x0000018d5eb78000)

Polling page: 0x0000018d425a0000

Metaspace:

Usage:
  Non-class:     82.85 MB used.
      Class:     10.12 MB used.
       Both:     92.97 MB used.

Virtual space:
  Non-class space:      128.00 MB reserved,      83.25 MB ( 65%) committed,  2 nodes.
      Class space:        1.00 GB reserved,      10.44 MB (  1%) committed,  1 nodes.
             Both:        1.12 GB reserved,      93.69 MB (  8%) committed. 

Chunk freelists:
   Non-Class:  12.03 MB
       Class:  5.42 MB
        Both:  17.45 MB

MaxMetaspaceSize: unlimited
CompressedClassSpaceSize: 1.00 GB
Initial GC threshold: 21.00 MB
Current GC threshold: 151.25 MB
CDS: on
 - commit_granule_bytes: 65536.
 - commit_granule_words: 8192.
 - virtual_space_node_default_size: 8388608.
 - enlarge_chunks_in_place: 1.
UseCompressedClassPointers 1, UseCompactObjectHeaders 0
Narrow klass pointer bits 32, Max shift 3
Narrow klass base: 0x0000018d00000000, Narrow klass shift: 0
Encoding Range: [0x0000018d00000000 - 0x0000018e00000000), (4294967296 bytes)
Klass Range:    [0x0000018d00000000 - 0x0000018d41000000), (1090519040 bytes)
Klass ID Range:  [8 - 1090519033) (1090519025)


Internal statistics:

num_allocs_failed_limit: 6.
num_arena_births: 986.
num_arena_deaths: 0.
num_vsnodes_births: 3.
num_vsnodes_deaths: 0.
num_space_committed: 1499.
num_space_uncommitted: 0.
num_chunks_returned_to_freelist: 6.
num_chunks_taken_from_freelist: 4235.
num_chunk_merges: 6.
num_chunk_splits: 3107.
num_chunks_enlarged: 2526.
num_inconsistent_stats: 0.

CodeHeap 'non-profiled nmethods': size=120064Kb used=7058Kb max_used=7058Kb free=113005Kb
 bounds [0x0000018d54ae0000, 0x0000018d551d0000, 0x0000018d5c020000]
CodeHeap 'profiled nmethods': size=120000Kb used=20923Kb max_used=20923Kb free=99076Kb
 bounds [0x0000018d4d020000, 0x0000018d4e490000, 0x0000018d54550000]
CodeHeap 'non-nmethods': size=5696Kb used=1853Kb max_used=1966Kb free=3842Kb
 bounds [0x0000018d54550000, 0x0000018d547c0000, 0x0000018d54ae0000]
CodeCache: size=245760Kb, used=29834Kb, max_used=29947Kb, free=215923Kb
 total_blobs=13568, nmethods=12765, adapters=706, full_count=0
Compilation: enabled, stopped_count=0, restarted_count=0

Compilation events (20 events):
Event: 4536.517 Thread 0x0000018d6167e780 nmethod 14410 0x0000018d4e489b88 code [0x0000018d4e489cc0, 0x0000018d4e489f38]
Event: 4536.564 Thread 0x0000018d6167e780 14411       3       com.fasterxml.jackson.databind.deser.std.UntypedObjectDeserializerNR$Scope::<init> (20 bytes)
Event: 4536.564 Thread 0x0000018d6167e780 nmethod 14411 0x0000018d4e489f88 code [0x0000018d4e48a0a0, 0x0000018d4e48a270]
Event: 4536.564 Thread 0x0000018d6167e780 14412       3       com.fasterxml.jackson.core.JsonFactory::createParser (52 bytes)
Event: 4536.572 Thread 0x0000018d6167e780 nmethod 14412 0x0000018d4e48a308 code [0x0000018d4e48a480, 0x0000018d4e48ab00]
Event: 4536.572 Thread 0x0000018d6167e780 14413   !   3       com.fasterxml.jackson.databind.ObjectMapper::_readMapAndClose (215 bytes)
Event: 4536.585 Thread 0x0000018d6167e780 nmethod 14413 0x0000018d4e48ab88 code [0x0000018d4e48adc0, 0x0000018d4e48be00]
Event: 4536.595 Thread 0x0000018d61668680 14414       4       org.hibernate.sql.results.graph.basic.BasicResultAssembler::assemble (102 bytes)
Event: 4536.610 Thread 0x0000018d6167e780 14416       3       org.hibernate.query.internal.QueryParameterBindingImpl::<init> (20 bytes)
Event: 4536.615 Thread 0x0000018d6167e780 nmethod 14416 0x0000018d4e48bf08 code [0x0000018d4e48c020, 0x0000018d4e48c298]
Event: 4536.615 Thread 0x0000018d6167e780 14418       3       com.mysql.cj.protocol.Resultset$Concurrency::fromValue (42 bytes)
Event: 4536.618 Thread 0x0000018d6167e780 nmethod 14418 0x0000018d4e48c308 code [0x0000018d4e48c440, 0x0000018d4e48c8c8]
Event: 4536.619 Thread 0x0000018d6167e780 14417   !   3       com.mysql.cj.jdbc.StatementImpl::getResultSetConcurrency (34 bytes)
Event: 4536.623 Thread 0x0000018d6167e780 nmethod 14417 0x0000018d4e48c908 code [0x0000018d4e48caa0, 0x0000018d4e48d388]
Event: 4536.631 Thread 0x0000018d6167e780 14419       3       org.springframework.data.repository.query.ReturnedType$ReturnedClass::isProjecting (5 bytes)
Event: 4536.631 Thread 0x0000018d6167e780 nmethod 14419 0x0000018d4e48d408 code [0x0000018d4e48d520, 0x0000018d4e48d648]
Event: 4536.637 Thread 0x0000018d6167e780 14420       3       org.springframework.web.servlet.HandlerInterceptor::afterCompletion (1 bytes)
Event: 4536.639 Thread 0x0000018d6167e780 nmethod 14420 0x0000018d4e48d708 code [0x0000018d4e48d820, 0x0000018d4e48d928]
Event: 4537.644 Thread 0x0000018d6167e780 14421       3       org.apache.tomcat.util.net.SocketWrapperBase::takeCurrentProcessor (9 bytes)
Event: 4537.645 Thread 0x0000018d6167e780 nmethod 14421 0x0000018d4e48da08 code [0x0000018d4e48dc00, 0x0000018d4e48eb88]

GC Heap History (20 events):
Event: 10.818 GC heap before
{Heap before GC invocations=26 (full 0):
 garbage-first heap   total reserved 2041856K, committed 70656K, used 61565K [0x0000000083600000, 0x0000000100000000)
  region size 1024K, 26 young (26624K), 3 survivors (3072K)
 Metaspace       used 79447K, committed 80000K, reserved 1179648K
  class space    used 8732K, committed 8960K, reserved 1048576K
}
Event: 10.820 GC heap after
{Heap after GC invocations=27 (full 0):
 garbage-first heap   total reserved 2041856K, committed 70656K, used 39115K [0x0000000083600000, 0x0000000100000000)
  region size 1024K, 3 young (3072K), 3 survivors (3072K)
 Metaspace       used 79447K, committed 80000K, reserved 1179648K
  class space    used 8732K, committed 8960K, reserved 1048576K
}
Event: 10.946 GC heap before
{Heap before GC invocations=27 (full 0):
 garbage-first heap   total reserved 2041856K, committed 70656K, used 61643K [0x0000000083600000, 0x0000000100000000)
  region size 1024K, 25 young (25600K), 3 survivors (3072K)
 Metaspace       used 79963K, committed 80512K, reserved 1179648K
  class space    used 8800K, committed 9024K, reserved 1048576K
}
Event: 10.948 GC heap after
{Heap after GC invocations=28 (full 0):
 garbage-first heap   total reserved 2041856K, committed 70656K, used 39892K [0x0000000083600000, 0x0000000100000000)
  region size 1024K, 2 young (2048K), 2 survivors (2048K)
 Metaspace       used 79963K, committed 80512K, reserved 1179648K
  class space    used 8800K, committed 9024K, reserved 1048576K
}
Event: 11.004 GC heap before
{Heap before GC invocations=29 (full 0):
 garbage-first heap   total reserved 2041856K, committed 70656K, used 63444K [0x0000000083600000, 0x0000000100000000)
  region size 1024K, 25 young (25600K), 2 survivors (2048K)
 Metaspace       used 79973K, committed 80512K, reserved 1179648K
  class space    used 8800K, committed 9024K, reserved 1048576K
}
Event: 11.006 GC heap after
{Heap after GC invocations=30 (full 0):
 garbage-first heap   total reserved 2041856K, committed 70656K, used 40818K [0x0000000083600000, 0x0000000100000000)
  region size 1024K, 3 young (3072K), 3 survivors (3072K)
 Metaspace       used 79973K, committed 80512K, reserved 1179648K
  class space    used 8800K, committed 9024K, reserved 1048576K
}
Event: 11.046 GC heap before
{Heap before GC invocations=30 (full 0):
 garbage-first heap   total reserved 2041856K, committed 70656K, used 62322K [0x0000000083600000, 0x0000000100000000)
  region size 1024K, 24 young (24576K), 3 survivors (3072K)
 Metaspace       used 79976K, committed 80512K, reserved 1179648K
  class space    used 8800K, committed 9024K, reserved 1048576K
}
Event: 11.054 GC heap after
{Heap after GC invocations=31 (full 0):
 garbage-first heap   total reserved 2041856K, committed 73728K, used 47314K [0x0000000083600000, 0x0000000100000000)
  region size 1024K, 3 young (3072K), 3 survivors (3072K)
 Metaspace       used 79976K, committed 80512K, reserved 1179648K
  class space    used 8800K, committed 9024K, reserved 1048576K
}
Event: 11.070 GC heap before
{Heap before GC invocations=31 (full 0):
 garbage-first heap   total reserved 2041856K, committed 73728K, used 63698K [0x0000000083600000, 0x0000000100000000)
  region size 1024K, 19 young (19456K), 3 survivors (3072K)
 Metaspace       used 79977K, committed 80512K, reserved 1179648K
  class space    used 8800K, committed 9024K, reserved 1048576K
}
Event: 11.074 GC heap after
{Heap after GC invocations=32 (full 0):
 garbage-first heap   total reserved 2041856K, committed 144384K, used 49576K [0x0000000083600000, 0x0000000100000000)
  region size 1024K, 2 young (2048K), 2 survivors (2048K)
 Metaspace       used 79977K, committed 80512K, reserved 1179648K
  class space    used 8800K, committed 9024K, reserved 1048576K
}
Event: 11.277 GC heap before
{Heap before GC invocations=33 (full 0):
 garbage-first heap   total reserved 2041856K, committed 144384K, used 126376K [0x0000000083600000, 0x0000000100000000)
  region size 1024K, 77 young (78848K), 2 survivors (2048K)
 Metaspace       used 80222K, committed 80768K, reserved 1179648K
  class space    used 8828K, committed 9088K, reserved 1048576K
}
Event: 11.280 GC heap after
{Heap after GC invocations=34 (full 0):
 garbage-first heap   total reserved 2041856K, committed 144384K, used 49464K [0x0000000083600000, 0x0000000100000000)
  region size 1024K, 2 young (2048K), 2 survivors (2048K)
 Metaspace       used 80222K, committed 80768K, reserved 1179648K
  class space    used 8828K, committed 9088K, reserved 1048576K
}
Event: 12.192 GC heap before
{Heap before GC invocations=34 (full 0):
 garbage-first heap   total reserved 2041856K, committed 144384K, used 113976K [0x0000000083600000, 0x0000000100000000)
  region size 1024K, 65 young (66560K), 2 survivors (2048K)
 Metaspace       used 83954K, committed 84544K, reserved 1179648K
  class space    used 9242K, committed 9472K, reserved 1048576K
}
Event: 12.201 GC heap after
{Heap after GC invocations=35 (full 0):
 garbage-first heap   total reserved 2041856K, committed 144384K, used 53672K [0x0000000083600000, 0x0000000100000000)
  region size 1024K, 7 young (7168K), 7 survivors (7168K)
 Metaspace       used 83954K, committed 84544K, reserved 1179648K
  class space    used 9242K, committed 9472K, reserved 1048576K
}
Event: 368.698 GC heap before
{Heap before GC invocations=35 (full 0):
 garbage-first heap   total reserved 2041856K, committed 144384K, used 119208K [0x0000000083600000, 0x0000000100000000)
  region size 1024K, 71 young (72704K), 7 survivors (7168K)
 Metaspace       used 92291K, committed 92928K, reserved 1179648K
  class space    used 10210K, committed 10496K, reserved 1048576K
}
Event: 368.741 GC heap after
{Heap after GC invocations=36 (full 0):
 garbage-first heap   total reserved 2041856K, committed 144384K, used 57571K [0x0000000083600000, 0x0000000100000000)
  region size 1024K, 9 young (9216K), 9 survivors (9216K)
 Metaspace       used 92291K, committed 92928K, reserved 1179648K
  class space    used 10210K, committed 10496K, reserved 1048576K
}
Event: 2483.216 GC heap before
{Heap before GC invocations=37 (full 0):
 garbage-first heap   total reserved 2041856K, committed 144384K, used 119011K [0x0000000083600000, 0x0000000100000000)
  region size 1024K, 73 young (74752K), 9 survivors (9216K)
 Metaspace       used 93361K, committed 94016K, reserved 1179648K
  class space    used 10266K, committed 10560K, reserved 1048576K
}
Event: 2483.316 GC heap after
{Heap after GC invocations=38 (full 0):
 garbage-first heap   total reserved 2041856K, committed 144384K, used 54385K [0x0000000083600000, 0x0000000100000000)
  region size 1024K, 6 young (6144K), 6 survivors (6144K)
 Metaspace       used 93361K, committed 94016K, reserved 1179648K
  class space    used 10266K, committed 10560K, reserved 1048576K
}
Event: 4215.983 GC heap before
{Heap before GC invocations=38 (full 0):
 garbage-first heap   total reserved 2041856K, committed 144384K, used 124017K [0x0000000083600000, 0x0000000100000000)
  region size 1024K, 74 young (75776K), 6 survivors (6144K)
 Metaspace       used 95027K, committed 95744K, reserved 1179648K
  class space    used 10364K, committed 10688K, reserved 1048576K
}
Event: 4216.090 GC heap after
{Heap after GC invocations=39 (full 0):
 garbage-first heap   total reserved 2041856K, committed 144384K, used 52388K [0x0000000083600000, 0x0000000100000000)
  region size 1024K, 6 young (6144K), 6 survivors (6144K)
 Metaspace       used 95027K, committed 95744K, reserved 1179648K
  class space    used 10364K, committed 10688K, reserved 1048576K
}

Dll operation events (13 events):
Event: 0.020 Loaded shared library C:\Users\VIET ANH\.jdks\openjdk-24.0.1\bin\java.dll
Event: 0.066 Loaded shared library C:\Users\VIET ANH\.jdks\openjdk-24.0.1\bin\jsvml.dll
Event: 0.310 Loaded shared library C:\Users\VIET ANH\.jdks\openjdk-24.0.1\bin\zip.dll
Event: 0.316 Loaded shared library C:\Users\VIET ANH\.jdks\openjdk-24.0.1\bin\instrument.dll
Event: 0.325 Loaded shared library C:\Users\VIET ANH\.jdks\openjdk-24.0.1\bin\net.dll
Event: 0.329 Loaded shared library C:\Users\VIET ANH\.jdks\openjdk-24.0.1\bin\nio.dll
Event: 0.335 Loaded shared library C:\Users\VIET ANH\.jdks\openjdk-24.0.1\bin\zip.dll
Event: 0.538 Loaded shared library C:\Users\VIET ANH\.jdks\openjdk-24.0.1\bin\extnet.dll
Event: 0.598 Loaded shared library C:\Users\VIET ANH\.jdks\openjdk-24.0.1\bin\jimage.dll
Event: 0.746 Loaded shared library C:\Users\VIET ANH\.jdks\openjdk-24.0.1\bin\management.dll
Event: 0.765 Loaded shared library C:\Users\VIET ANH\.jdks\openjdk-24.0.1\bin\management_ext.dll
Event: 2.759 Loaded shared library C:\Users\VIET ANH\.jdks\openjdk-24.0.1\bin\sunmscapi.dll
Event: 6.697 Loaded shared library C:\Users\VIET ANH\.jdks\openjdk-24.0.1\bin\verify.dll

Deoptimization events (20 events):
Event: 4416.656 Thread 0x0000018d69676a90 DEOPT PACKING pc=0x0000018d4d90242e sp=0x00000044bfafdde0
Event: 4416.657 Thread 0x0000018d69676a90 DEOPT UNPACKING pc=0x0000018d545a6642 sp=0x00000044bfafd238 mode 0
Event: 4510.451 Thread 0x0000018d69673eb0 DEOPT PACKING pc=0x0000018d4d15d7af sp=0x00000044bfafdc90
Event: 4510.452 Thread 0x0000018d69673eb0 DEOPT UNPACKING pc=0x0000018d545a6642 sp=0x00000044bfafd110 mode 0
Event: 4525.811 Thread 0x0000018d696754a0 Uncommon trap: trap_request=0xffffffbe fr.pc=0x0000018d551af17c relative=0x0000000000000a7c
Event: 4525.811 Thread 0x0000018d696754a0 Uncommon trap: reason=profile_predicate action=maybe_recompile pc=0x0000018d551af17c method=java.math.BigInteger.montReduce([I[III)[I @ 56 c2
Event: 4525.811 Thread 0x0000018d696754a0 DEOPT PACKING pc=0x0000018d551af17c sp=0x00000044bfafd800
Event: 4525.811 Thread 0x0000018d696754a0 DEOPT UNPACKING pc=0x0000018d54673282 sp=0x00000044bfafd7c8 mode 2
Event: 4525.811 Thread 0x0000018d696754a0 Uncommon trap: trap_request=0xffffffbe fr.pc=0x0000018d551af17c relative=0x0000000000000a7c
Event: 4525.811 Thread 0x0000018d696754a0 Uncommon trap: reason=profile_predicate action=maybe_recompile pc=0x0000018d551af17c method=java.math.BigInteger.montReduce([I[III)[I @ 56 c2
Event: 4525.811 Thread 0x0000018d696754a0 DEOPT PACKING pc=0x0000018d551af17c sp=0x00000044bfafd7f0
Event: 4525.811 Thread 0x0000018d696754a0 DEOPT UNPACKING pc=0x0000018d54673282 sp=0x00000044bfafd7d8 mode 2
Event: 4525.811 Thread 0x0000018d696754a0 Uncommon trap: trap_request=0xffffffbe fr.pc=0x0000018d551af17c relative=0x0000000000000a7c
Event: 4525.811 Thread 0x0000018d696754a0 Uncommon trap: reason=profile_predicate action=maybe_recompile pc=0x0000018d551af17c method=java.math.BigInteger.montReduce([I[III)[I @ 56 c2
Event: 4525.811 Thread 0x0000018d696754a0 DEOPT PACKING pc=0x0000018d551af17c sp=0x00000044bfafd910
Event: 4525.812 Thread 0x0000018d696754a0 DEOPT UNPACKING pc=0x0000018d54673282 sp=0x00000044bfafd8f8 mode 2
Event: 4525.812 Thread 0x0000018d696754a0 Uncommon trap: trap_request=0xffffffbe fr.pc=0x0000018d551af17c relative=0x0000000000000a7c
Event: 4525.812 Thread 0x0000018d696754a0 Uncommon trap: reason=profile_predicate action=maybe_recompile pc=0x0000018d551af17c method=java.math.BigInteger.montReduce([I[III)[I @ 56 c2
Event: 4525.812 Thread 0x0000018d696754a0 DEOPT PACKING pc=0x0000018d551af17c sp=0x00000044bfafd800
Event: 4525.812 Thread 0x0000018d696754a0 DEOPT UNPACKING pc=0x0000018d54673282 sp=0x00000044bfafd7c8 mode 2

Classes loaded (20 events):
Event: 1782.874 Loading class java/util/zip/GZIPOutputStream
Event: 1782.875 Loading class java/util/zip/GZIPOutputStream done
Event: 2229.101 Loading class java/util/concurrent/locks/ReentrantReadWriteLock$Sync$HoldCounter
Event: 2229.107 Loading class java/util/concurrent/locks/ReentrantReadWriteLock$Sync$HoldCounter done
Event: 2700.841 Loading class java/util/ArrayList$SubList$2
Event: 2700.856 Loading class java/util/ArrayList$SubList$2 done
Event: 2703.115 Loading class java/util/stream/ReferencePipeline$4
Event: 2703.117 Loading class java/util/stream/IntPipeline$StatelessOp
Event: 2703.119 Loading class java/util/stream/IntPipeline$StatelessOp done
Event: 2703.123 Loading class java/util/stream/ReferencePipeline$4 done
Event: 2703.127 Loading class java/util/function/IntBinaryOperator
Event: 2703.127 Loading class java/util/function/IntBinaryOperator done
Event: 2703.130 Loading class java/util/stream/ReduceOps$7
Event: 2703.131 Loading class java/util/stream/ReduceOps$7 done
Event: 2703.132 Loading class java/util/stream/ReduceOps$6ReducingSink
Event: 2703.133 Loading class java/util/stream/ReduceOps$6ReducingSink done
Event: 2703.133 Loading class java/util/stream/ReferencePipeline$4$1
Event: 2703.133 Loading class java/util/stream/ReferencePipeline$4$1 done
Event: 2703.170 Loading class sun/net/ConnectionResetException
Event: 2703.170 Loading class sun/net/ConnectionResetException done

Classes unloaded (0 events):
No events

Classes redefined (0 events):
No events

Internal exceptions (20 events):
Event: 309.956 Thread 0x0000018d67fc8910 Exception <a 'java/lang/NoSuchMethodError'{0x00000000883b2dc0}: 'java.lang.Object java.lang.invoke.Invokers$Holder.linkToTargetMethod(java.lang.Object, int, java.lang.Object, java.lang.Object, java.lang.Object, java.lang.Object)'> (0x00000000883b2dc0) 
thrown [s\open\src\hotspot\share\interpreter\linkResolver.cpp, line 805]
Event: 309.957 Thread 0x0000018d67fc8910 Exception <a 'java/lang/NoSuchMethodError'{0x00000000883ccf90}: 'int java.lang.invoke.DirectMethodHandle$Holder.invokeStatic(java.lang.Object, java.lang.Object, int, java.lang.Object)'> (0x00000000883ccf90) 
thrown [s\open\src\hotspot\share\interpreter\linkResolver.cpp, line 805]
Event: 310.092 Thread 0x0000018d67fc8910 Exception <a 'java/lang/IncompatibleClassChangeError'{0x000000008810ab10}: Found class java.lang.Object, but interface was expected> (0x000000008810ab10) 
thrown [s\open\src\hotspot\share\interpreter\linkResolver.cpp, line 872]
Event: 310.136 Thread 0x0000018d67fc8910 Implicit null exception at 0x0000018d54f00803 to 0x0000018d54f009c0
Event: 310.141 Thread 0x0000018d67fc8910 Implicit null exception at 0x0000018d54d52558 to 0x0000018d54d52af0
Event: 310.148 Thread 0x0000018d67fc8910 Implicit null exception at 0x0000018d54c45f19 to 0x0000018d54c46314
Event: 310.158 Thread 0x0000018d67fc8910 Implicit null exception at 0x0000018d54cefccd to 0x0000018d54cefe14
Event: 1783.118 Thread 0x0000018d67fc81c0 Exception <a 'java/io/IOException'{0x0000000089309e08}> (0x0000000089309e08) 
thrown [s\open\src\hotspot\share\prims\jni.cpp, line 518]
Event: 2203.966 Thread 0x0000018d67fc81c0 Exception <a 'java/io/IOException'{0x0000000088906618}> (0x0000000088906618) 
thrown [s\open\src\hotspot\share\prims\jni.cpp, line 518]
Event: 2694.291 Thread 0x0000018d67fcb4f0 Exception <a 'java/io/IOException'{0x000000008b50d428}> (0x000000008b50d428) 
thrown [s\open\src\hotspot\share\prims\jni.cpp, line 518]
Event: 2700.781 Thread 0x0000018d67fc9f00 Exception <a 'java/lang/NoSuchMethodError'{0x000000008b3350f0}: 'java.lang.Object java.lang.invoke.DirectMethodHandle$Holder.invokeStatic(java.lang.Object, int, int)'> (0x000000008b3350f0) 
thrown [s\open\src\hotspot\share\interpreter\linkResolver.cpp, line 805]
Event: 2700.785 Thread 0x0000018d67fc81c0 Exception <a 'java/lang/NoSuchMethodError'{0x000000008b64ad20}: 'java.lang.Object java.lang.invoke.DirectMethodHandle$Holder.invokeStatic(java.lang.Object, int, int)'> (0x000000008b64ad20) 
thrown [s\open\src\hotspot\share\interpreter\linkResolver.cpp, line 805]
Event: 2700.807 Thread 0x0000018d67fc81c0 Implicit null exception at 0x0000018d54cec4db to 0x0000018d54cec558
Event: 2701.188 Thread 0x0000018d67fc8910 Exception <a 'java/lang/NoSuchMethodError'{0x000000008b39f1d0}: 'java.lang.Object java.lang.invoke.DirectMethodHandle$Holder.invokeVirtual(java.lang.Object, java.lang.Object, int, int)'> (0x000000008b39f1d0) 
thrown [s\open\src\hotspot\share\interpreter\linkResolver.cpp, line 805]
Event: 2703.169 Thread 0x0000018d67fc8910 Exception <a 'java/io/IOException'{0x000000008b0fb528}> (0x000000008b0fb528) 
thrown [s\open\src\hotspot\share\prims\jni.cpp, line 518]
Event: 2704.014 Thread 0x0000018d67fc9f00 Exception <a 'java/io/IOException'{0x000000008af2cde0}> (0x000000008af2cde0) 
thrown [s\open\src\hotspot\share\prims\jni.cpp, line 518]
Event: 3471.256 Thread 0x0000018d67fcc390 Exception <a 'java/io/IOException'{0x00000000896a4770}> (0x00000000896a4770) 
thrown [s\open\src\hotspot\share\prims\jni.cpp, line 518]
Event: 4038.637 Thread 0x0000018d67fc6bd0 Exception <a 'java/io/IOException'{0x00000000886858a8}> (0x00000000886858a8) 
thrown [s\open\src\hotspot\share\prims\jni.cpp, line 518]
Event: 4265.064 Thread 0x0000018d67fc81c0 Exception <a 'java/io/IOException'{0x000000008bdd17e8}> (0x000000008bdd17e8) 
thrown [s\open\src\hotspot\share\prims\jni.cpp, line 518]
Event: 4265.267 Thread 0x0000018d67fc8910 Exception <a 'java/io/IOException'{0x000000008bc5f060}> (0x000000008bc5f060) 
thrown [s\open\src\hotspot\share\prims\jni.cpp, line 518]

VM Operations (20 events):
Event: 4041.400 Executing VM operation: RendezvousGCThreads
Event: 4041.400 Executing VM operation: RendezvousGCThreads done
Event: 4101.406 Executing VM operation: HandshakeAllThreads (HandshakeForDeflation)
Event: 4101.406 Executing VM operation: HandshakeAllThreads (HandshakeForDeflation) done
Event: 4101.406 Executing VM operation: RendezvousGCThreads
Event: 4101.406 Executing VM operation: RendezvousGCThreads done
Event: 4215.979 Executing VM operation: G1CollectForAllocation (G1 Evacuation Pause)
Event: 4216.091 Executing VM operation: G1CollectForAllocation (G1 Evacuation Pause) done
Event: 4221.576 Executing VM operation: HandshakeAllThreads (HandshakeForDeflation)
Event: 4221.576 Executing VM operation: HandshakeAllThreads (HandshakeForDeflation) done
Event: 4221.577 Executing VM operation: RendezvousGCThreads
Event: 4221.577 Executing VM operation: RendezvousGCThreads done
Event: 4281.817 Executing VM operation: HandshakeAllThreads (HandshakeForDeflation)
Event: 4281.818 Executing VM operation: HandshakeAllThreads (HandshakeForDeflation) done
Event: 4281.818 Executing VM operation: RendezvousGCThreads
Event: 4281.818 Executing VM operation: RendezvousGCThreads done
Event: 4522.122 Executing VM operation: HandshakeAllThreads (HandshakeForDeflation)
Event: 4522.123 Executing VM operation: HandshakeAllThreads (HandshakeForDeflation) done
Event: 4522.123 Executing VM operation: RendezvousGCThreads
Event: 4522.123 Executing VM operation: RendezvousGCThreads done

Memory protections (0 events):
No events

Nmethod flushes (20 events):
Event: 368.858 Thread 0x0000018d61649b00 flushing  nmethod 0x0000018d4d03d508
Event: 368.858 Thread 0x0000018d61649b00 flushing  nmethod 0x0000018d4d03e708
Event: 368.858 Thread 0x0000018d61649b00 flushing  nmethod 0x0000018d4d5c3208
Event: 368.858 Thread 0x0000018d61649b00 flushing  nmethod 0x0000018d4d718588
Event: 368.858 Thread 0x0000018d61649b00 flushing  nmethod 0x0000018d4d71a308
Event: 368.858 Thread 0x0000018d61649b00 flushing  nmethod 0x0000018d4d71ae88
Event: 368.858 Thread 0x0000018d61649b00 flushing  nmethod 0x0000018d4d71b508
Event: 368.858 Thread 0x0000018d61649b00 flushing  nmethod 0x0000018d4d817508
Event: 368.858 Thread 0x0000018d61649b00 flushing  nmethod 0x0000018d4d8a1388
Event: 368.858 Thread 0x0000018d61649b00 flushing  nmethod 0x0000018d4db5ee88
Event: 368.858 Thread 0x0000018d61649b00 flushing  nmethod 0x0000018d4dc30408
Event: 368.858 Thread 0x0000018d61649b00 flushing  nmethod 0x0000018d4dc30a08
Event: 368.858 Thread 0x0000018d61649b00 flushing  nmethod 0x0000018d4d06e688
Event: 368.858 Thread 0x0000018d61649b00 flushing  nmethod 0x0000018d4d552088
Event: 368.858 Thread 0x0000018d61649b00 flushing  nmethod 0x0000018d4d553f08
Event: 368.858 Thread 0x0000018d61649b00 flushing  nmethod 0x0000018d4d8c8308
Event: 368.858 Thread 0x0000018d61649b00 flushing  nmethod 0x0000018d4d990d08
Event: 368.859 Thread 0x0000018d61649b00 flushing  nmethod 0x0000018d4d0a7488
Event: 368.859 Thread 0x0000018d61649b00 flushing  nmethod 0x0000018d4d4bac08
Event: 368.859 Thread 0x0000018d61649b00 flushing  nmethod 0x0000018d4d59db08

Events (20 events):
Event: 3243.686 Thread 0x0000018d6857a4e0 Thread added: 0x0000018d68ab5430
Event: 3243.692 Thread 0x0000018d68ab5430 Thread added: 0x0000018d68ab5b80
Event: 3248.696 Thread 0x0000018d68ab5430 Thread exited: 0x0000018d68ab5430
Event: 3248.790 Thread 0x0000018d68ab5b80 Thread exited: 0x0000018d68ab5b80
Event: 4322.208 Thread 0x0000018d6857a4e0 Thread added: 0x0000018d69673760
Event: 4322.229 Thread 0x0000018d69673760 Thread added: 0x0000018d69676340
Event: 4327.238 Thread 0x0000018d69673760 Thread exited: 0x0000018d69673760
Event: 4327.425 Thread 0x0000018d69676340 Thread exited: 0x0000018d69676340
Event: 4416.594 Thread 0x0000018d6857a4e0 Thread added: 0x0000018d69673760
Event: 4416.604 Thread 0x0000018d69673760 Thread added: 0x0000018d69676a90
Event: 4421.609 Thread 0x0000018d69673760 Thread exited: 0x0000018d69673760
Event: 4421.726 Thread 0x0000018d69676a90 Thread exited: 0x0000018d69676a90
Event: 4510.141 Thread 0x0000018d6857a4e0 Thread added: 0x0000018d69674600
Event: 4510.238 Thread 0x0000018d69674600 Thread added: 0x0000018d69673eb0
Event: 4515.244 Thread 0x0000018d69674600 Thread exited: 0x0000018d69674600
Event: 4515.559 Thread 0x0000018d69673eb0 Thread exited: 0x0000018d69673eb0
Event: 4525.663 Thread 0x0000018d6857a4e0 Thread added: 0x0000018d69674d50
Event: 4525.715 Thread 0x0000018d69674d50 Thread added: 0x0000018d696754a0
Event: 4530.717 Thread 0x0000018d69674d50 Thread exited: 0x0000018d69674d50
Event: 4531.020 Thread 0x0000018d696754a0 Thread exited: 0x0000018d696754a0


Dynamic libraries:
0x00007ff6ea280000 - 0x00007ff6ea28e000 	C:\Users\VIET ANH\.jdks\openjdk-24.0.1\bin\java.exe
0x00007fffc9aa0000 - 0x00007fffc9d08000 	C:\WINDOWS\SYSTEM32\ntdll.dll
0x00007fffc81f0000 - 0x00007fffc82b9000 	C:\WINDOWS\System32\KERNEL32.DLL
0x00007fffc7310000 - 0x00007fffc76fd000 	C:\WINDOWS\System32\KERNELBASE.dll
0x00007fffc6d70000 - 0x00007fffc6ebb000 	C:\WINDOWS\System32\ucrtbase.dll
0x00007fffbdb00000 - 0x00007fffbdb16000 	C:\Users\VIET ANH\.jdks\openjdk-24.0.1\bin\jli.dll
0x00007fffc8f20000 - 0x00007fffc90ec000 	C:\WINDOWS\System32\USER32.dll
0x00007fffc7230000 - 0x00007fffc7257000 	C:\WINDOWS\System32\win32u.dll
0x00007fffc82d0000 - 0x00007fffc82fb000 	C:\WINDOWS\System32\GDI32.dll
0x00007fffc7700000 - 0x00007fffc7837000 	C:\WINDOWS\System32\gdi32full.dll
0x00007fffc7260000 - 0x00007fffc7303000 	C:\WINDOWS\System32\msvcp_win.dll
0x00007fffbb6d0000 - 0x00007fffbb6eb000 	C:\Users\VIET ANH\.jdks\openjdk-24.0.1\bin\VCRUNTIME140.dll
0x00007fffc6070000 - 0x00007fffc630a000 	C:\WINDOWS\WinSxS\amd64_microsoft.windows.common-controls_6595b64144ccf1df_6.0.26100.4484_none_3e0e6d4ce32ef3b3\COMCTL32.dll
0x00007fffc99b0000 - 0x00007fffc9a59000 	C:\WINDOWS\System32\msvcrt.dll
0x00007fffc81b0000 - 0x00007fffc81df000 	C:\WINDOWS\System32\IMM32.DLL
0x00007fffc5880000 - 0x00007fffc588c000 	C:\Users\VIET ANH\.jdks\openjdk-24.0.1\bin\vcruntime140_1.dll
0x00007fffa8af0000 - 0x00007fffa8b7e000 	C:\Users\VIET ANH\.jdks\openjdk-24.0.1\bin\msvcp140.dll
0x00007fff818c0000 - 0x00007fff82662000 	C:\Users\VIET ANH\.jdks\openjdk-24.0.1\bin\server\jvm.dll
0x00007fffc7890000 - 0x00007fffc7944000 	C:\WINDOWS\System32\ADVAPI32.dll
0x00007fffc9260000 - 0x00007fffc9306000 	C:\WINDOWS\System32\sechost.dll
0x00007fffc9310000 - 0x00007fffc9428000 	C:\WINDOWS\System32\RPCRT4.dll
0x00007fffc7e50000 - 0x00007fffc7ec4000 	C:\WINDOWS\System32\WS2_32.dll
0x00007fffc6470000 - 0x00007fffc64ce000 	C:\WINDOWS\SYSTEM32\POWRPROF.dll
0x00007fffbb780000 - 0x00007fffbb7b5000 	C:\WINDOWS\SYSTEM32\WINMM.dll
0x00007fffc47d0000 - 0x00007fffc47db000 	C:\WINDOWS\SYSTEM32\VERSION.dll
0x00007fffc6310000 - 0x00007fffc6324000 	C:\WINDOWS\SYSTEM32\UMPDC.dll
0x00007fffc5c00000 - 0x00007fffc5c1b000 	C:\WINDOWS\SYSTEM32\kernel.appcore.dll
0x00007fffc5800000 - 0x00007fffc580a000 	C:\Users\VIET ANH\.jdks\openjdk-24.0.1\bin\jimage.dll
0x00007fffc6500000 - 0x00007fffc6741000 	C:\WINDOWS\SYSTEM32\DBGHELP.DLL
0x00007fffc7ac0000 - 0x00007fffc7e46000 	C:\WINDOWS\System32\combase.dll
0x00007fffc8360000 - 0x00007fffc8440000 	C:\WINDOWS\System32\OLEAUT32.dll
0x00007fffc6330000 - 0x00007fffc6373000 	C:\WINDOWS\SYSTEM32\dbgcore.DLL
0x00007fffc70d0000 - 0x00007fffc7169000 	C:\WINDOWS\System32\bcryptPrimitives.dll
0x00007fffc5450000 - 0x00007fffc545f000 	C:\Users\VIET ANH\.jdks\openjdk-24.0.1\bin\instrument.dll
0x00007fffb1f70000 - 0x00007fffb1f8e000 	C:\Users\VIET ANH\.jdks\openjdk-24.0.1\bin\java.dll
0x00007fffc8460000 - 0x00007fffc85fe000 	C:\WINDOWS\System32\ole32.dll
0x00007fffc8710000 - 0x00007fffc8e5a000 	C:\WINDOWS\System32\SHELL32.dll
0x00007fffc6bf0000 - 0x00007fffc6d64000 	C:\WINDOWS\System32\wintypes.dll
0x00007fffc3820000 - 0x00007fffc407b000 	C:\WINDOWS\SYSTEM32\windows.storage.dll
0x00007fffc8610000 - 0x00007fffc8705000 	C:\WINDOWS\System32\SHCORE.dll
0x00007fffc91f0000 - 0x00007fffc925a000 	C:\WINDOWS\System32\shlwapi.dll
0x00007fffc6b00000 - 0x00007fffc6b2f000 	C:\WINDOWS\SYSTEM32\profapi.dll
0x00007fff95090000 - 0x00007fff95167000 	C:\Users\VIET ANH\.jdks\openjdk-24.0.1\bin\jsvml.dll
0x00007fffb1840000 - 0x00007fffb1857000 	C:\Users\VIET ANH\.jdks\openjdk-24.0.1\bin\zip.dll
0x00007fffc03b0000 - 0x00007fffc03c0000 	C:\Users\VIET ANH\.jdks\openjdk-24.0.1\bin\net.dll
0x00007fffc4f90000 - 0x00007fffc4ffa000 	C:\WINDOWS\system32\mswsock.dll
0x00007fffb1370000 - 0x00007fffb1386000 	C:\Users\VIET ANH\.jdks\openjdk-24.0.1\bin\nio.dll
0x00007fffb1fe0000 - 0x00007fffb1fe9000 	C:\Users\VIET ANH\.jdks\openjdk-24.0.1\bin\extnet.dll
0x00007fffc4510000 - 0x00007fffc4636000 	C:\WINDOWS\SYSTEM32\DNSAPI.dll
0x00007fffc44d0000 - 0x00007fffc4503000 	C:\WINDOWS\SYSTEM32\IPHLPAPI.DLL
0x00007fffc8f10000 - 0x00007fffc8f1a000 	C:\WINDOWS\System32\NSI.dll
0x00007fffbaf80000 - 0x00007fffbaf8b000 	C:\Windows\System32\rasadhlp.dll
0x00007fffbf260000 - 0x00007fffbf2e6000 	C:\WINDOWS\System32\fwpuclnt.dll
0x00007fffb1f40000 - 0x00007fffb1f4a000 	C:\Users\VIET ANH\.jdks\openjdk-24.0.1\bin\management.dll
0x00007fffb0ea0000 - 0x00007fffb0eab000 	C:\Users\VIET ANH\.jdks\openjdk-24.0.1\bin\management_ext.dll
0x00007fffc9980000 - 0x00007fffc9988000 	C:\WINDOWS\System32\PSAPI.DLL
0x00007fffc64e0000 - 0x00007fffc64fb000 	C:\WINDOWS\SYSTEM32\CRYPTSP.dll
0x00007fffc49a0000 - 0x00007fffc49db000 	C:\WINDOWS\system32\rsaenh.dll
0x00007fffc5030000 - 0x00007fffc505b000 	C:\WINDOWS\SYSTEM32\USERENV.dll
0x00007fffc6ad0000 - 0x00007fffc6af6000 	C:\WINDOWS\SYSTEM32\bcrypt.dll
0x00007fffc5bf0000 - 0x00007fffc5bfc000 	C:\WINDOWS\SYSTEM32\CRYPTBASE.dll
0x00007fffb1fc0000 - 0x00007fffb1fd8000 	C:\WINDOWS\system32\napinsp.dll
0x00007fffb1fa0000 - 0x00007fffb1fb2000 	C:\WINDOWS\System32\winrnr.dll
0x00007fff457f0000 - 0x00007fff45820000 	C:\WINDOWS\system32\nlansp_c.dll
0x00007fffb00d0000 - 0x00007fffb00f0000 	C:\WINDOWS\system32\wshbth.dll
0x00007fffa8160000 - 0x00007fffa81ae000 	C:\WINDOWS\SYSTEM32\pdh.dll
0x00007fffc5b30000 - 0x00007fffc5b42000 	C:\WINDOWS\System32\perfproc.dll
0x00007fffb0e50000 - 0x00007fffb0e5e000 	C:\Users\VIET ANH\.jdks\openjdk-24.0.1\bin\sunmscapi.dll
0x00007fffc6ec0000 - 0x00007fffc7037000 	C:\WINDOWS\System32\CRYPT32.dll
0x00007fffc5cc0000 - 0x00007fffc5cf0000 	C:\WINDOWS\SYSTEM32\ncrypt.dll
0x00007fffc5ba0000 - 0x00007fffc5bdf000 	C:\WINDOWS\SYSTEM32\NTASN1.dll
0x00007fffc59c0000 - 0x00007fffc59d0000 	C:\Users\VIET ANH\.jdks\openjdk-24.0.1\bin\verify.dll
0x00007fffa76d0000 - 0x00007fffa76d8000 	C:\WINDOWS\system32\wshunix.dll

JVMTI agents:
C:\Program Files\JetBrains\IntelliJ IDEA 2025.1.2\lib\idea_rt.jar path:C:\Users\VIET ANH\.jdks\openjdk-24.0.1\bin\instrument.dll, loaded, initialized, instrumentlib options:49393

dbghelp: loaded successfully - version: 4.0.5 - missing functions: none
symbol engine: initialized successfully - sym options: 0x614 - pdb path: .;C:\Users\VIET ANH\.jdks\openjdk-24.0.1\bin;C:\WINDOWS\SYSTEM32;C:\WINDOWS\WinSxS\amd64_microsoft.windows.common-controls_6595b64144ccf1df_6.0.26100.4484_none_3e0e6d4ce32ef3b3;C:\Users\VIET ANH\.jdks\openjdk-24.0.1\bin\server

VM Arguments:
jvm_args: -javaagent:C:\Program Files\JetBrains\IntelliJ IDEA 2025.1.2\lib\idea_rt.jar=49393 -Dfile.encoding=UTF-8 -Dsun.stdout.encoding=UTF-8 -Dsun.stderr.encoding=UTF-8 
java_command: develop.circlek.CirclekApplication
java_class_path (initial): C:\Users\VIET ANH\OneDrive\Máy tính\Spring Boot\rs-management4\target\classes;C:\Users\VIET ANH\.m2\repository\org\springframework\boot\spring-boot-starter-data-jpa\3.5.3\spring-boot-starter-data-jpa-3.5.3.jar;C:\Users\VIET ANH\.m2\repository\org\springframework\boot\spring-boot-starter\3.5.3\spring-boot-starter-3.5.3.jar;C:\Users\VIET ANH\.m2\repository\org\springframework\boot\spring-boot\3.5.3\spring-boot-3.5.3.jar;C:\Users\VIET ANH\.m2\repository\org\springframework\boot\spring-boot-autoconfigure\3.5.3\spring-boot-autoconfigure-3.5.3.jar;C:\Users\VIET ANH\.m2\repository\org\springframework\boot\spring-boot-starter-logging\3.5.3\spring-boot-starter-logging-3.5.3.jar;C:\Users\VIET ANH\.m2\repository\ch\qos\logback\logback-classic\1.5.18\logback-classic-1.5.18.jar;C:\Users\VIET ANH\.m2\repository\ch\qos\logback\logback-core\1.5.18\logback-core-1.5.18.jar;C:\Users\VIET ANH\.m2\repository\org\apache\logging\log4j\log4j-to-slf4j\2.24.3\log4j-to-slf4j-2.24.3.jar;C:\Users\VIET ANH\.m2\repository\org\apache\logging\log4j\log4j-api\2.24.3\log4j-api-2.24.3.jar;C:\Users\VIET ANH\.m2\repository\org\slf4j\jul-to-slf4j\2.0.17\jul-to-slf4j-2.0.17.jar;C:\Users\VIET ANH\.m2\repository\jakarta\annotation\jakarta.annotation-api\2.1.1\jakarta.annotation-api-2.1.1.jar;C:\Users\VIET ANH\.m2\repository\org\yaml\snakeyaml\2.4\snakeyaml-2.4.jar;C:\Users\VIET ANH\.m2\repository\org\springframework\boot\spring-boot-starter-jdbc\3.5.3\spring-boot-starter-jdbc-3.5.3.jar;C:\Users\VIET ANH\.m2\repository\com\zaxxer\HikariCP\6.3.0\HikariCP-6.3.0.jar;C:\Users\VIET ANH\.m2\repository\org\springframework\spring-jdbc\6.2.8\spring-jdbc-6.2.8.jar;C:\Users\VIET ANH\.m2\repository\org\hibernate\orm\hibernate-core\6.6.18.Final\hibernate-core-6.6.18.Final.jar;C:\Users\VIET ANH\.m2\repository\jakarta\persistence\jakarta.persistence-api\3.1.0\jakarta.persistence-api-3.1.0.jar;C:\Users\VIET ANH\.m2\repository\jakarta\transaction\jakarta.transaction-api\2.0.1\jakarta.transaction-api-2.0.1.jar;C:\Users\VIET ANH\.m2\repository\org\jboss\logging\jboss-logging\3.6.1.Final\jboss-logging-3.6.1.Final.jar;C:\Users\VIET ANH\.m2\repository\org\hibernate\common\hibernate-commons-annotations\7.0.3.Final\hibernate-commons-annotations-7.0.3.Final.jar;C:\Users\VIET ANH\.m2\repository\io\smallrye\jandex\3.2.0\jandex-3.2.0.jar;C:\Users\VIET ANH\.m2\repository\com\fasterxml\classmate\1.7.0\classmate-1.7.0.jar;C:\Users\VIET ANH\.m2\repository\net\bytebuddy\byte-buddy\1.17.6\byte-buddy-1.17.6.jar;C:\Users\VIET ANH\.m2\repository\org\glassfish\jaxb\jaxb-runtime\4.0.5\jaxb-runtime-4.0.5.jar;C:\Users\VIET ANH\.m2\repository\org\glassfish\jaxb\jaxb-core\4.0.5\jaxb-core-4.0.5.jar;C:\Users\VIET ANH\.m2\repository\org\eclipse\angus\angus-activation\2.0.2\angus-activation-2.0.2.jar;C:\Users\VIET ANH\.m2\repository\org\glassfish\jaxb\txw2\4.0.5\txw2-4.0.5.jar;C:\Users\VIET ANH\.m2\repository\com\sun\istack\istack-commons-runtime\4.1.2\istack-commons-runtime-4.1.2.jar;C:\Users\VIET ANH\.m2\repository\jakarta\inject\jakarta.inject-api\2.0.1\jakarta.inject-api-2.0.1.jar;C:\Users\VIET ANH\.m2\repository\org\antlr\antlr4-runtime\4.13.0\antlr4-runtime-4.13.0.jar;C:\Users\VIET ANH\.m2\repository\org\springframework\data\spring-data-jpa\3.5.1\spring-data-jpa-3.5.1.jar;C:\Users\VIET ANH\.m2\repository\org\springframework\data\spring-data-commons\3.5.1\spring-data-commons-3.5.1.jar;C:\Users\VIET ANH\.m2\repository\org\springframework\spring-orm\6.2.8\spring-orm-6.2.8.jar;C:\Users\VIET ANH\.m2\repository\org\springframework\spring-context\6.2.8\spring-context-6.2.8.jar;C:\Users\VIET ANH\.m2\repository\org\springframework\spring-tx\6.2.8\spring-tx-6.2.8.jar;C:\Users\VIET ANH\.m2\repository\org\springframework\spring-beans\6.2.8\spring-beans-6.2.8.jar;C:\Users\VIET ANH\.m2\repository\org\slf4j\slf4j-api\2.0.17\slf4j-api-2.0.17.jar;C:\Users\VIET ANH\.m2\repository\org\springframework\spring-aspects\6.2.8\spring-aspects-6.2.8.jar;C:\Users\VIET ANH\.m2\repository\org\aspectj\aspectjweaver\1.9.24\aspectjweaver-1.9.24.jar;C:\Users\VIET ANH\.m2\repository\org\springframework\boot\spring-boot-starter-validation\3.5.3\spring-boot-starter-validation-3.5.3.jar;C:\Users\VIET ANH\.m2\repository\org\apache\tomcat\embed\tomcat-embed-el\10.1.42\tomcat-embed-el-10.1.42.jar;C:\Users\VIET ANH\.m2\repository\org\hibernate\validator\hibernate-validator\8.0.2.Final\hibernate-validator-8.0.2.Final.jar;C:\Users\VIET ANH\.m2\repository\jakarta\validation\jakarta.validation-api\3.0.2\jakarta.validation-api-3.0.2.jar;C:\Users\VIET ANH\.m2\repository\org\springframework\boot\spring-boot-starter-web\3.5.3\spring-boot-starter-web-3.5.3.jar;C:\Users\VIET ANH\.m2\repository\org\springframework\boot\spring-boot-starter-json\3.5.3\spring-boot-starter-json-3.5.3.jar;C:\Users\VIET ANH\.m2\repository\com\fasterxml\jackson\datatype\jackson-datatype-jdk8\2.19.1\jackson-datatype-jdk8-2.19.1.jar;C:\Users\VIET ANH\.m2\repository\com\fasterxml\jackson\datatype\jackson-datatype-jsr310\2.19.1\jackson-datatype-jsr310-2.19.1.jar;C:\Users\VIET ANH\.m2\repository\com\fasterxml\jackson\module\jackson-module-parameter-names\2.19.1\jackson-module-parameter-names-2.19.1.jar;C:\Users\VIET ANH\.m2\repository\org\springframework\boot\spring-boot-starter-tomcat\3.5.3\spring-boot-starter-tomcat-3.5.3.jar;C:\Users\VIET ANH\.m2\repository\org\apache\tomcat\embed\tomcat-embed-core\10.1.42\tomcat-embed-core-10.1.42.jar;C:\Users\VIET ANH\.m2\repository\org\apache\tomcat\embed\tomcat-embed-websocket\10.1.42\tomcat-embed-websocket-10.1.42.jar;C:\Users\VIET ANH\.m2\repository\org\springframework\spring-web\6.2.8\spring-web-6.2.8.jar;C:\Users\VIET ANH\.m2\repository\io\micrometer\micrometer-observation\1.15.1\micrometer-observation-1.15.1.jar;C:\Users\VIET ANH\.m2\repository\io\micrometer\micrometer-commons\1.15.1\micrometer-commons-1.15.1.jar;C:\Users\VIET ANH\.m2\repository\org\springframework\spring-webmvc\6.2.8\spring-webmvc-6.2.8.jar;C:\Users\VIET ANH\.m2\repository\org\springframework\spring-expression\6.2.8\spring-expression-6.2.8.jar;C:\Users\VIET ANH\.m2\repository\org\mapstruct\mapstruct\1.5.5.Final\mapstruct-1.5.5.Final.jar;C:\Users\VIET ANH\.m2\repository\org\projectlombok\lombok-mapstruct-binding\0.2.0\lombok-mapstruct-binding-0.2.0.jar;C:\Users\VIET ANH\.m2\repository\com\mysql\mysql-connector-j\8.0.33\mysql-connector-j-8.0.33.jar;C:\Users\VIET ANH\.m2\repository\org\projectlombok\lombok\1.18.38\lombok-1.18.38.jar;C:\Users\VIET ANH\.m2\repository\jakarta\xml\bind\jakarta.xml.bind-api\4.0.2\jakarta.xml.bind-api-4.0.2.jar;C:\Users\VIET ANH\.m2\repository\jakarta\activation\jakarta.activation-api\2.1.3\jakarta.activation-api-2.1.3.jar;C:\Users\VIET ANH\.m2\repository\org\springframework\spring-core\6.2.8\spring-core-6.2.8.jar;C:\Users\VIET ANH\.m2\repository\org\springframework\spring-jcl\6.2.8\spring-jcl-6.2.8.jar;C:\Users\VIET ANH\.m2\repository\org\springframework\boot\spring-boot-starter-security\3.5.3\spring-boot-starter-security-3.5.3.jar;C:\Users\VIET ANH\.m2\repository\org\springframework\spring-aop\6.2.8\spring-aop-6.2.8.jar;C:\Users\VIET ANH\.m2\repository\org\springframework\security\spring-security-config\6.5.1\spring-security-config-6.5.1.jar;C:\Users\VIET ANH\.m2\repository\org\springframework\security\spring-security-web\6.5.1\spring-security-web-6.5.1.jar;C:\Users\VIET ANH\.m2\repository\org\springframework\boot\spring-boot-starter-oauth2-resource-server\3.5.3\spring-boot-starter-oauth2-resource-server-3.5.3.jar;C:\Users\VIET ANH\.m2\repository\org\springframework\security\spring-security-core\6.5.1\spring-security-core-6.5.1.jar;C:\Users\VIET ANH\.m2\repository\org\springframework\security\spring-security-crypto\6.5.1\spring-security-crypto-6.5.1.jar;C:\Users\VIET ANH\.m2\repository\org\springframework\security\spring-security-oauth2-resource-server\6.5.1\spring-security-oauth2-resource-server-6.5.1.jar;C:\Users\VIET ANH\.m2\repository\org\springframework\security\spring-security-oauth2-core\6.5.1\spring-security-oauth2-core-6.5.1.jar;C:\Users\VIET ANH\.m2\repository\org\springframework\security\spring-security-oauth2-jose\6.5.1\spring-security-oauth2-jose-6.5.1.jar;C:\Users\VIET ANH\.m2\repository\com\nimbusds\nimbus-jose-jwt\9.37.3\nimbus-jose-jwt-9.37.3.jar;C:\Users\VIET ANH\.m2\repository\com\github\stephenc\jcip\jcip-annotations\1.0-1\jcip-annotations-1.0-1.jar;C:\Users\VIET ANH\.m2\repository\io\jsonwebtoken\jjwt-api\0.11.5\jjwt-api-0.11.5.jar;C:\Users\VIET ANH\.m2\repository\io\jsonwebtoken\jjwt-impl\0.11.5\jjwt-impl-0.11.5.jar;C:\Users\VIET ANH\.m2\repository\io\jsonwebtoken\jjwt-jackson\0.11.5\jjwt-jackson-0.11.5.jar;C:\Users\VIET ANH\.m2\repository\com\fasterxml\jackson\core\jackson-databind\2.19.1\jackson-databind-2.19.1.jar;C:\Users\VIET ANH\.m2\repository\com\fasterxml\jackson\core\jackson-annotations\2.19.1\jackson-annotations-2.19.1.jar;C:\Users\VIET ANH\.m2\repository\com\fasterxml\jackson\core\jackson-core\2.19.1\jackson-core-2.19.1.jar;C:\Users\VIET ANH\.m2\repository\com\querydsl\querydsl-jpa\5.0.0\querydsl-jpa-5.0.0-jakarta.jar;C:\Users\VIET ANH\.m2\repository\com\querydsl\querydsl-core\5.0.0\querydsl-core-5.0.0.jar;C:\Users\VIET ANH\.m2\repository\com\mysema\commons\mysema-commons-lang\0.2.4\mysema-commons-lang-0.2.4.jar
Launcher Type: SUN_STANDARD

[Global flags]
     intx CICompilerCount                          = 4                                         {product} {ergonomic}
     uint ConcGCThreads                            = 2                                         {product} {ergonomic}
     uint G1ConcRefinementThreads                  = 8                                         {product} {ergonomic}
   size_t G1HeapRegionSize                         = 1048576                                   {product} {ergonomic}
   size_t InitialHeapSize                          = 132120576                                 {product} {ergonomic}
   size_t MarkStackSize                            = 4194304                                   {product} {ergonomic}
   size_t MarkStackSizeMax                         = 536870912                                 {product} {ergonomic}
   size_t MaxHeapSize                              = 2090860544                                {product} {ergonomic}
   size_t MaxNewSize                               = 1254096896                                {product} {ergonomic}
   size_t MinHeapDeltaBytes                        = 1048576                                   {product} {ergonomic}
   size_t MinHeapSize                              = 8388608                                   {product} {ergonomic}
    uintx NonNMethodCodeHeapSize                   = 5832704                                {pd product} {ergonomic}
    uintx NonProfiledCodeHeapSize                  = 122945536                              {pd product} {ergonomic}
    uintx ProfiledCodeHeapSize                     = 122880000                              {pd product} {ergonomic}
    uintx ReservedCodeCacheSize                    = 251658240                              {pd product} {ergonomic}
     bool SegmentedCodeCache                       = true                                      {product} {ergonomic}
   size_t SoftMaxHeapSize                          = 2090860544                             {manageable} {ergonomic}
     bool UseCompressedOops                        = true                           {product lp64_product} {ergonomic}
     bool UseG1GC                                  = true                                      {product} {ergonomic}
     bool UseLargePagesIndividualAllocation        = false                                  {pd product} {ergonomic}

Logging:
Log output configuration:
 #0: stdout all=warning uptime,level,tags foldmultilines=false
 #1: stderr all=off uptime,level,tags foldmultilines=false

Environment Variables:
PATH=C:\gurobi1201\win64\bin;C:\Program Files\Microsoft MPI\Bin\;C:\Program Files\Common Files\Oracle\Java\javapath;C:\Windows\system32;C:\Windows;C:\Windows\System32\Wbem;C:\Windows\System32\WindowsPowerShell\v1.0\;C:\Windows\System32\OpenSSH\;C:\Program Files (x86)\NVIDIA Corporation\PhysX\Common;C:\Program Files\NVIDIA Corporation\NVIDIA NvDLISR;C:\WINDOWS\system32;C:\WINDOWS;C:\WINDOWS\System32\Wbem;C:\WINDOWS\System32\WindowsPowerShell\v1.0\;C:\WINDOWS\System32\OpenSSH\;C:\Program Files (x86)\Microsoft SQL Server\160\Tools\Binn\;C:\Program Files\Microsoft SQL Server\160\Tools\Binn\;C:\Program Files\Microsoft SQL Server\Client SDK\ODBC\170\Tools\Binn\;C:\Program Files\Microsoft SQL Server\160\DTS\Binn\;C:\Program Files\Cloudflare\Cloudflare WARP\;C:\Program Files\Git\cmd;C:\Program Files\Docker\Docker\resources\bin;C:\Program Files\nodejs\;C:\Python39\Scripts\;C:\Python39\;C:\Users\VIET ANH\AppData\Local\Microsoft\WindowsApps;C:\MinGW\bin;C:\Users\VIET ANH\AppData\Local\Programs\Microsoft VS Code\bin;C:\Users\VIET ANH\OneDrive\Máy tính\Java\IntelliJ IDEA 2024.3.2.2\bin;;C:\Program Files\JetBrains\IntelliJ IDEA Community Edition 2024.3.2.2\bin;;C:\Users\VIET ANH\AppData\Roaming\npm
USERNAME=VIET ANH
OS=Windows_NT
PROCESSOR_IDENTIFIER=Intel64 Family 6 Model 140 Stepping 2, GenuineIntel
TMP=C:\Users\VIETAN~1\AppData\Local\Temp
TEMP=C:\Users\VIETAN~1\AppData\Local\Temp




Periodic native trim disabled

---------------  S Y S T E M  ---------------

OS:
 Windows 11 , 64 bit Build 26100 (10.0.26100.4484)
OS uptime: 12 days 1:59 hours
Hyper-V role detected

CPU: total 8 (initial active 8) (4 cores per cpu, 2 threads per core) family 6 model 140 stepping 2 microcode 0x26, cx8, cmov, fxsr, ht, mmx, 3dnowpref, sse, sse2, sse3, ssse3, sse4.1, sse4.2, popcnt, lzcnt, tsc, tscinvbit, avx, avx2, aes, erms, clmul, bmi1, bmi2, adx, avx512f, avx512dq, avx512cd, avx512bw, avx512vl, sha, fma, vzeroupper, avx512_vpopcntdq, avx512_vpclmulqdq, avx512_vaes, avx512_vnni, clflush, clflushopt, clwb, avx512_vbmi2, avx512_vbmi, hv, rdtscp, rdpid, fsrm, gfni, avx512_bitalg, f16c, cet_ibt, cet_ss, avx512_ifma
Processor Information for the first 8 processors :
  Max Mhz: 3187, Current Mhz: 3187, Mhz Limit: 3187

Memory: 4k page, system-wide physical 7975M (482M free)
TotalPageFile size 32551M (AvailPageFile size 154M)
current process WorkingSet (physical memory assigned to process): 106M, peak: 396M
current process commit charge ("private bytes"): 419M, peak: 448M

vm_info: OpenJDK 64-Bit Server VM (24.0.1+9-30) for windows-amd64 JRE (24.0.1+9-30), built on 2025-03-05T07:23:45Z with MS VC++ 17.6 (VS2022)

END.
