#
# There is insufficient memory for the Java Runtime Environment to continue.
# Native memory allocation (malloc) failed to allocate 1633232 bytes. Error detail: Chunk::new
# Possible reasons:
#   The system is out of physical RAM or swap space
#   This process is running with CompressedOops enabled, and the Java Heap may be blocking the growth of the native heap
# Possible solutions:
#   Reduce memory load on the system
#   Increase physical memory or swap space
#   Check if swap backing store is full
#   Decrease Java heap size (-Xmx/-Xms)
#   Decrease number of Java threads
#   Decrease Java thread stack sizes (-Xss)
#   Set larger code cache with -XX:ReservedCodeCacheSize=
#   JVM is running with Unscaled Compressed Oops mode in which the Java heap is
#     placed in the first 4GB address space. The Java Heap base address is the
#     maximum limit for the native heap growth. Please use -XX:HeapBaseMinAddress
#     to set the Java Heap base and to place the Java Heap above 4GB virtual address.
# This output file may be truncated or incomplete.
#
#  Out of Memory Error (arena.cpp:162), pid=7144, tid=30616
#
# JRE version: OpenJDK Runtime Environment (24.0.1+9) (build 24.0.1+9-30)
# Java VM: OpenJDK 64-Bit Server VM (24.0.1+9-30, mixed mode, sharing, tiered, compressed oops, compressed class ptrs, g1 gc, windows-amd64)
# No core dump will be written. Minidumps are not enabled by default on client versions of Windows
#

---------------  S U M M A R Y ------------

Command Line: -javaagent:C:\Program Files\JetBrains\IntelliJ IDEA 2025.1.2\lib\idea_rt.jar=58199 -Dfile.encoding=UTF-8 -Dsun.stdout.encoding=UTF-8 -Dsun.stderr.encoding=UTF-8 develop.circlek.CirclekApplication

Host: 11th Gen Intel(R) Core(TM) i5-11320H @ 3.20GHz, 8 cores, 7G,  Windows 11 , 64 bit Build 26100 (10.0.26100.4484)
Time: Thu Aug  7 14:09:56 2025 SE Asia Standard Time elapsed time: 2658.860928 seconds (0d 0h 44m 18s)

---------------  T H R E A D  ---------------

Current thread (0x000001ac9600d0f0):  JavaThread "C2 CompilerThread0" daemon [_thread_in_native, id=30616, stack(0x00000017ad300000,0x00000017ad400000) (1024K)]


Current CompileTask:
C2:2658861 15277       4       java.io.ObjectStreamClass::classNamesEqual (59 bytes)

Stack: [0x00000017ad300000,0x00000017ad400000]
Native frames: (J=compiled Java code, j=interpreted, Vv=VM code, C=native code)
V  [jvm.dll+0x730739]  (no source info available)
V  [jvm.dll+0x8d9b23]  (no source info available)
V  [jvm.dll+0x8dc00d]  (no source info available)
V  [jvm.dll+0x8dc683]  (no source info available)
V  [jvm.dll+0x2aa086]  (no source info available)
V  [jvm.dll+0xcedef]  (no source info available)
V  [jvm.dll+0xcf04f]  (no source info available)
V  [jvm.dll+0x154d83]  (no source info available)
V  [jvm.dll+0x735f5f]  (no source info available)
V  [jvm.dll+0x26fa1c]  (no source info available)
V  [jvm.dll+0x26ea3f]  (no source info available)
V  [jvm.dll+0x1e9d60]  (no source info available)
V  [jvm.dll+0x27e1fb]  (no source info available)
V  [jvm.dll+0x27c49a]  (no source info available)
V  [jvm.dll+0x42f456]  (no source info available)
V  [jvm.dll+0x87d76b]  (no source info available)
V  [jvm.dll+0x72ee55]  (no source info available)
C  [ucrtbase.dll+0x37b0]  (no source info available)
C  [KERNEL32.DLL+0x2e8d7]  (no source info available)
C  [ntdll.dll+0x3c34c]  (no source info available)

Lock stack of current Java thread (top to bottom):


---------------  P R O C E S S  ---------------

Threads class SMR info:
_java_thread_list=0x000001ac983dea40, length=33, elements={
0x000001ac50740cf0, 0x000001ac50741630, 0x000001ac50745500, 0x000001ac50746730,
0x000001ac5074b360, 0x000001ac96002200, 0x000001ac9600d0f0, 0x000001ac9600fbe0,
0x000001ac961c4c50, 0x000001ac966f7d10, 0x000001ac966f8450, 0x000001ac96eb22a0,
0x000001ac96e34c00, 0x000001ac96e49080, 0x000001ac96f56320, 0x000001ac96f55480,
0x000001ac9a9a2f60, 0x000001ac9a9a4550, 0x000001ac9a9a69e0, 0x000001ac99f37510,
0x000001ac99f35080, 0x000001ac99f383b0, 0x000001ac99f357d0, 0x000001ac99f36670,
0x000001ac99f35f20, 0x000001ac99f36dc0, 0x000001ac99f37c60, 0x000001ac99804430,
0x000001ac99803ce0, 0x000001ac99803590, 0x000001ac99804b80, 0x000001ac99801fa0,
0x000001ac9a803c20
}

Java Threads: ( => current thread )
  0x000001ac50740cf0 JavaThread "Reference Handler"          daemon [_thread_blocked, id=15056, stack(0x00000017acd00000,0x00000017ace00000) (1024K)]
  0x000001ac50741630 JavaThread "Finalizer"                  daemon [_thread_blocked, id=18264, stack(0x00000017ace00000,0x00000017acf00000) (1024K)]
  0x000001ac50745500 JavaThread "Signal Dispatcher"          daemon [_thread_blocked, id=17752, stack(0x00000017acf00000,0x00000017ad000000) (1024K)]
  0x000001ac50746730 JavaThread "Attach Listener"            daemon [_thread_blocked, id=9580, stack(0x00000017ad000000,0x00000017ad100000) (1024K)]
  0x000001ac5074b360 JavaThread "Service Thread"             daemon [_thread_blocked, id=24796, stack(0x00000017ad100000,0x00000017ad200000) (1024K)]
  0x000001ac96002200 JavaThread "Monitor Deflation Thread"   daemon [_thread_blocked, id=12264, stack(0x00000017ad200000,0x00000017ad300000) (1024K)]
=>0x000001ac9600d0f0 JavaThread "C2 CompilerThread0"         daemon [_thread_in_native, id=30616, stack(0x00000017ad300000,0x00000017ad400000) (1024K)]
  0x000001ac9600fbe0 JavaThread "C1 CompilerThread0"         daemon [_thread_blocked, id=30108, stack(0x00000017ad400000,0x00000017ad500000) (1024K)]
  0x000001ac961c4c50 JavaThread "Common-Cleaner"             daemon [_thread_blocked, id=26452, stack(0x00000017ad600000,0x00000017ad700000) (1024K)]
  0x000001ac966f7d10 JavaThread "Monitor Ctrl-Break"         daemon [_thread_in_native, id=28476, stack(0x00000017ad700000,0x00000017ad800000) (1024K)]
  0x000001ac966f8450 JavaThread "Notification Thread"        daemon [_thread_blocked, id=27900, stack(0x00000017ad800000,0x00000017ad900000) (1024K)]
  0x000001ac96eb22a0 JavaThread "RMI TCP Accept-0"           daemon [_thread_in_native, id=25016, stack(0x00000017adb00000,0x00000017adc00000) (1024K)]
  0x000001ac96e34c00 JavaThread "RMI Scheduler(0)"           daemon [_thread_blocked, id=19916, stack(0x00000017add00000,0x00000017ade00000) (1024K)]
  0x000001ac96e49080 JavaThread "JMX server connection timeout 31" daemon [_thread_blocked, id=11184, stack(0x00000017ade00000,0x00000017adf00000) (1024K)]
  0x000001ac96f56320 JavaThread "Catalina-utility-1"                [_thread_blocked, id=18836, stack(0x00000017adf00000,0x00000017ae000000) (1024K)]
  0x000001ac96f55480 JavaThread "Catalina-utility-2"                [_thread_blocked, id=30536, stack(0x00000017ae800000,0x00000017ae900000) (1024K)]
  0x000001ac9a9a2f60 JavaThread "container-0"                       [_thread_blocked, id=8212, stack(0x00000017ae900000,0x00000017aea00000) (1024K)]
  0x000001ac9a9a4550 JavaThread "mysql-cj-abandoned-connection-cleanup" daemon [_thread_blocked, id=3780, stack(0x00000017aea00000,0x00000017aeb00000) (1024K)]
  0x000001ac9a9a69e0 JavaThread "HikariPool-1:housekeeper"   daemon [_thread_blocked, id=15704, stack(0x00000017aec00000,0x00000017aed00000) (1024K)]
  0x000001ac99f37510 JavaThread "http-nio-8080-exec-1"       daemon [_thread_blocked, id=1356, stack(0x00000017aee00000,0x00000017aef00000) (1024K)]
  0x000001ac99f35080 JavaThread "http-nio-8080-exec-2"       daemon [_thread_blocked, id=27368, stack(0x00000017aef00000,0x00000017af000000) (1024K)]
  0x000001ac99f383b0 JavaThread "http-nio-8080-exec-3"       daemon [_thread_blocked, id=28660, stack(0x00000017af000000,0x00000017af100000) (1024K)]
  0x000001ac99f357d0 JavaThread "http-nio-8080-exec-4"       daemon [_thread_blocked, id=16476, stack(0x00000017af100000,0x00000017af200000) (1024K)]
  0x000001ac99f36670 JavaThread "http-nio-8080-exec-5"       daemon [_thread_blocked, id=24408, stack(0x00000017af200000,0x00000017af300000) (1024K)]
  0x000001ac99f35f20 JavaThread "http-nio-8080-exec-6"       daemon [_thread_blocked, id=20560, stack(0x00000017af300000,0x00000017af400000) (1024K)]
  0x000001ac99f36dc0 JavaThread "http-nio-8080-exec-7"       daemon [_thread_blocked, id=29144, stack(0x00000017af400000,0x00000017af500000) (1024K)]
  0x000001ac99f37c60 JavaThread "http-nio-8080-exec-8"       daemon [_thread_blocked, id=2848, stack(0x00000017af500000,0x00000017af600000) (1024K)]
  0x000001ac99804430 JavaThread "http-nio-8080-exec-9"       daemon [_thread_blocked, id=26000, stack(0x00000017af600000,0x00000017af700000) (1024K)]
  0x000001ac99803ce0 JavaThread "http-nio-8080-exec-10"      daemon [_thread_blocked, id=28152, stack(0x00000017af700000,0x00000017af800000) (1024K)]
  0x000001ac99803590 JavaThread "http-nio-8080-Poller"       daemon [_thread_in_native, id=3596, stack(0x00000017af800000,0x00000017af900000) (1024K)]
  0x000001ac99804b80 JavaThread "http-nio-8080-Acceptor"     daemon [_thread_in_native, id=19496, stack(0x00000017af900000,0x00000017afa00000) (1024K)]
  0x000001ac99801fa0 JavaThread "DestroyJavaVM"                     [_thread_blocked, id=12096, stack(0x00000017ac500000,0x00000017ac600000) (1024K)]
  0x000001ac9a803c20 JavaThread "RMI TCP Connection(5)-192.168.1.17" daemon [_thread_in_native, id=27048, stack(0x00000017ac200000,0x00000017ac300000) (1024K)]
Total: 33

Other Threads:
  0x000001ac5072f2d0 VMThread "VM Thread"                           [id=17644, stack(0x00000017acc00000,0x00000017acd00000) (1024K)]
  0x000001ac507205a0 WatcherThread "VM Periodic Task Thread"        [id=17924, stack(0x00000017acb00000,0x00000017acc00000) (1024K)]
  0x000001ac33f169e0 WorkerThread "GC Thread#0"                     [id=20184, stack(0x00000017ac600000,0x00000017ac700000) (1024K)]
  0x000001ac970e47f0 WorkerThread "GC Thread#1"                     [id=15288, stack(0x00000017ae000000,0x00000017ae100000) (1024K)]
  0x000001ac970e3930 WorkerThread "GC Thread#2"                     [id=26460, stack(0x00000017ae100000,0x00000017ae200000) (1024K)]
  0x000001ac970e4090 WorkerThread "GC Thread#3"                     [id=4244, stack(0x00000017ae200000,0x00000017ae300000) (1024K)]
  0x000001ac970e4ba0 WorkerThread "GC Thread#4"                     [id=16124, stack(0x00000017ae300000,0x00000017ae400000) (1024K)]
  0x000001ac970e5300 WorkerThread "GC Thread#5"                     [id=20256, stack(0x00000017ae400000,0x00000017ae500000) (1024K)]
  0x000001ac970e56b0 WorkerThread "GC Thread#6"                     [id=24824, stack(0x00000017ae500000,0x00000017ae600000) (1024K)]
  0x000001ac970e7080 WorkerThread "GC Thread#7"                     [id=6844, stack(0x00000017ae600000,0x00000017ae700000) (1024K)]
  0x000001ac31bae0b0 ConcurrentGCThread "G1 Main Marker"            [id=27404, stack(0x00000017ac700000,0x00000017ac800000) (1024K)]
  0x000001ac31baea60 WorkerThread "G1 Conc#0"                       [id=24388, stack(0x00000017ac800000,0x00000017ac900000) (1024K)]
  0x000001ac970e6920 WorkerThread "G1 Conc#1"                       [id=18220, stack(0x00000017ae700000,0x00000017ae800000) (1024K)]
  0x000001ac505cd030 ConcurrentGCThread "G1 Refine#0"               [id=21404, stack(0x00000017ac900000,0x00000017aca00000) (1024K)]
  0x000001ac505cd860 ConcurrentGCThread "G1 Service"                [id=12684, stack(0x00000017aca00000,0x00000017acb00000) (1024K)]
Total: 15

Threads with active compile tasks:
C2 CompilerThread0  2658920 15277       4       java.io.ObjectStreamClass::classNamesEqual (59 bytes)
Total: 1

VM state: not at safepoint (normal execution)

VM Mutex/Monitor currently owned by a thread: None

Heap address: 0x0000000083600000, size: 1994 MB, Compressed Oops mode: 32-bit

CDS archive(s) mapped at: [0x000001ac51000000-0x000001ac51d40000-0x000001ac51d40000), size 13893632, SharedBaseAddress: 0x000001ac51000000, ArchiveRelocationMode: 1.
Compressed class space mapped at: 0x000001ac52000000-0x000001ac92000000, reserved size: 1073741824
UseCompressedClassPointers 1, UseCompactObjectHeaders 0
Narrow klass pointer bits 32, Max shift 3
Narrow klass base: 0x000001ac51000000, Narrow klass shift: 0
Encoding Range: [0x000001ac51000000 - 0x000001ad51000000), (4294967296 bytes)
Klass Range:    [0x000001ac51000000 - 0x000001ac92000000), (1090519040 bytes)
Klass ID Range:  [8 - 1090519033) (1090519025)

GC Precious Log:
 CardTable entry size: 512
 Card Set container configuration: InlinePtr #cards 5 size 8 Array Of Cards #cards 10 size 36 Howl #buckets 4 coarsen threshold 1843 Howl Bitmap #cards 512 size 80 coarsen threshold 460 Card regions per heap region 1 cards per card region 2048
 CPUs: 8 total, 8 available
 Memory: 7975M
 Large Page Support: Disabled
 NUMA Support: Disabled
 Compressed Oops: Enabled (32-bit)
 Heap Region Size: 1M
 Heap Min Capacity: 8M
 Heap Initial Capacity: 126M
 Heap Max Capacity: 1994M
 Pre-touch: Disabled
 Parallel Workers: 8
 Concurrent Workers: 2
 Concurrent Refinement Workers: 8
 Periodic GC: Disabled

Heap:
 garbage-first heap   total reserved 2041856K, committed 198656K, used 60528K [0x0000000083600000, 0x0000000100000000)
  region size 1024K, 7 young (7168K), 4 survivors (4096K)
 Metaspace       used 95713K, committed 96704K, reserved 1179648K
  class space    used 10256K, committed 10688K, reserved 1048576K

Heap Regions: E=young(eden), S=young(survivor), O=old, HS=humongous(starts), HC=humongous(continues), CS=collection set, F=free, TAMS=top-at-mark-start, PB=parsable bottom
|   0|0x0000000083600000, 0x0000000083700000, 0x0000000083700000|100%|HS|  |TAMS 0x0000000083600000| PB 0x0000000083600000| Complete |  0
|   1|0x0000000083700000, 0x0000000083800000, 0x0000000083800000|100%|HS|  |TAMS 0x0000000083700000| PB 0x0000000083700000| Complete |  0
|   2|0x0000000083800000, 0x0000000083900000, 0x0000000083900000|100%| O|  |TAMS 0x0000000083800000| PB 0x0000000083800000| Untracked |  0
|   3|0x0000000083900000, 0x0000000083a00000, 0x0000000083a00000|100%| O|  |TAMS 0x0000000083900000| PB 0x0000000083900000| Untracked |  0
|   4|0x0000000083a00000, 0x0000000083b00000, 0x0000000083b00000|100%| O|  |TAMS 0x0000000083a00000| PB 0x0000000083a00000| Untracked |  0
|   5|0x0000000083b00000, 0x0000000083c00000, 0x0000000083c00000|100%| O|  |TAMS 0x0000000083b00000| PB 0x0000000083b00000| Untracked |  0
|   6|0x0000000083c00000, 0x0000000083d00000, 0x0000000083d00000|100%| O|  |TAMS 0x0000000083c00000| PB 0x0000000083c00000| Untracked |  0
|   7|0x0000000083d00000, 0x0000000083e00000, 0x0000000083e00000|100%| O|  |TAMS 0x0000000083d00000| PB 0x0000000083d00000| Untracked |  0
|   8|0x0000000083e00000, 0x0000000083f00000, 0x0000000083f00000|100%| O|  |TAMS 0x0000000083e00000| PB 0x0000000083e00000| Untracked |  0
|   9|0x0000000083f00000, 0x0000000084000000, 0x0000000084000000|100%| O|  |TAMS 0x0000000083f00000| PB 0x0000000083f00000| Untracked |  0
|  10|0x0000000084000000, 0x0000000084100000, 0x0000000084100000|100%| O|  |TAMS 0x0000000084000000| PB 0x0000000084000000| Untracked |  0
|  11|0x0000000084100000, 0x0000000084200000, 0x0000000084200000|100%| O|  |TAMS 0x0000000084100000| PB 0x0000000084100000| Untracked |  0
|  12|0x0000000084200000, 0x0000000084300000, 0x0000000084300000|100%| O|  |TAMS 0x0000000084200000| PB 0x0000000084200000| Untracked |  0
|  13|0x0000000084300000, 0x0000000084400000, 0x0000000084400000|100%| O|  |TAMS 0x0000000084300000| PB 0x0000000084300000| Untracked |  0
|  14|0x0000000084400000, 0x0000000084500000, 0x0000000084500000|100%| O|  |TAMS 0x0000000084400000| PB 0x0000000084400000| Untracked |  0
|  15|0x0000000084500000, 0x0000000084600000, 0x0000000084600000|100%| O|Cm|TAMS 0x0000000084500000| PB 0x0000000084500000| Complete |  0
|  16|0x0000000084600000, 0x0000000084700000, 0x0000000084700000|100%| O|  |TAMS 0x0000000084600000| PB 0x0000000084600000| Untracked |  0
|  17|0x0000000084700000, 0x0000000084800000, 0x0000000084800000|100%| O|  |TAMS 0x0000000084700000| PB 0x0000000084700000| Untracked |  0
|  18|0x0000000084800000, 0x0000000084900000, 0x0000000084900000|100%| O|  |TAMS 0x0000000084800000| PB 0x0000000084800000| Untracked |  0
|  19|0x0000000084900000, 0x0000000084a00000, 0x0000000084a00000|100%| O|  |TAMS 0x0000000084900000| PB 0x0000000084900000| Untracked |  0
|  20|0x0000000084a00000, 0x0000000084b00000, 0x0000000084b00000|100%| O|  |TAMS 0x0000000084a00000| PB 0x0000000084a00000| Untracked |  0
|  21|0x0000000084b00000, 0x0000000084c00000, 0x0000000084c00000|100%| O|Cm|TAMS 0x0000000084b00000| PB 0x0000000084b00000| Complete |  0
|  22|0x0000000084c00000, 0x0000000084d00000, 0x0000000084d00000|100%| O|  |TAMS 0x0000000084c00000| PB 0x0000000084c00000| Untracked |  0
|  23|0x0000000084d00000, 0x0000000084e00000, 0x0000000084e00000|100%| O|  |TAMS 0x0000000084d00000| PB 0x0000000084d00000| Untracked |  0
|  24|0x0000000084e00000, 0x0000000084f00000, 0x0000000084f00000|100%| O|Cm|TAMS 0x0000000084e00000| PB 0x0000000084e00000| Complete |  0
|  25|0x0000000084f00000, 0x0000000085000000, 0x0000000085000000|100%| O|  |TAMS 0x0000000084f00000| PB 0x0000000084f00000| Untracked |  0
|  26|0x0000000085000000, 0x0000000085100000, 0x0000000085100000|100%| O|  |TAMS 0x0000000085000000| PB 0x0000000085000000| Untracked |  0
|  27|0x0000000085100000, 0x0000000085200000, 0x0000000085200000|100%| O|  |TAMS 0x0000000085100000| PB 0x0000000085100000| Untracked |  0
|  28|0x0000000085200000, 0x0000000085300000, 0x0000000085300000|100%| O|  |TAMS 0x0000000085200000| PB 0x0000000085200000| Untracked |  0
|  29|0x0000000085300000, 0x0000000085400000, 0x0000000085400000|100%| O|  |TAMS 0x0000000085300000| PB 0x0000000085300000| Untracked |  0
|  30|0x0000000085400000, 0x0000000085500000, 0x0000000085500000|100%| O|  |TAMS 0x0000000085400000| PB 0x0000000085400000| Untracked |  0
|  31|0x0000000085500000, 0x0000000085600000, 0x0000000085600000|100%| O|  |TAMS 0x0000000085500000| PB 0x0000000085500000| Untracked |  0
|  32|0x0000000085600000, 0x0000000085700000, 0x0000000085700000|100%| O|  |TAMS 0x0000000085600000| PB 0x0000000085600000| Untracked |  0
|  33|0x0000000085700000, 0x0000000085800000, 0x0000000085800000|100%| O|  |TAMS 0x0000000085700000| PB 0x0000000085700000| Untracked |  0
|  34|0x0000000085800000, 0x0000000085900000, 0x0000000085900000|100%| O|  |TAMS 0x0000000085800000| PB 0x0000000085800000| Untracked |  0
|  35|0x0000000085900000, 0x0000000085a00000, 0x0000000085a00000|100%| O|  |TAMS 0x0000000085900000| PB 0x0000000085900000| Untracked |  0
|  36|0x0000000085a00000, 0x0000000085b00000, 0x0000000085b00000|100%| O|  |TAMS 0x0000000085a00000| PB 0x0000000085a00000| Untracked |  0
|  37|0x0000000085b00000, 0x0000000085c00000, 0x0000000085c00000|100%| O|  |TAMS 0x0000000085b00000| PB 0x0000000085b00000| Untracked |  0
|  38|0x0000000085c00000, 0x0000000085d00000, 0x0000000085d00000|100%| O|  |TAMS 0x0000000085c00000| PB 0x0000000085c00000| Untracked |  0
|  39|0x0000000085d00000, 0x0000000085e00000, 0x0000000085e00000|100%| O|  |TAMS 0x0000000085d00000| PB 0x0000000085d00000| Untracked |  0
|  40|0x0000000085e00000, 0x0000000085e00000, 0x0000000085f00000|  0%| F|  |TAMS 0x0000000085e00000| PB 0x0000000085e00000| Untracked |  0
|  41|0x0000000085f00000, 0x0000000085f00000, 0x0000000086000000|  0%| F|  |TAMS 0x0000000085f00000| PB 0x0000000085f00000| Untracked |  0
|  42|0x0000000086000000, 0x0000000086100000, 0x0000000086100000|100%| O|Cm|TAMS 0x0000000086000000| PB 0x0000000086000000| Complete |  0
|  43|0x0000000086100000, 0x0000000086200000, 0x0000000086200000|100%| O|  |TAMS 0x0000000086100000| PB 0x0000000086100000| Untracked |  0
|  44|0x0000000086200000, 0x0000000086300000, 0x0000000086300000|100%| O|  |TAMS 0x0000000086200000| PB 0x0000000086200000| Untracked |  0
|  45|0x0000000086300000, 0x0000000086400000, 0x0000000086400000|100%| O|Cm|TAMS 0x0000000086300000| PB 0x0000000086300000| Complete |  0
|  46|0x0000000086400000, 0x0000000086500000, 0x0000000086500000|100%| O|Cm|TAMS 0x0000000086400000| PB 0x0000000086400000| Complete |  0
|  47|0x0000000086500000, 0x0000000086600000, 0x0000000086600000|100%| O|Cm|TAMS 0x0000000086500000| PB 0x0000000086500000| Complete |  0
|  48|0x0000000086600000, 0x0000000086700000, 0x0000000086700000|100%| O|  |TAMS 0x0000000086600000| PB 0x0000000086600000| Untracked |  0
|  49|0x0000000086700000, 0x0000000086800000, 0x0000000086800000|100%| O|Cm|TAMS 0x0000000086700000| PB 0x0000000086700000| Complete |  0
|  50|0x0000000086800000, 0x0000000086900000, 0x0000000086900000|100%| O|Cm|TAMS 0x0000000086800000| PB 0x0000000086800000| Complete |  0
|  51|0x0000000086900000, 0x0000000086a00000, 0x0000000086a00000|100%| O|  |TAMS 0x0000000086900000| PB 0x0000000086900000| Untracked |  0
|  52|0x0000000086a00000, 0x0000000086b00000, 0x0000000086b00000|100%| O|  |TAMS 0x0000000086a00000| PB 0x0000000086a00000| Untracked |  0
|  53|0x0000000086b00000, 0x0000000086bcf900, 0x0000000086c00000| 81%| O|  |TAMS 0x0000000086b00000| PB 0x0000000086b00000| Untracked |  0
|  54|0x0000000086c00000, 0x0000000086c00000, 0x0000000086d00000|  0%| F|  |TAMS 0x0000000086c00000| PB 0x0000000086c00000| Untracked |  0
|  55|0x0000000086d00000, 0x0000000086d00000, 0x0000000086e00000|  0%| F|  |TAMS 0x0000000086d00000| PB 0x0000000086d00000| Untracked |  0
|  56|0x0000000086e00000, 0x0000000086e00000, 0x0000000086f00000|  0%| F|  |TAMS 0x0000000086e00000| PB 0x0000000086e00000| Untracked |  0
|  57|0x0000000086f00000, 0x0000000086f00000, 0x0000000087000000|  0%| F|  |TAMS 0x0000000086f00000| PB 0x0000000086f00000| Untracked |  0
|  58|0x0000000087000000, 0x0000000087000000, 0x0000000087100000|  0%| F|  |TAMS 0x0000000087000000| PB 0x0000000087000000| Untracked |  0
|  59|0x0000000087100000, 0x0000000087100000, 0x0000000087200000|  0%| F|  |TAMS 0x0000000087100000| PB 0x0000000087100000| Untracked |  0
|  60|0x0000000087200000, 0x0000000087200000, 0x0000000087300000|  0%| F|  |TAMS 0x0000000087200000| PB 0x0000000087200000| Untracked |  0
|  61|0x0000000087300000, 0x0000000087300000, 0x0000000087400000|  0%| F|  |TAMS 0x0000000087300000| PB 0x0000000087300000| Untracked |  0
|  62|0x0000000087400000, 0x0000000087400000, 0x0000000087500000|  0%| F|  |TAMS 0x0000000087400000| PB 0x0000000087400000| Untracked |  0
|  63|0x0000000087500000, 0x0000000087500000, 0x0000000087600000|  0%| F|  |TAMS 0x0000000087500000| PB 0x0000000087500000| Untracked |  0
|  64|0x0000000087600000, 0x0000000087600000, 0x0000000087700000|  0%| F|  |TAMS 0x0000000087600000| PB 0x0000000087600000| Untracked |  0
|  65|0x0000000087700000, 0x0000000087700000, 0x0000000087800000|  0%| F|  |TAMS 0x0000000087700000| PB 0x0000000087700000| Untracked |  0
|  66|0x0000000087800000, 0x0000000087800000, 0x0000000087900000|  0%| F|  |TAMS 0x0000000087800000| PB 0x0000000087800000| Untracked |  0
|  67|0x0000000087900000, 0x0000000087900000, 0x0000000087a00000|  0%| F|  |TAMS 0x0000000087900000| PB 0x0000000087900000| Untracked |  0
|  68|0x0000000087a00000, 0x0000000087a00000, 0x0000000087b00000|  0%| F|  |TAMS 0x0000000087a00000| PB 0x0000000087a00000| Untracked |  0
|  69|0x0000000087b00000, 0x0000000087b00000, 0x0000000087c00000|  0%| F|  |TAMS 0x0000000087b00000| PB 0x0000000087b00000| Untracked |  0
|  70|0x0000000087c00000, 0x0000000087c00000, 0x0000000087d00000|  0%| F|  |TAMS 0x0000000087c00000| PB 0x0000000087c00000| Untracked |  0
|  71|0x0000000087d00000, 0x0000000087d00000, 0x0000000087e00000|  0%| F|  |TAMS 0x0000000087d00000| PB 0x0000000087d00000| Untracked |  0
|  72|0x0000000087e00000, 0x0000000087e00000, 0x0000000087f00000|  0%| F|  |TAMS 0x0000000087e00000| PB 0x0000000087e00000| Untracked |  0
|  73|0x0000000087f00000, 0x0000000087f00000, 0x0000000088000000|  0%| F|  |TAMS 0x0000000087f00000| PB 0x0000000087f00000| Untracked |  0
|  74|0x0000000088000000, 0x0000000088000000, 0x0000000088100000|  0%| F|  |TAMS 0x0000000088000000| PB 0x0000000088000000| Untracked |  0
|  75|0x0000000088100000, 0x0000000088100000, 0x0000000088200000|  0%| F|  |TAMS 0x0000000088100000| PB 0x0000000088100000| Untracked |  0
|  76|0x0000000088200000, 0x0000000088200000, 0x0000000088300000|  0%| F|  |TAMS 0x0000000088200000| PB 0x0000000088200000| Untracked |  0
|  77|0x0000000088300000, 0x0000000088300000, 0x0000000088400000|  0%| F|  |TAMS 0x0000000088300000| PB 0x0000000088300000| Untracked |  0
|  78|0x0000000088400000, 0x0000000088400000, 0x0000000088500000|  0%| F|  |TAMS 0x0000000088400000| PB 0x0000000088400000| Untracked |  0
|  79|0x0000000088500000, 0x0000000088500000, 0x0000000088600000|  0%| F|  |TAMS 0x0000000088500000| PB 0x0000000088500000| Untracked |  0
|  80|0x0000000088600000, 0x0000000088600000, 0x0000000088700000|  0%| F|  |TAMS 0x0000000088600000| PB 0x0000000088600000| Untracked |  0
|  81|0x0000000088700000, 0x0000000088700000, 0x0000000088800000|  0%| F|  |TAMS 0x0000000088700000| PB 0x0000000088700000| Untracked |  0
|  82|0x0000000088800000, 0x0000000088800000, 0x0000000088900000|  0%| F|  |TAMS 0x0000000088800000| PB 0x0000000088800000| Untracked |  0
|  83|0x0000000088900000, 0x0000000088900000, 0x0000000088a00000|  0%| F|  |TAMS 0x0000000088900000| PB 0x0000000088900000| Untracked |  0
|  84|0x0000000088a00000, 0x0000000088a00000, 0x0000000088b00000|  0%| F|  |TAMS 0x0000000088a00000| PB 0x0000000088a00000| Untracked |  0
|  85|0x0000000088b00000, 0x0000000088b00000, 0x0000000088c00000|  0%| F|  |TAMS 0x0000000088b00000| PB 0x0000000088b00000| Untracked |  0
|  86|0x0000000088c00000, 0x0000000088c00000, 0x0000000088d00000|  0%| F|  |TAMS 0x0000000088c00000| PB 0x0000000088c00000| Untracked |  0
|  87|0x0000000088d00000, 0x0000000088d00000, 0x0000000088e00000|  0%| F|  |TAMS 0x0000000088d00000| PB 0x0000000088d00000| Untracked |  0
|  88|0x0000000088e00000, 0x0000000088e00000, 0x0000000088f00000|  0%| F|  |TAMS 0x0000000088e00000| PB 0x0000000088e00000| Untracked |  0
|  89|0x0000000088f00000, 0x0000000088f00000, 0x0000000089000000|  0%| F|  |TAMS 0x0000000088f00000| PB 0x0000000088f00000| Untracked |  0
|  90|0x0000000089000000, 0x0000000089000000, 0x0000000089100000|  0%| F|  |TAMS 0x0000000089000000| PB 0x0000000089000000| Untracked |  0
|  91|0x0000000089100000, 0x0000000089100000, 0x0000000089200000|  0%| F|  |TAMS 0x0000000089100000| PB 0x0000000089100000| Untracked |  0
|  92|0x0000000089200000, 0x0000000089200000, 0x0000000089300000|  0%| F|  |TAMS 0x0000000089200000| PB 0x0000000089200000| Untracked |  0
|  93|0x0000000089300000, 0x0000000089300000, 0x0000000089400000|  0%| F|  |TAMS 0x0000000089300000| PB 0x0000000089300000| Untracked |  0
|  94|0x0000000089400000, 0x000000008944c890, 0x0000000089500000| 29%| S|CS|TAMS 0x0000000089400000| PB 0x0000000089400000| Complete |  0
|  95|0x0000000089500000, 0x0000000089600000, 0x0000000089600000|100%| S|CS|TAMS 0x0000000089500000| PB 0x0000000089500000| Complete |  0
|  96|0x0000000089600000, 0x0000000089700000, 0x0000000089700000|100%| S|CS|TAMS 0x0000000089600000| PB 0x0000000089600000| Complete |  0
|  97|0x0000000089700000, 0x0000000089800000, 0x0000000089800000|100%| S|CS|TAMS 0x0000000089700000| PB 0x0000000089700000| Complete |  0
|  98|0x0000000089800000, 0x0000000089800000, 0x0000000089900000|  0%| F|  |TAMS 0x0000000089800000| PB 0x0000000089800000| Untracked |  0
|  99|0x0000000089900000, 0x0000000089900000, 0x0000000089a00000|  0%| F|  |TAMS 0x0000000089900000| PB 0x0000000089900000| Untracked |  0
| 100|0x0000000089a00000, 0x0000000089a00000, 0x0000000089b00000|  0%| F|  |TAMS 0x0000000089a00000| PB 0x0000000089a00000| Untracked |  0
| 101|0x0000000089b00000, 0x0000000089b00000, 0x0000000089c00000|  0%| F|  |TAMS 0x0000000089b00000| PB 0x0000000089b00000| Untracked |  0
| 102|0x0000000089c00000, 0x0000000089c00000, 0x0000000089d00000|  0%| F|  |TAMS 0x0000000089c00000| PB 0x0000000089c00000| Untracked |  0
| 103|0x0000000089d00000, 0x0000000089d00000, 0x0000000089e00000|  0%| F|  |TAMS 0x0000000089d00000| PB 0x0000000089d00000| Untracked |  0
| 104|0x0000000089e00000, 0x0000000089e00000, 0x0000000089f00000|  0%| F|  |TAMS 0x0000000089e00000| PB 0x0000000089e00000| Untracked |  0
| 105|0x0000000089f00000, 0x0000000089f00000, 0x000000008a000000|  0%| F|  |TAMS 0x0000000089f00000| PB 0x0000000089f00000| Untracked |  0
| 106|0x000000008a000000, 0x000000008a000000, 0x000000008a100000|  0%| F|  |TAMS 0x000000008a000000| PB 0x000000008a000000| Untracked |  0
| 107|0x000000008a100000, 0x000000008a100000, 0x000000008a200000|  0%| F|  |TAMS 0x000000008a100000| PB 0x000000008a100000| Untracked |  0
| 108|0x000000008a200000, 0x000000008a200000, 0x000000008a300000|  0%| F|  |TAMS 0x000000008a200000| PB 0x000000008a200000| Untracked |  0
| 109|0x000000008a300000, 0x000000008a300000, 0x000000008a400000|  0%| F|  |TAMS 0x000000008a300000| PB 0x000000008a300000| Untracked |  0
| 110|0x000000008a400000, 0x000000008a400000, 0x000000008a500000|  0%| F|  |TAMS 0x000000008a400000| PB 0x000000008a400000| Untracked |  0
| 111|0x000000008a500000, 0x000000008a500000, 0x000000008a600000|  0%| F|  |TAMS 0x000000008a500000| PB 0x000000008a500000| Untracked |  0
| 112|0x000000008a600000, 0x000000008a600000, 0x000000008a700000|  0%| F|  |TAMS 0x000000008a600000| PB 0x000000008a600000| Untracked |  0
| 113|0x000000008a700000, 0x000000008a700000, 0x000000008a800000|  0%| F|  |TAMS 0x000000008a700000| PB 0x000000008a700000| Untracked |  0
| 114|0x000000008a800000, 0x000000008a800000, 0x000000008a900000|  0%| F|  |TAMS 0x000000008a800000| PB 0x000000008a800000| Untracked |  0
| 115|0x000000008a900000, 0x000000008a900000, 0x000000008aa00000|  0%| F|  |TAMS 0x000000008a900000| PB 0x000000008a900000| Untracked |  0
| 116|0x000000008aa00000, 0x000000008aa00000, 0x000000008ab00000|  0%| F|  |TAMS 0x000000008aa00000| PB 0x000000008aa00000| Untracked |  0
| 117|0x000000008ab00000, 0x000000008ab00000, 0x000000008ac00000|  0%| F|  |TAMS 0x000000008ab00000| PB 0x000000008ab00000| Untracked |  0
| 118|0x000000008ac00000, 0x000000008ac00000, 0x000000008ad00000|  0%| F|  |TAMS 0x000000008ac00000| PB 0x000000008ac00000| Untracked |  0
| 119|0x000000008ad00000, 0x000000008ad00000, 0x000000008ae00000|  0%| F|  |TAMS 0x000000008ad00000| PB 0x000000008ad00000| Untracked |  0
| 120|0x000000008ae00000, 0x000000008ae00000, 0x000000008af00000|  0%| F|  |TAMS 0x000000008ae00000| PB 0x000000008ae00000| Untracked |  0
| 121|0x000000008af00000, 0x000000008af00000, 0x000000008b000000|  0%| F|  |TAMS 0x000000008af00000| PB 0x000000008af00000| Untracked |  0
| 122|0x000000008b000000, 0x000000008b000000, 0x000000008b100000|  0%| F|  |TAMS 0x000000008b000000| PB 0x000000008b000000| Untracked |  0
| 123|0x000000008b100000, 0x000000008b100000, 0x000000008b200000|  0%| F|  |TAMS 0x000000008b100000| PB 0x000000008b100000| Untracked |  0
| 124|0x000000008b200000, 0x000000008b200000, 0x000000008b300000|  0%| F|  |TAMS 0x000000008b200000| PB 0x000000008b200000| Untracked |  0
| 125|0x000000008b300000, 0x000000008b300000, 0x000000008b400000|  0%| F|  |TAMS 0x000000008b300000| PB 0x000000008b300000| Untracked |  0
| 126|0x000000008b400000, 0x000000008b400000, 0x000000008b500000|  0%| F|  |TAMS 0x000000008b400000| PB 0x000000008b400000| Untracked |  0
| 127|0x000000008b500000, 0x000000008b500000, 0x000000008b600000|  0%| F|  |TAMS 0x000000008b500000| PB 0x000000008b500000| Untracked |  0
| 128|0x000000008b600000, 0x000000008b600000, 0x000000008b700000|  0%| F|  |TAMS 0x000000008b600000| PB 0x000000008b600000| Untracked |  0
| 129|0x000000008b700000, 0x000000008b700000, 0x000000008b800000|  0%| F|  |TAMS 0x000000008b700000| PB 0x000000008b700000| Untracked |  0
| 130|0x000000008b800000, 0x000000008b800000, 0x000000008b900000|  0%| F|  |TAMS 0x000000008b800000| PB 0x000000008b800000| Untracked |  0
| 131|0x000000008b900000, 0x000000008b900000, 0x000000008ba00000|  0%| F|  |TAMS 0x000000008b900000| PB 0x000000008b900000| Untracked |  0
| 132|0x000000008ba00000, 0x000000008ba00000, 0x000000008bb00000|  0%| F|  |TAMS 0x000000008ba00000| PB 0x000000008ba00000| Untracked |  0
| 133|0x000000008bb00000, 0x000000008bb00000, 0x000000008bc00000|  0%| F|  |TAMS 0x000000008bb00000| PB 0x000000008bb00000| Untracked |  0
| 134|0x000000008bc00000, 0x000000008bc00000, 0x000000008bd00000|  0%| F|  |TAMS 0x000000008bc00000| PB 0x000000008bc00000| Untracked |  0
| 135|0x000000008bd00000, 0x000000008bd00000, 0x000000008be00000|  0%| F|  |TAMS 0x000000008bd00000| PB 0x000000008bd00000| Untracked |  0
| 136|0x000000008be00000, 0x000000008be00000, 0x000000008bf00000|  0%| F|  |TAMS 0x000000008be00000| PB 0x000000008be00000| Untracked |  0
| 137|0x000000008bf00000, 0x000000008bf00000, 0x000000008c000000|  0%| F|  |TAMS 0x000000008bf00000| PB 0x000000008bf00000| Untracked |  0
| 138|0x000000008c000000, 0x000000008c000000, 0x000000008c100000|  0%| F|  |TAMS 0x000000008c000000| PB 0x000000008c000000| Untracked |  0
| 139|0x000000008c100000, 0x000000008c100000, 0x000000008c200000|  0%| F|  |TAMS 0x000000008c100000| PB 0x000000008c100000| Untracked |  0
| 140|0x000000008c200000, 0x000000008c200000, 0x000000008c300000|  0%| F|  |TAMS 0x000000008c200000| PB 0x000000008c200000| Untracked |  0
| 141|0x000000008c300000, 0x000000008c300000, 0x000000008c400000|  0%| F|  |TAMS 0x000000008c300000| PB 0x000000008c300000| Untracked |  0
| 142|0x000000008c400000, 0x000000008c400000, 0x000000008c500000|  0%| F|  |TAMS 0x000000008c400000| PB 0x000000008c400000| Untracked |  0
| 143|0x000000008c500000, 0x000000008c500000, 0x000000008c600000|  0%| F|  |TAMS 0x000000008c500000| PB 0x000000008c500000| Untracked |  0
| 144|0x000000008c600000, 0x000000008c600000, 0x000000008c700000|  0%| F|  |TAMS 0x000000008c600000| PB 0x000000008c600000| Untracked |  0
| 145|0x000000008c700000, 0x000000008c700000, 0x000000008c800000|  0%| F|  |TAMS 0x000000008c700000| PB 0x000000008c700000| Untracked |  0
| 146|0x000000008c800000, 0x000000008c800000, 0x000000008c900000|  0%| F|  |TAMS 0x000000008c800000| PB 0x000000008c800000| Untracked |  0
| 147|0x000000008c900000, 0x000000008c900000, 0x000000008ca00000|  0%| F|  |TAMS 0x000000008c900000| PB 0x000000008c900000| Untracked |  0
| 148|0x000000008ca00000, 0x000000008ca00000, 0x000000008cb00000|  0%| F|  |TAMS 0x000000008ca00000| PB 0x000000008ca00000| Untracked |  0
| 149|0x000000008cb00000, 0x000000008cb00000, 0x000000008cc00000|  0%| F|  |TAMS 0x000000008cb00000| PB 0x000000008cb00000| Untracked |  0
| 150|0x000000008cc00000, 0x000000008cc00000, 0x000000008cd00000|  0%| F|  |TAMS 0x000000008cc00000| PB 0x000000008cc00000| Untracked |  0
| 151|0x000000008cd00000, 0x000000008cd00000, 0x000000008ce00000|  0%| F|  |TAMS 0x000000008cd00000| PB 0x000000008cd00000| Untracked |  0
| 152|0x000000008ce00000, 0x000000008ce00000, 0x000000008cf00000|  0%| F|  |TAMS 0x000000008ce00000| PB 0x000000008ce00000| Untracked |  0
| 153|0x000000008cf00000, 0x000000008cf00000, 0x000000008d000000|  0%| F|  |TAMS 0x000000008cf00000| PB 0x000000008cf00000| Untracked |  0
| 154|0x000000008d000000, 0x000000008d000000, 0x000000008d100000|  0%| F|  |TAMS 0x000000008d000000| PB 0x000000008d000000| Untracked |  0
| 155|0x000000008d100000, 0x000000008d100000, 0x000000008d200000|  0%| F|  |TAMS 0x000000008d100000| PB 0x000000008d100000| Untracked |  0
| 156|0x000000008d200000, 0x000000008d200000, 0x000000008d300000|  0%| F|  |TAMS 0x000000008d200000| PB 0x000000008d200000| Untracked |  0
| 157|0x000000008d300000, 0x000000008d300000, 0x000000008d400000|  0%| F|  |TAMS 0x000000008d300000| PB 0x000000008d300000| Untracked |  0
| 158|0x000000008d400000, 0x000000008d400000, 0x000000008d500000|  0%| F|  |TAMS 0x000000008d400000| PB 0x000000008d400000| Untracked |  0
| 159|0x000000008d500000, 0x000000008d500000, 0x000000008d600000|  0%| F|  |TAMS 0x000000008d500000| PB 0x000000008d500000| Untracked |  0
| 160|0x000000008d600000, 0x000000008d600000, 0x000000008d700000|  0%| F|  |TAMS 0x000000008d600000| PB 0x000000008d600000| Untracked |  0
| 161|0x000000008d700000, 0x000000008d700000, 0x000000008d800000|  0%| F|  |TAMS 0x000000008d700000| PB 0x000000008d700000| Untracked |  0
| 162|0x000000008d800000, 0x000000008d800000, 0x000000008d900000|  0%| F|  |TAMS 0x000000008d800000| PB 0x000000008d800000| Untracked |  0
| 163|0x000000008d900000, 0x000000008d900000, 0x000000008da00000|  0%| F|  |TAMS 0x000000008d900000| PB 0x000000008d900000| Untracked |  0
| 164|0x000000008da00000, 0x000000008da00000, 0x000000008db00000|  0%| F|  |TAMS 0x000000008da00000| PB 0x000000008da00000| Untracked |  0
| 165|0x000000008db00000, 0x000000008db00000, 0x000000008dc00000|  0%| F|  |TAMS 0x000000008db00000| PB 0x000000008db00000| Untracked |  0
| 166|0x000000008dc00000, 0x000000008dc00000, 0x000000008dd00000|  0%| F|  |TAMS 0x000000008dc00000| PB 0x000000008dc00000| Untracked |  0
| 167|0x000000008dd00000, 0x000000008dd00000, 0x000000008de00000|  0%| F|  |TAMS 0x000000008dd00000| PB 0x000000008dd00000| Untracked |  0
| 168|0x000000008de00000, 0x000000008de00000, 0x000000008df00000|  0%| F|  |TAMS 0x000000008de00000| PB 0x000000008de00000| Untracked |  0
| 169|0x000000008df00000, 0x000000008df00000, 0x000000008e000000|  0%| F|  |TAMS 0x000000008df00000| PB 0x000000008df00000| Untracked |  0
| 170|0x000000008e000000, 0x000000008e000000, 0x000000008e100000|  0%| F|  |TAMS 0x000000008e000000| PB 0x000000008e000000| Untracked |  0
| 171|0x000000008e100000, 0x000000008e100000, 0x000000008e200000|  0%| F|  |TAMS 0x000000008e100000| PB 0x000000008e100000| Untracked |  0
| 172|0x000000008e200000, 0x000000008e200000, 0x000000008e300000|  0%| F|  |TAMS 0x000000008e200000| PB 0x000000008e200000| Untracked |  0
| 173|0x000000008e300000, 0x000000008e300000, 0x000000008e400000|  0%| F|  |TAMS 0x000000008e300000| PB 0x000000008e300000| Untracked |  0
| 174|0x000000008e400000, 0x000000008e400000, 0x000000008e500000|  0%| F|  |TAMS 0x000000008e400000| PB 0x000000008e400000| Untracked |  0
| 175|0x000000008e500000, 0x000000008e500000, 0x000000008e600000|  0%| F|  |TAMS 0x000000008e500000| PB 0x000000008e500000| Untracked |  0
| 176|0x000000008e600000, 0x000000008e600000, 0x000000008e700000|  0%| F|  |TAMS 0x000000008e600000| PB 0x000000008e600000| Untracked |  0
| 177|0x000000008e700000, 0x000000008e700000, 0x000000008e800000|  0%| F|  |TAMS 0x000000008e700000| PB 0x000000008e700000| Untracked |  0
| 178|0x000000008e800000, 0x000000008e800000, 0x000000008e900000|  0%| F|  |TAMS 0x000000008e800000| PB 0x000000008e800000| Untracked |  0
| 179|0x000000008e900000, 0x000000008e900000, 0x000000008ea00000|  0%| F|  |TAMS 0x000000008e900000| PB 0x000000008e900000| Untracked |  0
| 180|0x000000008ea00000, 0x000000008ea00000, 0x000000008eb00000|  0%| F|  |TAMS 0x000000008ea00000| PB 0x000000008ea00000| Untracked |  0
| 181|0x000000008eb00000, 0x000000008eb00000, 0x000000008ec00000|  0%| F|  |TAMS 0x000000008eb00000| PB 0x000000008eb00000| Untracked |  0
| 182|0x000000008ec00000, 0x000000008ec00000, 0x000000008ed00000|  0%| F|  |TAMS 0x000000008ec00000| PB 0x000000008ec00000| Untracked |  0
| 183|0x000000008ed00000, 0x000000008ed00000, 0x000000008ee00000|  0%| F|  |TAMS 0x000000008ed00000| PB 0x000000008ed00000| Untracked |  0
| 184|0x000000008ee00000, 0x000000008ee00000, 0x000000008ef00000|  0%| F|  |TAMS 0x000000008ee00000| PB 0x000000008ee00000| Untracked |  0
| 185|0x000000008ef00000, 0x000000008ef00000, 0x000000008f000000|  0%| F|  |TAMS 0x000000008ef00000| PB 0x000000008ef00000| Untracked |  0
| 186|0x000000008f000000, 0x000000008f000000, 0x000000008f100000|  0%| F|  |TAMS 0x000000008f000000| PB 0x000000008f000000| Untracked |  0
| 187|0x000000008f100000, 0x000000008f100000, 0x000000008f200000|  0%| F|  |TAMS 0x000000008f100000| PB 0x000000008f100000| Untracked |  0
| 188|0x000000008f200000, 0x000000008f200000, 0x000000008f300000|  0%| F|  |TAMS 0x000000008f200000| PB 0x000000008f200000| Untracked |  0
| 189|0x000000008f300000, 0x000000008f3294e0, 0x000000008f400000| 16%| E|  |TAMS 0x000000008f300000| PB 0x000000008f300000| Complete |  0
|1987|0x00000000ff900000, 0x00000000ffa00000, 0x00000000ffa00000|100%| O|Cm|TAMS 0x00000000ff900000| PB 0x00000000ff900000| Complete |  0
|1988|0x00000000ffa00000, 0x00000000ffb00000, 0x00000000ffb00000|100%| E|CS|TAMS 0x00000000ffa00000| PB 0x00000000ffa00000| Complete |  0
|1992|0x00000000ffe00000, 0x00000000fff00000, 0x00000000fff00000|100%| O|  |TAMS 0x00000000ffe00000| PB 0x00000000ffe00000| Untracked |  0
|1993|0x00000000fff00000, 0x0000000100000000, 0x0000000100000000|100%| E|CS|TAMS 0x00000000fff00000| PB 0x00000000fff00000| Complete |  0

Card table byte_map: [0x000001ac4bf80000,0x000001ac4c370000] _byte_map_base: 0x000001ac4bb65000

Marking Bits: (CMBitMap*) 0x000001ac33f170f0
 Bits: [0x000001ac4c370000, 0x000001ac4e298000)

Polling page: 0x000001ac334b0000

Metaspace:

Usage:
  Non-class:     83.45 MB used.
      Class:     10.02 MB used.
       Both:     93.47 MB used.

Virtual space:
  Non-class space:      128.00 MB reserved,      84.00 MB ( 66%) committed,  2 nodes.
      Class space:        1.00 GB reserved,      10.44 MB (  1%) committed,  1 nodes.
             Both:        1.12 GB reserved,      94.44 MB (  8%) committed. 

Chunk freelists:
   Non-Class:  12.21 MB
       Class:  5.61 MB
        Both:  17.82 MB

MaxMetaspaceSize: unlimited
CompressedClassSpaceSize: 1.00 GB
Initial GC threshold: 21.00 MB
Current GC threshold: 157.44 MB
CDS: on
 - commit_granule_bytes: 65536.
 - commit_granule_words: 8192.
 - virtual_space_node_default_size: 8388608.
 - enlarge_chunks_in_place: 1.
UseCompressedClassPointers 1, UseCompactObjectHeaders 0
Narrow klass pointer bits 32, Max shift 3
Narrow klass base: 0x000001ac51000000, Narrow klass shift: 0
Encoding Range: [0x000001ac51000000 - 0x000001ad51000000), (4294967296 bytes)
Klass Range:    [0x000001ac51000000 - 0x000001ac92000000), (1090519040 bytes)
Klass ID Range:  [8 - 1090519033) (1090519025)


Internal statistics:

num_allocs_failed_limit: 6.
num_arena_births: 1020.
num_arena_deaths: 242.
num_vsnodes_births: 3.
num_vsnodes_deaths: 0.
num_space_committed: 1511.
num_space_uncommitted: 0.
num_chunks_returned_to_freelist: 260.
num_chunks_taken_from_freelist: 4299.
num_chunk_merges: 67.
num_chunk_splits: 3167.
num_chunks_enlarged: 2574.
num_inconsistent_stats: 0.

CodeHeap 'non-profiled nmethods': size=120064Kb used=7563Kb max_used=7608Kb free=112501Kb
 bounds [0x000001ac44210000, 0x000001ac44980000, 0x000001ac4b750000]
CodeHeap 'profiled nmethods': size=120000Kb used=23020Kb max_used=23190Kb free=96979Kb
 bounds [0x000001ac3c750000, 0x000001ac3de00000, 0x000001ac43c80000]
CodeHeap 'non-nmethods': size=5696Kb used=1851Kb max_used=1980Kb free=3844Kb
 bounds [0x000001ac43c80000, 0x000001ac43ef0000, 0x000001ac44210000]
CodeCache: size=245760Kb, used=32434Kb, max_used=32778Kb, free=213324Kb
 total_blobs=14399, nmethods=13596, adapters=706, full_count=0
Compilation: enabled, stopped_count=0, restarted_count=0

Compilation events (20 events):
Event: 2616.248 Thread 0x000001ac9600fbe0 nmethod 15266 0x000001ac3ce8ab08 code [0x000001ac3ce8ad00, 0x000001ac3ce8b8c0]
Event: 2617.288 Thread 0x000001ac9600d0f0 15268       4       java.lang.ClassValue$Entry::value (9 bytes)
Event: 2617.288 Thread 0x000001ac9600fbe0 15269       3       java.lang.ClassValue::get (31 bytes)
Event: 2617.288 Thread 0x000001ac9600d0f0 nmethod 15268 0x000001ac4438ae88 code [0x000001ac4438af80, 0x000001ac4438b000]
Event: 2617.288 Thread 0x000001ac9600d0f0 15270       4       java.lang.ClassValue$ClassValueMap::probeHomeLocation (13 bytes)
Event: 2617.289 Thread 0x000001ac9600fbe0 nmethod 15269 0x000001ac3ce3d308 code [0x000001ac3ce3d4c0, 0x000001ac3ce3dd98]
Event: 2617.289 Thread 0x000001ac9600fbe0 15271       2       java.lang.ClassValue$ClassValueMap::loadFromCache (9 bytes)
Event: 2617.289 Thread 0x000001ac9600fbe0 nmethod 15271 0x000001ac3c84e888 code [0x000001ac3c84e9a0, 0x000001ac3c84eaa8]
Event: 2617.289 Thread 0x000001ac9600fbe0 15272       2       java.lang.ClassValue::castEntry (2 bytes)
Event: 2617.289 Thread 0x000001ac9600fbe0 nmethod 15272 0x000001ac3c870c08 code [0x000001ac3c870d20, 0x000001ac3c870e20]
Event: 2617.289 Thread 0x000001ac9600fbe0 15273       3       java.lang.ClassValue::match (21 bytes)
Event: 2617.289 Thread 0x000001ac9600fbe0 nmethod 15273 0x000001ac3d279608 code [0x000001ac3d279720, 0x000001ac3d279968]
Event: 2617.290 Thread 0x000001ac9600d0f0 nmethod 15270 0x000001ac4438aa88 code [0x000001ac4438ab80, 0x000001ac4438ac48]
Event: 2620.416 Thread 0x000001ac9600d0f0 15274       4       java.lang.Class::isRecord (33 bytes)
Event: 2620.418 Thread 0x000001ac9600d0f0 nmethod 15274 0x000001ac44325e08 code [0x000001ac44325f20, 0x000001ac44326028]
Event: 2638.683 Thread 0x000001ac9600d0f0 15275   !   4       org.apache.tomcat.util.net.NioEndpoint$Poller::events (275 bytes)
Event: 2638.691 Thread 0x000001ac9600d0f0 nmethod 15275 0x000001ac44325408 code [0x000001ac443255c0, 0x000001ac44325cb8]
Event: 2655.788 Thread 0x000001ac9600d0f0 15276       4       sun.rmi.server.MarshalOutputStream::replaceObject (33 bytes)
Event: 2655.791 Thread 0x000001ac9600d0f0 nmethod 15276 0x000001ac44325108 code [0x000001ac44325200, 0x000001ac44325308]
Event: 2657.830 Thread 0x000001ac9600d0f0 15277       4       java.io.ObjectStreamClass::classNamesEqual (59 bytes)

GC Heap History (20 events):
Event: 15.262 GC heap before
{Heap before GC invocations=26 (full 0):
 garbage-first heap   total reserved 2041856K, committed 63488K, used 55401K [0x0000000083600000, 0x0000000100000000)
  region size 1024K, 20 young (20480K), 2 survivors (2048K)
 Metaspace       used 79311K, committed 79872K, reserved 1179648K
  class space    used 8691K, committed 8960K, reserved 1048576K
}
Event: 15.264 GC heap after
{Heap after GC invocations=27 (full 0):
 garbage-first heap   total reserved 2041856K, committed 76800K, used 38424K [0x0000000083600000, 0x0000000100000000)
  region size 1024K, 2 young (2048K), 2 survivors (2048K)
 Metaspace       used 79311K, committed 79872K, reserved 1179648K
  class space    used 8691K, committed 8960K, reserved 1048576K
}
Event: 15.377 GC heap before
{Heap before GC invocations=27 (full 0):
 garbage-first heap   total reserved 2041856K, committed 76800K, used 67096K [0x0000000083600000, 0x0000000100000000)
  region size 1024K, 30 young (30720K), 2 survivors (2048K)
 Metaspace       used 79578K, committed 80192K, reserved 1179648K
  class space    used 8714K, committed 8960K, reserved 1048576K
}
Event: 15.380 GC heap after
{Heap after GC invocations=28 (full 0):
 garbage-first heap   total reserved 2041856K, committed 76800K, used 39366K [0x0000000083600000, 0x0000000100000000)
  region size 1024K, 3 young (3072K), 3 survivors (3072K)
 Metaspace       used 79578K, committed 80192K, reserved 1179648K
  class space    used 8714K, committed 8960K, reserved 1048576K
}
Event: 15.547 GC heap before
{Heap before GC invocations=29 (full 0):
 garbage-first heap   total reserved 2041856K, committed 76800K, used 68038K [0x0000000083600000, 0x0000000100000000)
  region size 1024K, 31 young (31744K), 3 survivors (3072K)
 Metaspace       used 80050K, committed 80640K, reserved 1179648K
  class space    used 8788K, committed 9024K, reserved 1048576K
}
Event: 15.550 GC heap after
{Heap after GC invocations=30 (full 0):
 garbage-first heap   total reserved 2041856K, committed 76800K, used 40269K [0x0000000083600000, 0x0000000100000000)
  region size 1024K, 3 young (3072K), 3 survivors (3072K)
 Metaspace       used 80050K, committed 80640K, reserved 1179648K
  class space    used 8788K, committed 9024K, reserved 1048576K
}
Event: 15.593 GC heap before
{Heap before GC invocations=30 (full 0):
 garbage-first heap   total reserved 2041856K, committed 76800K, used 67917K [0x0000000083600000, 0x0000000100000000)
  region size 1024K, 30 young (30720K), 3 survivors (3072K)
 Metaspace       used 80060K, committed 80640K, reserved 1179648K
  class space    used 8789K, committed 9024K, reserved 1048576K
}
Event: 15.597 GC heap after
{Heap after GC invocations=31 (full 0):
 garbage-first heap   total reserved 2041856K, committed 76800K, used 40286K [0x0000000083600000, 0x0000000100000000)
  region size 1024K, 3 young (3072K), 3 survivors (3072K)
 Metaspace       used 80060K, committed 80640K, reserved 1179648K
  class space    used 8789K, committed 9024K, reserved 1048576K
}
Event: 15.638 GC heap before
{Heap before GC invocations=31 (full 0):
 garbage-first heap   total reserved 2041856K, committed 76800K, used 67934K [0x0000000083600000, 0x0000000100000000)
  region size 1024K, 30 young (30720K), 3 survivors (3072K)
 Metaspace       used 80072K, committed 80640K, reserved 1179648K
  class space    used 8792K, committed 9024K, reserved 1048576K
}
Event: 15.641 GC heap after
{Heap after GC invocations=32 (full 0):
 garbage-first heap   total reserved 2041856K, committed 76800K, used 41385K [0x0000000083600000, 0x0000000100000000)
  region size 1024K, 3 young (3072K), 3 survivors (3072K)
 Metaspace       used 80072K, committed 80640K, reserved 1179648K
  class space    used 8792K, committed 9024K, reserved 1048576K
}
Event: 15.691 GC heap before
{Heap before GC invocations=33 (full 0):
 garbage-first heap   total reserved 2041856K, committed 76800K, used 68009K [0x0000000083600000, 0x0000000100000000)
  region size 1024K, 29 young (29696K), 3 survivors (3072K)
 Metaspace       used 80078K, committed 80640K, reserved 1179648K
  class space    used 8792K, committed 9024K, reserved 1048576K
}
Event: 15.695 GC heap after
{Heap after GC invocations=34 (full 0):
 garbage-first heap   total reserved 2041856K, committed 76800K, used 44032K [0x0000000083600000, 0x0000000100000000)
  region size 1024K, 4 young (4096K), 4 survivors (4096K)
 Metaspace       used 80078K, committed 80640K, reserved 1179648K
  class space    used 8792K, committed 9024K, reserved 1048576K
}
Event: 15.724 GC heap before
{Heap before GC invocations=34 (full 0):
 garbage-first heap   total reserved 2041856K, committed 76800K, used 67584K [0x0000000083600000, 0x0000000100000000)
  region size 1024K, 27 young (27648K), 4 survivors (4096K)
 Metaspace       used 80078K, committed 80640K, reserved 1179648K
  class space    used 8792K, committed 9024K, reserved 1048576K
}
Event: 15.735 GC heap after
{Heap after GC invocations=35 (full 0):
 garbage-first heap   total reserved 2041856K, committed 201728K, used 53226K [0x0000000083600000, 0x0000000100000000)
  region size 1024K, 4 young (4096K), 4 survivors (4096K)
 Metaspace       used 80078K, committed 80640K, reserved 1179648K
  class space    used 8792K, committed 9024K, reserved 1048576K
}
Event: 18.250 GC heap before
{Heap before GC invocations=35 (full 0):
 garbage-first heap   total reserved 2041856K, committed 201728K, used 168938K [0x0000000083600000, 0x0000000100000000)
  region size 1024K, 118 young (120832K), 4 survivors (4096K)
 Metaspace       used 87177K, committed 87808K, reserved 1179648K
  class space    used 9610K, committed 9856K, reserved 1048576K
}
Event: 18.260 GC heap after
{Heap after GC invocations=36 (full 0):
 garbage-first heap   total reserved 2041856K, committed 201728K, used 60969K [0x0000000083600000, 0x0000000100000000)
  region size 1024K, 12 young (12288K), 12 survivors (12288K)
 Metaspace       used 87177K, committed 87808K, reserved 1179648K
  class space    used 9610K, committed 9856K, reserved 1048576K
}
Event: 1356.573 GC heap before
{Heap before GC invocations=36 (full 0):
 garbage-first heap   total reserved 2041856K, committed 201728K, used 142889K [0x0000000083600000, 0x0000000100000000)
  region size 1024K, 93 young (95232K), 12 survivors (12288K)
 Metaspace       used 94997K, committed 95744K, reserved 1179648K
  class space    used 10296K, committed 10624K, reserved 1048576K
}
Event: 1356.710 GC heap after
{Heap after GC invocations=37 (full 0):
 garbage-first heap   total reserved 2041856K, committed 201728K, used 64777K [0x0000000083600000, 0x0000000100000000)
  region size 1024K, 4 young (4096K), 4 survivors (4096K)
 Metaspace       used 94997K, committed 95744K, reserved 1179648K
  class space    used 10296K, committed 10624K, reserved 1048576K
}
Event: 2613.019 GC heap before
{Heap before GC invocations=37 (full 0):
 garbage-first heap   total reserved 2041856K, committed 201728K, used 154889K [0x0000000083600000, 0x0000000100000000)
  region size 1024K, 93 young (95232K), 4 survivors (4096K)
 Metaspace       used 95934K, committed 96704K, reserved 1179648K
  class space    used 10319K, committed 10688K, reserved 1048576K
}
Event: 2613.070 GC heap after
{Heap after GC invocations=38 (full 0):
 garbage-first heap   total reserved 2041856K, committed 201728K, used 64624K [0x0000000083600000, 0x0000000100000000)
  region size 1024K, 4 young (4096K), 4 survivors (4096K)
 Metaspace       used 95934K, committed 96704K, reserved 1179648K
  class space    used 10319K, committed 10688K, reserved 1048576K
}

Dll operation events (13 events):
Event: 0.010 Loaded shared library C:\Users\VIET ANH\.jdks\openjdk-24.0.1\bin\java.dll
Event: 0.040 Loaded shared library C:\Users\VIET ANH\.jdks\openjdk-24.0.1\bin\jsvml.dll
Event: 0.204 Loaded shared library C:\Users\VIET ANH\.jdks\openjdk-24.0.1\bin\zip.dll
Event: 0.209 Loaded shared library C:\Users\VIET ANH\.jdks\openjdk-24.0.1\bin\instrument.dll
Event: 0.217 Loaded shared library C:\Users\VIET ANH\.jdks\openjdk-24.0.1\bin\net.dll
Event: 0.220 Loaded shared library C:\Users\VIET ANH\.jdks\openjdk-24.0.1\bin\nio.dll
Event: 0.409 Loaded shared library C:\Users\VIET ANH\.jdks\openjdk-24.0.1\bin\zip.dll
Event: 1.351 Loaded shared library C:\Users\VIET ANH\.jdks\openjdk-24.0.1\bin\jimage.dll
Event: 5.514 Loaded shared library C:\Users\VIET ANH\.jdks\openjdk-24.0.1\bin\extnet.dll
Event: 5.542 Loaded shared library C:\Users\VIET ANH\.jdks\openjdk-24.0.1\bin\management.dll
Event: 5.552 Loaded shared library C:\Users\VIET ANH\.jdks\openjdk-24.0.1\bin\management_ext.dll
Event: 7.190 Loaded shared library C:\Users\VIET ANH\.jdks\openjdk-24.0.1\bin\sunmscapi.dll
Event: 11.869 Loaded shared library C:\Users\VIET ANH\.jdks\openjdk-24.0.1\bin\verify.dll

Deoptimization events (20 events):
Event: 2614.081 Thread 0x000001ac9a803c20 Uncommon trap: trap_request=0xffffff4d fr.pc=0x000001ac4493a70c relative=0x000000000000196c
Event: 2614.081 Thread 0x000001ac9a803c20 Uncommon trap: reason=unstable_if action=reinterpret pc=0x000001ac4493a70c method=java.io.ClassCache.processQueue()V @ 9 c2
Event: 2614.082 Thread 0x000001ac9a803c20 DEOPT PACKING pc=0x000001ac4493a70c sp=0x00000017ac2fecd0
Event: 2614.082 Thread 0x000001ac9a803c20 DEOPT UNPACKING pc=0x000001ac43da5502 sp=0x00000017ac2feb58 mode 2
Event: 2614.083 Thread 0x000001ac9a803c20 Uncommon trap: trap_request=0xffffff4d fr.pc=0x000001ac447273ac relative=0x000000000000010c
Event: 2614.083 Thread 0x000001ac9a803c20 Uncommon trap: reason=unstable_if action=reinterpret pc=0x000001ac447273ac method=java.lang.ClassValue.match(Ljava/lang/ClassValue$Entry;)Z @ 12 c2
Event: 2614.083 Thread 0x000001ac9a803c20 DEOPT PACKING pc=0x000001ac447273ac sp=0x00000017ac2feba0
Event: 2614.083 Thread 0x000001ac9a803c20 DEOPT UNPACKING pc=0x000001ac43da5502 sp=0x00000017ac2feae0 mode 2
Event: 2614.083 Thread 0x000001ac9a803c20 Uncommon trap: trap_request=0xffffff4d fr.pc=0x000001ac44937e5c relative=0x0000000000000e9c
Event: 2614.083 Thread 0x000001ac9a803c20 Uncommon trap: reason=unstable_if action=reinterpret pc=0x000001ac44937e5c method=java.io.ClassCache.processQueue()V @ 9 c2
Event: 2614.083 Thread 0x000001ac9a803c20 DEOPT PACKING pc=0x000001ac44937e5c sp=0x00000017ac2fec40
Event: 2614.083 Thread 0x000001ac9a803c20 DEOPT UNPACKING pc=0x000001ac43da5502 sp=0x00000017ac2feb28 mode 2
Event: 2614.119 Thread 0x000001ac9a803c20 Uncommon trap: trap_request=0xffffff4d fr.pc=0x000001ac4473b29c relative=0x00000000000023bc
Event: 2614.119 Thread 0x000001ac9a803c20 Uncommon trap: reason=unstable_if action=reinterpret pc=0x000001ac4473b29c method=java.lang.ClassValue.match(Ljava/lang/ClassValue$Entry;)Z @ 12 c2
Event: 2614.119 Thread 0x000001ac9a803c20 DEOPT PACKING pc=0x000001ac4473b29c sp=0x00000017ac2feea0
Event: 2614.119 Thread 0x000001ac9a803c20 DEOPT UNPACKING pc=0x000001ac43da5502 sp=0x00000017ac2feca0 mode 2
Event: 2614.120 Thread 0x000001ac9a803c20 Uncommon trap: trap_request=0xffffff4d fr.pc=0x000001ac447386d4 relative=0x00000000000003d4
Event: 2614.120 Thread 0x000001ac9a803c20 Uncommon trap: reason=unstable_if action=reinterpret pc=0x000001ac447386d4 method=java.lang.ClassValue.match(Ljava/lang/ClassValue$Entry;)Z @ 12 c2
Event: 2614.120 Thread 0x000001ac9a803c20 DEOPT PACKING pc=0x000001ac447386d4 sp=0x00000017ac2fedd0
Event: 2614.120 Thread 0x000001ac9a803c20 DEOPT UNPACKING pc=0x000001ac43da5502 sp=0x00000017ac2fecb0 mode 2

Classes loaded (20 events):
Event: 781.185 Loading class java/util/spi/ResourceBundleProvider
Event: 781.186 Loading class java/util/spi/ResourceBundleProvider done
Event: 781.186 Loading class sun/util/resources/LocaleData$LocaleDataResourceBundleProvider done
Event: 781.186 Loading class sun/util/resources/LocaleData$CommonResourceBundleProvider done
Event: 781.467 Loading class java/util/stream/LongStream
Event: 781.468 Loading class java/util/stream/LongStream done
Event: 781.468 Loading class java/util/stream/DoubleStream
Event: 781.469 Loading class java/util/stream/DoubleStream done
Event: 781.533 Loading class org/w3c/dom/Node
Event: 781.534 Loading class org/w3c/dom/Node done
Event: 781.534 Loading class org/w3c/dom/Document
Event: 781.535 Loading class org/w3c/dom/Document done
Event: 795.872 Loading class java/io/PushbackInputStream
Event: 795.873 Loading class java/io/PushbackInputStream done
Event: 1372.647 Loading class sun/security/ssl/Alert
Event: 1372.717 Loading class sun/security/ssl/Alert done
Event: 1372.729 Loading class sun/security/ssl/Alert$AlertConsumer
Event: 1372.753 Loading class sun/security/ssl/Alert$AlertConsumer done
Event: 1372.753 Loading class sun/security/ssl/Alert$Level
Event: 1372.757 Loading class sun/security/ssl/Alert$Level done

Classes unloaded (20 events):
Event: 2613.354 Thread 0x000001ac5072f2d0 Unloading class 0x000001ac52118800 'java/lang/invoke/LambdaForm$MH+0x000001ac52118800'
Event: 2613.354 Thread 0x000001ac5072f2d0 Unloading class 0x000001ac52112c00 'java/lang/invoke/LambdaForm$MH+0x000001ac52112c00'
Event: 2613.354 Thread 0x000001ac5072f2d0 Unloading class 0x000001ac52112800 'java/lang/invoke/LambdaForm$MH+0x000001ac52112800'
Event: 2613.355 Thread 0x000001ac5072f2d0 Unloading class 0x000001ac52111800 'java/lang/invoke/LambdaForm$MH+0x000001ac52111800'
Event: 2613.355 Thread 0x000001ac5072f2d0 Unloading class 0x000001ac52111000 'java/lang/invoke/LambdaForm$MH+0x000001ac52111000'
Event: 2613.355 Thread 0x000001ac5072f2d0 Unloading class 0x000001ac52110800 'java/lang/invoke/LambdaForm$MH+0x000001ac52110800'
Event: 2613.355 Thread 0x000001ac5072f2d0 Unloading class 0x000001ac52110400 'java/lang/invoke/LambdaForm$MH+0x000001ac52110400'
Event: 2613.355 Thread 0x000001ac5072f2d0 Unloading class 0x000001ac52110000 'java/lang/invoke/LambdaForm$BMH+0x000001ac52110000'
Event: 2613.355 Thread 0x000001ac5072f2d0 Unloading class 0x000001ac5210cc00 'java/lang/invoke/LambdaForm$MH+0x000001ac5210cc00'
Event: 2613.355 Thread 0x000001ac5072f2d0 Unloading class 0x000001ac520bc000 'java/lang/invoke/LambdaForm$DMH+0x000001ac520bc000'
Event: 2613.355 Thread 0x000001ac5072f2d0 Unloading class 0x000001ac520a4400 'java/lang/invoke/LambdaForm$MH+0x000001ac520a4400'
Event: 2613.355 Thread 0x000001ac5072f2d0 Unloading class 0x000001ac5209c400 'java/lang/invoke/LambdaForm$DMH+0x000001ac5209c400'
Event: 2613.355 Thread 0x000001ac5072f2d0 Unloading class 0x000001ac52091400 'java/lang/invoke/LambdaForm$DMH+0x000001ac52091400'
Event: 2613.355 Thread 0x000001ac5072f2d0 Unloading class 0x000001ac52082400 'java/lang/invoke/LambdaForm$DMH+0x000001ac52082400'
Event: 2613.355 Thread 0x000001ac5072f2d0 Unloading class 0x000001ac52082000 'java/lang/invoke/LambdaForm$DMH+0x000001ac52082000'
Event: 2613.355 Thread 0x000001ac5072f2d0 Unloading class 0x000001ac52011000 'java/lang/invoke/LambdaForm$BMH+0x000001ac52011000'
Event: 2613.356 Thread 0x000001ac5072f2d0 Unloading class 0x000001ac52003400 'java/lang/invoke/LambdaForm$MH+0x000001ac52003400'
Event: 2613.356 Thread 0x000001ac5072f2d0 Unloading class 0x000001ac52003000 'java/lang/invoke/LambdaForm$MH+0x000001ac52003000'
Event: 2613.356 Thread 0x000001ac5072f2d0 Unloading class 0x000001ac52002c00 'java/lang/invoke/LambdaForm$MH+0x000001ac52002c00'
Event: 2613.356 Thread 0x000001ac5072f2d0 Unloading class 0x000001ac52002400 'java/lang/invoke/LambdaForm$MH+0x000001ac52002400'

Classes redefined (0 events):
No events

Internal exceptions (20 events):
Event: 779.489 Thread 0x000001ac99804b80 Exception <a 'java/lang/NoSuchMethodError'{0x000000008df372f8}: 'java.lang.Object java.lang.invoke.DirectMethodHandle$Holder.invokeStaticInit(java.lang.Object, java.lang.Object, java.lang.Object, int, int)'> (0x000000008df372f8) 
thrown [s\open\src\hotspot\share\interpreter\linkResolver.cpp, line 805]
Event: 780.223 Thread 0x000001ac99f35080 Exception <a 'java/lang/NoSuchMethodError'{0x000000008dea4418}: 'java.lang.Object java.lang.invoke.DirectMethodHandle$Holder.invokeSpecial(java.lang.Object, java.lang.Object, java.lang.Object, java.lang.Object, java.lang.Object, long)'> (0x000000008dea4418) 
thrown [s\open\src\hotspot\share\interpreter\linkResolver.cpp, line 805]
Event: 780.227 Thread 0x000001ac99f35080 Exception <a 'java/lang/NoSuchMethodError'{0x000000008deacc98}: 'java.lang.Object java.lang.invoke.DirectMethodHandle$Holder.invokeSpecial(java.lang.Object, java.lang.Object, java.lang.Object, java.lang.Object, java.lang.Object, java.lang.Object, long)'> (0x000000008deacc98) 
thrown [s\open\src\hotspot\share\interpreter\linkResolver.cpp, line 805]
Event: 780.229 Thread 0x000001ac99f35080 Exception <a 'java/lang/NoSuchMethodError'{0x000000008deb5000}: 'java.lang.Object java.lang.invoke.DelegatingMethodHandle$Holder.reinvoke_L(java.lang.Object, java.lang.Object, java.lang.Object, java.lang.Object, java.lang.Object, long)'> (0x000000008deb5000) 
thrown [s\open\src\hotspot\share\interpreter\linkResolver.cpp, line 805]
Event: 780.234 Thread 0x000001ac99f35080 Exception <a 'java/lang/NoSuchMethodError'{0x000000008dec5300}: 'java.lang.Object java.lang.invoke.Invokers$Holder.linkToTargetMethod(java.lang.Object, java.lang.Object, java.lang.Object, long, java.lang.Object)'> (0x000000008dec5300) 
thrown [s\open\src\hotspot\share\interpreter\linkResolver.cpp, line 805]
Event: 781.015 Thread 0x000001ac99f383b0 Implicit null exception at 0x000001ac444d3958 to 0x000001ac444d3ef0
Event: 796.074 Thread 0x000001ac99f37c60 Exception <a 'java/lang/NoSuchMethodError'{0x000000008d17d200}: 'void java.lang.invoke.DirectMethodHandle$Holder.invokeSpecialIFC(java.lang.Object, java.lang.Object, int, java.lang.Object, java.lang.Object, java.lang.Object, java.lang.Object)'> (0x000000008d17d200) 
thrown [s\open\src\hotspot\share\interpreter\linkResolver.cpp, line 805]
Event: 796.401 Thread 0x000001ac99f37c60 Exception <a 'java/lang/NoSuchMethodError'{0x000000008cd6f160}: 'java.lang.Object java.lang.invoke.Invokers$Holder.linkToTargetMethod(java.lang.Object, int, java.lang.Object, java.lang.Object, java.lang.Object, java.lang.Object)'> (0x000000008cd6f160) 
thrown [s\open\src\hotspot\share\interpreter\linkResolver.cpp, line 805]
Event: 796.403 Thread 0x000001ac99f37c60 Exception <a 'java/lang/NoSuchMethodError'{0x000000008cd89360}: 'int java.lang.invoke.DirectMethodHandle$Holder.invokeStatic(java.lang.Object, java.lang.Object, int, java.lang.Object)'> (0x000000008cd89360) 
thrown [s\open\src\hotspot\share\interpreter\linkResolver.cpp, line 805]
Event: 796.499 Thread 0x000001ac99f37c60 Exception <a 'java/lang/IncompatibleClassChangeError'{0x000000008ccc5010}: Found class java.lang.Object, but interface was expected> (0x000000008ccc5010) 
thrown [s\open\src\hotspot\share\interpreter\linkResolver.cpp, line 872]
Event: 796.519 Thread 0x000001ac99f37c60 Implicit null exception at 0x000001ac444a0f19 to 0x000001ac444a1318
Event: 796.525 Thread 0x000001ac99f37c60 Implicit null exception at 0x000001ac444a29cd to 0x000001ac444a2b14
Event: 796.730 Thread 0x000001ac99803ce0 Exception <a 'java/io/IOException'{0x000000008ca9a628}> (0x000000008ca9a628) 
thrown [s\open\src\hotspot\share\prims\jni.cpp, line 518]
Event: 799.128 Thread 0x000001ac99804430 Exception <a 'java/lang/IncompatibleClassChangeError'{0x000000008c663a28}: Found class java.lang.Object, but interface was expected> (0x000000008c663a28) 
thrown [s\open\src\hotspot\share\interpreter\linkResolver.cpp, line 872]
Event: 799.204 Thread 0x000001ac99f36670 Implicit null exception at 0x000001ac4469efe8 to 0x000001ac4469fbb4
Event: 906.123 Thread 0x000001ac9b9eb9b0 Implicit null exception at 0x000001ac4481b33d to 0x000001ac4481b718
Event: 1372.911 Thread 0x000001ac9b9eb9b0 Implicit null exception at 0x000001ac4484dad8 to 0x000001ac4484e774
Event: 1373.055 Thread 0x000001ac9b9eb9b0 Implicit null exception at 0x000001ac4481e44e to 0x000001ac4481eb08
Event: 1373.097 Thread 0x000001ac9b9eb9b0 Implicit null exception at 0x000001ac448524a1 to 0x000001ac44852f98
Event: 1373.104 Thread 0x000001ac9b9eb9b0 Implicit null exception at 0x000001ac4484c3e4 to 0x000001ac4484cbc8

VM Operations (20 events):
Event: 1502.543 Executing VM operation: RendezvousGCThreads
Event: 1502.543 Executing VM operation: RendezvousGCThreads done
Event: 1562.694 Executing VM operation: HandshakeAllThreads (HandshakeForDeflation)
Event: 1562.694 Executing VM operation: HandshakeAllThreads (HandshakeForDeflation) done
Event: 1562.694 Executing VM operation: RendezvousGCThreads
Event: 1562.694 Executing VM operation: RendezvousGCThreads done
Event: 2404.773 Executing VM operation: HandshakeAllThreads (HandshakeForDeflation)
Event: 2404.775 Executing VM operation: HandshakeAllThreads (HandshakeForDeflation) done
Event: 2404.775 Executing VM operation: RendezvousGCThreads
Event: 2404.775 Executing VM operation: RendezvousGCThreads done
Event: 2464.950 Executing VM operation: HandshakeAllThreads (HandshakeForDeflation)
Event: 2464.950 Executing VM operation: HandshakeAllThreads (HandshakeForDeflation) done
Event: 2464.950 Executing VM operation: RendezvousGCThreads
Event: 2464.950 Executing VM operation: RendezvousGCThreads done
Event: 2613.017 Executing VM operation: G1CollectForAllocation (G1 Evacuation Pause)
Event: 2613.070 Executing VM operation: G1CollectForAllocation (G1 Evacuation Pause) done
Event: 2613.343 Executing VM operation: G1PauseRemark
Event: 2613.667 Executing VM operation: G1PauseRemark done
Event: 2613.772 Executing VM operation: G1PauseCleanup
Event: 2613.774 Executing VM operation: G1PauseCleanup done

Memory protections (0 events):
No events

Nmethod flushes (20 events):
Event: 2613.634 Thread 0x000001ac5072f2d0 flushing  nmethod 0x000001ac3d34a008
Event: 2613.634 Thread 0x000001ac5072f2d0 flushing osr nmethod 0x000001ac44324508
Event: 2613.634 Thread 0x000001ac5072f2d0 flushing  nmethod 0x000001ac4442cf08
Event: 2613.634 Thread 0x000001ac5072f2d0 flushing  nmethod 0x000001ac444d4f88
Event: 2613.635 Thread 0x000001ac5072f2d0 flushing  nmethod 0x000001ac3c84d608
Event: 2613.635 Thread 0x000001ac5072f2d0 flushing  nmethod 0x000001ac3c84e888
Event: 2613.636 Thread 0x000001ac5072f2d0 flushing  nmethod 0x000001ac3c870c08
Event: 2613.636 Thread 0x000001ac5072f2d0 flushing  nmethod 0x000001ac3c8e1008
Event: 2613.636 Thread 0x000001ac5072f2d0 flushing  nmethod 0x000001ac3cc1ce88
Event: 2613.636 Thread 0x000001ac5072f2d0 flushing  nmethod 0x000001ac3cf97708
Event: 2613.636 Thread 0x000001ac5072f2d0 flushing  nmethod 0x000001ac3d0da288
Event: 2613.636 Thread 0x000001ac5072f2d0 flushing  nmethod 0x000001ac3d276a88
Event: 2613.636 Thread 0x000001ac5072f2d0 flushing  nmethod 0x000001ac3c783d08
Event: 2613.636 Thread 0x000001ac5072f2d0 flushing  nmethod 0x000001ac3d279608
Event: 2613.636 Thread 0x000001ac5072f2d0 flushing  nmethod 0x000001ac3d2fcc08
Event: 2613.636 Thread 0x000001ac5072f2d0 flushing  nmethod 0x000001ac3c7c4988
Event: 2613.637 Thread 0x000001ac5072f2d0 flushing  nmethod 0x000001ac3cab5e88
Event: 2613.637 Thread 0x000001ac5072f2d0 flushing  nmethod 0x000001ac3cc3bc88
Event: 2613.638 Thread 0x000001ac5072f2d0 flushing  nmethod 0x000001ac3cf2d108
Event: 2613.638 Thread 0x000001ac5072f2d0 flushing  nmethod 0x000001ac3cf2d408

Events (20 events):
Event: 1568.403 Thread 0x000001ac9b9ec850 Thread exited: 0x000001ac9b9ec850
Event: 1568.456 Thread 0x000001ac9afa3620 Thread exited: 0x000001ac9afa3620
Event: 1590.695 Thread 0x000001ac9a9a69e0 Thread added: 0x000001ac9b9ec850
Event: 1590.699 Thread 0x000001ac9b9ec850 Thread added: 0x000001ac9afa4c10
Event: 1595.707 Thread 0x000001ac9b9ec850 Thread exited: 0x000001ac9b9ec850
Event: 1595.768 Thread 0x000001ac9afa4c10 Thread exited: 0x000001ac9afa4c10
Event: 1677.053 Thread 0x000001ac9a9a69e0 Thread added: 0x000001ac9b9ec850
Event: 1677.057 Thread 0x000001ac9b9ec850 Thread added: 0x000001ac9afa44c0
Event: 1682.073 Thread 0x000001ac9b9ec850 Thread exited: 0x000001ac9b9ec850
Event: 1682.152 Thread 0x000001ac9afa44c0 Thread exited: 0x000001ac9afa44c0
Event: 1711.126 Thread 0x000001ac9a9a69e0 Thread added: 0x000001ac9b9ec850
Event: 1711.131 Thread 0x000001ac9b9ec850 Thread added: 0x000001ac9afa44c0
Event: 1716.133 Thread 0x000001ac9b9ec850 Thread exited: 0x000001ac9b9ec850
Event: 1716.195 Thread 0x000001ac9afa44c0 Thread exited: 0x000001ac9afa44c0
Event: 1866.286 Thread 0x000001ac96eb22a0 Thread added: 0x000001ac9a802d80
Event: 1943.338 Thread 0x000001ac9b9e8680 Thread exited: 0x000001ac9b9e8680
Event: 2167.246 Thread 0x000001ac96eb22a0 Thread added: 0x000001ac9a803c20
Event: 2243.475 Thread 0x000001ac9a802d80 Thread exited: 0x000001ac9a802d80
Event: 2399.516 Thread 0x000001ac99f37510 Thread added: 0x000001ac9a802d80
Event: 2404.772 Thread 0x000001ac9a802d80 Thread exited: 0x000001ac9a802d80


Dynamic libraries:
0x00007ff736f00000 - 0x00007ff736f0e000 	C:\Users\VIET ANH\.jdks\openjdk-24.0.1\bin\java.exe
0x00007fffc9aa0000 - 0x00007fffc9d08000 	C:\WINDOWS\SYSTEM32\ntdll.dll
0x00007fffc81f0000 - 0x00007fffc82b9000 	C:\WINDOWS\System32\KERNEL32.DLL
0x00007fffc7310000 - 0x00007fffc76fd000 	C:\WINDOWS\System32\KERNELBASE.dll
0x00007fffc6d70000 - 0x00007fffc6ebb000 	C:\WINDOWS\System32\ucrtbase.dll
0x00007fffc58a0000 - 0x00007fffc58bb000 	C:\Users\VIET ANH\.jdks\openjdk-24.0.1\bin\VCRUNTIME140.dll
0x00007fffc55b0000 - 0x00007fffc55c6000 	C:\Users\VIET ANH\.jdks\openjdk-24.0.1\bin\jli.dll
0x00007fffc8f20000 - 0x00007fffc90ec000 	C:\WINDOWS\System32\USER32.dll
0x00007fffc7230000 - 0x00007fffc7257000 	C:\WINDOWS\System32\win32u.dll
0x00007fffc6070000 - 0x00007fffc630a000 	C:\WINDOWS\WinSxS\amd64_microsoft.windows.common-controls_6595b64144ccf1df_6.0.26100.4484_none_3e0e6d4ce32ef3b3\COMCTL32.dll
0x00007fffc82d0000 - 0x00007fffc82fb000 	C:\WINDOWS\System32\GDI32.dll
0x00007fffc99b0000 - 0x00007fffc9a59000 	C:\WINDOWS\System32\msvcrt.dll
0x00007fffc7700000 - 0x00007fffc7837000 	C:\WINDOWS\System32\gdi32full.dll
0x00007fffc7260000 - 0x00007fffc7303000 	C:\WINDOWS\System32\msvcp_win.dll
0x00007fffc81b0000 - 0x00007fffc81df000 	C:\WINDOWS\System32\IMM32.DLL
0x00007fffc5ab0000 - 0x00007fffc5abc000 	C:\Users\VIET ANH\.jdks\openjdk-24.0.1\bin\vcruntime140_1.dll
0x00007fffac310000 - 0x00007fffac39e000 	C:\Users\VIET ANH\.jdks\openjdk-24.0.1\bin\msvcp140.dll
0x00007fff20d60000 - 0x00007fff21b02000 	C:\Users\VIET ANH\.jdks\openjdk-24.0.1\bin\server\jvm.dll
0x00007fffc7890000 - 0x00007fffc7944000 	C:\WINDOWS\System32\ADVAPI32.dll
0x00007fffc9260000 - 0x00007fffc9306000 	C:\WINDOWS\System32\sechost.dll
0x00007fffc9310000 - 0x00007fffc9428000 	C:\WINDOWS\System32\RPCRT4.dll
0x00007fffc7e50000 - 0x00007fffc7ec4000 	C:\WINDOWS\System32\WS2_32.dll
0x00007fffc6470000 - 0x00007fffc64ce000 	C:\WINDOWS\SYSTEM32\POWRPROF.dll
0x00007fffc47d0000 - 0x00007fffc47db000 	C:\WINDOWS\SYSTEM32\VERSION.dll
0x00007fffbb780000 - 0x00007fffbb7b5000 	C:\WINDOWS\SYSTEM32\WINMM.dll
0x00007fffc6310000 - 0x00007fffc6324000 	C:\WINDOWS\SYSTEM32\UMPDC.dll
0x00007fffc5c00000 - 0x00007fffc5c1b000 	C:\WINDOWS\SYSTEM32\kernel.appcore.dll
0x00007fffc5530000 - 0x00007fffc553a000 	C:\Users\VIET ANH\.jdks\openjdk-24.0.1\bin\jimage.dll
0x00007fffc6500000 - 0x00007fffc6741000 	C:\WINDOWS\SYSTEM32\DBGHELP.DLL
0x00007fffc7ac0000 - 0x00007fffc7e46000 	C:\WINDOWS\System32\combase.dll
0x00007fffc8360000 - 0x00007fffc8440000 	C:\WINDOWS\System32\OLEAUT32.dll
0x00007fffc6330000 - 0x00007fffc6373000 	C:\WINDOWS\SYSTEM32\dbgcore.DLL
0x00007fffc70d0000 - 0x00007fffc7169000 	C:\WINDOWS\System32\bcryptPrimitives.dll
0x00007fffaf360000 - 0x00007fffaf36f000 	C:\Users\VIET ANH\.jdks\openjdk-24.0.1\bin\instrument.dll
0x00007fffb1840000 - 0x00007fffb185e000 	C:\Users\VIET ANH\.jdks\openjdk-24.0.1\bin\java.dll
0x00007fffc8460000 - 0x00007fffc85fe000 	C:\WINDOWS\System32\ole32.dll
0x00007fffc8710000 - 0x00007fffc8e5a000 	C:\WINDOWS\System32\SHELL32.dll
0x00007fffc6bf0000 - 0x00007fffc6d64000 	C:\WINDOWS\System32\wintypes.dll
0x00007fffc3820000 - 0x00007fffc407b000 	C:\WINDOWS\SYSTEM32\windows.storage.dll
0x00007fffc8610000 - 0x00007fffc8705000 	C:\WINDOWS\System32\SHCORE.dll
0x00007fffc91f0000 - 0x00007fffc925a000 	C:\WINDOWS\System32\shlwapi.dll
0x00007fffc6b00000 - 0x00007fffc6b2f000 	C:\WINDOWS\SYSTEM32\profapi.dll
0x00007fff82990000 - 0x00007fff82a67000 	C:\Users\VIET ANH\.jdks\openjdk-24.0.1\bin\jsvml.dll
0x00007fffb0790000 - 0x00007fffb07a7000 	C:\Users\VIET ANH\.jdks\openjdk-24.0.1\bin\zip.dll
0x00007fffc2950000 - 0x00007fffc2960000 	C:\Users\VIET ANH\.jdks\openjdk-24.0.1\bin\net.dll
0x00007fffc4f90000 - 0x00007fffc4ffa000 	C:\WINDOWS\system32\mswsock.dll
0x00007fffb0870000 - 0x00007fffb0886000 	C:\Users\VIET ANH\.jdks\openjdk-24.0.1\bin\nio.dll
0x00007fffaf100000 - 0x00007fffaf109000 	C:\Users\VIET ANH\.jdks\openjdk-24.0.1\bin\extnet.dll
0x00007fffc4510000 - 0x00007fffc4636000 	C:\WINDOWS\SYSTEM32\DNSAPI.dll
0x00007fffc44d0000 - 0x00007fffc4503000 	C:\WINDOWS\SYSTEM32\IPHLPAPI.DLL
0x00007fffc8f10000 - 0x00007fffc8f1a000 	C:\WINDOWS\System32\NSI.dll
0x00007fffbaf80000 - 0x00007fffbaf8b000 	C:\Windows\System32\rasadhlp.dll
0x00007fffbf260000 - 0x00007fffbf2e6000 	C:\WINDOWS\System32\fwpuclnt.dll
0x00007fffaf0f0000 - 0x00007fffaf0fa000 	C:\Users\VIET ANH\.jdks\openjdk-24.0.1\bin\management.dll
0x00007fffaf0e0000 - 0x00007fffaf0eb000 	C:\Users\VIET ANH\.jdks\openjdk-24.0.1\bin\management_ext.dll
0x00007fffc9980000 - 0x00007fffc9988000 	C:\WINDOWS\System32\PSAPI.DLL
0x00007fffc64e0000 - 0x00007fffc64fb000 	C:\WINDOWS\SYSTEM32\CRYPTSP.dll
0x00007fffc49a0000 - 0x00007fffc49db000 	C:\WINDOWS\system32\rsaenh.dll
0x00007fffc5030000 - 0x00007fffc505b000 	C:\WINDOWS\SYSTEM32\USERENV.dll
0x00007fffc6ad0000 - 0x00007fffc6af6000 	C:\WINDOWS\SYSTEM32\bcrypt.dll
0x00007fffc5bf0000 - 0x00007fffc5bfc000 	C:\WINDOWS\SYSTEM32\CRYPTBASE.dll
0x00007fffb1fc0000 - 0x00007fffb1fd8000 	C:\WINDOWS\system32\napinsp.dll
0x00007fffb1fa0000 - 0x00007fffb1fb2000 	C:\WINDOWS\System32\winrnr.dll
0x00007fff457f0000 - 0x00007fff45820000 	C:\WINDOWS\system32\nlansp_c.dll
0x00007fffb00d0000 - 0x00007fffb00f0000 	C:\WINDOWS\system32\wshbth.dll
0x00007fffa8160000 - 0x00007fffa81ae000 	C:\WINDOWS\SYSTEM32\pdh.dll
0x00007fffc5b30000 - 0x00007fffc5b42000 	C:\WINDOWS\System32\perfproc.dll
0x00007fffb0780000 - 0x00007fffb078e000 	C:\Users\VIET ANH\.jdks\openjdk-24.0.1\bin\sunmscapi.dll
0x00007fffc6ec0000 - 0x00007fffc7037000 	C:\WINDOWS\System32\CRYPT32.dll
0x00007fffc5cc0000 - 0x00007fffc5cf0000 	C:\WINDOWS\SYSTEM32\ncrypt.dll
0x00007fffc5ba0000 - 0x00007fffc5bdf000 	C:\WINDOWS\SYSTEM32\NTASN1.dll
0x00007fffac880000 - 0x00007fffac890000 	C:\Users\VIET ANH\.jdks\openjdk-24.0.1\bin\verify.dll
0x00007fffa76d0000 - 0x00007fffa76d8000 	C:\WINDOWS\system32\wshunix.dll

JVMTI agents:
C:\Program Files\JetBrains\IntelliJ IDEA 2025.1.2\lib\idea_rt.jar path:C:\Users\VIET ANH\.jdks\openjdk-24.0.1\bin\instrument.dll, loaded, initialized, instrumentlib options:58199

dbghelp: loaded successfully - version: 4.0.5 - missing functions: none
symbol engine: initialized successfully - sym options: 0x614 - pdb path: .;C:\Users\VIET ANH\.jdks\openjdk-24.0.1\bin;C:\WINDOWS\SYSTEM32;C:\WINDOWS\WinSxS\amd64_microsoft.windows.common-controls_6595b64144ccf1df_6.0.26100.4484_none_3e0e6d4ce32ef3b3;C:\Users\VIET ANH\.jdks\openjdk-24.0.1\bin\server

VM Arguments:
jvm_args: -javaagent:C:\Program Files\JetBrains\IntelliJ IDEA 2025.1.2\lib\idea_rt.jar=58199 -Dfile.encoding=UTF-8 -Dsun.stdout.encoding=UTF-8 -Dsun.stderr.encoding=UTF-8 
java_command: develop.circlek.CirclekApplication
java_class_path (initial): C:\Users\VIET ANH\OneDrive\Máy tính\Spring Boot\rs-management4\target\classes;C:\Users\VIET ANH\.m2\repository\org\springframework\boot\spring-boot-starter-data-jpa\3.5.3\spring-boot-starter-data-jpa-3.5.3.jar;C:\Users\VIET ANH\.m2\repository\org\springframework\boot\spring-boot-starter\3.5.3\spring-boot-starter-3.5.3.jar;C:\Users\VIET ANH\.m2\repository\org\springframework\boot\spring-boot\3.5.3\spring-boot-3.5.3.jar;C:\Users\VIET ANH\.m2\repository\org\springframework\boot\spring-boot-autoconfigure\3.5.3\spring-boot-autoconfigure-3.5.3.jar;C:\Users\VIET ANH\.m2\repository\org\springframework\boot\spring-boot-starter-logging\3.5.3\spring-boot-starter-logging-3.5.3.jar;C:\Users\VIET ANH\.m2\repository\ch\qos\logback\logback-classic\1.5.18\logback-classic-1.5.18.jar;C:\Users\VIET ANH\.m2\repository\ch\qos\logback\logback-core\1.5.18\logback-core-1.5.18.jar;C:\Users\VIET ANH\.m2\repository\org\apache\logging\log4j\log4j-to-slf4j\2.24.3\log4j-to-slf4j-2.24.3.jar;C:\Users\VIET ANH\.m2\repository\org\apache\logging\log4j\log4j-api\2.24.3\log4j-api-2.24.3.jar;C:\Users\VIET ANH\.m2\repository\org\slf4j\jul-to-slf4j\2.0.17\jul-to-slf4j-2.0.17.jar;C:\Users\VIET ANH\.m2\repository\jakarta\annotation\jakarta.annotation-api\2.1.1\jakarta.annotation-api-2.1.1.jar;C:\Users\VIET ANH\.m2\repository\org\yaml\snakeyaml\2.4\snakeyaml-2.4.jar;C:\Users\VIET ANH\.m2\repository\org\springframework\boot\spring-boot-starter-jdbc\3.5.3\spring-boot-starter-jdbc-3.5.3.jar;C:\Users\VIET ANH\.m2\repository\com\zaxxer\HikariCP\6.3.0\HikariCP-6.3.0.jar;C:\Users\VIET ANH\.m2\repository\org\springframework\spring-jdbc\6.2.8\spring-jdbc-6.2.8.jar;C:\Users\VIET ANH\.m2\repository\org\hibernate\orm\hibernate-core\6.6.18.Final\hibernate-core-6.6.18.Final.jar;C:\Users\VIET ANH\.m2\repository\jakarta\persistence\jakarta.persistence-api\3.1.0\jakarta.persistence-api-3.1.0.jar;C:\Users\VIET ANH\.m2\repository\jakarta\transaction\jakarta.transaction-api\2.0.1\jakarta.transaction-api-2.0.1.jar;C:\Users\VIET ANH\.m2\repository\org\jboss\logging\jboss-logging\3.6.1.Final\jboss-logging-3.6.1.Final.jar;C:\Users\VIET ANH\.m2\repository\org\hibernate\common\hibernate-commons-annotations\7.0.3.Final\hibernate-commons-annotations-7.0.3.Final.jar;C:\Users\VIET ANH\.m2\repository\io\smallrye\jandex\3.2.0\jandex-3.2.0.jar;C:\Users\VIET ANH\.m2\repository\com\fasterxml\classmate\1.7.0\classmate-1.7.0.jar;C:\Users\VIET ANH\.m2\repository\net\bytebuddy\byte-buddy\1.17.6\byte-buddy-1.17.6.jar;C:\Users\VIET ANH\.m2\repository\org\glassfish\jaxb\jaxb-runtime\4.0.5\jaxb-runtime-4.0.5.jar;C:\Users\VIET ANH\.m2\repository\org\glassfish\jaxb\jaxb-core\4.0.5\jaxb-core-4.0.5.jar;C:\Users\VIET ANH\.m2\repository\org\eclipse\angus\angus-activation\2.0.2\angus-activation-2.0.2.jar;C:\Users\VIET ANH\.m2\repository\org\glassfish\jaxb\txw2\4.0.5\txw2-4.0.5.jar;C:\Users\VIET ANH\.m2\repository\com\sun\istack\istack-commons-runtime\4.1.2\istack-commons-runtime-4.1.2.jar;C:\Users\VIET ANH\.m2\repository\jakarta\inject\jakarta.inject-api\2.0.1\jakarta.inject-api-2.0.1.jar;C:\Users\VIET ANH\.m2\repository\org\antlr\antlr4-runtime\4.13.0\antlr4-runtime-4.13.0.jar;C:\Users\VIET ANH\.m2\repository\org\springframework\data\spring-data-jpa\3.5.1\spring-data-jpa-3.5.1.jar;C:\Users\VIET ANH\.m2\repository\org\springframework\data\spring-data-commons\3.5.1\spring-data-commons-3.5.1.jar;C:\Users\VIET ANH\.m2\repository\org\springframework\spring-orm\6.2.8\spring-orm-6.2.8.jar;C:\Users\VIET ANH\.m2\repository\org\springframework\spring-context\6.2.8\spring-context-6.2.8.jar;C:\Users\VIET ANH\.m2\repository\org\springframework\spring-tx\6.2.8\spring-tx-6.2.8.jar;C:\Users\VIET ANH\.m2\repository\org\springframework\spring-beans\6.2.8\spring-beans-6.2.8.jar;C:\Users\VIET ANH\.m2\repository\org\slf4j\slf4j-api\2.0.17\slf4j-api-2.0.17.jar;C:\Users\VIET ANH\.m2\repository\org\springframework\spring-aspects\6.2.8\spring-aspects-6.2.8.jar;C:\Users\VIET ANH\.m2\repository\org\aspectj\aspectjweaver\1.9.24\aspectjweaver-1.9.24.jar;C:\Users\VIET ANH\.m2\repository\org\springframework\boot\spring-boot-starter-validation\3.5.3\spring-boot-starter-validation-3.5.3.jar;C:\Users\VIET ANH\.m2\repository\org\apache\tomcat\embed\tomcat-embed-el\10.1.42\tomcat-embed-el-10.1.42.jar;C:\Users\VIET ANH\.m2\repository\org\hibernate\validator\hibernate-validator\8.0.2.Final\hibernate-validator-8.0.2.Final.jar;C:\Users\VIET ANH\.m2\repository\jakarta\validation\jakarta.validation-api\3.0.2\jakarta.validation-api-3.0.2.jar;C:\Users\VIET ANH\.m2\repository\org\springframework\boot\spring-boot-starter-web\3.5.3\spring-boot-starter-web-3.5.3.jar;C:\Users\VIET ANH\.m2\repository\org\springframework\boot\spring-boot-starter-json\3.5.3\spring-boot-starter-json-3.5.3.jar;C:\Users\VIET ANH\.m2\repository\com\fasterxml\jackson\datatype\jackson-datatype-jdk8\2.19.1\jackson-datatype-jdk8-2.19.1.jar;C:\Users\VIET ANH\.m2\repository\com\fasterxml\jackson\datatype\jackson-datatype-jsr310\2.19.1\jackson-datatype-jsr310-2.19.1.jar;C:\Users\VIET ANH\.m2\repository\com\fasterxml\jackson\module\jackson-module-parameter-names\2.19.1\jackson-module-parameter-names-2.19.1.jar;C:\Users\VIET ANH\.m2\repository\org\springframework\boot\spring-boot-starter-tomcat\3.5.3\spring-boot-starter-tomcat-3.5.3.jar;C:\Users\VIET ANH\.m2\repository\org\apache\tomcat\embed\tomcat-embed-core\10.1.42\tomcat-embed-core-10.1.42.jar;C:\Users\VIET ANH\.m2\repository\org\apache\tomcat\embed\tomcat-embed-websocket\10.1.42\tomcat-embed-websocket-10.1.42.jar;C:\Users\VIET ANH\.m2\repository\org\springframework\spring-web\6.2.8\spring-web-6.2.8.jar;C:\Users\VIET ANH\.m2\repository\io\micrometer\micrometer-observation\1.15.1\micrometer-observation-1.15.1.jar;C:\Users\VIET ANH\.m2\repository\io\micrometer\micrometer-commons\1.15.1\micrometer-commons-1.15.1.jar;C:\Users\VIET ANH\.m2\repository\org\springframework\spring-webmvc\6.2.8\spring-webmvc-6.2.8.jar;C:\Users\VIET ANH\.m2\repository\org\springframework\spring-expression\6.2.8\spring-expression-6.2.8.jar;C:\Users\VIET ANH\.m2\repository\org\mapstruct\mapstruct\1.5.5.Final\mapstruct-1.5.5.Final.jar;C:\Users\VIET ANH\.m2\repository\org\projectlombok\lombok-mapstruct-binding\0.2.0\lombok-mapstruct-binding-0.2.0.jar;C:\Users\VIET ANH\.m2\repository\com\mysql\mysql-connector-j\8.0.33\mysql-connector-j-8.0.33.jar;C:\Users\VIET ANH\.m2\repository\org\projectlombok\lombok\1.18.38\lombok-1.18.38.jar;C:\Users\VIET ANH\.m2\repository\jakarta\xml\bind\jakarta.xml.bind-api\4.0.2\jakarta.xml.bind-api-4.0.2.jar;C:\Users\VIET ANH\.m2\repository\jakarta\activation\jakarta.activation-api\2.1.3\jakarta.activation-api-2.1.3.jar;C:\Users\VIET ANH\.m2\repository\org\springframework\spring-core\6.2.8\spring-core-6.2.8.jar;C:\Users\VIET ANH\.m2\repository\org\springframework\spring-jcl\6.2.8\spring-jcl-6.2.8.jar;C:\Users\VIET ANH\.m2\repository\org\springframework\boot\spring-boot-starter-security\3.5.3\spring-boot-starter-security-3.5.3.jar;C:\Users\VIET ANH\.m2\repository\org\springframework\spring-aop\6.2.8\spring-aop-6.2.8.jar;C:\Users\VIET ANH\.m2\repository\org\springframework\security\spring-security-config\6.5.1\spring-security-config-6.5.1.jar;C:\Users\VIET ANH\.m2\repository\org\springframework\security\spring-security-web\6.5.1\spring-security-web-6.5.1.jar;C:\Users\VIET ANH\.m2\repository\org\springframework\boot\spring-boot-starter-oauth2-resource-server\3.5.3\spring-boot-starter-oauth2-resource-server-3.5.3.jar;C:\Users\VIET ANH\.m2\repository\org\springframework\security\spring-security-core\6.5.1\spring-security-core-6.5.1.jar;C:\Users\VIET ANH\.m2\repository\org\springframework\security\spring-security-crypto\6.5.1\spring-security-crypto-6.5.1.jar;C:\Users\VIET ANH\.m2\repository\org\springframework\security\spring-security-oauth2-resource-server\6.5.1\spring-security-oauth2-resource-server-6.5.1.jar;C:\Users\VIET ANH\.m2\repository\org\springframework\security\spring-security-oauth2-core\6.5.1\spring-security-oauth2-core-6.5.1.jar;C:\Users\VIET ANH\.m2\repository\org\springframework\security\spring-security-oauth2-jose\6.5.1\spring-security-oauth2-jose-6.5.1.jar;C:\Users\VIET ANH\.m2\repository\com\nimbusds\nimbus-jose-jwt\9.37.3\nimbus-jose-jwt-9.37.3.jar;C:\Users\VIET ANH\.m2\repository\com\github\stephenc\jcip\jcip-annotations\1.0-1\jcip-annotations-1.0-1.jar;C:\Users\VIET ANH\.m2\repository\io\jsonwebtoken\jjwt-api\0.11.5\jjwt-api-0.11.5.jar;C:\Users\VIET ANH\.m2\repository\io\jsonwebtoken\jjwt-impl\0.11.5\jjwt-impl-0.11.5.jar;C:\Users\VIET ANH\.m2\repository\io\jsonwebtoken\jjwt-jackson\0.11.5\jjwt-jackson-0.11.5.jar;C:\Users\VIET ANH\.m2\repository\com\fasterxml\jackson\core\jackson-databind\2.19.1\jackson-databind-2.19.1.jar;C:\Users\VIET ANH\.m2\repository\com\fasterxml\jackson\core\jackson-annotations\2.19.1\jackson-annotations-2.19.1.jar;C:\Users\VIET ANH\.m2\repository\com\fasterxml\jackson\core\jackson-core\2.19.1\jackson-core-2.19.1.jar;C:\Users\VIET ANH\.m2\repository\com\querydsl\querydsl-jpa\5.0.0\querydsl-jpa-5.0.0-jakarta.jar;C:\Users\VIET ANH\.m2\repository\com\querydsl\querydsl-core\5.0.0\querydsl-core-5.0.0.jar;C:\Users\VIET ANH\.m2\repository\com\mysema\commons\mysema-commons-lang\0.2.4\mysema-commons-lang-0.2.4.jar
Launcher Type: SUN_STANDARD

[Global flags]
     intx CICompilerCount                          = 4                                         {product} {ergonomic}
     uint ConcGCThreads                            = 2                                         {product} {ergonomic}
     uint G1ConcRefinementThreads                  = 8                                         {product} {ergonomic}
   size_t G1HeapRegionSize                         = 1048576                                   {product} {ergonomic}
   size_t InitialHeapSize                          = 132120576                                 {product} {ergonomic}
   size_t MarkStackSize                            = 4194304                                   {product} {ergonomic}
   size_t MarkStackSizeMax                         = 536870912                                 {product} {ergonomic}
   size_t MaxHeapSize                              = 2090860544                                {product} {ergonomic}
   size_t MaxNewSize                               = 1254096896                                {product} {ergonomic}
   size_t MinHeapDeltaBytes                        = 1048576                                   {product} {ergonomic}
   size_t MinHeapSize                              = 8388608                                   {product} {ergonomic}
    uintx NonNMethodCodeHeapSize                   = 5832704                                {pd product} {ergonomic}
    uintx NonProfiledCodeHeapSize                  = 122945536                              {pd product} {ergonomic}
    uintx ProfiledCodeHeapSize                     = 122880000                              {pd product} {ergonomic}
    uintx ReservedCodeCacheSize                    = 251658240                              {pd product} {ergonomic}
     bool SegmentedCodeCache                       = true                                      {product} {ergonomic}
   size_t SoftMaxHeapSize                          = 2090860544                             {manageable} {ergonomic}
     bool UseCompressedOops                        = true                           {product lp64_product} {ergonomic}
     bool UseG1GC                                  = true                                      {product} {ergonomic}
     bool UseLargePagesIndividualAllocation        = false                                  {pd product} {ergonomic}

Logging:
Log output configuration:
 #0: stdout all=warning uptime,level,tags foldmultilines=false
 #1: stderr all=off uptime,level,tags foldmultilines=false

Environment Variables:
PATH=C:\gurobi1201\win64\bin;C:\Program Files\Microsoft MPI\Bin\;C:\Program Files\Common Files\Oracle\Java\javapath;C:\Windows\system32;C:\Windows;C:\Windows\System32\Wbem;C:\Windows\System32\WindowsPowerShell\v1.0\;C:\Windows\System32\OpenSSH\;C:\Program Files (x86)\NVIDIA Corporation\PhysX\Common;C:\Program Files\NVIDIA Corporation\NVIDIA NvDLISR;C:\WINDOWS\system32;C:\WINDOWS;C:\WINDOWS\System32\Wbem;C:\WINDOWS\System32\WindowsPowerShell\v1.0\;C:\WINDOWS\System32\OpenSSH\;C:\Program Files (x86)\Microsoft SQL Server\160\Tools\Binn\;C:\Program Files\Microsoft SQL Server\160\Tools\Binn\;C:\Program Files\Microsoft SQL Server\Client SDK\ODBC\170\Tools\Binn\;C:\Program Files\Microsoft SQL Server\160\DTS\Binn\;C:\Program Files\Cloudflare\Cloudflare WARP\;C:\Program Files\Git\cmd;C:\Program Files\Docker\Docker\resources\bin;C:\Program Files\nodejs\;C:\Python39\Scripts\;C:\Python39\;C:\Users\VIET ANH\AppData\Local\Microsoft\WindowsApps;C:\MinGW\bin;C:\Users\VIET ANH\AppData\Local\Programs\Microsoft VS Code\bin;C:\Users\VIET ANH\OneDrive\Máy tính\Java\IntelliJ IDEA 2024.3.2.2\bin;;C:\Program Files\JetBrains\IntelliJ IDEA Community Edition 2024.3.2.2\bin;;C:\Users\VIET ANH\AppData\Roaming\npm
USERNAME=VIET ANH
OS=Windows_NT
PROCESSOR_IDENTIFIER=Intel64 Family 6 Model 140 Stepping 2, GenuineIntel
TMP=C:\Users\VIETAN~1\AppData\Local\Temp
TEMP=C:\Users\VIETAN~1\AppData\Local\Temp




Periodic native trim disabled

---------------  S Y S T E M  ---------------

OS:
 Windows 11 , 64 bit Build 26100 (10.0.26100.4484)
OS uptime: 15 days 17:11 hours
Hyper-V role detected

CPU: total 8 (initial active 8) (4 cores per cpu, 2 threads per core) family 6 model 140 stepping 2 microcode 0x26, cx8, cmov, fxsr, ht, mmx, 3dnowpref, sse, sse2, sse3, ssse3, sse4.1, sse4.2, popcnt, lzcnt, tsc, tscinvbit, avx, avx2, aes, erms, clmul, bmi1, bmi2, adx, avx512f, avx512dq, avx512cd, avx512bw, avx512vl, sha, fma, vzeroupper, avx512_vpopcntdq, avx512_vpclmulqdq, avx512_vaes, avx512_vnni, clflush, clflushopt, clwb, avx512_vbmi2, avx512_vbmi, hv, rdtscp, rdpid, fsrm, gfni, avx512_bitalg, f16c, cet_ibt, cet_ss, avx512_ifma
Processor Information for the first 8 processors :
  Max Mhz: 3187, Current Mhz: 3187, Mhz Limit: 3187

Memory: 4k page, system-wide physical 7975M (539M free)
TotalPageFile size 32551M (AvailPageFile size 0M)
current process WorkingSet (physical memory assigned to process): 230M, peak: 442M
current process commit charge ("private bytes"): 482M, peak: 507M

vm_info: OpenJDK 64-Bit Server VM (24.0.1+9-30) for windows-amd64 JRE (24.0.1+9-30), built on 2025-03-05T07:23:45Z with MS VC++ 17.6 (VS2022)

END.
