#
# There is insufficient memory for the Java Runtime Environment to continue.
# Native memory allocation (malloc) failed to allocate 9334224 bytes. Error detail: Chunk::new
# Possible reasons:
#   The system is out of physical RAM or swap space
#   This process is running with CompressedOops enabled, and the Java Heap may be blocking the growth of the native heap
# Possible solutions:
#   Reduce memory load on the system
#   Increase physical memory or swap space
#   Check if swap backing store is full
#   Decrease Java heap size (-Xmx/-Xms)
#   Decrease number of Java threads
#   Decrease Java thread stack sizes (-Xss)
#   Set larger code cache with -XX:ReservedCodeCacheSize=
#   JVM is running with Unscaled Compressed Oops mode in which the Java heap is
#     placed in the first 4GB address space. The Java Heap base address is the
#     maximum limit for the native heap growth. Please use -XX:HeapBaseMinAddress
#     to set the Java Heap base and to place the Java Heap above 4GB virtual address.
# This output file may be truncated or incomplete.
#
#  Out of Memory Error (arena.cpp:162), pid=12724, tid=14852
#
# JRE version: OpenJDK Runtime Environment (24.0.1+9) (build 24.0.1+9-30)
# Java VM: OpenJDK 64-Bit Server VM (24.0.1+9-30, mixed mode, sharing, tiered, compressed oops, compressed class ptrs, g1 gc, windows-amd64)
# No core dump will be written. Minidumps are not enabled by default on client versions of Windows
#

---------------  S U M M A R Y ------------

Command Line: -javaagent:C:\Program Files\JetBrains\IntelliJ IDEA 2025.1.2\lib\idea_rt.jar=51274 -Dfile.encoding=UTF-8 -Dsun.stdout.encoding=UTF-8 -Dsun.stderr.encoding=UTF-8 develop.circlek.CirclekApplication

Host: 11th Gen Intel(R) Core(TM) i5-11320H @ 3.20GHz, 8 cores, 7G,  Windows 11 , 64 bit Build 26100 (10.0.26100.4484)
Time: Sun Aug  3 22:58:59 2025 SE Asia Standard Time elapsed time: 11.152135 seconds (0d 0h 0m 11s)

---------------  T H R E A D  ---------------

Current thread (0x000001a37ebe4170):  JavaThread "C2 CompilerThread0" daemon [_thread_in_native, id=14852, stack(0x0000006afb900000,0x0000006afba00000) (1024K)]


Current CompileTask:
C2:11152 6040       4       sun.util.locale.BaseLocale::getInstance (160 bytes)

Stack: [0x0000006afb900000,0x0000006afba00000]
Native frames: (J=compiled Java code, j=interpreted, Vv=VM code, C=native code)
V  [jvm.dll+0x730739]  (no source info available)
V  [jvm.dll+0x8d9b23]  (no source info available)
V  [jvm.dll+0x8dc00d]  (no source info available)
V  [jvm.dll+0x8dc683]  (no source info available)
V  [jvm.dll+0x2aa086]  (no source info available)
V  [jvm.dll+0xcedef]  (no source info available)
V  [jvm.dll+0xcf04f]  (no source info available)
V  [jvm.dll+0x154d83]  (no source info available)
V  [jvm.dll+0x735f5f]  (no source info available)
V  [jvm.dll+0x26fa1c]  (no source info available)
V  [jvm.dll+0x26ea3f]  (no source info available)
V  [jvm.dll+0x1e9d60]  (no source info available)
V  [jvm.dll+0x27e1fb]  (no source info available)
V  [jvm.dll+0x27c49a]  (no source info available)
V  [jvm.dll+0x42f456]  (no source info available)
V  [jvm.dll+0x87d76b]  (no source info available)
V  [jvm.dll+0x72ee55]  (no source info available)
C  [ucrtbase.dll+0x37b0]  (no source info available)
C  [KERNEL32.DLL+0x2e8d7]  (no source info available)
C  [ntdll.dll+0x3c34c]  (no source info available)

Lock stack of current Java thread (top to bottom):


---------------  P R O C E S S  ---------------

Threads class SMR info:
_java_thread_list=0x000001a34b67db70, length=23, elements={
0x000001a361a10af0, 0x000001a37ebd9cd0, 0x000001a37ebdb180, 0x000001a37ebdec80,
0x000001a37ebe19e0, 0x000001a37ebe2600, 0x000001a37ebe3220, 0x000001a37ebe4170,
0x000001a37ebf4230, 0x000001a347229150, 0x000001a3475e5670, 0x000001a3475e80b0,
0x000001a347f60240, 0x000001a347f05010, 0x000001a347f068d0, 0x000001a34800b1d0,
0x000001a34a57d0e0, 0x000001a34a57baf0, 0x000001a34a57d830, 0x000001a34a57e6d0,
0x000001a34a582ff0, 0x000001a34a57fcc0, 0x000001a3472597f0
}

Java Threads: ( => current thread )
  0x000001a361a10af0 JavaThread "main"                              [_thread_in_vm, id=17100, stack(0x0000006afab00000,0x0000006afac00000) (1024K)]
  0x000001a37ebd9cd0 JavaThread "Reference Handler"          daemon [_thread_blocked, id=29980, stack(0x0000006afb300000,0x0000006afb400000) (1024K)]
  0x000001a37ebdb180 JavaThread "Finalizer"                  daemon [_thread_blocked, id=10952, stack(0x0000006afb400000,0x0000006afb500000) (1024K)]
  0x000001a37ebdec80 JavaThread "Signal Dispatcher"          daemon [_thread_blocked, id=28508, stack(0x0000006afb500000,0x0000006afb600000) (1024K)]
  0x000001a37ebe19e0 JavaThread "Attach Listener"            daemon [_thread_blocked, id=19900, stack(0x0000006afb600000,0x0000006afb700000) (1024K)]
  0x000001a37ebe2600 JavaThread "Service Thread"             daemon [_thread_blocked, id=16732, stack(0x0000006afb700000,0x0000006afb800000) (1024K)]
  0x000001a37ebe3220 JavaThread "Monitor Deflation Thread"   daemon [_thread_blocked, id=14932, stack(0x0000006afb800000,0x0000006afb900000) (1024K)]
=>0x000001a37ebe4170 JavaThread "C2 CompilerThread0"         daemon [_thread_in_native, id=14852, stack(0x0000006afb900000,0x0000006afba00000) (1024K)]
  0x000001a37ebf4230 JavaThread "C1 CompilerThread0"         daemon [_thread_blocked, id=11956, stack(0x0000006afba00000,0x0000006afbb00000) (1024K)]
  0x000001a347229150 JavaThread "Common-Cleaner"             daemon [_thread_blocked, id=29140, stack(0x0000006afbb00000,0x0000006afbc00000) (1024K)]
  0x000001a3475e5670 JavaThread "Monitor Ctrl-Break"         daemon [_thread_in_native, id=2712, stack(0x0000006afbd00000,0x0000006afbe00000) (1024K)]
  0x000001a3475e80b0 JavaThread "Notification Thread"        daemon [_thread_blocked, id=29948, stack(0x0000006afbe00000,0x0000006afbf00000) (1024K)]
  0x000001a347f60240 JavaThread "RMI TCP Accept-0"           daemon [_thread_in_native, id=27088, stack(0x0000006afbf00000,0x0000006afc000000) (1024K)]
  0x000001a347f05010 JavaThread "RMI TCP Connection(1)-192.168.1.9" daemon [_thread_in_native, id=28244, stack(0x0000006afc000000,0x0000006afc100000) (1024K)]
  0x000001a347f068d0 JavaThread "RMI Scheduler(0)"           daemon [_thread_blocked, id=12184, stack(0x0000006afc100000,0x0000006afc200000) (1024K)]
  0x000001a34800b1d0 JavaThread "JMX server connection timeout 31" daemon [_thread_blocked, id=15816, stack(0x0000006afc200000,0x0000006afc300000) (1024K)]
  0x000001a34a57d0e0 JavaThread "Catalina-utility-1"                [_thread_blocked, id=11112, stack(0x0000006afc300000,0x0000006afc400000) (1024K)]
  0x000001a34a57baf0 JavaThread "Catalina-utility-2"                [_thread_blocked, id=3884, stack(0x0000006afcc00000,0x0000006afcd00000) (1024K)]
  0x000001a34a57d830 JavaThread "container-0"                       [_thread_blocked, id=6252, stack(0x0000006afcd00000,0x0000006afce00000) (1024K)]
  0x000001a34a57e6d0 JavaThread "mysql-cj-abandoned-connection-cleanup" daemon [_thread_blocked, id=18368, stack(0x0000006afce00000,0x0000006afcf00000) (1024K)]
  0x000001a34a582ff0 JavaThread "HikariPool-1:housekeeper"   daemon [_thread_blocked, id=6800, stack(0x0000006afd000000,0x0000006afd100000) (1024K)]
  0x000001a34a57fcc0 JavaThread "HikariPool-1:connection-adder" daemon [_thread_in_native, id=8184, stack(0x0000006afd100000,0x0000006afd200000) (1024K)]
  0x000001a3472597f0 JavaThread "C2 CompilerThread1"         daemon [_thread_in_native, id=25976, stack(0x0000006afbc00000,0x0000006afbd00000) (1024K)]
Total: 23

Other Threads:
  0x000001a37ebc9700 VMThread "VM Thread"                           [id=11292, stack(0x0000006afb200000,0x0000006afb300000) (1024K)]
  0x000001a37ebb9a00 WatcherThread "VM Periodic Task Thread"        [id=13852, stack(0x0000006afb100000,0x0000006afb200000) (1024K)]
  0x000001a363d7f0a0 WorkerThread "GC Thread#0"                     [id=1836, stack(0x0000006afac00000,0x0000006afad00000) (1024K)]
  0x000001a3481eab70 WorkerThread "GC Thread#1"                     [id=15524, stack(0x0000006afc400000,0x0000006afc500000) (1024K)]
  0x000001a347f2f290 WorkerThread "GC Thread#2"                     [id=30472, stack(0x0000006afc500000,0x0000006afc600000) (1024K)]
  0x000001a3483eb5d0 WorkerThread "GC Thread#3"                     [id=3996, stack(0x0000006afc600000,0x0000006afc700000) (1024K)]
  0x000001a3483eb980 WorkerThread "GC Thread#4"                     [id=13440, stack(0x0000006afc700000,0x0000006afc800000) (1024K)]
  0x000001a3483ec840 WorkerThread "GC Thread#5"                     [id=11268, stack(0x0000006afc800000,0x0000006afc900000) (1024K)]
  0x000001a3483ec0e0 WorkerThread "GC Thread#6"                     [id=12832, stack(0x0000006afc900000,0x0000006afca00000) (1024K)]
  0x000001a3483ecfa0 WorkerThread "GC Thread#7"                     [id=6288, stack(0x0000006afca00000,0x0000006afcb00000) (1024K)]
  0x000001a363d93880 ConcurrentGCThread "G1 Main Marker"            [id=6948, stack(0x0000006afad00000,0x0000006afae00000) (1024K)]
  0x000001a363d94390 WorkerThread "G1 Conc#0"                       [id=15704, stack(0x0000006afae00000,0x0000006afaf00000) (1024K)]
  0x000001a348588220 WorkerThread "G1 Conc#1"                       [id=6464, stack(0x0000006afcb00000,0x0000006afcc00000) (1024K)]
  0x000001a37ea76590 ConcurrentGCThread "G1 Refine#0"               [id=27392, stack(0x0000006afaf00000,0x0000006afb000000) (1024K)]
  0x000001a37ea77020 ConcurrentGCThread "G1 Service"                [id=24028, stack(0x0000006afb000000,0x0000006afb100000) (1024K)]
Total: 15

Threads with active compile tasks:
C2 CompilerThread0  11239 6040       4       sun.util.locale.BaseLocale::getInstance (160 bytes)
C2 CompilerThread1  11239 6051       4       jdk.internal.classfile.impl.StackCounter::<init> (2420 bytes)
Total: 2

VM state: not at safepoint (normal execution)

VM Mutex/Monitor currently owned by a thread: None

Heap address: 0x0000000083600000, size: 1994 MB, Compressed Oops mode: 32-bit

CDS archive(s) mapped at: [0x000001a302000000-0x000001a302d40000-0x000001a302d40000), size 13893632, SharedBaseAddress: 0x000001a302000000, ArchiveRelocationMode: 1.
Compressed class space mapped at: 0x000001a303000000-0x000001a343000000, reserved size: 1073741824
UseCompressedClassPointers 1, UseCompactObjectHeaders 0
Narrow klass pointer bits 32, Max shift 3
Narrow klass base: 0x000001a302000000, Narrow klass shift: 0
Encoding Range: [0x000001a302000000 - 0x000001a402000000), (4294967296 bytes)
Klass Range:    [0x000001a302000000 - 0x000001a343000000), (1090519040 bytes)
Klass ID Range:  [8 - 1090519033) (1090519025)

GC Precious Log:
 CardTable entry size: 512
 Card Set container configuration: InlinePtr #cards 5 size 8 Array Of Cards #cards 10 size 36 Howl #buckets 4 coarsen threshold 1843 Howl Bitmap #cards 512 size 80 coarsen threshold 460 Card regions per heap region 1 cards per card region 2048
 CPUs: 8 total, 8 available
 Memory: 7975M
 Large Page Support: Disabled
 NUMA Support: Disabled
 Compressed Oops: Enabled (32-bit)
 Heap Region Size: 1M
 Heap Min Capacity: 8M
 Heap Initial Capacity: 126M
 Heap Max Capacity: 1994M
 Pre-touch: Disabled
 Parallel Workers: 8
 Concurrent Workers: 2
 Concurrent Refinement Workers: 8
 Periodic GC: Disabled

Heap:
 garbage-first heap   total reserved 2041856K, committed 55296K, used 30820K [0x0000000083600000, 0x0000000100000000)
  region size 1024K, 5 young (5120K), 3 survivors (3072K)
 Metaspace       used 54573K, committed 55104K, reserved 1114112K
  class space    used 5660K, committed 5888K, reserved 1048576K

Heap Regions: E=young(eden), S=young(survivor), O=old, HS=humongous(starts), HC=humongous(continues), CS=collection set, F=free, TAMS=top-at-mark-start, PB=parsable bottom
|   0|0x0000000083600000, 0x0000000083700000, 0x0000000083700000|100%|HS|  |TAMS 0x0000000083600000| PB 0x0000000083600000| Complete |  0
|   1|0x0000000083700000, 0x0000000083800000, 0x0000000083800000|100%|HS|  |TAMS 0x0000000083700000| PB 0x0000000083700000| Complete |  0
|   2|0x0000000083800000, 0x0000000083900000, 0x0000000083900000|100%| O|  |TAMS 0x0000000083800000| PB 0x0000000083800000| Untracked |  0
|   3|0x0000000083900000, 0x0000000083a00000, 0x0000000083a00000|100%| O|  |TAMS 0x0000000083900000| PB 0x0000000083900000| Untracked |  0
|   4|0x0000000083a00000, 0x0000000083b00000, 0x0000000083b00000|100%| O|  |TAMS 0x0000000083a00000| PB 0x0000000083a00000| Untracked |  0
|   5|0x0000000083b00000, 0x0000000083c00000, 0x0000000083c00000|100%| O|  |TAMS 0x0000000083b00000| PB 0x0000000083b00000| Untracked |  0
|   6|0x0000000083c00000, 0x0000000083d00000, 0x0000000083d00000|100%| O|  |TAMS 0x0000000083c00000| PB 0x0000000083c00000| Untracked |  0
|   7|0x0000000083d00000, 0x0000000083e00000, 0x0000000083e00000|100%| O|  |TAMS 0x0000000083d00000| PB 0x0000000083d00000| Untracked |  0
|   8|0x0000000083e00000, 0x0000000083f00000, 0x0000000083f00000|100%| O|  |TAMS 0x0000000083e00000| PB 0x0000000083e00000| Untracked |  0
|   9|0x0000000083f00000, 0x0000000084000000, 0x0000000084000000|100%| O|  |TAMS 0x0000000083f00000| PB 0x0000000083f00000| Untracked |  0
|  10|0x0000000084000000, 0x0000000084019370, 0x0000000084100000|  9%| O|  |TAMS 0x0000000084000000| PB 0x0000000084000000| Untracked |  0
|  11|0x0000000084100000, 0x0000000084200000, 0x0000000084200000|100%| O|  |TAMS 0x0000000084100000| PB 0x0000000084100000| Untracked |  0
|  12|0x0000000084200000, 0x0000000084300000, 0x0000000084300000|100%| O|  |TAMS 0x0000000084200000| PB 0x0000000084200000| Untracked |  0
|  13|0x0000000084300000, 0x0000000084400000, 0x0000000084400000|100%| O|  |TAMS 0x0000000084300000| PB 0x0000000084300000| Untracked |  0
|  14|0x0000000084400000, 0x0000000084500000, 0x0000000084500000|100%| O|  |TAMS 0x0000000084400000| PB 0x0000000084400000| Untracked |  0
|  15|0x0000000084500000, 0x0000000084600000, 0x0000000084600000|100%| O|  |TAMS 0x0000000084500000| PB 0x0000000084500000| Untracked |  0
|  16|0x0000000084600000, 0x0000000084700000, 0x0000000084700000|100%| O|  |TAMS 0x0000000084600000| PB 0x0000000084600000| Untracked |  0
|  17|0x0000000084700000, 0x0000000084800000, 0x0000000084800000|100%| O|Cm|TAMS 0x0000000084700000| PB 0x0000000084700000| Complete |  0
|  18|0x0000000084800000, 0x0000000084900000, 0x0000000084900000|100%| O|  |TAMS 0x0000000084800000| PB 0x0000000084800000| Untracked |  0
|  19|0x0000000084900000, 0x0000000084a00000, 0x0000000084a00000|100%| O|  |TAMS 0x0000000084900000| PB 0x0000000084900000| Untracked |  0
|  20|0x0000000084a00000, 0x0000000084b00000, 0x0000000084b00000|100%| O|  |TAMS 0x0000000084a00000| PB 0x0000000084a00000| Untracked |  0
|  21|0x0000000084b00000, 0x0000000084c00000, 0x0000000084c00000|100%| O|  |TAMS 0x0000000084b00000| PB 0x0000000084b00000| Untracked |  0
|  22|0x0000000084c00000, 0x0000000084d00000, 0x0000000084d00000|100%| O|  |TAMS 0x0000000084c00000| PB 0x0000000084c00000| Untracked |  0
|  23|0x0000000084d00000, 0x0000000084e00000, 0x0000000084e00000|100%| O|  |TAMS 0x0000000084d00000| PB 0x0000000084d00000| Untracked |  0
|  24|0x0000000084e00000, 0x0000000084f00000, 0x0000000084f00000|100%| O|  |TAMS 0x0000000084e00000| PB 0x0000000084e00000| Untracked |  0
|  25|0x0000000084f00000, 0x0000000085000000, 0x0000000085000000|100%| O|  |TAMS 0x0000000084f00000| PB 0x0000000084f00000| Untracked |  0
|  26|0x0000000085000000, 0x0000000085000000, 0x0000000085100000|  0%| F|  |TAMS 0x0000000085000000| PB 0x0000000085000000| Untracked |  0
|  27|0x0000000085100000, 0x0000000085100000, 0x0000000085200000|  0%| F|  |TAMS 0x0000000085100000| PB 0x0000000085100000| Untracked |  0
|  28|0x0000000085200000, 0x0000000085300000, 0x0000000085300000|100%| S|CS|TAMS 0x0000000085200000| PB 0x0000000085200000| Complete |  0
|  29|0x0000000085300000, 0x0000000085400000, 0x0000000085400000|100%| S|CS|TAMS 0x0000000085300000| PB 0x0000000085300000| Complete |  0
|  30|0x0000000085400000, 0x0000000085500000, 0x0000000085500000|100%| S|CS|TAMS 0x0000000085400000| PB 0x0000000085400000| Complete |  0
|  31|0x0000000085500000, 0x0000000085500000, 0x0000000085600000|  0%| F|  |TAMS 0x0000000085500000| PB 0x0000000085500000| Untracked |  0
|  32|0x0000000085600000, 0x0000000085600000, 0x0000000085700000|  0%| F|  |TAMS 0x0000000085600000| PB 0x0000000085600000| Untracked |  0
|  33|0x0000000085700000, 0x0000000085700000, 0x0000000085800000|  0%| F|  |TAMS 0x0000000085700000| PB 0x0000000085700000| Untracked |  0
|  34|0x0000000085800000, 0x0000000085800000, 0x0000000085900000|  0%| F|  |TAMS 0x0000000085800000| PB 0x0000000085800000| Untracked |  0
|  35|0x0000000085900000, 0x0000000085900000, 0x0000000085a00000|  0%| F|  |TAMS 0x0000000085900000| PB 0x0000000085900000| Untracked |  0
|  36|0x0000000085a00000, 0x0000000085a00000, 0x0000000085b00000|  0%| F|  |TAMS 0x0000000085a00000| PB 0x0000000085a00000| Untracked |  0
|  37|0x0000000085b00000, 0x0000000085b00000, 0x0000000085c00000|  0%| F|  |TAMS 0x0000000085b00000| PB 0x0000000085b00000| Untracked |  0
|  38|0x0000000085c00000, 0x0000000085c00000, 0x0000000085d00000|  0%| F|  |TAMS 0x0000000085c00000| PB 0x0000000085c00000| Untracked |  0
|  39|0x0000000085d00000, 0x0000000085d00000, 0x0000000085e00000|  0%| F|  |TAMS 0x0000000085d00000| PB 0x0000000085d00000| Untracked |  0
|  40|0x0000000085e00000, 0x0000000085e00000, 0x0000000085f00000|  0%| F|  |TAMS 0x0000000085e00000| PB 0x0000000085e00000| Untracked |  0
|  41|0x0000000085f00000, 0x0000000085f00000, 0x0000000086000000|  0%| F|  |TAMS 0x0000000085f00000| PB 0x0000000085f00000| Untracked |  0
|  42|0x0000000086000000, 0x0000000086000000, 0x0000000086100000|  0%| F|  |TAMS 0x0000000086000000| PB 0x0000000086000000| Untracked |  0
|  43|0x0000000086100000, 0x0000000086100000, 0x0000000086200000|  0%| F|  |TAMS 0x0000000086100000| PB 0x0000000086100000| Untracked |  0
|  44|0x0000000086200000, 0x0000000086200000, 0x0000000086300000|  0%| F|  |TAMS 0x0000000086200000| PB 0x0000000086200000| Untracked |  0
|  45|0x0000000086300000, 0x0000000086300000, 0x0000000086400000|  0%| F|  |TAMS 0x0000000086300000| PB 0x0000000086300000| Untracked |  0
|  46|0x0000000086400000, 0x0000000086400000, 0x0000000086500000|  0%| F|  |TAMS 0x0000000086400000| PB 0x0000000086400000| Untracked |  0
|  94|0x0000000089400000, 0x0000000089400000, 0x0000000089500000|  0%| F|  |TAMS 0x0000000089400000| PB 0x0000000089400000| Untracked |  0
|  95|0x0000000089500000, 0x0000000089500000, 0x0000000089600000|  0%| F|  |TAMS 0x0000000089500000| PB 0x0000000089500000| Untracked |  0
|  96|0x0000000089600000, 0x0000000089600000, 0x0000000089700000|  0%| F|  |TAMS 0x0000000089600000| PB 0x0000000089600000| Untracked |  0
| 124|0x000000008b200000, 0x000000008b200000, 0x000000008b300000|  0%| F|  |TAMS 0x000000008b200000| PB 0x000000008b200000| Untracked |  0
| 125|0x000000008b300000, 0x000000008b378768, 0x000000008b400000| 47%| E|  |TAMS 0x000000008b300000| PB 0x000000008b300000| Complete |  0
|1992|0x00000000ffe00000, 0x00000000fff00000, 0x00000000fff00000|100%| O|  |TAMS 0x00000000ffe00000| PB 0x00000000ffe00000| Untracked |  0
|1993|0x00000000fff00000, 0x0000000100000000, 0x0000000100000000|100%| E|CS|TAMS 0x00000000fff00000| PB 0x00000000fff00000| Complete |  0

Card table byte_map: [0x000001a37bdf0000,0x000001a37c1e0000] _byte_map_base: 0x000001a37b9d5000

Marking Bits: (CMBitMap*) 0x000001a363d7f7b0
 Bits: [0x000001a37c1e0000, 0x000001a37e108000)

Polling page: 0x000001a361be0000

Metaspace:

Usage:
  Non-class:     47.79 MB used.
      Class:      5.53 MB used.
       Both:     53.32 MB used.

Virtual space:
  Non-class space:       64.00 MB reserved,      48.06 MB ( 75%) committed,  1 nodes.
      Class space:        1.00 GB reserved,       5.75 MB ( <1%) committed,  1 nodes.
             Both:        1.06 GB reserved,      53.81 MB (  5%) committed. 

Chunk freelists:
   Non-Class:  15.84 MB
       Class:  10.28 MB
        Both:  26.12 MB

MaxMetaspaceSize: unlimited
CompressedClassSpaceSize: 1.00 GB
Initial GC threshold: 21.00 MB
Current GC threshold: 89.50 MB
CDS: on
 - commit_granule_bytes: 65536.
 - commit_granule_words: 8192.
 - virtual_space_node_default_size: 8388608.
 - enlarge_chunks_in_place: 1.
UseCompressedClassPointers 1, UseCompactObjectHeaders 0
Narrow klass pointer bits 32, Max shift 3
Narrow klass base: 0x000001a302000000, Narrow klass shift: 0
Encoding Range: [0x000001a302000000 - 0x000001a402000000), (4294967296 bytes)
Klass Range:    [0x000001a302000000 - 0x000001a343000000), (1090519040 bytes)
Klass ID Range:  [8 - 1090519033) (1090519025)


Internal statistics:

num_allocs_failed_limit: 9.
num_arena_births: 592.
num_arena_deaths: 0.
num_vsnodes_births: 2.
num_vsnodes_deaths: 0.
num_space_committed: 861.
num_space_uncommitted: 0.
num_chunks_returned_to_freelist: 9.
num_chunks_taken_from_freelist: 2287.
num_chunk_merges: 9.
num_chunk_splits: 1652.
num_chunks_enlarged: 1315.
num_inconsistent_stats: 0.

CodeHeap 'non-profiled nmethods': size=120064Kb used=2560Kb max_used=2864Kb free=117503Kb
 bounds [0x000001a374080000, 0x000001a374350000, 0x000001a37b5c0000]
CodeHeap 'profiled nmethods': size=120000Kb used=8935Kb max_used=10169Kb free=111064Kb
 bounds [0x000001a36c5c0000, 0x000001a36cfb0000, 0x000001a373af0000]
CodeHeap 'non-nmethods': size=5696Kb used=1680Kb max_used=1832Kb free=4015Kb
 bounds [0x000001a373af0000, 0x000001a373d60000, 0x000001a374080000]
CodeCache: size=245760Kb, used=13175Kb, max_used=14865Kb, free=232582Kb
 total_blobs=5997, nmethods=5319, adapters=580, full_count=0
Compilation: enabled, stopped_count=0, restarted_count=0

Compilation events (20 events):
Event: 10.023 Thread 0x000001a37ebf4230 6045       3       com.mysql.cj.protocol.a.NativePacketPayload::adjustPayloadLength (20 bytes)
Event: 10.024 Thread 0x000001a37ebf4230 nmethod 6045 0x000001a36cfa3b88 code [0x000001a36cfa3ca0, 0x000001a36cfa3dd8]
Event: 10.096 Thread 0x000001a37ebf4230 6046       3       com.sun.crypto.provider.CounterMode::implCrypt (88 bytes)
Event: 10.096 Thread 0x000001a37ebf4230 nmethod 6046 0x000001a36cfa3e88 code [0x000001a36cfa3fe0, 0x000001a36cfa43d8]
Event: 10.096 Thread 0x000001a37ebf4230 6048       3       com.mysql.cj.util.LazyString::<init> (26 bytes)
Event: 10.096 Thread 0x000001a37ebf4230 nmethod 6048 0x000001a36cfa4408 code [0x000001a36cfa4520, 0x000001a36cfa4740]
Event: 10.096 Thread 0x000001a37ebf4230 6047       1       com.mysql.cj.protocol.a.NativeServerSession::getCharsetSettings (5 bytes)
Event: 10.096 Thread 0x000001a37ebf4230 nmethod 6047 0x000001a37434b408 code [0x000001a37434b500, 0x000001a37434b5c8]
Event: 10.108 Thread 0x000001a37ebf4230 6049       3       java.security.MessageDigest::isEqual (100 bytes)
Event: 10.113 Thread 0x000001a37ebf4230 nmethod 6049 0x000001a36cfa4788 code [0x000001a36cfa48c0, 0x000001a36cfa4c60]
Event: 10.121 Thread 0x000001a37ebf4230 6050       3       sun.security.util.ArrayUtil::nullAndBoundsCheck (12 bytes)
Event: 10.121 Thread 0x000001a37ebf4230 nmethod 6050 0x000001a36cfa4c88 code [0x000001a36cfa4dc0, 0x000001a36cfa4fb0]
Event: 10.164 Thread 0x000001a37ebf4230 6054       3       com.mysql.cj.conf.StringPropertyDefinition::createRuntimeProperty (9 bytes)
Event: 10.164 Thread 0x000001a37ebf4230 nmethod 6054 0x000001a36cfa5008 code [0x000001a36cfa5140, 0x000001a36cfa5348]
Event: 10.164 Thread 0x000001a37ebf4230 6055       3       com.mysql.cj.conf.StringProperty::<init> (6 bytes)
Event: 10.164 Thread 0x000001a37ebf4230 nmethod 6055 0x000001a36cfa5388 code [0x000001a36cfa54c0, 0x000001a36cfa5940]
Event: 10.164 Thread 0x000001a37ebf4230 6056       1       java.net.InetAddress::holder (5 bytes)
Event: 10.165 Thread 0x000001a37ebf4230 nmethod 6056 0x000001a37434b708 code [0x000001a37434b800, 0x000001a37434b8c8]
Event: 10.165 Thread 0x000001a37ebf4230 6057       3       java.text.MessageFormat::subformat (580 bytes)
Event: 11.149 Thread 0x000001a37ebf4230 nmethod 6057 0x000001a36cfa5a08 code [0x000001a36cfa5f80, 0x000001a36cfa98a8]

GC Heap History (18 events):
Event: 2.320 GC heap before
{Heap before GC invocations=0 (full 0):
 garbage-first heap   total reserved 2041856K, committed 131072K, used 50288K [0x0000000083600000, 0x0000000100000000)
  region size 1024K, 47 young (48128K), 0 survivors (0K)
 Metaspace       used 12927K, committed 13248K, reserved 1114112K
  class space    used 1355K, committed 1472K, reserved 1048576K
}
Event: 2.333 GC heap after
{Heap after GC invocations=1 (full 0):
 garbage-first heap   total reserved 2041856K, committed 131072K, used 11632K [0x0000000083600000, 0x0000000100000000)
  region size 1024K, 6 young (6144K), 6 survivors (6144K)
 Metaspace       used 12927K, committed 13248K, reserved 1114112K
  class space    used 1355K, committed 1472K, reserved 1048576K
}
Event: 3.075 GC heap before
{Heap before GC invocations=1 (full 0):
 garbage-first heap   total reserved 2041856K, committed 131072K, used 40304K [0x0000000083600000, 0x0000000100000000)
  region size 1024K, 35 young (35840K), 6 survivors (6144K)
 Metaspace       used 21204K, committed 21504K, reserved 1114112K
  class space    used 2162K, committed 2304K, reserved 1048576K
}
Event: 3.086 GC heap after
{Heap after GC invocations=2 (full 0):
 garbage-first heap   total reserved 2041856K, committed 131072K, used 14766K [0x0000000083600000, 0x0000000100000000)
  region size 1024K, 3 young (3072K), 3 survivors (3072K)
 Metaspace       used 21204K, committed 21504K, reserved 1114112K
  class space    used 2162K, committed 2304K, reserved 1048576K
}
Event: 4.268 GC heap before
{Heap before GC invocations=3 (full 0):
 garbage-first heap   total reserved 2041856K, committed 55296K, used 43438K [0x0000000083600000, 0x0000000100000000)
  region size 1024K, 32 young (32768K), 3 survivors (3072K)
 Metaspace       used 26043K, committed 26432K, reserved 1114112K
  class space    used 2634K, committed 2816K, reserved 1048576K
}
Event: 4.277 GC heap after
{Heap after GC invocations=4 (full 0):
 garbage-first heap   total reserved 2041856K, committed 55296K, used 18526K [0x0000000083600000, 0x0000000100000000)
  region size 1024K, 4 young (4096K), 4 survivors (4096K)
 Metaspace       used 26043K, committed 26432K, reserved 1114112K
  class space    used 2634K, committed 2816K, reserved 1048576K
}
Event: 5.195 GC heap before
{Heap before GC invocations=4 (full 0):
 garbage-first heap   total reserved 2041856K, committed 55296K, used 40030K [0x0000000083600000, 0x0000000100000000)
  region size 1024K, 25 young (25600K), 4 survivors (4096K)
 Metaspace       used 28705K, committed 28992K, reserved 1114112K
  class space    used 2893K, committed 3008K, reserved 1048576K
}
Event: 5.206 GC heap after
{Heap after GC invocations=5 (full 0):
 garbage-first heap   total reserved 2041856K, committed 55296K, used 20093K [0x0000000083600000, 0x0000000100000000)
  region size 1024K, 2 young (2048K), 2 survivors (2048K)
 Metaspace       used 28705K, committed 28992K, reserved 1114112K
  class space    used 2893K, committed 3008K, reserved 1048576K
}
Event: 5.985 GC heap before
{Heap before GC invocations=5 (full 0):
 garbage-first heap   total reserved 2041856K, committed 55296K, used 42621K [0x0000000083600000, 0x0000000100000000)
  region size 1024K, 24 young (24576K), 2 survivors (2048K)
 Metaspace       used 31094K, committed 31424K, reserved 1114112K
  class space    used 3153K, committed 3264K, reserved 1048576K
}
Event: 5.992 GC heap after
{Heap after GC invocations=6 (full 0):
 garbage-first heap   total reserved 2041856K, committed 55296K, used 21670K [0x0000000083600000, 0x0000000100000000)
  region size 1024K, 2 young (2048K), 2 survivors (2048K)
 Metaspace       used 31094K, committed 31424K, reserved 1114112K
  class space    used 3153K, committed 3264K, reserved 1048576K
}
Event: 6.872 GC heap before
{Heap before GC invocations=6 (full 0):
 garbage-first heap   total reserved 2041856K, committed 55296K, used 44198K [0x0000000083600000, 0x0000000100000000)
  region size 1024K, 24 young (24576K), 2 survivors (2048K)
 Metaspace       used 35572K, committed 36032K, reserved 1114112K
  class space    used 3663K, committed 3840K, reserved 1048576K
}
Event: 6.881 GC heap after
{Heap after GC invocations=7 (full 0):
 garbage-first heap   total reserved 2041856K, committed 55296K, used 23827K [0x0000000083600000, 0x0000000100000000)
  region size 1024K, 3 young (3072K), 3 survivors (3072K)
 Metaspace       used 35572K, committed 36032K, reserved 1114112K
  class space    used 3663K, committed 3840K, reserved 1048576K
}
Event: 7.051 GC heap before
{Heap before GC invocations=7 (full 0):
 garbage-first heap   total reserved 2041856K, committed 55296K, used 29971K [0x0000000083600000, 0x0000000100000000)
  region size 1024K, 10 young (10240K), 3 survivors (3072K)
 Metaspace       used 36338K, committed 36800K, reserved 1114112K
  class space    used 3752K, committed 3968K, reserved 1048576K
}
Event: 7.059 GC heap after
{Heap after GC invocations=8 (full 0):
 garbage-first heap   total reserved 2041856K, committed 55296K, used 25174K [0x0000000083600000, 0x0000000100000000)
  region size 1024K, 1 young (1024K), 1 survivors (1024K)
 Metaspace       used 36338K, committed 36800K, reserved 1114112K
  class space    used 3752K, committed 3968K, reserved 1048576K
}
Event: 7.991 GC heap before
{Heap before GC invocations=9 (full 0):
 garbage-first heap   total reserved 2041856K, committed 55296K, used 46678K [0x0000000083600000, 0x0000000100000000)
  region size 1024K, 22 young (22528K), 1 survivors (1024K)
 Metaspace       used 39818K, committed 40256K, reserved 1114112K
  class space    used 4121K, committed 4288K, reserved 1048576K
}
Event: 7.995 GC heap after
{Heap after GC invocations=10 (full 0):
 garbage-first heap   total reserved 2041856K, committed 55296K, used 26803K [0x0000000083600000, 0x0000000100000000)
  region size 1024K, 3 young (3072K), 3 survivors (3072K)
 Metaspace       used 39818K, committed 40256K, reserved 1114112K
  class space    used 4121K, committed 4288K, reserved 1048576K
}
Event: 8.872 GC heap before
{Heap before GC invocations=10 (full 0):
 garbage-first heap   total reserved 2041856K, committed 55296K, used 47283K [0x0000000083600000, 0x0000000100000000)
  region size 1024K, 23 young (23552K), 3 survivors (3072K)
 Metaspace       used 45130K, committed 45568K, reserved 1114112K
  class space    used 4704K, committed 4864K, reserved 1048576K
}
Event: 8.876 GC heap after
{Heap after GC invocations=11 (full 0):
 garbage-first heap   total reserved 2041856K, committed 55296K, used 27532K [0x0000000083600000, 0x0000000100000000)
  region size 1024K, 2 young (2048K), 2 survivors (2048K)
 Metaspace       used 45130K, committed 45568K, reserved 1114112K
  class space    used 4704K, committed 4864K, reserved 1048576K
}

Dll operation events (13 events):
Event: 0.027 Loaded shared library C:\Users\VIET ANH\.jdks\openjdk-24.0.1\bin\java.dll
Event: 0.087 Loaded shared library C:\Users\VIET ANH\.jdks\openjdk-24.0.1\bin\jsvml.dll
Event: 0.445 Loaded shared library C:\Users\VIET ANH\.jdks\openjdk-24.0.1\bin\zip.dll
Event: 0.595 Loaded shared library C:\Users\VIET ANH\.jdks\openjdk-24.0.1\bin\instrument.dll
Event: 0.625 Loaded shared library C:\Users\VIET ANH\.jdks\openjdk-24.0.1\bin\net.dll
Event: 0.629 Loaded shared library C:\Users\VIET ANH\.jdks\openjdk-24.0.1\bin\nio.dll
Event: 0.635 Loaded shared library C:\Users\VIET ANH\.jdks\openjdk-24.0.1\bin\zip.dll
Event: 0.984 Loaded shared library C:\Users\VIET ANH\.jdks\openjdk-24.0.1\bin\extnet.dll
Event: 1.038 Loaded shared library C:\Users\VIET ANH\.jdks\openjdk-24.0.1\bin\jimage.dll
Event: 1.520 Loaded shared library C:\Users\VIET ANH\.jdks\openjdk-24.0.1\bin\management.dll
Event: 1.542 Loaded shared library C:\Users\VIET ANH\.jdks\openjdk-24.0.1\bin\management_ext.dll
Event: 3.605 Loaded shared library C:\Users\VIET ANH\.jdks\openjdk-24.0.1\bin\sunmscapi.dll
Event: 8.581 Loaded shared library C:\Users\VIET ANH\.jdks\openjdk-24.0.1\bin\verify.dll

Deoptimization events (20 events):
Event: 9.888 Thread 0x000001a34a57fcc0 DEOPT PACKING pc=0x000001a3742281b0 sp=0x0000006afd1fe480
Event: 9.888 Thread 0x000001a34a57fcc0 DEOPT UNPACKING pc=0x000001a373c15f02 sp=0x0000006afd1fe3f0 mode 2
Event: 9.889 Thread 0x000001a34a57fcc0 Uncommon trap: trap_request=0xffffff4d fr.pc=0x000001a3742d69b4 relative=0x0000000000000114
Event: 9.889 Thread 0x000001a34a57fcc0 Uncommon trap: reason=unstable_if action=reinterpret pc=0x000001a3742d69b4 method=java.math.BigInteger.addOne([IIII)I @ 55 c2
Event: 9.889 Thread 0x000001a34a57fcc0 DEOPT PACKING pc=0x000001a3742d69b4 sp=0x0000006afd1fde70
Event: 9.889 Thread 0x000001a34a57fcc0 DEOPT UNPACKING pc=0x000001a373c15f02 sp=0x0000006afd1fde10 mode 2
Event: 9.892 Thread 0x000001a34a57fcc0 DEOPT PACKING pc=0x000001a36cf61ab8 sp=0x0000006afd1fe120
Event: 9.892 Thread 0x000001a34a57fcc0 DEOPT UNPACKING pc=0x000001a373b46642 sp=0x0000006afd1fd550 mode 0
Event: 9.899 Thread 0x000001a34a57fcc0 DEOPT PACKING pc=0x000001a36cf61ab8 sp=0x0000006afd1fde90
Event: 9.899 Thread 0x000001a34a57fcc0 DEOPT UNPACKING pc=0x000001a373b46642 sp=0x0000006afd1fd2c0 mode 0
Event: 9.905 Thread 0x000001a34a57fcc0 DEOPT PACKING pc=0x000001a36cf61ab8 sp=0x0000006afd1fde50
Event: 9.905 Thread 0x000001a34a57fcc0 DEOPT UNPACKING pc=0x000001a373b46642 sp=0x0000006afd1fd280 mode 0
Event: 9.975 Thread 0x000001a361a10af0 Uncommon trap: trap_request=0xffffffc6 fr.pc=0x000001a3742730b4 relative=0x0000000000000ef4
Event: 9.975 Thread 0x000001a361a10af0 Uncommon trap: reason=bimorphic_or_optimized_type_check action=maybe_recompile pc=0x000001a3742730b4 method=java.util.concurrent.ConcurrentHashMap.putVal(Ljava/lang/Object;Ljava/lang/Object;Z)Ljava/lang/Object; @ 242 c2
Event: 9.975 Thread 0x000001a361a10af0 DEOPT PACKING pc=0x000001a3742730b4 sp=0x0000006afabfe410
Event: 9.975 Thread 0x000001a361a10af0 DEOPT UNPACKING pc=0x000001a373c15f02 sp=0x0000006afabfe380 mode 2
Event: 10.003 Thread 0x000001a361a10af0 Uncommon trap: trap_request=0xffffffc6 fr.pc=0x000001a374273160 relative=0x0000000000000fa0
Event: 10.003 Thread 0x000001a361a10af0 Uncommon trap: reason=bimorphic_or_optimized_type_check action=maybe_recompile pc=0x000001a374273160 method=java.util.concurrent.ConcurrentHashMap.putVal(Ljava/lang/Object;Ljava/lang/Object;Z)Ljava/lang/Object; @ 159 c2
Event: 10.003 Thread 0x000001a361a10af0 DEOPT PACKING pc=0x000001a374273160 sp=0x0000006afabfe580
Event: 10.003 Thread 0x000001a361a10af0 DEOPT UNPACKING pc=0x000001a373c15f02 sp=0x0000006afabfe500 mode 2

Classes loaded (20 events):
Event: 9.690 Loading class sun/security/util/MemoryCache$QueueCacheEntry
Event: 9.691 Loading class sun/security/util/MemoryCache$QueueCacheEntry done
Event: 9.692 Loading class java/util/Collections$CopiesList
Event: 9.692 Loading class java/util/Collections$CopiesList done
Event: 9.766 Loading class java/util/concurrent/ThreadPoolExecutor$CallerRunsPolicy
Event: 9.766 Loading class java/util/concurrent/ThreadPoolExecutor$CallerRunsPolicy done
Event: 9.768 Loading class java/util/concurrent/atomic/AtomicReferenceFieldUpdater
Event: 9.768 Loading class java/util/concurrent/atomic/AtomicReferenceFieldUpdater done
Event: 9.768 Loading class java/util/concurrent/atomic/AtomicReferenceFieldUpdater$AtomicReferenceFieldUpdaterImpl
Event: 9.768 Loading class java/util/concurrent/atomic/AtomicReferenceFieldUpdater$AtomicReferenceFieldUpdaterImpl done
Event: 9.785 Loading class java/util/TimerTask
Event: 9.785 Loading class java/util/TimerTask done
Event: 9.908 Loading class java/security/CodeSigner
Event: 9.909 Loading class java/security/CodeSigner done
Event: 9.913 Loading class java/util/regex/Pattern$1MatcherIterator
Event: 9.913 Loading class java/util/regex/Pattern$1MatcherIterator done
Event: 9.939 Loading class java/io/CharArrayWriter
Event: 9.939 Loading class java/io/CharArrayWriter done
Event: 9.961 Loading class jdk/internal/reflect/MethodHandleIntegerFieldAccessorImpl
Event: 9.961 Loading class jdk/internal/reflect/MethodHandleIntegerFieldAccessorImpl done

Classes unloaded (0 events):
No events

Classes redefined (0 events):
No events

Internal exceptions (20 events):
Event: 7.243 Thread 0x000001a361a10af0 Exception <a 'java/lang/NoSuchMethodError'{0x000000008b2c8010}: 'int java.lang.invoke.DelegatingMethodHandle$Holder.reinvoke_L(java.lang.Object, java.lang.Object, java.lang.Object, java.lang.Object)'> (0x000000008b2c8010) 
thrown [s\open\src\hotspot\share\interpreter\linkResolver.cpp, line 805]
Event: 7.308 Thread 0x000001a361a10af0 Exception <a 'java/io/FileNotFoundException'{0x00000000896f3288}> (0x00000000896f3288) 
thrown [s\open\src\hotspot\share\prims\jni.cpp, line 518]
Event: 7.351 Thread 0x000001a361a10af0 Exception <a 'java/io/IOException'{0x0000000089419648}> (0x0000000089419648) 
thrown [s\open\src\hotspot\share\prims\jni.cpp, line 518]
Event: 7.352 Thread 0x000001a361a10af0 Exception <a 'java/io/IOException'{0x0000000089419d78}> (0x0000000089419d78) 
thrown [s\open\src\hotspot\share\prims\jni.cpp, line 518]
Event: 7.352 Thread 0x000001a361a10af0 Exception <a 'java/io/IOException'{0x000000008941a488}> (0x000000008941a488) 
thrown [s\open\src\hotspot\share\prims\jni.cpp, line 518]
Event: 7.391 Thread 0x000001a361a10af0 Exception <a 'java/io/IOException'{0x0000000089492f20}> (0x0000000089492f20) 
thrown [s\open\src\hotspot\share\prims\jni.cpp, line 518]
Event: 7.393 Thread 0x000001a361a10af0 Exception <a 'java/io/IOException'{0x0000000089496a88}> (0x0000000089496a88) 
thrown [s\open\src\hotspot\share\prims\jni.cpp, line 518]
Event: 7.393 Thread 0x000001a361a10af0 Exception <a 'java/io/IOException'{0x0000000089497568}> (0x0000000089497568) 
thrown [s\open\src\hotspot\share\prims\jni.cpp, line 518]
Event: 7.419 Thread 0x000001a361a10af0 Exception <a 'java/lang/NoSuchMethodError'{0x000000008642c498}: 'int java.lang.invoke.DirectMethodHandle$Holder.invokeInterface(java.lang.Object, java.lang.Object, java.lang.Object, java.lang.Object)'> (0x000000008642c498) 
thrown [s\open\src\hotspot\share\interpreter\linkResolver.cpp, line 805]
Event: 7.468 Thread 0x000001a361a10af0 Exception <a 'java/lang/NoSuchMethodError'{0x00000000862d07f8}: 'void java.lang.invoke.Invokers$Holder.invokeExact_MT(java.lang.Object, java.lang.Object, java.lang.Object, java.lang.Object)'> (0x00000000862d07f8) 
thrown [s\open\src\hotspot\share\interpreter\linkResolver.cpp, line 805]
Event: 7.600 Thread 0x000001a361a10af0 Exception <a 'java/lang/NoSuchMethodError'{0x0000000085e04980}: 'void java.lang.invoke.DirectMethodHandle$Holder.invokeVirtual(java.lang.Object, java.lang.Object, long)'> (0x0000000085e04980) 
thrown [s\open\src\hotspot\share\interpreter\linkResolver.cpp, line 805]
Event: 7.733 Thread 0x000001a361a10af0 Exception <a 'java/lang/NoSuchMethodError'{0x0000000085bb23d0}: 'java.lang.Object java.lang.invoke.DirectMethodHandle$Holder.newInvokeSpecial(java.lang.Object, java.lang.Object, java.lang.Object, java.lang.Object, java.lang.Object, java.lang.Object, java.lang.Object, java.lang.Object, java.lang.Object, java.lang.Object, java.lang.Object, java.lang.Object)'> (0x0000000085bb23d0) 
thrown [s\open\src\hotspot\share\interpreter\linkResolver.cpp, line 805]
Event: 7.953 Thread 0x000001a361a10af0 Exception <a 'java/lang/NoSuchMethodError'{0x00000000856f95b8}: 'void java.lang.invoke.DelegatingMethodHandle$Holder.reinvoke_L(java.lang.Object, java.lang.Object, java.lang.Object, java.lang.Object, int, java.lang.Object, java.lang.Object, java.lang.Object)'> (0x00000000856f95b8) 
thrown [s\open\src\hotspot\share\interpreter\linkResolver.cpp, line 805]
Event: 7.956 Thread 0x000001a361a10af0 Exception <a 'java/lang/NoSuchMethodError'{0x000000008554ddd0}: 'java.lang.Object java.lang.invoke.DirectMethodHandle$Holder.invokeStatic(java.lang.Object, java.lang.Object, java.lang.Object, java.lang.Object, java.lang.Object, java.lang.Object, java.lang.Object, java.lang.Object, java.lang.Object, java.lang.Object)'> (0x000000008554ddd0) 
thrown [s\open\src\hotspot\share\interpreter\linkResolver.cpp, line 805]
Event: 8.979 Thread 0x000001a361a10af0 Exception <a 'java/lang/NoSuchMethodError'{0x000000008b24bee8}: 'int java.lang.invoke.DirectMethodHandle$Holder.invokeStatic(java.lang.Object)'> (0x000000008b24bee8) 
thrown [s\open\src\hotspot\share\interpreter\linkResolver.cpp, line 805]
Event: 8.994 Thread 0x000001a361a10af0 Implicit null exception at 0x000001a374097f91 to 0x000001a374098540
Event: 9.311 Thread 0x000001a361a10af0 Exception <a 'sun/nio/fs/WindowsException'{0x00000000861d8058}> (0x00000000861d8058) 
thrown [s\open\src\hotspot\share\prims\jni.cpp, line 518]
Event: 9.691 Thread 0x000001a361a10af0 Exception <a 'java/lang/NoSuchMethodError'{0x0000000085e00680}: 'java.lang.Object java.lang.invoke.Invokers$Holder.invoke_MT(java.lang.Object, java.lang.Object, java.lang.Object, java.lang.Object, java.lang.Object, java.lang.Object)'> (0x0000000085e00680) 
thrown [s\open\src\hotspot\share\interpreter\linkResolver.cpp, line 805]
Event: 9.940 Thread 0x000001a361a10af0 Exception <a 'java/lang/NoSuchMethodError'{0x0000000085b3a4f8}: 'java.lang.Object java.lang.invoke.DirectMethodHandle$Holder.invokeStaticInit(java.lang.Object, java.lang.Object, java.lang.Object, java.lang.Object)'> (0x0000000085b3a4f8) 
thrown [s\open\src\hotspot\share\interpreter\linkResolver.cpp, line 805]
Event: 9.962 Thread 0x000001a361a10af0 Exception <a 'java/lang/NoSuchMethodError'{0x0000000085bf3118}: 'int java.lang.invoke.Invokers$Holder.invokeExact_MT(java.lang.Object, java.lang.Object)'> (0x0000000085bf3118) 
thrown [s\open\src\hotspot\share\interpreter\linkResolver.cpp, line 805]

VM Operations (20 events):
Event: 7.704 Executing VM operation: HandshakeAllThreads (Deoptimize)
Event: 7.723 Executing VM operation: HandshakeAllThreads (Deoptimize) done
Event: 7.745 Executing VM operation: HandshakeAllThreads (Deoptimize)
Event: 7.746 Executing VM operation: HandshakeAllThreads (Deoptimize) done
Event: 7.991 Executing VM operation: G1CollectForAllocation (G1 Evacuation Pause)
Event: 7.995 Executing VM operation: G1CollectForAllocation (G1 Evacuation Pause) done
Event: 8.074 Executing VM operation: HandshakeAllThreads (Deoptimize)
Event: 8.074 Executing VM operation: HandshakeAllThreads (Deoptimize) done
Event: 8.872 Executing VM operation: G1CollectForAllocation (G1 Evacuation Pause)
Event: 8.876 Executing VM operation: G1CollectForAllocation (G1 Evacuation Pause) done
Event: 9.242 Executing VM operation: HandshakeAllThreads (Deoptimize)
Event: 9.242 Executing VM operation: HandshakeAllThreads (Deoptimize) done
Event: 9.287 Executing VM operation: HandshakeAllThreads (Deoptimize)
Event: 9.287 Executing VM operation: HandshakeAllThreads (Deoptimize) done
Event: 9.314 Executing VM operation: HandshakeAllThreads (Deoptimize)
Event: 9.314 Executing VM operation: HandshakeAllThreads (Deoptimize) done
Event: 9.326 Executing VM operation: HandshakeAllThreads (Deoptimize)
Event: 9.326 Executing VM operation: HandshakeAllThreads (Deoptimize) done
Event: 9.624 Executing VM operation: HandshakeAllThreads (Deoptimize)
Event: 9.624 Executing VM operation: HandshakeAllThreads (Deoptimize) done

Memory protections (0 events):
No events

Nmethod flushes (20 events):
Event: 7.082 Thread 0x000001a37ebc9700 flushing  nmethod 0x000001a36c795888
Event: 7.082 Thread 0x000001a37ebc9700 flushing  nmethod 0x000001a36c7b7f88
Event: 7.082 Thread 0x000001a37ebc9700 flushing  nmethod 0x000001a36c7b9e08
Event: 7.082 Thread 0x000001a37ebc9700 flushing  nmethod 0x000001a36c7cb208
Event: 7.082 Thread 0x000001a37ebc9700 flushing  nmethod 0x000001a36c7cf288
Event: 7.082 Thread 0x000001a37ebc9700 flushing  nmethod 0x000001a36c7d3808
Event: 7.082 Thread 0x000001a37ebc9700 flushing  nmethod 0x000001a36c7d4388
Event: 7.082 Thread 0x000001a37ebc9700 flushing  nmethod 0x000001a36c7dec08
Event: 7.082 Thread 0x000001a37ebc9700 flushing  nmethod 0x000001a36c7e3108
Event: 7.082 Thread 0x000001a37ebc9700 flushing  nmethod 0x000001a36c7e6408
Event: 7.082 Thread 0x000001a37ebc9700 flushing  nmethod 0x000001a36c7f1d88
Event: 7.082 Thread 0x000001a37ebc9700 flushing  nmethod 0x000001a36c806f08
Event: 7.082 Thread 0x000001a37ebc9700 flushing  nmethod 0x000001a36c807208
Event: 7.082 Thread 0x000001a37ebc9700 flushing  nmethod 0x000001a36c827588
Event: 7.082 Thread 0x000001a37ebc9700 flushing  nmethod 0x000001a36c828d88
Event: 7.082 Thread 0x000001a37ebc9700 flushing  nmethod 0x000001a36c829708
Event: 7.082 Thread 0x000001a37ebc9700 flushing  nmethod 0x000001a36c869008
Event: 7.082 Thread 0x000001a37ebc9700 flushing  nmethod 0x000001a36c87c608
Event: 7.082 Thread 0x000001a37ebc9700 flushing  nmethod 0x000001a36c95ab08
Event: 7.082 Thread 0x000001a37ebc9700 flushing  nmethod 0x000001a36c9b1d08

Events (20 events):
Event: 0.649 Thread 0x000001a37ebe4170 Thread added: 0x000001a3472579b0
Event: 0.965 Thread 0x000001a361a10af0 Thread added: 0x000001a3475e5670
Event: 0.965 Thread 0x000001a361a10af0 Thread added: 0x000001a3475e80b0
Event: 1.878 Thread 0x000001a37ebe19e0 Thread added: 0x000001a347f60240
Event: 1.997 Thread 0x000001a347f60240 Thread added: 0x000001a347f05010
Event: 2.032 Thread 0x000001a347f05010 Thread added: 0x000001a347f068d0
Event: 2.043 Thread 0x000001a347f05010 Thread added: 0x000001a34800b1d0
Event: 2.303 Thread 0x000001a361a10af0 Thread added: 0x000001a347e550c0
Event: 3.629 Thread 0x000001a347e550c0 Thread exited: 0x000001a347e550c0
Event: 3.717 Thread 0x000001a361a10af0 Thread added: 0x000001a347e53ad0
Event: 3.777 Thread 0x000001a347e53ad0 Thread exited: 0x000001a347e53ad0
Event: 5.931 Thread 0x000001a3472579b0 Thread exited: 0x000001a3472579b0
Event: 6.048 Thread 0x000001a37ebf4230 Thread added: 0x000001a3472597f0
Event: 7.556 Thread 0x000001a361a10af0 Thread added: 0x000001a34a57d0e0
Event: 7.561 Thread 0x000001a361a10af0 Thread added: 0x000001a34a57baf0
Event: 7.570 Thread 0x000001a361a10af0 Thread added: 0x000001a34a57d830
Event: 7.658 Thread 0x000001a361a10af0 Thread added: 0x000001a34a57e6d0
Event: 9.763 Thread 0x000001a361a10af0 Thread added: 0x000001a34a582ff0
Event: 9.870 Thread 0x000001a34a582ff0 Thread added: 0x000001a34a57fcc0
Event: 10.113 Thread 0x000001a3472597f0 Thread exited: 0x000001a3472597f0


Dynamic libraries:
0x00007ff6ea280000 - 0x00007ff6ea28e000 	C:\Users\VIET ANH\.jdks\openjdk-24.0.1\bin\java.exe
0x00007fffc9aa0000 - 0x00007fffc9d08000 	C:\WINDOWS\SYSTEM32\ntdll.dll
0x00007fffc81f0000 - 0x00007fffc82b9000 	C:\WINDOWS\System32\KERNEL32.DLL
0x00007fffc7310000 - 0x00007fffc76fd000 	C:\WINDOWS\System32\KERNELBASE.dll
0x00007fffc6d70000 - 0x00007fffc6ebb000 	C:\WINDOWS\System32\ucrtbase.dll
0x00007fffbdb00000 - 0x00007fffbdb16000 	C:\Users\VIET ANH\.jdks\openjdk-24.0.1\bin\jli.dll
0x00007fffc59c0000 - 0x00007fffc59db000 	C:\Users\VIET ANH\.jdks\openjdk-24.0.1\bin\VCRUNTIME140.dll
0x00007fffc8f20000 - 0x00007fffc90ec000 	C:\WINDOWS\System32\USER32.dll
0x00007fffc7230000 - 0x00007fffc7257000 	C:\WINDOWS\System32\win32u.dll
0x00007fffc82d0000 - 0x00007fffc82fb000 	C:\WINDOWS\System32\GDI32.dll
0x00007fffc7700000 - 0x00007fffc7837000 	C:\WINDOWS\System32\gdi32full.dll
0x00007fffc7260000 - 0x00007fffc7303000 	C:\WINDOWS\System32\msvcp_win.dll
0x00007fffc6070000 - 0x00007fffc630a000 	C:\WINDOWS\WinSxS\amd64_microsoft.windows.common-controls_6595b64144ccf1df_6.0.26100.4484_none_3e0e6d4ce32ef3b3\COMCTL32.dll
0x00007fffc99b0000 - 0x00007fffc9a59000 	C:\WINDOWS\System32\msvcrt.dll
0x00007fffc81b0000 - 0x00007fffc81df000 	C:\WINDOWS\System32\IMM32.DLL
0x00007fffc5880000 - 0x00007fffc588c000 	C:\Users\VIET ANH\.jdks\openjdk-24.0.1\bin\vcruntime140_1.dll
0x00007fffa8af0000 - 0x00007fffa8b7e000 	C:\Users\VIET ANH\.jdks\openjdk-24.0.1\bin\msvcp140.dll
0x00007fff818d0000 - 0x00007fff82672000 	C:\Users\VIET ANH\.jdks\openjdk-24.0.1\bin\server\jvm.dll
0x00007fffc7890000 - 0x00007fffc7944000 	C:\WINDOWS\System32\ADVAPI32.dll
0x00007fffc9260000 - 0x00007fffc9306000 	C:\WINDOWS\System32\sechost.dll
0x00007fffc9310000 - 0x00007fffc9428000 	C:\WINDOWS\System32\RPCRT4.dll
0x00007fffc7e50000 - 0x00007fffc7ec4000 	C:\WINDOWS\System32\WS2_32.dll
0x00007fffbb780000 - 0x00007fffbb7b5000 	C:\WINDOWS\SYSTEM32\WINMM.dll
0x00007fffc6470000 - 0x00007fffc64ce000 	C:\WINDOWS\SYSTEM32\POWRPROF.dll
0x00007fffc47d0000 - 0x00007fffc47db000 	C:\WINDOWS\SYSTEM32\VERSION.dll
0x00007fffc6310000 - 0x00007fffc6324000 	C:\WINDOWS\SYSTEM32\UMPDC.dll
0x00007fffc5c00000 - 0x00007fffc5c1b000 	C:\WINDOWS\SYSTEM32\kernel.appcore.dll
0x00007fffc5800000 - 0x00007fffc580a000 	C:\Users\VIET ANH\.jdks\openjdk-24.0.1\bin\jimage.dll
0x00007fffc6500000 - 0x00007fffc6741000 	C:\WINDOWS\SYSTEM32\DBGHELP.DLL
0x00007fffc7ac0000 - 0x00007fffc7e46000 	C:\WINDOWS\System32\combase.dll
0x00007fffc8360000 - 0x00007fffc8440000 	C:\WINDOWS\System32\OLEAUT32.dll
0x00007fffc6330000 - 0x00007fffc6373000 	C:\WINDOWS\SYSTEM32\dbgcore.DLL
0x00007fffc70d0000 - 0x00007fffc7169000 	C:\WINDOWS\System32\bcryptPrimitives.dll
0x00007fffc5450000 - 0x00007fffc545f000 	C:\Users\VIET ANH\.jdks\openjdk-24.0.1\bin\instrument.dll
0x00007fffbb6d0000 - 0x00007fffbb6ee000 	C:\Users\VIET ANH\.jdks\openjdk-24.0.1\bin\java.dll
0x00007fffc8460000 - 0x00007fffc85fe000 	C:\WINDOWS\System32\ole32.dll
0x00007fffc8710000 - 0x00007fffc8e5a000 	C:\WINDOWS\System32\SHELL32.dll
0x00007fffc6bf0000 - 0x00007fffc6d64000 	C:\WINDOWS\System32\wintypes.dll
0x00007fffc3820000 - 0x00007fffc407b000 	C:\WINDOWS\SYSTEM32\windows.storage.dll
0x00007fffc8610000 - 0x00007fffc8705000 	C:\WINDOWS\System32\SHCORE.dll
0x00007fffc91f0000 - 0x00007fffc925a000 	C:\WINDOWS\System32\shlwapi.dll
0x00007fffc6b00000 - 0x00007fffc6b2f000 	C:\WINDOWS\SYSTEM32\profapi.dll
0x00007fff95090000 - 0x00007fff95167000 	C:\Users\VIET ANH\.jdks\openjdk-24.0.1\bin\jsvml.dll
0x00007fffb1f70000 - 0x00007fffb1f87000 	C:\Users\VIET ANH\.jdks\openjdk-24.0.1\bin\zip.dll
0x00007fffc03b0000 - 0x00007fffc03c0000 	C:\Users\VIET ANH\.jdks\openjdk-24.0.1\bin\net.dll
0x00007fffc4f90000 - 0x00007fffc4ffa000 	C:\WINDOWS\system32\mswsock.dll
0x00007fffb1840000 - 0x00007fffb1856000 	C:\Users\VIET ANH\.jdks\openjdk-24.0.1\bin\nio.dll
0x00007fffb1fe0000 - 0x00007fffb1fe9000 	C:\Users\VIET ANH\.jdks\openjdk-24.0.1\bin\extnet.dll
0x00007fffc4510000 - 0x00007fffc4636000 	C:\WINDOWS\SYSTEM32\DNSAPI.dll
0x00007fffc44d0000 - 0x00007fffc4503000 	C:\WINDOWS\SYSTEM32\IPHLPAPI.DLL
0x00007fffc8f10000 - 0x00007fffc8f1a000 	C:\WINDOWS\System32\NSI.dll
0x00007fffbaf80000 - 0x00007fffbaf8b000 	C:\Windows\System32\rasadhlp.dll
0x00007fffbf260000 - 0x00007fffbf2e6000 	C:\WINDOWS\System32\fwpuclnt.dll
0x00007fffb1f40000 - 0x00007fffb1f4a000 	C:\Users\VIET ANH\.jdks\openjdk-24.0.1\bin\management.dll
0x00007fffb1380000 - 0x00007fffb138b000 	C:\Users\VIET ANH\.jdks\openjdk-24.0.1\bin\management_ext.dll
0x00007fffc9980000 - 0x00007fffc9988000 	C:\WINDOWS\System32\PSAPI.DLL
0x00007fffc64e0000 - 0x00007fffc64fb000 	C:\WINDOWS\SYSTEM32\CRYPTSP.dll
0x00007fffc49a0000 - 0x00007fffc49db000 	C:\WINDOWS\system32\rsaenh.dll
0x00007fffc5030000 - 0x00007fffc505b000 	C:\WINDOWS\SYSTEM32\USERENV.dll
0x00007fffc6ad0000 - 0x00007fffc6af6000 	C:\WINDOWS\SYSTEM32\bcrypt.dll
0x00007fffc5bf0000 - 0x00007fffc5bfc000 	C:\WINDOWS\SYSTEM32\CRYPTBASE.dll
0x00007fffb1fc0000 - 0x00007fffb1fd8000 	C:\WINDOWS\system32\napinsp.dll
0x00007fffb1fa0000 - 0x00007fffb1fb2000 	C:\WINDOWS\System32\winrnr.dll
0x00007fff457f0000 - 0x00007fff45820000 	C:\WINDOWS\system32\nlansp_c.dll
0x00007fffb00d0000 - 0x00007fffb00f0000 	C:\WINDOWS\system32\wshbth.dll
0x00007fffa8160000 - 0x00007fffa81ae000 	C:\WINDOWS\SYSTEM32\pdh.dll
0x00007fffc5b30000 - 0x00007fffc5b42000 	C:\WINDOWS\System32\perfproc.dll
0x00007fffa75c0000 - 0x00007fffa75d1000 	C:\WINDOWS\System32\perfos.dll
0x00007fffc40a0000 - 0x00007fffc40b2000 	C:\WINDOWS\SYSTEM32\pfclient.dll
0x00007fffb1370000 - 0x00007fffb137e000 	C:\Users\VIET ANH\.jdks\openjdk-24.0.1\bin\sunmscapi.dll
0x00007fffc6ec0000 - 0x00007fffc7037000 	C:\WINDOWS\System32\CRYPT32.dll
0x00007fffc5cc0000 - 0x00007fffc5cf0000 	C:\WINDOWS\SYSTEM32\ncrypt.dll
0x00007fffc5ba0000 - 0x00007fffc5bdf000 	C:\WINDOWS\SYSTEM32\NTASN1.dll
0x00007fffb0ea0000 - 0x00007fffb0eb0000 	C:\Users\VIET ANH\.jdks\openjdk-24.0.1\bin\verify.dll

JVMTI agents:
C:\Program Files\JetBrains\IntelliJ IDEA 2025.1.2\lib\idea_rt.jar path:C:\Users\VIET ANH\.jdks\openjdk-24.0.1\bin\instrument.dll, loaded, initialized, instrumentlib options:51274

dbghelp: loaded successfully - version: 4.0.5 - missing functions: none
symbol engine: initialized successfully - sym options: 0x614 - pdb path: .;C:\Users\VIET ANH\.jdks\openjdk-24.0.1\bin;C:\WINDOWS\SYSTEM32;C:\WINDOWS\WinSxS\amd64_microsoft.windows.common-controls_6595b64144ccf1df_6.0.26100.4484_none_3e0e6d4ce32ef3b3;C:\Users\VIET ANH\.jdks\openjdk-24.0.1\bin\server

VM Arguments:
jvm_args: -javaagent:C:\Program Files\JetBrains\IntelliJ IDEA 2025.1.2\lib\idea_rt.jar=51274 -Dfile.encoding=UTF-8 -Dsun.stdout.encoding=UTF-8 -Dsun.stderr.encoding=UTF-8 
java_command: develop.circlek.CirclekApplication
java_class_path (initial): C:\Users\VIET ANH\OneDrive\Máy tính\Spring Boot\rs-management4\target\classes;C:\Users\VIET ANH\.m2\repository\org\springframework\boot\spring-boot-starter-data-jpa\3.5.3\spring-boot-starter-data-jpa-3.5.3.jar;C:\Users\VIET ANH\.m2\repository\org\springframework\boot\spring-boot-starter\3.5.3\spring-boot-starter-3.5.3.jar;C:\Users\VIET ANH\.m2\repository\org\springframework\boot\spring-boot\3.5.3\spring-boot-3.5.3.jar;C:\Users\VIET ANH\.m2\repository\org\springframework\boot\spring-boot-autoconfigure\3.5.3\spring-boot-autoconfigure-3.5.3.jar;C:\Users\VIET ANH\.m2\repository\org\springframework\boot\spring-boot-starter-logging\3.5.3\spring-boot-starter-logging-3.5.3.jar;C:\Users\VIET ANH\.m2\repository\ch\qos\logback\logback-classic\1.5.18\logback-classic-1.5.18.jar;C:\Users\VIET ANH\.m2\repository\ch\qos\logback\logback-core\1.5.18\logback-core-1.5.18.jar;C:\Users\VIET ANH\.m2\repository\org\apache\logging\log4j\log4j-to-slf4j\2.24.3\log4j-to-slf4j-2.24.3.jar;C:\Users\VIET ANH\.m2\repository\org\apache\logging\log4j\log4j-api\2.24.3\log4j-api-2.24.3.jar;C:\Users\VIET ANH\.m2\repository\org\slf4j\jul-to-slf4j\2.0.17\jul-to-slf4j-2.0.17.jar;C:\Users\VIET ANH\.m2\repository\jakarta\annotation\jakarta.annotation-api\2.1.1\jakarta.annotation-api-2.1.1.jar;C:\Users\VIET ANH\.m2\repository\org\yaml\snakeyaml\2.4\snakeyaml-2.4.jar;C:\Users\VIET ANH\.m2\repository\org\springframework\boot\spring-boot-starter-jdbc\3.5.3\spring-boot-starter-jdbc-3.5.3.jar;C:\Users\VIET ANH\.m2\repository\com\zaxxer\HikariCP\6.3.0\HikariCP-6.3.0.jar;C:\Users\VIET ANH\.m2\repository\org\springframework\spring-jdbc\6.2.8\spring-jdbc-6.2.8.jar;C:\Users\VIET ANH\.m2\repository\org\hibernate\orm\hibernate-core\6.6.18.Final\hibernate-core-6.6.18.Final.jar;C:\Users\VIET ANH\.m2\repository\jakarta\persistence\jakarta.persistence-api\3.1.0\jakarta.persistence-api-3.1.0.jar;C:\Users\VIET ANH\.m2\repository\jakarta\transaction\jakarta.transaction-api\2.0.1\jakarta.transaction-api-2.0.1.jar;C:\Users\VIET ANH\.m2\repository\org\jboss\logging\jboss-logging\3.6.1.Final\jboss-logging-3.6.1.Final.jar;C:\Users\VIET ANH\.m2\repository\org\hibernate\common\hibernate-commons-annotations\7.0.3.Final\hibernate-commons-annotations-7.0.3.Final.jar;C:\Users\VIET ANH\.m2\repository\io\smallrye\jandex\3.2.0\jandex-3.2.0.jar;C:\Users\VIET ANH\.m2\repository\com\fasterxml\classmate\1.7.0\classmate-1.7.0.jar;C:\Users\VIET ANH\.m2\repository\net\bytebuddy\byte-buddy\1.17.6\byte-buddy-1.17.6.jar;C:\Users\VIET ANH\.m2\repository\org\glassfish\jaxb\jaxb-runtime\4.0.5\jaxb-runtime-4.0.5.jar;C:\Users\VIET ANH\.m2\repository\org\glassfish\jaxb\jaxb-core\4.0.5\jaxb-core-4.0.5.jar;C:\Users\VIET ANH\.m2\repository\org\eclipse\angus\angus-activation\2.0.2\angus-activation-2.0.2.jar;C:\Users\VIET ANH\.m2\repository\org\glassfish\jaxb\txw2\4.0.5\txw2-4.0.5.jar;C:\Users\VIET ANH\.m2\repository\com\sun\istack\istack-commons-runtime\4.1.2\istack-commons-runtime-4.1.2.jar;C:\Users\VIET ANH\.m2\repository\jakarta\inject\jakarta.inject-api\2.0.1\jakarta.inject-api-2.0.1.jar;C:\Users\VIET ANH\.m2\repository\org\antlr\antlr4-runtime\4.13.0\antlr4-runtime-4.13.0.jar;C:\Users\VIET ANH\.m2\repository\org\springframework\data\spring-data-jpa\3.5.1\spring-data-jpa-3.5.1.jar;C:\Users\VIET ANH\.m2\repository\org\springframework\data\spring-data-commons\3.5.1\spring-data-commons-3.5.1.jar;C:\Users\VIET ANH\.m2\repository\org\springframework\spring-orm\6.2.8\spring-orm-6.2.8.jar;C:\Users\VIET ANH\.m2\repository\org\springframework\spring-context\6.2.8\spring-context-6.2.8.jar;C:\Users\VIET ANH\.m2\repository\org\springframework\spring-tx\6.2.8\spring-tx-6.2.8.jar;C:\Users\VIET ANH\.m2\repository\org\springframework\spring-beans\6.2.8\spring-beans-6.2.8.jar;C:\Users\VIET ANH\.m2\repository\org\slf4j\slf4j-api\2.0.17\slf4j-api-2.0.17.jar;C:\Users\VIET ANH\.m2\repository\org\springframework\spring-aspects\6.2.8\spring-aspects-6.2.8.jar;C:\Users\VIET ANH\.m2\repository\org\aspectj\aspectjweaver\1.9.24\aspectjweaver-1.9.24.jar;C:\Users\VIET ANH\.m2\repository\org\springframework\boot\spring-boot-starter-validation\3.5.3\spring-boot-starter-validation-3.5.3.jar;C:\Users\VIET ANH\.m2\repository\org\apache\tomcat\embed\tomcat-embed-el\10.1.42\tomcat-embed-el-10.1.42.jar;C:\Users\VIET ANH\.m2\repository\org\hibernate\validator\hibernate-validator\8.0.2.Final\hibernate-validator-8.0.2.Final.jar;C:\Users\VIET ANH\.m2\repository\jakarta\validation\jakarta.validation-api\3.0.2\jakarta.validation-api-3.0.2.jar;C:\Users\VIET ANH\.m2\repository\org\springframework\boot\spring-boot-starter-web\3.5.3\spring-boot-starter-web-3.5.3.jar;C:\Users\VIET ANH\.m2\repository\org\springframework\boot\spring-boot-starter-json\3.5.3\spring-boot-starter-json-3.5.3.jar;C:\Users\VIET ANH\.m2\repository\com\fasterxml\jackson\datatype\jackson-datatype-jdk8\2.19.1\jackson-datatype-jdk8-2.19.1.jar;C:\Users\VIET ANH\.m2\repository\com\fasterxml\jackson\datatype\jackson-datatype-jsr310\2.19.1\jackson-datatype-jsr310-2.19.1.jar;C:\Users\VIET ANH\.m2\repository\com\fasterxml\jackson\module\jackson-module-parameter-names\2.19.1\jackson-module-parameter-names-2.19.1.jar;C:\Users\VIET ANH\.m2\repository\org\springframework\boot\spring-boot-starter-tomcat\3.5.3\spring-boot-starter-tomcat-3.5.3.jar;C:\Users\VIET ANH\.m2\repository\org\apache\tomcat\embed\tomcat-embed-core\10.1.42\tomcat-embed-core-10.1.42.jar;C:\Users\VIET ANH\.m2\repository\org\apache\tomcat\embed\tomcat-embed-websocket\10.1.42\tomcat-embed-websocket-10.1.42.jar;C:\Users\VIET ANH\.m2\repository\org\springframework\spring-web\6.2.8\spring-web-6.2.8.jar;C:\Users\VIET ANH\.m2\repository\io\micrometer\micrometer-observation\1.15.1\micrometer-observation-1.15.1.jar;C:\Users\VIET ANH\.m2\repository\io\micrometer\micrometer-commons\1.15.1\micrometer-commons-1.15.1.jar;C:\Users\VIET ANH\.m2\repository\org\springframework\spring-webmvc\6.2.8\spring-webmvc-6.2.8.jar;C:\Users\VIET ANH\.m2\repository\org\springframework\spring-expression\6.2.8\spring-expression-6.2.8.jar;C:\Users\VIET ANH\.m2\repository\org\mapstruct\mapstruct\1.5.5.Final\mapstruct-1.5.5.Final.jar;C:\Users\VIET ANH\.m2\repository\org\projectlombok\lombok-mapstruct-binding\0.2.0\lombok-mapstruct-binding-0.2.0.jar;C:\Users\VIET ANH\.m2\repository\com\mysql\mysql-connector-j\8.0.33\mysql-connector-j-8.0.33.jar;C:\Users\VIET ANH\.m2\repository\org\projectlombok\lombok\1.18.38\lombok-1.18.38.jar;C:\Users\VIET ANH\.m2\repository\jakarta\xml\bind\jakarta.xml.bind-api\4.0.2\jakarta.xml.bind-api-4.0.2.jar;C:\Users\VIET ANH\.m2\repository\jakarta\activation\jakarta.activation-api\2.1.3\jakarta.activation-api-2.1.3.jar;C:\Users\VIET ANH\.m2\repository\org\springframework\spring-core\6.2.8\spring-core-6.2.8.jar;C:\Users\VIET ANH\.m2\repository\org\springframework\spring-jcl\6.2.8\spring-jcl-6.2.8.jar;C:\Users\VIET ANH\.m2\repository\org\springframework\boot\spring-boot-starter-security\3.5.3\spring-boot-starter-security-3.5.3.jar;C:\Users\VIET ANH\.m2\repository\org\springframework\spring-aop\6.2.8\spring-aop-6.2.8.jar;C:\Users\VIET ANH\.m2\repository\org\springframework\security\spring-security-config\6.5.1\spring-security-config-6.5.1.jar;C:\Users\VIET ANH\.m2\repository\org\springframework\security\spring-security-web\6.5.1\spring-security-web-6.5.1.jar;C:\Users\VIET ANH\.m2\repository\org\springframework\boot\spring-boot-starter-oauth2-resource-server\3.5.3\spring-boot-starter-oauth2-resource-server-3.5.3.jar;C:\Users\VIET ANH\.m2\repository\org\springframework\security\spring-security-core\6.5.1\spring-security-core-6.5.1.jar;C:\Users\VIET ANH\.m2\repository\org\springframework\security\spring-security-crypto\6.5.1\spring-security-crypto-6.5.1.jar;C:\Users\VIET ANH\.m2\repository\org\springframework\security\spring-security-oauth2-resource-server\6.5.1\spring-security-oauth2-resource-server-6.5.1.jar;C:\Users\VIET ANH\.m2\repository\org\springframework\security\spring-security-oauth2-core\6.5.1\spring-security-oauth2-core-6.5.1.jar;C:\Users\VIET ANH\.m2\repository\org\springframework\security\spring-security-oauth2-jose\6.5.1\spring-security-oauth2-jose-6.5.1.jar;C:\Users\VIET ANH\.m2\repository\com\nimbusds\nimbus-jose-jwt\9.37.3\nimbus-jose-jwt-9.37.3.jar;C:\Users\VIET ANH\.m2\repository\com\github\stephenc\jcip\jcip-annotations\1.0-1\jcip-annotations-1.0-1.jar;C:\Users\VIET ANH\.m2\repository\io\jsonwebtoken\jjwt-api\0.11.5\jjwt-api-0.11.5.jar;C:\Users\VIET ANH\.m2\repository\io\jsonwebtoken\jjwt-impl\0.11.5\jjwt-impl-0.11.5.jar;C:\Users\VIET ANH\.m2\repository\io\jsonwebtoken\jjwt-jackson\0.11.5\jjwt-jackson-0.11.5.jar;C:\Users\VIET ANH\.m2\repository\com\fasterxml\jackson\core\jackson-databind\2.19.1\jackson-databind-2.19.1.jar;C:\Users\VIET ANH\.m2\repository\com\fasterxml\jackson\core\jackson-annotations\2.19.1\jackson-annotations-2.19.1.jar;C:\Users\VIET ANH\.m2\repository\com\fasterxml\jackson\core\jackson-core\2.19.1\jackson-core-2.19.1.jar;C:\Users\VIET ANH\.m2\repository\com\querydsl\querydsl-jpa\5.0.0\querydsl-jpa-5.0.0-jakarta.jar;C:\Users\VIET ANH\.m2\repository\com\querydsl\querydsl-core\5.0.0\querydsl-core-5.0.0.jar;C:\Users\VIET ANH\.m2\repository\com\mysema\commons\mysema-commons-lang\0.2.4\mysema-commons-lang-0.2.4.jar
Launcher Type: SUN_STANDARD

[Global flags]
     intx CICompilerCount                          = 4                                         {product} {ergonomic}
     uint ConcGCThreads                            = 2                                         {product} {ergonomic}
     uint G1ConcRefinementThreads                  = 8                                         {product} {ergonomic}
   size_t G1HeapRegionSize                         = 1048576                                   {product} {ergonomic}
   size_t InitialHeapSize                          = 132120576                                 {product} {ergonomic}
   size_t MarkStackSize                            = 4194304                                   {product} {ergonomic}
   size_t MarkStackSizeMax                         = 536870912                                 {product} {ergonomic}
   size_t MaxHeapSize                              = 2090860544                                {product} {ergonomic}
   size_t MaxNewSize                               = 1254096896                                {product} {ergonomic}
   size_t MinHeapDeltaBytes                        = 1048576                                   {product} {ergonomic}
   size_t MinHeapSize                              = 8388608                                   {product} {ergonomic}
    uintx NonNMethodCodeHeapSize                   = 5832704                                {pd product} {ergonomic}
    uintx NonProfiledCodeHeapSize                  = 122945536                              {pd product} {ergonomic}
    uintx ProfiledCodeHeapSize                     = 122880000                              {pd product} {ergonomic}
    uintx ReservedCodeCacheSize                    = 251658240                              {pd product} {ergonomic}
     bool SegmentedCodeCache                       = true                                      {product} {ergonomic}
   size_t SoftMaxHeapSize                          = 2090860544                             {manageable} {ergonomic}
     bool UseCompressedOops                        = true                           {product lp64_product} {ergonomic}
     bool UseG1GC                                  = true                                      {product} {ergonomic}
     bool UseLargePagesIndividualAllocation        = false                                  {pd product} {ergonomic}

Logging:
Log output configuration:
 #0: stdout all=warning uptime,level,tags foldmultilines=false
 #1: stderr all=off uptime,level,tags foldmultilines=false

Environment Variables:
PATH=C:\gurobi1201\win64\bin;C:\Program Files\Microsoft MPI\Bin\;C:\Program Files\Common Files\Oracle\Java\javapath;C:\Windows\system32;C:\Windows;C:\Windows\System32\Wbem;C:\Windows\System32\WindowsPowerShell\v1.0\;C:\Windows\System32\OpenSSH\;C:\Program Files (x86)\NVIDIA Corporation\PhysX\Common;C:\Program Files\NVIDIA Corporation\NVIDIA NvDLISR;C:\WINDOWS\system32;C:\WINDOWS;C:\WINDOWS\System32\Wbem;C:\WINDOWS\System32\WindowsPowerShell\v1.0\;C:\WINDOWS\System32\OpenSSH\;C:\Program Files (x86)\Microsoft SQL Server\160\Tools\Binn\;C:\Program Files\Microsoft SQL Server\160\Tools\Binn\;C:\Program Files\Microsoft SQL Server\Client SDK\ODBC\170\Tools\Binn\;C:\Program Files\Microsoft SQL Server\160\DTS\Binn\;C:\Program Files\Cloudflare\Cloudflare WARP\;C:\Program Files\Git\cmd;C:\Program Files\Docker\Docker\resources\bin;C:\Program Files\nodejs\;C:\Python39\Scripts\;C:\Python39\;C:\Users\VIET ANH\AppData\Local\Microsoft\WindowsApps;C:\MinGW\bin;C:\Users\VIET ANH\AppData\Local\Programs\Microsoft VS Code\bin;C:\Users\VIET ANH\OneDrive\Máy tính\Java\IntelliJ IDEA 2024.3.2.2\bin;;C:\Program Files\JetBrains\IntelliJ IDEA Community Edition 2024.3.2.2\bin;;C:\Users\VIET ANH\AppData\Roaming\npm
USERNAME=VIET ANH
OS=Windows_NT
PROCESSOR_IDENTIFIER=Intel64 Family 6 Model 140 Stepping 2, GenuineIntel
TMP=C:\Users\VIETAN~1\AppData\Local\Temp
TEMP=C:\Users\VIETAN~1\AppData\Local\Temp




Periodic native trim disabled

---------------  S Y S T E M  ---------------

OS:
 Windows 11 , 64 bit Build 26100 (10.0.26100.4484)
OS uptime: 12 days 2:00 hours
Hyper-V role detected

CPU: total 8 (initial active 8) (4 cores per cpu, 2 threads per core) family 6 model 140 stepping 2 microcode 0x26, cx8, cmov, fxsr, ht, mmx, 3dnowpref, sse, sse2, sse3, ssse3, sse4.1, sse4.2, popcnt, lzcnt, tsc, tscinvbit, avx, avx2, aes, erms, clmul, bmi1, bmi2, adx, avx512f, avx512dq, avx512cd, avx512bw, avx512vl, sha, fma, vzeroupper, avx512_vpopcntdq, avx512_vpclmulqdq, avx512_vaes, avx512_vnni, clflush, clflushopt, clwb, avx512_vbmi2, avx512_vbmi, hv, rdtscp, rdpid, fsrm, gfni, avx512_bitalg, f16c, cet_ibt, cet_ss, avx512_ifma
Processor Information for the first 8 processors :
  Max Mhz: 3187, Current Mhz: 3187, Mhz Limit: 3187

Memory: 4k page, system-wide physical 7975M (793M free)
TotalPageFile size 32551M (AvailPageFile size 12M)
current process WorkingSet (physical memory assigned to process): 218M, peak: 236M
current process commit charge ("private bytes"): 258M, peak: 304M

vm_info: OpenJDK 64-Bit Server VM (24.0.1+9-30) for windows-amd64 JRE (24.0.1+9-30), built on 2025-03-05T07:23:45Z with MS VC++ 17.6 (VS2022)

END.
