#
# There is insufficient memory for the Java Runtime Environment to continue.
# Native memory allocation (malloc) failed to allocate 5721680 bytes. Error detail: Chunk::new
# Possible reasons:
#   The system is out of physical RAM or swap space
#   This process is running with CompressedOops enabled, and the Java Heap may be blocking the growth of the native heap
# Possible solutions:
#   Reduce memory load on the system
#   Increase physical memory or swap space
#   Check if swap backing store is full
#   Decrease Java heap size (-Xmx/-Xms)
#   Decrease number of Java threads
#   Decrease Java thread stack sizes (-Xss)
#   Set larger code cache with -XX:ReservedCodeCacheSize=
#   JVM is running with Unscaled Compressed Oops mode in which the Java heap is
#     placed in the first 4GB address space. The Java Heap base address is the
#     maximum limit for the native heap growth. Please use -XX:HeapBaseMinAddress
#     to set the Java Heap base and to place the Java Heap above 4GB virtual address.
# This output file may be truncated or incomplete.
#
#  Out of Memory Error (arena.cpp:162), pid=28628, tid=25412
#
# JRE version: OpenJDK Runtime Environment (24.0.1+9) (build 24.0.1+9-30)
# Java VM: OpenJDK 64-Bit Server VM (24.0.1+9-30, mixed mode, sharing, tiered, compressed oops, compressed class ptrs, g1 gc, windows-amd64)
# No core dump will be written. Minidumps are not enabled by default on client versions of Windows
#

---------------  S U M M A R Y ------------

Command Line: -javaagent:C:\Program Files\JetBrains\IntelliJ IDEA 2025.1.2\lib\idea_rt.jar=65396 -Dfile.encoding=UTF-8 -Dsun.stdout.encoding=UTF-8 -Dsun.stderr.encoding=UTF-8 develop.circlek.CirclekApplication

Host: 11th Gen Intel(R) Core(TM) i5-11320H @ 3.20GHz, 8 cores, 7G,  Windows 11 , 64 bit Build 26100 (10.0.26100.4484)
Time: Sun Aug  3 21:30:46 2025 SE Asia Standard Time elapsed time: 359.347245 seconds (0d 0h 5m 59s)

---------------  T H R E A D  ---------------

Current thread (0x0000010654054680):  JavaThread "C2 CompilerThread0" daemon [_thread_in_native, id=25412, stack(0x0000000387400000,0x0000000387500000) (1024K)]


Current CompileTask:
C2:359348 11429   !   4       java.io.ObjectOutputStream::writeObject0 (620 bytes)

Stack: [0x0000000387400000,0x0000000387500000]
Native frames: (J=compiled Java code, j=interpreted, Vv=VM code, C=native code)
V  [jvm.dll+0x730739]  (no source info available)
V  [jvm.dll+0x8d9b23]  (no source info available)
V  [jvm.dll+0x8dc00d]  (no source info available)
V  [jvm.dll+0x8dc683]  (no source info available)
V  [jvm.dll+0x2aa086]  (no source info available)
V  [jvm.dll+0xcedef]  (no source info available)
V  [jvm.dll+0xcf04f]  (no source info available)
V  [jvm.dll+0x154d83]  (no source info available)
V  [jvm.dll+0x735f5f]  (no source info available)
V  [jvm.dll+0x26fa1c]  (no source info available)
V  [jvm.dll+0x26ea3f]  (no source info available)
V  [jvm.dll+0x1e9d60]  (no source info available)
V  [jvm.dll+0x27e1fb]  (no source info available)
V  [jvm.dll+0x27c49a]  (no source info available)
V  [jvm.dll+0x42f456]  (no source info available)
V  [jvm.dll+0x87d76b]  (no source info available)
V  [jvm.dll+0x72ee55]  (no source info available)
C  [ucrtbase.dll+0x37b0]  (no source info available)
C  [KERNEL32.DLL+0x2e8d7]  (no source info available)
C  [ntdll.dll+0x3c34c]  (no source info available)

Lock stack of current Java thread (top to bottom):


---------------  P R O C E S S  ---------------

Threads class SMR info:
_java_thread_list=0x00000106563ffd40, length=33, elements={
0x0000010677697c10, 0x000001067769a560, 0x00000106540300d0, 0x0000010654030f70,
0x00000106540316c0, 0x0000010654033400, 0x0000010654054680, 0x000001065405b250,
0x0000010654031e10, 0x0000010654032560, 0x0000010654032cb0, 0x0000010654e729a0,
0x0000010654e74e30, 0x0000010654e730f0, 0x0000010659164e40, 0x0000010659165590,
0x0000010659165ce0, 0x00000106591672d0, 0x0000010659166b80, 0x00000106568e95c0,
0x00000106568e7fd0, 0x00000106568e7880, 0x00000106568e9d10, 0x0000010654e746e0,
0x0000010656a48e80, 0x0000010656a47890, 0x0000010656a47fe0, 0x0000010656a48730,
0x0000010656a495d0, 0x0000010656a49d20, 0x0000010656a4a470, 0x0000010656a4ba60,
0x0000010656a4c900
}

Java Threads: ( => current thread )
  0x0000010677697c10 JavaThread "Reference Handler"          daemon [_thread_blocked, id=28424, stack(0x0000000386e00000,0x0000000386f00000) (1024K)]
  0x000001067769a560 JavaThread "Finalizer"                  daemon [_thread_blocked, id=18376, stack(0x0000000386f00000,0x0000000387000000) (1024K)]
  0x00000106540300d0 JavaThread "Signal Dispatcher"          daemon [_thread_blocked, id=24528, stack(0x0000000387000000,0x0000000387100000) (1024K)]
  0x0000010654030f70 JavaThread "Attach Listener"            daemon [_thread_blocked, id=21344, stack(0x0000000387100000,0x0000000387200000) (1024K)]
  0x00000106540316c0 JavaThread "Service Thread"             daemon [_thread_blocked, id=21228, stack(0x0000000387200000,0x0000000387300000) (1024K)]
  0x0000010654033400 JavaThread "Monitor Deflation Thread"   daemon [_thread_blocked, id=22928, stack(0x0000000387300000,0x0000000387400000) (1024K)]
=>0x0000010654054680 JavaThread "C2 CompilerThread0"         daemon [_thread_in_native, id=25412, stack(0x0000000387400000,0x0000000387500000) (1024K)]
  0x000001065405b250 JavaThread "C1 CompilerThread0"         daemon [_thread_blocked, id=14396, stack(0x0000000387500000,0x0000000387600000) (1024K)]
  0x0000010654031e10 JavaThread "Common-Cleaner"             daemon [_thread_blocked, id=380, stack(0x0000000387600000,0x0000000387700000) (1024K)]
  0x0000010654032560 JavaThread "Monitor Ctrl-Break"         daemon [_thread_in_native, id=20352, stack(0x0000000387800000,0x0000000387900000) (1024K)]
  0x0000010654032cb0 JavaThread "Notification Thread"        daemon [_thread_blocked, id=2928, stack(0x0000000387900000,0x0000000387a00000) (1024K)]
  0x0000010654e729a0 JavaThread "RMI TCP Accept-0"           daemon [_thread_in_native, id=9780, stack(0x0000000387b00000,0x0000000387c00000) (1024K)]
  0x0000010654e74e30 JavaThread "RMI Scheduler(0)"           daemon [_thread_blocked, id=3684, stack(0x0000000387d00000,0x0000000387e00000) (1024K)]
  0x0000010654e730f0 JavaThread "JMX server connection timeout 31" daemon [_thread_blocked, id=13408, stack(0x0000000387e00000,0x0000000387f00000) (1024K)]
  0x0000010659164e40 JavaThread "Catalina-utility-1"                [_thread_blocked, id=19756, stack(0x0000000387f00000,0x0000000388000000) (1024K)]
  0x0000010659165590 JavaThread "Catalina-utility-2"                [_thread_blocked, id=2936, stack(0x0000000388800000,0x0000000388900000) (1024K)]
  0x0000010659165ce0 JavaThread "container-0"                       [_thread_blocked, id=22360, stack(0x0000000388900000,0x0000000388a00000) (1024K)]
  0x00000106591672d0 JavaThread "mysql-cj-abandoned-connection-cleanup" daemon [_thread_blocked, id=30440, stack(0x0000000388a00000,0x0000000388b00000) (1024K)]
  0x0000010659166b80 JavaThread "HikariPool-1:housekeeper"   daemon [_thread_blocked, id=17600, stack(0x0000000388c00000,0x0000000388d00000) (1024K)]
  0x00000106568e95c0 JavaThread "http-nio-8080-exec-1"       daemon [_thread_blocked, id=11092, stack(0x0000000388d00000,0x0000000388e00000) (1024K)]
  0x00000106568e7fd0 JavaThread "http-nio-8080-exec-2"       daemon [_thread_blocked, id=16408, stack(0x0000000388e00000,0x0000000388f00000) (1024K)]
  0x00000106568e7880 JavaThread "http-nio-8080-exec-3"       daemon [_thread_blocked, id=29424, stack(0x0000000388f00000,0x0000000389000000) (1024K)]
  0x00000106568e9d10 JavaThread "http-nio-8080-exec-4"       daemon [_thread_blocked, id=2752, stack(0x0000000389000000,0x0000000389100000) (1024K)]
  0x0000010654e746e0 JavaThread "http-nio-8080-exec-5"       daemon [_thread_blocked, id=21124, stack(0x0000000389100000,0x0000000389200000) (1024K)]
  0x0000010656a48e80 JavaThread "http-nio-8080-exec-6"       daemon [_thread_blocked, id=12264, stack(0x0000000389200000,0x0000000389300000) (1024K)]
  0x0000010656a47890 JavaThread "http-nio-8080-exec-7"       daemon [_thread_blocked, id=13460, stack(0x0000000389300000,0x0000000389400000) (1024K)]
  0x0000010656a47fe0 JavaThread "http-nio-8080-exec-8"       daemon [_thread_blocked, id=12488, stack(0x0000000389400000,0x0000000389500000) (1024K)]
  0x0000010656a48730 JavaThread "http-nio-8080-exec-9"       daemon [_thread_blocked, id=22756, stack(0x0000000389500000,0x0000000389600000) (1024K)]
  0x0000010656a495d0 JavaThread "http-nio-8080-exec-10"      daemon [_thread_blocked, id=12188, stack(0x0000000389600000,0x0000000389700000) (1024K)]
  0x0000010656a49d20 JavaThread "http-nio-8080-Poller"       daemon [_thread_in_native, id=25292, stack(0x0000000389700000,0x0000000389800000) (1024K)]
  0x0000010656a4a470 JavaThread "http-nio-8080-Acceptor"     daemon [_thread_in_native, id=20576, stack(0x0000000389800000,0x0000000389900000) (1024K)]
  0x0000010656a4ba60 JavaThread "DestroyJavaVM"                     [_thread_blocked, id=18108, stack(0x0000000386600000,0x0000000386700000) (1024K)]
  0x0000010656a4c900 JavaThread "RMI TCP Connection(2)-192.168.1.9" daemon [_thread_in_native, id=27716, stack(0x0000000389900000,0x0000000389a00000) (1024K)]
Total: 33

Other Threads:
  0x00000106776886d0 VMThread "VM Thread"                           [id=13056, stack(0x0000000386d00000,0x0000000386e00000) (1024K)]
  0x0000010677678230 WatcherThread "VM Periodic Task Thread"        [id=20272, stack(0x0000000386c00000,0x0000000386d00000) (1024K)]
  0x0000010669aaf3f0 WorkerThread "GC Thread#0"                     [id=20004, stack(0x0000000386700000,0x0000000386800000) (1024K)]
  0x00000106553924a0 WorkerThread "GC Thread#1"                     [id=9692, stack(0x0000000388000000,0x0000000388100000) (1024K)]
  0x0000010655392850 WorkerThread "GC Thread#2"                     [id=21920, stack(0x0000000388100000,0x0000000388200000) (1024K)]
  0x0000010655390e80 WorkerThread "GC Thread#3"                     [id=20076, stack(0x0000000388200000,0x0000000388300000) (1024K)]
  0x0000010655391230 WorkerThread "GC Thread#4"                     [id=23112, stack(0x0000000388300000,0x0000000388400000) (1024K)]
  0x00000106553915e0 WorkerThread "GC Thread#5"                     [id=17372, stack(0x0000000388400000,0x0000000388500000) (1024K)]
  0x0000010655391990 WorkerThread "GC Thread#6"                     [id=24396, stack(0x0000000388500000,0x0000000388600000) (1024K)]
  0x000001065543ea30 WorkerThread "GC Thread#7"                     [id=22888, stack(0x0000000388600000,0x0000000388700000) (1024K)]
  0x0000010669ac4ac0 ConcurrentGCThread "G1 Main Marker"            [id=19112, stack(0x0000000386800000,0x0000000386900000) (1024K)]
  0x0000010669ac55d0 WorkerThread "G1 Conc#0"                       [id=8900, stack(0x0000000386900000,0x0000000386a00000) (1024K)]
  0x000001065543fca0 WorkerThread "G1 Conc#1"                       [id=25988, stack(0x0000000388700000,0x0000000388800000) (1024K)]
  0x000001067752d040 ConcurrentGCThread "G1 Refine#0"               [id=25312, stack(0x0000000386a00000,0x0000000386b00000) (1024K)]
  0x000001067752e980 ConcurrentGCThread "G1 Service"                [id=15620, stack(0x0000000386b00000,0x0000000386c00000) (1024K)]
Total: 15

Threads with active compile tasks:
C2 CompilerThread0  359416 11429   !   4       java.io.ObjectOutputStream::writeObject0 (620 bytes)
Total: 1

VM state: not at safepoint (normal execution)

VM Mutex/Monitor currently owned by a thread: None

Heap address: 0x0000000083600000, size: 1994 MB, Compressed Oops mode: 32-bit

CDS archive(s) mapped at: [0x000001060f000000-0x000001060fd40000-0x000001060fd40000), size 13893632, SharedBaseAddress: 0x000001060f000000, ArchiveRelocationMode: 1.
Compressed class space mapped at: 0x0000010610000000-0x0000010650000000, reserved size: 1073741824
UseCompressedClassPointers 1, UseCompactObjectHeaders 0
Narrow klass pointer bits 32, Max shift 3
Narrow klass base: 0x000001060f000000, Narrow klass shift: 0
Encoding Range: [0x000001060f000000 - 0x000001070f000000), (4294967296 bytes)
Klass Range:    [0x000001060f000000 - 0x0000010650000000), (1090519040 bytes)
Klass ID Range:  [8 - 1090519033) (1090519025)

GC Precious Log:
 CardTable entry size: 512
 Card Set container configuration: InlinePtr #cards 5 size 8 Array Of Cards #cards 10 size 36 Howl #buckets 4 coarsen threshold 1843 Howl Bitmap #cards 512 size 80 coarsen threshold 460 Card regions per heap region 1 cards per card region 2048
 CPUs: 8 total, 8 available
 Memory: 7975M
 Large Page Support: Disabled
 NUMA Support: Disabled
 Compressed Oops: Enabled (32-bit)
 Heap Region Size: 1M
 Heap Min Capacity: 8M
 Heap Initial Capacity: 126M
 Heap Max Capacity: 1994M
 Pre-touch: Disabled
 Parallel Workers: 8
 Concurrent Workers: 2
 Concurrent Refinement Workers: 8
 Periodic GC: Disabled

Heap:
 garbage-first heap   total reserved 2041856K, committed 161792K, used 66215K [0x0000000083600000, 0x0000000100000000)
  region size 1024K, 21 young (21504K), 9 survivors (9216K)
 Metaspace       used 92002K, committed 92672K, reserved 1179648K
  class space    used 10168K, committed 10432K, reserved 1048576K

Heap Regions: E=young(eden), S=young(survivor), O=old, HS=humongous(starts), HC=humongous(continues), CS=collection set, F=free, TAMS=top-at-mark-start, PB=parsable bottom
|   0|0x0000000083600000, 0x0000000083700000, 0x0000000083700000|100%|HS|  |TAMS 0x0000000083600000| PB 0x0000000083600000| Complete |  0
|   1|0x0000000083700000, 0x0000000083800000, 0x0000000083800000|100%|HS|  |TAMS 0x0000000083700000| PB 0x0000000083700000| Complete |  0
|   2|0x0000000083800000, 0x0000000083900000, 0x0000000083900000|100%| O|  |TAMS 0x0000000083800000| PB 0x0000000083800000| Untracked |  0
|   3|0x0000000083900000, 0x0000000083a00000, 0x0000000083a00000|100%| O|  |TAMS 0x0000000083900000| PB 0x0000000083900000| Untracked |  0
|   4|0x0000000083a00000, 0x0000000083b00000, 0x0000000083b00000|100%| O|  |TAMS 0x0000000083a00000| PB 0x0000000083a00000| Untracked |  0
|   5|0x0000000083b00000, 0x0000000083c00000, 0x0000000083c00000|100%| O|  |TAMS 0x0000000083b00000| PB 0x0000000083b00000| Untracked |  0
|   6|0x0000000083c00000, 0x0000000083d00000, 0x0000000083d00000|100%| O|  |TAMS 0x0000000083c00000| PB 0x0000000083c00000| Untracked |  0
|   7|0x0000000083d00000, 0x0000000083e00000, 0x0000000083e00000|100%| O|  |TAMS 0x0000000083d00000| PB 0x0000000083d00000| Untracked |  0
|   8|0x0000000083e00000, 0x0000000083f00000, 0x0000000083f00000|100%| O|  |TAMS 0x0000000083e00000| PB 0x0000000083e00000| Untracked |  0
|   9|0x0000000083f00000, 0x0000000084000000, 0x0000000084000000|100%| O|  |TAMS 0x0000000083f00000| PB 0x0000000083f00000| Untracked |  0
|  10|0x0000000084000000, 0x0000000084100000, 0x0000000084100000|100%| O|  |TAMS 0x0000000084000000| PB 0x0000000084000000| Untracked |  0
|  11|0x0000000084100000, 0x0000000084200000, 0x0000000084200000|100%| O|  |TAMS 0x0000000084100000| PB 0x0000000084100000| Untracked |  0
|  12|0x0000000084200000, 0x0000000084300000, 0x0000000084300000|100%| O|  |TAMS 0x0000000084200000| PB 0x0000000084200000| Untracked |  0
|  13|0x0000000084300000, 0x0000000084400000, 0x0000000084400000|100%| O|  |TAMS 0x0000000084300000| PB 0x0000000084300000| Untracked |  0
|  14|0x0000000084400000, 0x0000000084500000, 0x0000000084500000|100%| O|  |TAMS 0x0000000084400000| PB 0x0000000084400000| Untracked |  0
|  15|0x0000000084500000, 0x0000000084600000, 0x0000000084600000|100%| O|  |TAMS 0x0000000084500000| PB 0x0000000084500000| Untracked |  0
|  16|0x0000000084600000, 0x0000000084700000, 0x0000000084700000|100%| O|  |TAMS 0x0000000084600000| PB 0x0000000084600000| Untracked |  0
|  17|0x0000000084700000, 0x0000000084800000, 0x0000000084800000|100%| O|  |TAMS 0x0000000084700000| PB 0x0000000084700000| Untracked |  0
|  18|0x0000000084800000, 0x0000000084900000, 0x0000000084900000|100%| O|  |TAMS 0x0000000084800000| PB 0x0000000084800000| Untracked |  0
|  19|0x0000000084900000, 0x0000000084a00000, 0x0000000084a00000|100%| O|  |TAMS 0x0000000084900000| PB 0x0000000084900000| Untracked |  0
|  20|0x0000000084a00000, 0x0000000084b00000, 0x0000000084b00000|100%| O|  |TAMS 0x0000000084a00000| PB 0x0000000084a00000| Untracked |  0
|  21|0x0000000084b00000, 0x0000000084c00000, 0x0000000084c00000|100%| O|  |TAMS 0x0000000084b00000| PB 0x0000000084b00000| Untracked |  0
|  22|0x0000000084c00000, 0x0000000084d00000, 0x0000000084d00000|100%| O|  |TAMS 0x0000000084c00000| PB 0x0000000084c00000| Untracked |  0
|  23|0x0000000084d00000, 0x0000000084e00000, 0x0000000084e00000|100%| O|  |TAMS 0x0000000084d00000| PB 0x0000000084d00000| Untracked |  0
|  24|0x0000000084e00000, 0x0000000084f00000, 0x0000000084f00000|100%| O|  |TAMS 0x0000000084e00000| PB 0x0000000084e00000| Untracked |  0
|  25|0x0000000084f00000, 0x0000000085000000, 0x0000000085000000|100%| O|  |TAMS 0x0000000084f00000| PB 0x0000000084f00000| Untracked |  0
|  26|0x0000000085000000, 0x0000000085100000, 0x0000000085100000|100%| O|  |TAMS 0x0000000085000000| PB 0x0000000085000000| Untracked |  0
|  27|0x0000000085100000, 0x0000000085200000, 0x0000000085200000|100%| O|  |TAMS 0x0000000085100000| PB 0x0000000085100000| Untracked |  0
|  28|0x0000000085200000, 0x0000000085300000, 0x0000000085300000|100%| O|  |TAMS 0x0000000085200000| PB 0x0000000085200000| Untracked |  0
|  29|0x0000000085300000, 0x0000000085400000, 0x0000000085400000|100%| O|  |TAMS 0x0000000085300000| PB 0x0000000085300000| Untracked |  0
|  30|0x0000000085400000, 0x0000000085500000, 0x0000000085500000|100%| O|  |TAMS 0x0000000085400000| PB 0x0000000085400000| Untracked |  0
|  31|0x0000000085500000, 0x0000000085600000, 0x0000000085600000|100%| O|  |TAMS 0x0000000085500000| PB 0x0000000085500000| Untracked |  0
|  32|0x0000000085600000, 0x0000000085600000, 0x0000000085700000|  0%| F|  |TAMS 0x0000000085600000| PB 0x0000000085600000| Untracked |  0
|  33|0x0000000085700000, 0x0000000085800000, 0x0000000085800000|100%| O|  |TAMS 0x0000000085700000| PB 0x0000000085700000| Untracked |  0
|  34|0x0000000085800000, 0x0000000085900000, 0x0000000085900000|100%| O|  |TAMS 0x0000000085800000| PB 0x0000000085800000| Untracked |  0
|  35|0x0000000085900000, 0x0000000085a00000, 0x0000000085a00000|100%| O|  |TAMS 0x0000000085900000| PB 0x0000000085900000| Untracked |  0
|  36|0x0000000085a00000, 0x0000000085b00000, 0x0000000085b00000|100%| O|  |TAMS 0x0000000085a00000| PB 0x0000000085a00000| Untracked |  0
|  37|0x0000000085b00000, 0x0000000085c00000, 0x0000000085c00000|100%| O|  |TAMS 0x0000000085b00000| PB 0x0000000085b00000| Untracked |  0
|  38|0x0000000085c00000, 0x0000000085d00000, 0x0000000085d00000|100%| O|  |TAMS 0x0000000085c00000| PB 0x0000000085c00000| Untracked |  0
|  39|0x0000000085d00000, 0x0000000085e00000, 0x0000000085e00000|100%| O|  |TAMS 0x0000000085d00000| PB 0x0000000085d00000| Untracked |  0
|  40|0x0000000085e00000, 0x0000000085f00000, 0x0000000085f00000|100%| O|  |TAMS 0x0000000085e00000| PB 0x0000000085e00000| Untracked |  0
|  41|0x0000000085f00000, 0x0000000086000000, 0x0000000086000000|100%| O|  |TAMS 0x0000000085f00000| PB 0x0000000085f00000| Untracked |  0
|  42|0x0000000086000000, 0x00000000860ef4e0, 0x0000000086100000| 93%| O|  |TAMS 0x0000000086000000| PB 0x0000000086000000| Untracked |  0
|  43|0x0000000086100000, 0x0000000086100000, 0x0000000086200000|  0%| F|  |TAMS 0x0000000086100000| PB 0x0000000086100000| Untracked |  0
|  44|0x0000000086200000, 0x0000000086200000, 0x0000000086300000|  0%| F|  |TAMS 0x0000000086200000| PB 0x0000000086200000| Untracked |  0
|  45|0x0000000086300000, 0x0000000086400000, 0x0000000086400000|100%| O|  |TAMS 0x0000000086300000| PB 0x0000000086300000| Untracked |  0
|  46|0x0000000086400000, 0x0000000086500000, 0x0000000086500000|100%| O|  |TAMS 0x0000000086400000| PB 0x0000000086400000| Untracked |  0
|  47|0x0000000086500000, 0x0000000086500000, 0x0000000086600000|  0%| F|  |TAMS 0x0000000086500000| PB 0x0000000086500000| Untracked |  0
|  48|0x0000000086600000, 0x0000000086600000, 0x0000000086700000|  0%| F|  |TAMS 0x0000000086600000| PB 0x0000000086600000| Untracked |  0
|  49|0x0000000086700000, 0x0000000086700000, 0x0000000086800000|  0%| F|  |TAMS 0x0000000086700000| PB 0x0000000086700000| Untracked |  0
|  50|0x0000000086800000, 0x0000000086800000, 0x0000000086900000|  0%| F|  |TAMS 0x0000000086800000| PB 0x0000000086800000| Untracked |  0
|  51|0x0000000086900000, 0x0000000086900000, 0x0000000086a00000|  0%| F|  |TAMS 0x0000000086900000| PB 0x0000000086900000| Untracked |  0
|  52|0x0000000086a00000, 0x0000000086a00000, 0x0000000086b00000|  0%| F|  |TAMS 0x0000000086a00000| PB 0x0000000086a00000| Untracked |  0
|  53|0x0000000086b00000, 0x0000000086b00000, 0x0000000086c00000|  0%| F|  |TAMS 0x0000000086b00000| PB 0x0000000086b00000| Untracked |  0
|  54|0x0000000086c00000, 0x0000000086c00000, 0x0000000086d00000|  0%| F|  |TAMS 0x0000000086c00000| PB 0x0000000086c00000| Untracked |  0
|  55|0x0000000086d00000, 0x0000000086d00000, 0x0000000086e00000|  0%| F|  |TAMS 0x0000000086d00000| PB 0x0000000086d00000| Untracked |  0
|  56|0x0000000086e00000, 0x0000000086e00000, 0x0000000086f00000|  0%| F|  |TAMS 0x0000000086e00000| PB 0x0000000086e00000| Untracked |  0
|  57|0x0000000086f00000, 0x0000000086f00000, 0x0000000087000000|  0%| F|  |TAMS 0x0000000086f00000| PB 0x0000000086f00000| Untracked |  0
|  58|0x0000000087000000, 0x0000000087000000, 0x0000000087100000|  0%| F|  |TAMS 0x0000000087000000| PB 0x0000000087000000| Untracked |  0
|  59|0x0000000087100000, 0x0000000087100000, 0x0000000087200000|  0%| F|  |TAMS 0x0000000087100000| PB 0x0000000087100000| Untracked |  0
|  60|0x0000000087200000, 0x0000000087200000, 0x0000000087300000|  0%| F|  |TAMS 0x0000000087200000| PB 0x0000000087200000| Untracked |  0
|  61|0x0000000087300000, 0x0000000087300000, 0x0000000087400000|  0%| F|  |TAMS 0x0000000087300000| PB 0x0000000087300000| Untracked |  0
|  62|0x0000000087400000, 0x0000000087400000, 0x0000000087500000|  0%| F|  |TAMS 0x0000000087400000| PB 0x0000000087400000| Untracked |  0
|  63|0x0000000087500000, 0x0000000087500000, 0x0000000087600000|  0%| F|  |TAMS 0x0000000087500000| PB 0x0000000087500000| Untracked |  0
|  64|0x0000000087600000, 0x0000000087600000, 0x0000000087700000|  0%| F|  |TAMS 0x0000000087600000| PB 0x0000000087600000| Untracked |  0
|  65|0x0000000087700000, 0x0000000087700000, 0x0000000087800000|  0%| F|  |TAMS 0x0000000087700000| PB 0x0000000087700000| Untracked |  0
|  66|0x0000000087800000, 0x00000000878baa58, 0x0000000087900000| 72%| S|CS|TAMS 0x0000000087800000| PB 0x0000000087800000| Complete |  0
|  67|0x0000000087900000, 0x0000000087a00000, 0x0000000087a00000|100%| S|CS|TAMS 0x0000000087900000| PB 0x0000000087900000| Complete |  0
|  68|0x0000000087a00000, 0x0000000087b00000, 0x0000000087b00000|100%| S|CS|TAMS 0x0000000087a00000| PB 0x0000000087a00000| Complete |  0
|  69|0x0000000087b00000, 0x0000000087c00000, 0x0000000087c00000|100%| S|CS|TAMS 0x0000000087b00000| PB 0x0000000087b00000| Complete |  0
|  70|0x0000000087c00000, 0x0000000087d00000, 0x0000000087d00000|100%| S|CS|TAMS 0x0000000087c00000| PB 0x0000000087c00000| Complete |  0
|  71|0x0000000087d00000, 0x0000000087e00000, 0x0000000087e00000|100%| S|CS|TAMS 0x0000000087d00000| PB 0x0000000087d00000| Complete |  0
|  72|0x0000000087e00000, 0x0000000087f00000, 0x0000000087f00000|100%| S|CS|TAMS 0x0000000087e00000| PB 0x0000000087e00000| Complete |  0
|  73|0x0000000087f00000, 0x0000000088000000, 0x0000000088000000|100%| S|CS|TAMS 0x0000000087f00000| PB 0x0000000087f00000| Complete |  0
|  74|0x0000000088000000, 0x0000000088100000, 0x0000000088100000|100%| S|CS|TAMS 0x0000000088000000| PB 0x0000000088000000| Complete |  0
|  75|0x0000000088100000, 0x0000000088100000, 0x0000000088200000|  0%| F|  |TAMS 0x0000000088100000| PB 0x0000000088100000| Untracked |  0
|  76|0x0000000088200000, 0x0000000088200000, 0x0000000088300000|  0%| F|  |TAMS 0x0000000088200000| PB 0x0000000088200000| Untracked |  0
|  77|0x0000000088300000, 0x0000000088300000, 0x0000000088400000|  0%| F|  |TAMS 0x0000000088300000| PB 0x0000000088300000| Untracked |  0
|  78|0x0000000088400000, 0x0000000088400000, 0x0000000088500000|  0%| F|  |TAMS 0x0000000088400000| PB 0x0000000088400000| Untracked |  0
|  79|0x0000000088500000, 0x0000000088500000, 0x0000000088600000|  0%| F|  |TAMS 0x0000000088500000| PB 0x0000000088500000| Untracked |  0
|  80|0x0000000088600000, 0x0000000088600000, 0x0000000088700000|  0%| F|  |TAMS 0x0000000088600000| PB 0x0000000088600000| Untracked |  0
|  81|0x0000000088700000, 0x0000000088700000, 0x0000000088800000|  0%| F|  |TAMS 0x0000000088700000| PB 0x0000000088700000| Untracked |  0
|  82|0x0000000088800000, 0x0000000088800000, 0x0000000088900000|  0%| F|  |TAMS 0x0000000088800000| PB 0x0000000088800000| Untracked |  0
|  83|0x0000000088900000, 0x0000000088900000, 0x0000000088a00000|  0%| F|  |TAMS 0x0000000088900000| PB 0x0000000088900000| Untracked |  0
|  84|0x0000000088a00000, 0x0000000088a00000, 0x0000000088b00000|  0%| F|  |TAMS 0x0000000088a00000| PB 0x0000000088a00000| Untracked |  0
|  85|0x0000000088b00000, 0x0000000088b00000, 0x0000000088c00000|  0%| F|  |TAMS 0x0000000088b00000| PB 0x0000000088b00000| Untracked |  0
|  86|0x0000000088c00000, 0x0000000088c00000, 0x0000000088d00000|  0%| F|  |TAMS 0x0000000088c00000| PB 0x0000000088c00000| Untracked |  0
|  87|0x0000000088d00000, 0x0000000088d00000, 0x0000000088e00000|  0%| F|  |TAMS 0x0000000088d00000| PB 0x0000000088d00000| Untracked |  0
|  88|0x0000000088e00000, 0x0000000088e00000, 0x0000000088f00000|  0%| F|  |TAMS 0x0000000088e00000| PB 0x0000000088e00000| Untracked |  0
|  89|0x0000000088f00000, 0x0000000088f00000, 0x0000000089000000|  0%| F|  |TAMS 0x0000000088f00000| PB 0x0000000088f00000| Untracked |  0
|  90|0x0000000089000000, 0x0000000089000000, 0x0000000089100000|  0%| F|  |TAMS 0x0000000089000000| PB 0x0000000089000000| Untracked |  0
|  91|0x0000000089100000, 0x0000000089100000, 0x0000000089200000|  0%| F|  |TAMS 0x0000000089100000| PB 0x0000000089100000| Untracked |  0
|  92|0x0000000089200000, 0x0000000089200000, 0x0000000089300000|  0%| F|  |TAMS 0x0000000089200000| PB 0x0000000089200000| Untracked |  0
|  93|0x0000000089300000, 0x0000000089300000, 0x0000000089400000|  0%| F|  |TAMS 0x0000000089300000| PB 0x0000000089300000| Untracked |  0
|  94|0x0000000089400000, 0x0000000089400000, 0x0000000089500000|  0%| F|  |TAMS 0x0000000089400000| PB 0x0000000089400000| Untracked |  0
|  95|0x0000000089500000, 0x0000000089500000, 0x0000000089600000|  0%| F|  |TAMS 0x0000000089500000| PB 0x0000000089500000| Untracked |  0
|  96|0x0000000089600000, 0x0000000089600000, 0x0000000089700000|  0%| F|  |TAMS 0x0000000089600000| PB 0x0000000089600000| Untracked |  0
|  97|0x0000000089700000, 0x0000000089700000, 0x0000000089800000|  0%| F|  |TAMS 0x0000000089700000| PB 0x0000000089700000| Untracked |  0
|  98|0x0000000089800000, 0x0000000089800000, 0x0000000089900000|  0%| F|  |TAMS 0x0000000089800000| PB 0x0000000089800000| Untracked |  0
|  99|0x0000000089900000, 0x0000000089900000, 0x0000000089a00000|  0%| F|  |TAMS 0x0000000089900000| PB 0x0000000089900000| Untracked |  0
| 100|0x0000000089a00000, 0x0000000089a00000, 0x0000000089b00000|  0%| F|  |TAMS 0x0000000089a00000| PB 0x0000000089a00000| Untracked |  0
| 101|0x0000000089b00000, 0x0000000089b00000, 0x0000000089c00000|  0%| F|  |TAMS 0x0000000089b00000| PB 0x0000000089b00000| Untracked |  0
| 102|0x0000000089c00000, 0x0000000089c00000, 0x0000000089d00000|  0%| F|  |TAMS 0x0000000089c00000| PB 0x0000000089c00000| Untracked |  0
| 103|0x0000000089d00000, 0x0000000089d00000, 0x0000000089e00000|  0%| F|  |TAMS 0x0000000089d00000| PB 0x0000000089d00000| Untracked |  0
| 104|0x0000000089e00000, 0x0000000089e00000, 0x0000000089f00000|  0%| F|  |TAMS 0x0000000089e00000| PB 0x0000000089e00000| Untracked |  0
| 105|0x0000000089f00000, 0x0000000089f00000, 0x000000008a000000|  0%| F|  |TAMS 0x0000000089f00000| PB 0x0000000089f00000| Untracked |  0
| 106|0x000000008a000000, 0x000000008a000000, 0x000000008a100000|  0%| F|  |TAMS 0x000000008a000000| PB 0x000000008a000000| Untracked |  0
| 107|0x000000008a100000, 0x000000008a100000, 0x000000008a200000|  0%| F|  |TAMS 0x000000008a100000| PB 0x000000008a100000| Untracked |  0
| 108|0x000000008a200000, 0x000000008a200000, 0x000000008a300000|  0%| F|  |TAMS 0x000000008a200000| PB 0x000000008a200000| Untracked |  0
| 109|0x000000008a300000, 0x000000008a300000, 0x000000008a400000|  0%| F|  |TAMS 0x000000008a300000| PB 0x000000008a300000| Untracked |  0
| 110|0x000000008a400000, 0x000000008a400000, 0x000000008a500000|  0%| F|  |TAMS 0x000000008a400000| PB 0x000000008a400000| Untracked |  0
| 111|0x000000008a500000, 0x000000008a500000, 0x000000008a600000|  0%| F|  |TAMS 0x000000008a500000| PB 0x000000008a500000| Untracked |  0
| 112|0x000000008a600000, 0x000000008a600000, 0x000000008a700000|  0%| F|  |TAMS 0x000000008a600000| PB 0x000000008a600000| Untracked |  0
| 113|0x000000008a700000, 0x000000008a700000, 0x000000008a800000|  0%| F|  |TAMS 0x000000008a700000| PB 0x000000008a700000| Untracked |  0
| 114|0x000000008a800000, 0x000000008a800000, 0x000000008a900000|  0%| F|  |TAMS 0x000000008a800000| PB 0x000000008a800000| Untracked |  0
| 115|0x000000008a900000, 0x000000008a900000, 0x000000008aa00000|  0%| F|  |TAMS 0x000000008a900000| PB 0x000000008a900000| Untracked |  0
| 116|0x000000008aa00000, 0x000000008aa00000, 0x000000008ab00000|  0%| F|  |TAMS 0x000000008aa00000| PB 0x000000008aa00000| Untracked |  0
| 117|0x000000008ab00000, 0x000000008ab00000, 0x000000008ac00000|  0%| F|  |TAMS 0x000000008ab00000| PB 0x000000008ab00000| Untracked |  0
| 118|0x000000008ac00000, 0x000000008ac00000, 0x000000008ad00000|  0%| F|  |TAMS 0x000000008ac00000| PB 0x000000008ac00000| Untracked |  0
| 119|0x000000008ad00000, 0x000000008ad00000, 0x000000008ae00000|  0%| F|  |TAMS 0x000000008ad00000| PB 0x000000008ad00000| Untracked |  0
| 120|0x000000008ae00000, 0x000000008ae00000, 0x000000008af00000|  0%| F|  |TAMS 0x000000008ae00000| PB 0x000000008ae00000| Untracked |  0
| 121|0x000000008af00000, 0x000000008af00000, 0x000000008b000000|  0%| F|  |TAMS 0x000000008af00000| PB 0x000000008af00000| Untracked |  0
| 122|0x000000008b000000, 0x000000008b000000, 0x000000008b100000|  0%| F|  |TAMS 0x000000008b000000| PB 0x000000008b000000| Untracked |  0
| 123|0x000000008b100000, 0x000000008b100000, 0x000000008b200000|  0%| F|  |TAMS 0x000000008b100000| PB 0x000000008b100000| Untracked |  0
| 124|0x000000008b200000, 0x000000008b200000, 0x000000008b300000|  0%| F|  |TAMS 0x000000008b200000| PB 0x000000008b200000| Untracked |  0
| 125|0x000000008b300000, 0x000000008b300000, 0x000000008b400000|  0%| F|  |TAMS 0x000000008b300000| PB 0x000000008b300000| Untracked |  0
| 126|0x000000008b400000, 0x000000008b400000, 0x000000008b500000|  0%| F|  |TAMS 0x000000008b400000| PB 0x000000008b400000| Untracked |  0
| 127|0x000000008b500000, 0x000000008b500000, 0x000000008b600000|  0%| F|  |TAMS 0x000000008b500000| PB 0x000000008b500000| Untracked |  0
| 128|0x000000008b600000, 0x000000008b600000, 0x000000008b700000|  0%| F|  |TAMS 0x000000008b600000| PB 0x000000008b600000| Untracked |  0
| 129|0x000000008b700000, 0x000000008b700000, 0x000000008b800000|  0%| F|  |TAMS 0x000000008b700000| PB 0x000000008b700000| Untracked |  0
| 130|0x000000008b800000, 0x000000008b800000, 0x000000008b900000|  0%| F|  |TAMS 0x000000008b800000| PB 0x000000008b800000| Untracked |  0
| 131|0x000000008b900000, 0x000000008b900000, 0x000000008ba00000|  0%| F|  |TAMS 0x000000008b900000| PB 0x000000008b900000| Untracked |  0
| 132|0x000000008ba00000, 0x000000008ba00000, 0x000000008bb00000|  0%| F|  |TAMS 0x000000008ba00000| PB 0x000000008ba00000| Untracked |  0
| 133|0x000000008bb00000, 0x000000008bb00000, 0x000000008bc00000|  0%| F|  |TAMS 0x000000008bb00000| PB 0x000000008bb00000| Untracked |  0
| 134|0x000000008bc00000, 0x000000008bc00000, 0x000000008bd00000|  0%| F|  |TAMS 0x000000008bc00000| PB 0x000000008bc00000| Untracked |  0
| 135|0x000000008bd00000, 0x000000008bd00000, 0x000000008be00000|  0%| F|  |TAMS 0x000000008bd00000| PB 0x000000008bd00000| Untracked |  0
| 136|0x000000008be00000, 0x000000008be00000, 0x000000008bf00000|  0%| F|  |TAMS 0x000000008be00000| PB 0x000000008be00000| Untracked |  0
| 137|0x000000008bf00000, 0x000000008bf00000, 0x000000008c000000|  0%| F|  |TAMS 0x000000008bf00000| PB 0x000000008bf00000| Untracked |  0
| 138|0x000000008c000000, 0x000000008c000000, 0x000000008c100000|  0%| F|  |TAMS 0x000000008c000000| PB 0x000000008c000000| Untracked |  0
| 139|0x000000008c100000, 0x000000008c100000, 0x000000008c200000|  0%| F|  |TAMS 0x000000008c100000| PB 0x000000008c100000| Untracked |  0
| 140|0x000000008c200000, 0x000000008c200000, 0x000000008c300000|  0%| F|  |TAMS 0x000000008c200000| PB 0x000000008c200000| Untracked |  0
| 141|0x000000008c300000, 0x000000008c300000, 0x000000008c400000|  0%| F|  |TAMS 0x000000008c300000| PB 0x000000008c300000| Untracked |  0
| 142|0x000000008c400000, 0x000000008c400000, 0x000000008c500000|  0%| F|  |TAMS 0x000000008c400000| PB 0x000000008c400000| Untracked |  0
| 143|0x000000008c500000, 0x000000008c500000, 0x000000008c600000|  0%| F|  |TAMS 0x000000008c500000| PB 0x000000008c500000| Untracked |  0
| 144|0x000000008c600000, 0x000000008c600000, 0x000000008c700000|  0%| F|  |TAMS 0x000000008c600000| PB 0x000000008c600000| Untracked |  0
| 145|0x000000008c700000, 0x000000008c77d4d0, 0x000000008c800000| 48%| E|  |TAMS 0x000000008c700000| PB 0x000000008c700000| Complete |  0
| 146|0x000000008c800000, 0x000000008c900000, 0x000000008c900000|100%| E|CS|TAMS 0x000000008c800000| PB 0x000000008c800000| Complete |  0
| 147|0x000000008c900000, 0x000000008ca00000, 0x000000008ca00000|100%| E|CS|TAMS 0x000000008c900000| PB 0x000000008c900000| Complete |  0
| 148|0x000000008ca00000, 0x000000008cb00000, 0x000000008cb00000|100%| E|CS|TAMS 0x000000008ca00000| PB 0x000000008ca00000| Complete |  0
| 149|0x000000008cb00000, 0x000000008cc00000, 0x000000008cc00000|100%| E|CS|TAMS 0x000000008cb00000| PB 0x000000008cb00000| Complete |  0
| 150|0x000000008cc00000, 0x000000008cd00000, 0x000000008cd00000|100%| E|CS|TAMS 0x000000008cc00000| PB 0x000000008cc00000| Complete |  0
| 151|0x000000008cd00000, 0x000000008ce00000, 0x000000008ce00000|100%| E|CS|TAMS 0x000000008cd00000| PB 0x000000008cd00000| Complete |  0
| 152|0x000000008ce00000, 0x000000008cf00000, 0x000000008cf00000|100%| E|CS|TAMS 0x000000008ce00000| PB 0x000000008ce00000| Complete |  0
| 153|0x000000008cf00000, 0x000000008d000000, 0x000000008d000000|100%| E|CS|TAMS 0x000000008cf00000| PB 0x000000008cf00000| Complete |  0
| 154|0x000000008d000000, 0x000000008d100000, 0x000000008d100000|100%| E|CS|TAMS 0x000000008d000000| PB 0x000000008d000000| Complete |  0
| 155|0x000000008d100000, 0x000000008d200000, 0x000000008d200000|100%| E|CS|TAMS 0x000000008d100000| PB 0x000000008d100000| Complete |  0
|1992|0x00000000ffe00000, 0x00000000fff00000, 0x00000000fff00000|100%| O|  |TAMS 0x00000000ffe00000| PB 0x00000000ffe00000| Untracked |  0
|1993|0x00000000fff00000, 0x0000000100000000, 0x0000000100000000|100%| E|CS|TAMS 0x00000000fff00000| PB 0x00000000fff00000| Complete |  0

Card table byte_map: [0x0000010672b20000,0x0000010672f10000] _byte_map_base: 0x0000010672705000

Marking Bits: (CMBitMap*) 0x0000010669aafb00
 Bits: [0x0000010672f10000, 0x0000010674e38000)

Polling page: 0x0000010667810000

Metaspace:

Usage:
  Non-class:     79.92 MB used.
      Class:      9.93 MB used.
       Both:     89.85 MB used.

Virtual space:
  Non-class space:      128.00 MB reserved,      80.31 MB ( 63%) committed,  2 nodes.
      Class space:        1.00 GB reserved,      10.19 MB ( <1%) committed,  1 nodes.
             Both:        1.12 GB reserved,      90.50 MB (  8%) committed. 

Chunk freelists:
   Non-Class:  14.85 MB
       Class:  5.65 MB
        Both:  20.50 MB

MaxMetaspaceSize: unlimited
CompressedClassSpaceSize: 1.00 GB
Initial GC threshold: 21.00 MB
Current GC threshold: 131.19 MB
CDS: on
 - commit_granule_bytes: 65536.
 - commit_granule_words: 8192.
 - virtual_space_node_default_size: 8388608.
 - enlarge_chunks_in_place: 1.
UseCompressedClassPointers 1, UseCompactObjectHeaders 0
Narrow klass pointer bits 32, Max shift 3
Narrow klass base: 0x000001060f000000, Narrow klass shift: 0
Encoding Range: [0x000001060f000000 - 0x000001070f000000), (4294967296 bytes)
Klass Range:    [0x000001060f000000 - 0x0000010650000000), (1090519040 bytes)
Klass ID Range:  [8 - 1090519033) (1090519025)


Internal statistics:

num_allocs_failed_limit: 6.
num_arena_births: 898.
num_arena_deaths: 0.
num_vsnodes_births: 3.
num_vsnodes_deaths: 0.
num_space_committed: 1448.
num_space_uncommitted: 0.
num_chunks_returned_to_freelist: 6.
num_chunks_taken_from_freelist: 4015.
num_chunk_merges: 6.
num_chunk_splits: 2956.
num_chunks_enlarged: 2411.
num_inconsistent_stats: 0.

CodeHeap 'non-profiled nmethods': size=120064Kb used=5646Kb max_used=5646Kb free=114417Kb
 bounds [0x0000010607ac0000, 0x0000010608050000, 0x000001060f000000]
CodeHeap 'profiled nmethods': size=120000Kb used=16138Kb max_used=16138Kb free=103861Kb
 bounds [0x0000010600000000, 0x0000010600fd0000, 0x0000010607530000]
CodeHeap 'non-nmethods': size=5696Kb used=1853Kb max_used=1999Kb free=3842Kb
 bounds [0x0000010607530000, 0x00000106077a0000, 0x0000010607ac0000]
CodeCache: size=245760Kb, used=23637Kb, max_used=23783Kb, free=222120Kb
 total_blobs=10515, nmethods=9712, adapters=705, full_count=0
Compilation: enabled, stopped_count=0, restarted_count=0

Compilation events (20 events):
Event: 322.617 Thread 0x000001065405b250 nmethod 11419 0x0000010600fbec08 code [0x0000010600fbed80, 0x0000010600fbf4c8]
Event: 322.841 Thread 0x0000010654054680 11420       4       sun.nio.ch.Util::offerFirstTemporaryDirectBuffer (58 bytes)
Event: 322.844 Thread 0x0000010654054680 nmethod 11420 0x0000010608040f88 code [0x00000106080410e0, 0x0000010608041510]
Event: 322.844 Thread 0x0000010654054680 11421       4       sun.nio.ch.Util$BufferCache::offerFirst (73 bytes)
Event: 322.845 Thread 0x0000010654054680 nmethod 11421 0x0000010608041608 code [0x0000010608041720, 0x0000010608041980]
Event: 327.151 Thread 0x000001065405b250 11422       3       org.apache.catalina.webresources.Cache$$Lambda/0x00000106109d11b0::applyAsLong (8 bytes)
Event: 327.151 Thread 0x000001065405b250 nmethod 11422 0x0000010600fbf588 code [0x0000010600fbf6a0, 0x0000010600fbf8b8]
Event: 330.147 Thread 0x0000010654054680 11423  s    4       java.io.BufferedInputStream::read (112 bytes)
Event: 330.159 Thread 0x0000010654054680 nmethod 11423 0x0000010608041a08 code [0x0000010608041be0, 0x0000010608042df0]
Event: 332.144 Thread 0x000001065405b250 11424   !   3       java.net.Socket::getImpl (115 bytes)
Event: 332.147 Thread 0x000001065405b250 nmethod 11424 0x0000010600fbf908 code [0x0000010600fbfb60, 0x0000010600fc0e28]
Event: 337.442 Thread 0x0000010654054680 11425       4       jdk.internal.util.ByteArray::setLong (10 bytes)
Event: 337.444 Thread 0x0000010654054680 nmethod 11425 0x0000010608042e88 code [0x0000010608042f80, 0x0000010608043058]
Event: 338.490 Thread 0x0000010654054680 11426       4       java.io.ClassCache::get (56 bytes)
Event: 338.498 Thread 0x0000010654054680 nmethod 11426 0x0000010608043188 code [0x0000010608043300, 0x00000106080439b8]
Event: 354.482 Thread 0x000001065405b250 11427       3       com.sun.crypto.provider.GaloisCounterMode::getJ0 (110 bytes)
Event: 354.482 Thread 0x000001065405b250 nmethod 11427 0x0000010600fc0f08 code [0x0000010600fc10c0, 0x0000010600fc1a70]
Event: 354.482 Thread 0x000001065405b250 11428       3       com.sun.crypto.provider.GHASH::<init> (70 bytes)
Event: 354.483 Thread 0x000001065405b250 nmethod 11428 0x0000010600fc1a88 code [0x0000010600fc1c60, 0x0000010600fc29f8]
Event: 358.291 Thread 0x0000010654054680 11429   !   4       java.io.ObjectOutputStream::writeObject0 (620 bytes)

GC Heap History (20 events):
Event: 11.896 GC heap before
{Heap before GC invocations=23 (full 0):
 garbage-first heap   total reserved 2041856K, committed 66560K, used 57502K [0x0000000083600000, 0x0000000100000000)
  region size 1024K, 23 young (23552K), 3 survivors (3072K)
 Metaspace       used 79362K, committed 79936K, reserved 1179648K
  class space    used 8707K, committed 8960K, reserved 1048576K
}
Event: 11.900 GC heap after
{Heap after GC invocations=24 (full 0):
 garbage-first heap   total reserved 2041856K, committed 66560K, used 39155K [0x0000000083600000, 0x0000000100000000)
  region size 1024K, 3 young (3072K), 3 survivors (3072K)
 Metaspace       used 79362K, committed 79936K, reserved 1179648K
  class space    used 8707K, committed 8960K, reserved 1048576K
}
Event: 12.059 GC heap before
{Heap before GC invocations=25 (full 0):
 garbage-first heap   total reserved 2041856K, committed 66560K, used 58611K [0x0000000083600000, 0x0000000100000000)
  region size 1024K, 22 young (22528K), 3 survivors (3072K)
 Metaspace       used 79496K, committed 80128K, reserved 1179648K
  class space    used 8728K, committed 9024K, reserved 1048576K
}
Event: 12.061 GC heap after
{Heap after GC invocations=26 (full 0):
 garbage-first heap   total reserved 2041856K, committed 66560K, used 39864K [0x0000000083600000, 0x0000000100000000)
  region size 1024K, 2 young (2048K), 2 survivors (2048K)
 Metaspace       used 79496K, committed 80128K, reserved 1179648K
  class space    used 8728K, committed 9024K, reserved 1048576K
}
Event: 12.232 GC heap before
{Heap before GC invocations=26 (full 0):
 garbage-first heap   total reserved 2041856K, committed 66560K, used 59320K [0x0000000083600000, 0x0000000100000000)
  region size 1024K, 21 young (21504K), 2 survivors (2048K)
 Metaspace       used 79948K, committed 80576K, reserved 1179648K
  class space    used 8790K, committed 9088K, reserved 1048576K
}
Event: 12.237 GC heap after
{Heap after GC invocations=27 (full 0):
 garbage-first heap   total reserved 2041856K, committed 79872K, used 40353K [0x0000000083600000, 0x0000000100000000)
  region size 1024K, 2 young (2048K), 2 survivors (2048K)
 Metaspace       used 79948K, committed 80576K, reserved 1179648K
  class space    used 8790K, committed 9088K, reserved 1048576K
}
Event: 12.308 GC heap before
{Heap before GC invocations=27 (full 0):
 garbage-first heap   total reserved 2041856K, committed 79872K, used 72097K [0x0000000083600000, 0x0000000100000000)
  region size 1024K, 33 young (33792K), 2 survivors (2048K)
 Metaspace       used 79968K, committed 80576K, reserved 1179648K
  class space    used 8791K, committed 9088K, reserved 1048576K
}
Event: 12.311 GC heap after
{Heap after GC invocations=28 (full 0):
 garbage-first heap   total reserved 2041856K, committed 79872K, used 41278K [0x0000000083600000, 0x0000000100000000)
  region size 1024K, 3 young (3072K), 3 survivors (3072K)
 Metaspace       used 79968K, committed 80576K, reserved 1179648K
  class space    used 8791K, committed 9088K, reserved 1048576K
}
Event: 12.370 GC heap before
{Heap before GC invocations=29 (full 0):
 garbage-first heap   total reserved 2041856K, committed 79872K, used 70974K [0x0000000083600000, 0x0000000100000000)
  region size 1024K, 32 young (32768K), 3 survivors (3072K)
 Metaspace       used 79970K, committed 80576K, reserved 1179648K
  class space    used 8791K, committed 9088K, reserved 1048576K
}
Event: 12.373 GC heap after
{Heap after GC invocations=30 (full 0):
 garbage-first heap   total reserved 2041856K, committed 79872K, used 40892K [0x0000000083600000, 0x0000000100000000)
  region size 1024K, 2 young (2048K), 2 survivors (2048K)
 Metaspace       used 79970K, committed 80576K, reserved 1179648K
  class space    used 8791K, committed 9088K, reserved 1048576K
}
Event: 12.437 GC heap before
{Heap before GC invocations=30 (full 0):
 garbage-first heap   total reserved 2041856K, committed 79872K, used 71612K [0x0000000083600000, 0x0000000100000000)
  region size 1024K, 32 young (32768K), 2 survivors (2048K)
 Metaspace       used 79983K, committed 80576K, reserved 1179648K
  class space    used 8793K, committed 9088K, reserved 1048576K
}
Event: 12.442 GC heap after
{Heap after GC invocations=31 (full 0):
 garbage-first heap   total reserved 2041856K, committed 79872K, used 44142K [0x0000000083600000, 0x0000000100000000)
  region size 1024K, 4 young (4096K), 4 survivors (4096K)
 Metaspace       used 79983K, committed 80576K, reserved 1179648K
  class space    used 8793K, committed 9088K, reserved 1048576K
}
Event: 12.491 GC heap before
{Heap before GC invocations=31 (full 0):
 garbage-first heap   total reserved 2041856K, committed 79872K, used 69742K [0x0000000083600000, 0x0000000100000000)
  region size 1024K, 29 young (29696K), 4 survivors (4096K)
 Metaspace       used 79983K, committed 80576K, reserved 1179648K
  class space    used 8793K, committed 9088K, reserved 1048576K
}
Event: 12.496 GC heap after
{Heap after GC invocations=32 (full 0):
 garbage-first heap   total reserved 2041856K, committed 79872K, used 46925K [0x0000000083600000, 0x0000000100000000)
  region size 1024K, 3 young (3072K), 3 survivors (3072K)
 Metaspace       used 79983K, committed 80576K, reserved 1179648K
  class space    used 8793K, committed 9088K, reserved 1048576K
}
Event: 12.711 GC heap before
{Heap before GC invocations=33 (full 0):
 garbage-first heap   total reserved 2041856K, committed 80896K, used 70477K [0x0000000083600000, 0x0000000100000000)
  region size 1024K, 26 young (26624K), 3 survivors (3072K)
 Metaspace       used 80422K, committed 81024K, reserved 1179648K
  class space    used 8833K, committed 9088K, reserved 1048576K
}
Event: 12.714 GC heap after
{Heap after GC invocations=34 (full 0):
 garbage-first heap   total reserved 2041856K, committed 80896K, used 47702K [0x0000000083600000, 0x0000000100000000)
  region size 1024K, 2 young (2048K), 2 survivors (2048K)
 Metaspace       used 80422K, committed 81024K, reserved 1179648K
  class space    used 8833K, committed 9088K, reserved 1048576K
}
Event: 12.929 GC heap before
{Heap before GC invocations=34 (full 0):
 garbage-first heap   total reserved 2041856K, committed 80896K, used 73302K [0x0000000083600000, 0x0000000100000000)
  region size 1024K, 27 young (27648K), 2 survivors (2048K)
 Metaspace       used 81022K, committed 81664K, reserved 1179648K
  class space    used 8866K, committed 9152K, reserved 1048576K
}
Event: 12.932 GC heap after
{Heap after GC invocations=35 (full 0):
 garbage-first heap   total reserved 2041856K, committed 161792K, used 48730K [0x0000000083600000, 0x0000000100000000)
  region size 1024K, 3 young (3072K), 3 survivors (3072K)
 Metaspace       used 81022K, committed 81664K, reserved 1179648K
  class space    used 8866K, committed 9152K, reserved 1048576K
}
Event: 64.544 GC heap before
{Heap before GC invocations=35 (full 0):
 garbage-first heap   total reserved 2041856K, committed 161792K, used 131674K [0x0000000083600000, 0x0000000100000000)
  region size 1024K, 85 young (87040K), 3 survivors (3072K)
 Metaspace       used 90935K, committed 91584K, reserved 1179648K
  class space    used 10070K, committed 10368K, reserved 1048576K
}
Event: 64.588 GC heap after
{Heap after GC invocations=36 (full 0):
 garbage-first heap   total reserved 2041856K, committed 161792K, used 54951K [0x0000000083600000, 0x0000000100000000)
  region size 1024K, 9 young (9216K), 9 survivors (9216K)
 Metaspace       used 90935K, committed 91584K, reserved 1179648K
  class space    used 10070K, committed 10368K, reserved 1048576K
}

Dll operation events (13 events):
Event: 0.020 Loaded shared library C:\Users\VIET ANH\.jdks\openjdk-24.0.1\bin\java.dll
Event: 0.066 Loaded shared library C:\Users\VIET ANH\.jdks\openjdk-24.0.1\bin\jsvml.dll
Event: 0.318 Loaded shared library C:\Users\VIET ANH\.jdks\openjdk-24.0.1\bin\zip.dll
Event: 0.323 Loaded shared library C:\Users\VIET ANH\.jdks\openjdk-24.0.1\bin\instrument.dll
Event: 0.337 Loaded shared library C:\Users\VIET ANH\.jdks\openjdk-24.0.1\bin\net.dll
Event: 0.339 Loaded shared library C:\Users\VIET ANH\.jdks\openjdk-24.0.1\bin\nio.dll
Event: 0.345 Loaded shared library C:\Users\VIET ANH\.jdks\openjdk-24.0.1\bin\zip.dll
Event: 0.598 Loaded shared library C:\Users\VIET ANH\.jdks\openjdk-24.0.1\bin\extnet.dll
Event: 0.642 Loaded shared library C:\Users\VIET ANH\.jdks\openjdk-24.0.1\bin\jimage.dll
Event: 1.068 Loaded shared library C:\Users\VIET ANH\.jdks\openjdk-24.0.1\bin\management.dll
Event: 1.084 Loaded shared library C:\Users\VIET ANH\.jdks\openjdk-24.0.1\bin\management_ext.dll
Event: 2.962 Loaded shared library C:\Users\VIET ANH\.jdks\openjdk-24.0.1\bin\sunmscapi.dll
Event: 7.638 Loaded shared library C:\Users\VIET ANH\.jdks\openjdk-24.0.1\bin\verify.dll

Deoptimization events (20 events):
Event: 64.759 Thread 0x00000106568e7fd0 Uncommon trap: trap_request=0xffffff4d fr.pc=0x0000010607e6d728 relative=0x0000000000000448
Event: 64.759 Thread 0x00000106568e7fd0 Uncommon trap: reason=unstable_if action=reinterpret pc=0x0000010607e6d728 method=java.util.IdentityHashMap.maskNull(Ljava/lang/Object;)Ljava/lang/Object; @ 1 c2
Event: 64.759 Thread 0x00000106568e7fd0 DEOPT PACKING pc=0x0000010607e6d728 sp=0x0000000388efaeb0
Event: 64.759 Thread 0x00000106568e7fd0 DEOPT UNPACKING pc=0x0000010607655f02 sp=0x0000000388efae00 mode 2
Event: 64.775 Thread 0x00000106568e7fd0 Uncommon trap: trap_request=0xffffff4d fr.pc=0x0000010607e6d0a8 relative=0x0000000000000188
Event: 64.775 Thread 0x00000106568e7fd0 Uncommon trap: reason=unstable_if action=reinterpret pc=0x0000010607e6d0a8 method=java.util.IdentityHashMap.maskNull(Ljava/lang/Object;)Ljava/lang/Object; @ 1 c2
Event: 64.775 Thread 0x00000106568e7fd0 DEOPT PACKING pc=0x0000010607e6d0a8 sp=0x0000000388efac20
Event: 64.775 Thread 0x00000106568e7fd0 DEOPT UNPACKING pc=0x0000010607655f02 sp=0x0000000388efab48 mode 2
Event: 301.555 Thread 0x0000010656a4c900 Uncommon trap: trap_request=0xffffff4d fr.pc=0x0000010608022b94 relative=0x00000000000024d4
Event: 301.555 Thread 0x0000010656a4c900 Uncommon trap: reason=unstable_if action=reinterpret pc=0x0000010608022b94 method=java.io.ObjectStreamField.isPrimitive()Z @ 14 c2
Event: 301.556 Thread 0x0000010656a4c900 DEOPT PACKING pc=0x0000010608022b94 sp=0x00000003899fe500
Event: 301.556 Thread 0x0000010656a4c900 DEOPT UNPACKING pc=0x0000010607655f02 sp=0x00000003899fe398 mode 2
Event: 301.557 Thread 0x0000010656a4c900 Uncommon trap: trap_request=0xffffff4d fr.pc=0x000001060802d7f0 relative=0x0000000000001070
Event: 301.557 Thread 0x0000010656a4c900 Uncommon trap: reason=unstable_if action=reinterpret pc=0x000001060802d7f0 method=java.io.ObjectStreamClass$FieldReflector.getObjFieldValues(Ljava/lang/Object;[Ljava/lang/Object;)V @ 39 c2
Event: 301.557 Thread 0x0000010656a4c900 DEOPT PACKING pc=0x000001060802d7f0 sp=0x00000003899fe510
Event: 301.557 Thread 0x0000010656a4c900 DEOPT UNPACKING pc=0x0000010607655f02 sp=0x00000003899fe3d0 mode 2
Event: 301.557 Thread 0x0000010656a4c900 Uncommon trap: trap_request=0xffffff4d fr.pc=0x00000106080121e8 relative=0x0000000000002a88
Event: 301.557 Thread 0x0000010656a4c900 Uncommon trap: reason=unstable_if action=reinterpret pc=0x00000106080121e8 method=java.io.ObjectOutputStream.writeObject0(Ljava/lang/Object;Z)V @ 459 c2
Event: 301.557 Thread 0x0000010656a4c900 DEOPT PACKING pc=0x00000106080121e8 sp=0x00000003899fe430
Event: 301.557 Thread 0x0000010656a4c900 DEOPT UNPACKING pc=0x0000010607655f02 sp=0x00000003899fe418 mode 2

Classes loaded (20 events):
Event: 63.925 Loading class java/time/format/DateTimeFormatterBuilder$ReducedPrinterParser
Event: 63.925 Loading class java/time/format/DateTimeFormatterBuilder$ReducedPrinterParser done
Event: 63.934 Loading class java/io/PushbackInputStream
Event: 63.934 Loading class java/io/PushbackInputStream done
Event: 63.962 Loading class org/w3c/dom/Node
Event: 63.963 Loading class org/w3c/dom/Node done
Event: 63.963 Loading class org/w3c/dom/Document
Event: 63.964 Loading class org/w3c/dom/Document done
Event: 64.683 Loading class java/util/Base64
Event: 64.684 Loading class java/util/Base64 done
Event: 64.685 Loading class java/util/Base64$Decoder
Event: 64.686 Loading class java/util/Base64$Decoder done
Event: 64.686 Loading class java/util/Base64$Encoder
Event: 64.687 Loading class java/util/Base64$Encoder done
Event: 64.779 Loading class com/sun/crypto/provider/HmacCore$HmacSHA256
Event: 64.780 Loading class com/sun/crypto/provider/HmacCore$HmacSHA256 done
Event: 64.805 Loading class java/util/stream/LongStream
Event: 64.806 Loading class java/util/stream/LongStream done
Event: 64.806 Loading class java/util/stream/DoubleStream
Event: 64.807 Loading class java/util/stream/DoubleStream done

Classes unloaded (0 events):
No events

Classes redefined (0 events):
No events

Internal exceptions (20 events):
Event: 14.082 Thread 0x0000010669a58c40 Exception <a 'java/lang/NoSuchMethodError'{0x000000008af670f8}: 'java.lang.Object java.lang.invoke.DirectMethodHandle$Holder.invokeInterface(java.lang.Object, java.lang.Object, java.lang.Object, java.lang.Object)'> (0x000000008af670f8) 
thrown [s\open\src\hotspot\share\interpreter\linkResolver.cpp, line 805]
Event: 14.364 Thread 0x0000010669a58c40 Exception <a 'java/lang/NoSuchMethodError'{0x000000008a35b3f8}: 'int java.lang.invoke.DirectMethodHandle$Holder.invokeStaticInit(java.lang.Object, java.lang.Object, java.lang.Object, java.lang.Object)'> (0x000000008a35b3f8) 
thrown [s\open\src\hotspot\share\interpreter\linkResolver.cpp, line 805]
Event: 14.371 Thread 0x0000010669a58c40 Implicit null exception at 0x0000010607cf7277 to 0x0000010607cf76a4
Event: 14.419 Thread 0x0000010669a58c40 Exception <a 'java/lang/IncompatibleClassChangeError'{0x000000008a1cb6b8}: Found class java.lang.Object, but interface was expected> (0x000000008a1cb6b8) 
thrown [s\open\src\hotspot\share\interpreter\linkResolver.cpp, line 872]
Event: 14.570 Thread 0x0000010669a58c40 Exception <a 'java/lang/NoSuchMethodError'{0x0000000089bcec28}: 'java.lang.Object java.lang.invoke.DirectMethodHandle$Holder.newInvokeSpecial(java.lang.Object, java.lang.Object, int, java.lang.Object, java.lang.Object)'> (0x0000000089bcec28) 
thrown [s\open\src\hotspot\share\interpreter\linkResolver.cpp, line 805]
Event: 14.691 Thread 0x0000010669a58c40 Exception <a 'java/lang/IncompatibleClassChangeError'{0x00000000892df408}: Found class java.lang.Object, but interface was expected> (0x00000000892df408) 
thrown [s\open\src\hotspot\share\interpreter\linkResolver.cpp, line 872]
Event: 14.764 Thread 0x0000010669a58c40 Implicit null exception at 0x0000010607c8d8f9 to 0x0000010607c8dd7c
Event: 63.588 Thread 0x0000010656a4a470 Exception <a 'java/lang/NoSuchMethodError'{0x000000008944ccd8}: 'java.lang.Object java.lang.invoke.DirectMethodHandle$Holder.invokeStatic(java.lang.Object, java.lang.Object, java.lang.Object, int, int)'> (0x000000008944ccd8) 
thrown [s\open\src\hotspot\share\interpreter\linkResolver.cpp, line 805]
Event: 63.589 Thread 0x0000010656a4a470 Exception <a 'java/lang/NoSuchMethodError'{0x0000000089454c28}: 'java.lang.Object java.lang.invoke.DirectMethodHandle$Holder.invokeStaticInit(java.lang.Object, java.lang.Object, java.lang.Object, int, int)'> (0x0000000089454c28) 
thrown [s\open\src\hotspot\share\interpreter\linkResolver.cpp, line 805]
Event: 63.677 Thread 0x00000106568e95c0 Exception <a 'java/lang/NoSuchMethodError'{0x0000000088c3e758}: 'java.lang.Object java.lang.invoke.DirectMethodHandle$Holder.invokeSpecial(java.lang.Object, java.lang.Object, java.lang.Object, java.lang.Object, java.lang.Object, long)'> (0x0000000088c3e758) 
thrown [s\open\src\hotspot\share\interpreter\linkResolver.cpp, line 805]
Event: 63.678 Thread 0x00000106568e95c0 Exception <a 'java/lang/NoSuchMethodError'{0x0000000088c47078}: 'java.lang.Object java.lang.invoke.DirectMethodHandle$Holder.invokeSpecial(java.lang.Object, java.lang.Object, java.lang.Object, java.lang.Object, java.lang.Object, java.lang.Object, long)'> (0x0000000088c47078) 
thrown [s\open\src\hotspot\share\interpreter\linkResolver.cpp, line 805]
Event: 63.679 Thread 0x00000106568e95c0 Exception <a 'java/lang/NoSuchMethodError'{0x0000000088c4f3f0}: 'java.lang.Object java.lang.invoke.DelegatingMethodHandle$Holder.reinvoke_L(java.lang.Object, java.lang.Object, java.lang.Object, java.lang.Object, java.lang.Object, long)'> (0x0000000088c4f3f0) 
thrown [s\open\src\hotspot\share\interpreter\linkResolver.cpp, line 805]
Event: 63.680 Thread 0x00000106568e95c0 Exception <a 'java/lang/NoSuchMethodError'{0x0000000088c5f7b0}: 'java.lang.Object java.lang.invoke.Invokers$Holder.linkToTargetMethod(java.lang.Object, java.lang.Object, java.lang.Object, long, java.lang.Object)'> (0x0000000088c5f7b0) 
thrown [s\open\src\hotspot\share\interpreter\linkResolver.cpp, line 805]
Event: 64.208 Thread 0x00000106568e7fd0 Exception <a 'java/lang/NoSuchMethodError'{0x000000008856c0b0}: 'void java.lang.invoke.DirectMethodHandle$Holder.invokeSpecialIFC(java.lang.Object, java.lang.Object, int, java.lang.Object, java.lang.Object, java.lang.Object, java.lang.Object)'> (0x000000008856c0b0) 
thrown [s\open\src\hotspot\share\interpreter\linkResolver.cpp, line 805]
Event: 64.508 Thread 0x00000106568e7fd0 Exception <a 'java/lang/NoSuchMethodError'{0x0000000088120a80}: 'java.lang.Object java.lang.invoke.Invokers$Holder.linkToTargetMethod(java.lang.Object, int, java.lang.Object, java.lang.Object, java.lang.Object, java.lang.Object)'> (0x0000000088120a80) 
thrown [s\open\src\hotspot\share\interpreter\linkResolver.cpp, line 805]
Event: 64.513 Thread 0x00000106568e7fd0 Exception <a 'java/lang/NoSuchMethodError'{0x000000008813aa30}: 'int java.lang.invoke.DirectMethodHandle$Holder.invokeStatic(java.lang.Object, java.lang.Object, int, java.lang.Object)'> (0x000000008813aa30) 
thrown [s\open\src\hotspot\share\interpreter\linkResolver.cpp, line 805]
Event: 64.666 Thread 0x00000106568e7fd0 Exception <a 'java/lang/IncompatibleClassChangeError'{0x00000000fff749f8}: Found class java.lang.Object, but interface was expected> (0x00000000fff749f8) 
thrown [s\open\src\hotspot\share\interpreter\linkResolver.cpp, line 872]
Event: 64.742 Thread 0x00000106568e7fd0 Implicit null exception at 0x0000010607efc6d8 to 0x0000010607efcc68
Event: 64.759 Thread 0x00000106568e7fd0 Implicit null exception at 0x0000010607e6d319 to 0x0000010607e6d714
Event: 64.775 Thread 0x00000106568e7fd0 Implicit null exception at 0x0000010607e6cf4d to 0x0000010607e6d094

VM Operations (20 events):
Event: 63.866 Executing VM operation: HandshakeAllThreads (Deoptimize)
Event: 63.866 Executing VM operation: HandshakeAllThreads (Deoptimize) done
Event: 63.908 Executing VM operation: HandshakeAllThreads (Deoptimize)
Event: 63.908 Executing VM operation: HandshakeAllThreads (Deoptimize) done
Event: 64.026 Executing VM operation: HandshakeAllThreads (Deoptimize)
Event: 64.026 Executing VM operation: HandshakeAllThreads (Deoptimize) done
Event: 64.182 Executing VM operation: HandshakeAllThreads (Deoptimize)
Event: 64.182 Executing VM operation: HandshakeAllThreads (Deoptimize) done
Event: 64.217 Executing VM operation: HandshakeAllThreads (Deoptimize)
Event: 64.217 Executing VM operation: HandshakeAllThreads (Deoptimize) done
Event: 64.466 Executing VM operation: HandshakeAllThreads (Deoptimize)
Event: 64.466 Executing VM operation: HandshakeAllThreads (Deoptimize) done
Event: 64.542 Executing VM operation: G1CollectForAllocation (G1 Evacuation Pause)
Event: 64.588 Executing VM operation: G1CollectForAllocation (G1 Evacuation Pause) done
Event: 64.793 Executing VM operation: HandshakeAllThreads (Deoptimize)
Event: 64.793 Executing VM operation: HandshakeAllThreads (Deoptimize) done
Event: 120.274 Executing VM operation: HandshakeAllThreads (HandshakeForDeflation)
Event: 120.275 Executing VM operation: HandshakeAllThreads (HandshakeForDeflation) done
Event: 120.275 Executing VM operation: RendezvousGCThreads
Event: 120.275 Executing VM operation: RendezvousGCThreads done

Memory protections (0 events):
No events

Nmethod flushes (20 events):
Event: 12.534 Thread 0x00000106776886d0 flushing  nmethod 0x0000010607cdc108
Event: 12.534 Thread 0x00000106776886d0 flushing  nmethod 0x0000010607e0ce88
Event: 12.534 Thread 0x00000106776886d0 flushing  nmethod 0x0000010607e0f788
Event: 12.534 Thread 0x00000106776886d0 flushing  nmethod 0x0000010607e9db88
Event: 12.534 Thread 0x00000106776886d0 flushing  nmethod 0x0000010600796308
Event: 12.534 Thread 0x00000106776886d0 flushing  nmethod 0x000001060090b588
Event: 12.534 Thread 0x00000106776886d0 flushing  nmethod 0x0000010600bfdb88
Event: 12.534 Thread 0x00000106776886d0 flushing  nmethod 0x0000010600c0a108
Event: 12.534 Thread 0x00000106776886d0 flushing  nmethod 0x0000010607b77508
Event: 12.534 Thread 0x00000106776886d0 flushing  nmethod 0x0000010607cfc288
Event: 12.534 Thread 0x00000106776886d0 flushing  nmethod 0x0000010607d3f188
Event: 12.534 Thread 0x00000106776886d0 flushing  nmethod 0x00000106008b1a08
Event: 12.534 Thread 0x00000106776886d0 flushing  nmethod 0x0000010607e09488
Event: 12.534 Thread 0x00000106776886d0 flushing  nmethod 0x0000010600790988
Event: 12.534 Thread 0x00000106776886d0 flushing  nmethod 0x0000010600a20788
Event: 12.534 Thread 0x00000106776886d0 flushing  nmethod 0x0000010607c3bb08
Event: 12.534 Thread 0x00000106776886d0 flushing  nmethod 0x000001060000b608
Event: 12.534 Thread 0x00000106776886d0 flushing  nmethod 0x0000010600401008
Event: 12.534 Thread 0x00000106776886d0 flushing  nmethod 0x0000010600845688
Event: 12.534 Thread 0x00000106776886d0 flushing  nmethod 0x00000106009ad908

Events (20 events):
Event: 10.812 Thread 0x0000010654054680 Thread added: 0x0000010655043a60
Event: 14.586 Thread 0x00000106568e7880 Thread exited: 0x00000106568e7880
Event: 14.587 Thread 0x0000010669a58c40 Thread added: 0x00000106568e95c0
Event: 14.587 Thread 0x0000010669a58c40 Thread added: 0x00000106568e7fd0
Event: 14.587 Thread 0x0000010669a58c40 Thread added: 0x00000106568e7880
Event: 14.587 Thread 0x0000010669a58c40 Thread added: 0x00000106568e9d10
Event: 14.587 Thread 0x0000010669a58c40 Thread added: 0x0000010654e746e0
Event: 14.587 Thread 0x0000010669a58c40 Thread added: 0x0000010656a48e80
Event: 14.587 Thread 0x0000010669a58c40 Thread added: 0x0000010656a47890
Event: 14.587 Thread 0x0000010669a58c40 Thread added: 0x0000010656a47fe0
Event: 14.588 Thread 0x0000010669a58c40 Thread added: 0x0000010656a48730
Event: 14.588 Thread 0x0000010669a58c40 Thread added: 0x0000010656a495d0
Event: 14.607 Thread 0x0000010669a58c40 Thread added: 0x0000010656a49d20
Event: 14.609 Thread 0x0000010669a58c40 Thread added: 0x0000010656a4a470
Event: 14.771 Thread 0x0000010669a58c40 Thread exited: 0x0000010669a58c40
Event: 14.771 Thread 0x0000010656a4ba60 Thread added: 0x0000010656a4ba60
Event: 15.330 Thread 0x0000010655041c20 Thread exited: 0x0000010655041c20
Event: 15.330 Thread 0x0000010655043a60 Thread exited: 0x0000010655043a60
Event: 33.256 Thread 0x0000010654e729a0 Thread added: 0x0000010656a4c900
Event: 121.561 Thread 0x0000010654e72250 Thread exited: 0x0000010654e72250


Dynamic libraries:
0x00007ff6ea280000 - 0x00007ff6ea28e000 	C:\Users\VIET ANH\.jdks\openjdk-24.0.1\bin\java.exe
0x00007fffc9aa0000 - 0x00007fffc9d08000 	C:\WINDOWS\SYSTEM32\ntdll.dll
0x00007fffc81f0000 - 0x00007fffc82b9000 	C:\WINDOWS\System32\KERNEL32.DLL
0x00007fffc7310000 - 0x00007fffc76fd000 	C:\WINDOWS\System32\KERNELBASE.dll
0x00007fffc6d70000 - 0x00007fffc6ebb000 	C:\WINDOWS\System32\ucrtbase.dll
0x00007fffbb6d0000 - 0x00007fffbb6eb000 	C:\Users\VIET ANH\.jdks\openjdk-24.0.1\bin\VCRUNTIME140.dll
0x00007fffbdb00000 - 0x00007fffbdb16000 	C:\Users\VIET ANH\.jdks\openjdk-24.0.1\bin\jli.dll
0x00007fffc8f20000 - 0x00007fffc90ec000 	C:\WINDOWS\System32\USER32.dll
0x00007fffc6070000 - 0x00007fffc630a000 	C:\WINDOWS\WinSxS\amd64_microsoft.windows.common-controls_6595b64144ccf1df_6.0.26100.4484_none_3e0e6d4ce32ef3b3\COMCTL32.dll
0x00007fffc7230000 - 0x00007fffc7257000 	C:\WINDOWS\System32\win32u.dll
0x00007fffc99b0000 - 0x00007fffc9a59000 	C:\WINDOWS\System32\msvcrt.dll
0x00007fffc82d0000 - 0x00007fffc82fb000 	C:\WINDOWS\System32\GDI32.dll
0x00007fffc7700000 - 0x00007fffc7837000 	C:\WINDOWS\System32\gdi32full.dll
0x00007fffc7260000 - 0x00007fffc7303000 	C:\WINDOWS\System32\msvcp_win.dll
0x00007fffc81b0000 - 0x00007fffc81df000 	C:\WINDOWS\System32\IMM32.DLL
0x00007fffc5800000 - 0x00007fffc580c000 	C:\Users\VIET ANH\.jdks\openjdk-24.0.1\bin\vcruntime140_1.dll
0x00007fffa8af0000 - 0x00007fffa8b7e000 	C:\Users\VIET ANH\.jdks\openjdk-24.0.1\bin\msvcp140.dll
0x00007fff540b0000 - 0x00007fff54e52000 	C:\Users\VIET ANH\.jdks\openjdk-24.0.1\bin\server\jvm.dll
0x00007fffc7890000 - 0x00007fffc7944000 	C:\WINDOWS\System32\ADVAPI32.dll
0x00007fffc9260000 - 0x00007fffc9306000 	C:\WINDOWS\System32\sechost.dll
0x00007fffc9310000 - 0x00007fffc9428000 	C:\WINDOWS\System32\RPCRT4.dll
0x00007fffc7e50000 - 0x00007fffc7ec4000 	C:\WINDOWS\System32\WS2_32.dll
0x00007fffc6470000 - 0x00007fffc64ce000 	C:\WINDOWS\SYSTEM32\POWRPROF.dll
0x00007fffbb780000 - 0x00007fffbb7b5000 	C:\WINDOWS\SYSTEM32\WINMM.dll
0x00007fffc47d0000 - 0x00007fffc47db000 	C:\WINDOWS\SYSTEM32\VERSION.dll
0x00007fffc6310000 - 0x00007fffc6324000 	C:\WINDOWS\SYSTEM32\UMPDC.dll
0x00007fffc5c00000 - 0x00007fffc5c1b000 	C:\WINDOWS\SYSTEM32\kernel.appcore.dll
0x00007fffc5450000 - 0x00007fffc545a000 	C:\Users\VIET ANH\.jdks\openjdk-24.0.1\bin\jimage.dll
0x00007fffc6500000 - 0x00007fffc6741000 	C:\WINDOWS\SYSTEM32\DBGHELP.DLL
0x00007fffc7ac0000 - 0x00007fffc7e46000 	C:\WINDOWS\System32\combase.dll
0x00007fffc8360000 - 0x00007fffc8440000 	C:\WINDOWS\System32\OLEAUT32.dll
0x00007fffc6330000 - 0x00007fffc6373000 	C:\WINDOWS\SYSTEM32\dbgcore.DLL
0x00007fffc70d0000 - 0x00007fffc7169000 	C:\WINDOWS\System32\bcryptPrimitives.dll
0x00007fffc03b0000 - 0x00007fffc03bf000 	C:\Users\VIET ANH\.jdks\openjdk-24.0.1\bin\instrument.dll
0x00007fffb1f70000 - 0x00007fffb1f8e000 	C:\Users\VIET ANH\.jdks\openjdk-24.0.1\bin\java.dll
0x00007fffc8460000 - 0x00007fffc85fe000 	C:\WINDOWS\System32\ole32.dll
0x00007fffc8710000 - 0x00007fffc8e5a000 	C:\WINDOWS\System32\SHELL32.dll
0x00007fffc6bf0000 - 0x00007fffc6d64000 	C:\WINDOWS\System32\wintypes.dll
0x00007fffc3820000 - 0x00007fffc407b000 	C:\WINDOWS\SYSTEM32\windows.storage.dll
0x00007fffc8610000 - 0x00007fffc8705000 	C:\WINDOWS\System32\SHCORE.dll
0x00007fffc91f0000 - 0x00007fffc925a000 	C:\WINDOWS\System32\shlwapi.dll
0x00007fffc6b00000 - 0x00007fffc6b2f000 	C:\WINDOWS\SYSTEM32\profapi.dll
0x00007fff95090000 - 0x00007fff95167000 	C:\Users\VIET ANH\.jdks\openjdk-24.0.1\bin\jsvml.dll
0x00007fffb1840000 - 0x00007fffb1857000 	C:\Users\VIET ANH\.jdks\openjdk-24.0.1\bin\zip.dll
0x00007fffb1fe0000 - 0x00007fffb1ff0000 	C:\Users\VIET ANH\.jdks\openjdk-24.0.1\bin\net.dll
0x00007fffc4f90000 - 0x00007fffc4ffa000 	C:\WINDOWS\system32\mswsock.dll
0x00007fffb1370000 - 0x00007fffb1386000 	C:\Users\VIET ANH\.jdks\openjdk-24.0.1\bin\nio.dll
0x00007fffb1f40000 - 0x00007fffb1f49000 	C:\Users\VIET ANH\.jdks\openjdk-24.0.1\bin\extnet.dll
0x00007fffc4510000 - 0x00007fffc4636000 	C:\WINDOWS\SYSTEM32\DNSAPI.dll
0x00007fffc44d0000 - 0x00007fffc4503000 	C:\WINDOWS\SYSTEM32\IPHLPAPI.DLL
0x00007fffc8f10000 - 0x00007fffc8f1a000 	C:\WINDOWS\System32\NSI.dll
0x00007fffbaf80000 - 0x00007fffbaf8b000 	C:\Windows\System32\rasadhlp.dll
0x00007fffbf260000 - 0x00007fffbf2e6000 	C:\WINDOWS\System32\fwpuclnt.dll
0x00007fffb0ea0000 - 0x00007fffb0eaa000 	C:\Users\VIET ANH\.jdks\openjdk-24.0.1\bin\management.dll
0x00007fffb0e50000 - 0x00007fffb0e5b000 	C:\Users\VIET ANH\.jdks\openjdk-24.0.1\bin\management_ext.dll
0x00007fffc9980000 - 0x00007fffc9988000 	C:\WINDOWS\System32\PSAPI.DLL
0x00007fffc64e0000 - 0x00007fffc64fb000 	C:\WINDOWS\SYSTEM32\CRYPTSP.dll
0x00007fffc49a0000 - 0x00007fffc49db000 	C:\WINDOWS\system32\rsaenh.dll
0x00007fffc5030000 - 0x00007fffc505b000 	C:\WINDOWS\SYSTEM32\USERENV.dll
0x00007fffc6ad0000 - 0x00007fffc6af6000 	C:\WINDOWS\SYSTEM32\bcrypt.dll
0x00007fffc5bf0000 - 0x00007fffc5bfc000 	C:\WINDOWS\SYSTEM32\CRYPTBASE.dll
0x00007fffb1fc0000 - 0x00007fffb1fd8000 	C:\WINDOWS\system32\napinsp.dll
0x00007fffb1fa0000 - 0x00007fffb1fb2000 	C:\WINDOWS\System32\winrnr.dll
0x00007fff457f0000 - 0x00007fff45820000 	C:\WINDOWS\system32\nlansp_c.dll
0x00007fffb00d0000 - 0x00007fffb00f0000 	C:\WINDOWS\system32\wshbth.dll
0x00007fffa8160000 - 0x00007fffa81ae000 	C:\WINDOWS\SYSTEM32\pdh.dll
0x00007fffc5b30000 - 0x00007fffc5b42000 	C:\WINDOWS\System32\perfproc.dll
0x00007fffb0e40000 - 0x00007fffb0e4e000 	C:\Users\VIET ANH\.jdks\openjdk-24.0.1\bin\sunmscapi.dll
0x00007fffc6ec0000 - 0x00007fffc7037000 	C:\WINDOWS\System32\CRYPT32.dll
0x00007fffc5cc0000 - 0x00007fffc5cf0000 	C:\WINDOWS\SYSTEM32\ncrypt.dll
0x00007fffc5ba0000 - 0x00007fffc5bdf000 	C:\WINDOWS\SYSTEM32\NTASN1.dll
0x00007fffb0ec0000 - 0x00007fffb0ed0000 	C:\Users\VIET ANH\.jdks\openjdk-24.0.1\bin\verify.dll
0x00007fffa76d0000 - 0x00007fffa76d8000 	C:\WINDOWS\system32\wshunix.dll

JVMTI agents:
C:\Program Files\JetBrains\IntelliJ IDEA 2025.1.2\lib\idea_rt.jar path:C:\Users\VIET ANH\.jdks\openjdk-24.0.1\bin\instrument.dll, loaded, initialized, instrumentlib options:65396

dbghelp: loaded successfully - version: 4.0.5 - missing functions: none
symbol engine: initialized successfully - sym options: 0x614 - pdb path: .;C:\Users\VIET ANH\.jdks\openjdk-24.0.1\bin;C:\WINDOWS\SYSTEM32;C:\WINDOWS\WinSxS\amd64_microsoft.windows.common-controls_6595b64144ccf1df_6.0.26100.4484_none_3e0e6d4ce32ef3b3;C:\Users\VIET ANH\.jdks\openjdk-24.0.1\bin\server

VM Arguments:
jvm_args: -javaagent:C:\Program Files\JetBrains\IntelliJ IDEA 2025.1.2\lib\idea_rt.jar=65396 -Dfile.encoding=UTF-8 -Dsun.stdout.encoding=UTF-8 -Dsun.stderr.encoding=UTF-8 
java_command: develop.circlek.CirclekApplication
java_class_path (initial): C:\Users\VIET ANH\OneDrive\Máy tính\Spring Boot\rs-management4\target\classes;C:\Users\VIET ANH\.m2\repository\org\springframework\boot\spring-boot-starter-data-jpa\3.5.3\spring-boot-starter-data-jpa-3.5.3.jar;C:\Users\VIET ANH\.m2\repository\org\springframework\boot\spring-boot-starter\3.5.3\spring-boot-starter-3.5.3.jar;C:\Users\VIET ANH\.m2\repository\org\springframework\boot\spring-boot\3.5.3\spring-boot-3.5.3.jar;C:\Users\VIET ANH\.m2\repository\org\springframework\boot\spring-boot-autoconfigure\3.5.3\spring-boot-autoconfigure-3.5.3.jar;C:\Users\VIET ANH\.m2\repository\org\springframework\boot\spring-boot-starter-logging\3.5.3\spring-boot-starter-logging-3.5.3.jar;C:\Users\VIET ANH\.m2\repository\ch\qos\logback\logback-classic\1.5.18\logback-classic-1.5.18.jar;C:\Users\VIET ANH\.m2\repository\ch\qos\logback\logback-core\1.5.18\logback-core-1.5.18.jar;C:\Users\VIET ANH\.m2\repository\org\apache\logging\log4j\log4j-to-slf4j\2.24.3\log4j-to-slf4j-2.24.3.jar;C:\Users\VIET ANH\.m2\repository\org\apache\logging\log4j\log4j-api\2.24.3\log4j-api-2.24.3.jar;C:\Users\VIET ANH\.m2\repository\org\slf4j\jul-to-slf4j\2.0.17\jul-to-slf4j-2.0.17.jar;C:\Users\VIET ANH\.m2\repository\jakarta\annotation\jakarta.annotation-api\2.1.1\jakarta.annotation-api-2.1.1.jar;C:\Users\VIET ANH\.m2\repository\org\yaml\snakeyaml\2.4\snakeyaml-2.4.jar;C:\Users\VIET ANH\.m2\repository\org\springframework\boot\spring-boot-starter-jdbc\3.5.3\spring-boot-starter-jdbc-3.5.3.jar;C:\Users\VIET ANH\.m2\repository\com\zaxxer\HikariCP\6.3.0\HikariCP-6.3.0.jar;C:\Users\VIET ANH\.m2\repository\org\springframework\spring-jdbc\6.2.8\spring-jdbc-6.2.8.jar;C:\Users\VIET ANH\.m2\repository\org\hibernate\orm\hibernate-core\6.6.18.Final\hibernate-core-6.6.18.Final.jar;C:\Users\VIET ANH\.m2\repository\jakarta\persistence\jakarta.persistence-api\3.1.0\jakarta.persistence-api-3.1.0.jar;C:\Users\VIET ANH\.m2\repository\jakarta\transaction\jakarta.transaction-api\2.0.1\jakarta.transaction-api-2.0.1.jar;C:\Users\VIET ANH\.m2\repository\org\jboss\logging\jboss-logging\3.6.1.Final\jboss-logging-3.6.1.Final.jar;C:\Users\VIET ANH\.m2\repository\org\hibernate\common\hibernate-commons-annotations\7.0.3.Final\hibernate-commons-annotations-7.0.3.Final.jar;C:\Users\VIET ANH\.m2\repository\io\smallrye\jandex\3.2.0\jandex-3.2.0.jar;C:\Users\VIET ANH\.m2\repository\com\fasterxml\classmate\1.7.0\classmate-1.7.0.jar;C:\Users\VIET ANH\.m2\repository\net\bytebuddy\byte-buddy\1.17.6\byte-buddy-1.17.6.jar;C:\Users\VIET ANH\.m2\repository\org\glassfish\jaxb\jaxb-runtime\4.0.5\jaxb-runtime-4.0.5.jar;C:\Users\VIET ANH\.m2\repository\org\glassfish\jaxb\jaxb-core\4.0.5\jaxb-core-4.0.5.jar;C:\Users\VIET ANH\.m2\repository\org\eclipse\angus\angus-activation\2.0.2\angus-activation-2.0.2.jar;C:\Users\VIET ANH\.m2\repository\org\glassfish\jaxb\txw2\4.0.5\txw2-4.0.5.jar;C:\Users\VIET ANH\.m2\repository\com\sun\istack\istack-commons-runtime\4.1.2\istack-commons-runtime-4.1.2.jar;C:\Users\VIET ANH\.m2\repository\jakarta\inject\jakarta.inject-api\2.0.1\jakarta.inject-api-2.0.1.jar;C:\Users\VIET ANH\.m2\repository\org\antlr\antlr4-runtime\4.13.0\antlr4-runtime-4.13.0.jar;C:\Users\VIET ANH\.m2\repository\org\springframework\data\spring-data-jpa\3.5.1\spring-data-jpa-3.5.1.jar;C:\Users\VIET ANH\.m2\repository\org\springframework\data\spring-data-commons\3.5.1\spring-data-commons-3.5.1.jar;C:\Users\VIET ANH\.m2\repository\org\springframework\spring-orm\6.2.8\spring-orm-6.2.8.jar;C:\Users\VIET ANH\.m2\repository\org\springframework\spring-context\6.2.8\spring-context-6.2.8.jar;C:\Users\VIET ANH\.m2\repository\org\springframework\spring-tx\6.2.8\spring-tx-6.2.8.jar;C:\Users\VIET ANH\.m2\repository\org\springframework\spring-beans\6.2.8\spring-beans-6.2.8.jar;C:\Users\VIET ANH\.m2\repository\org\slf4j\slf4j-api\2.0.17\slf4j-api-2.0.17.jar;C:\Users\VIET ANH\.m2\repository\org\springframework\spring-aspects\6.2.8\spring-aspects-6.2.8.jar;C:\Users\VIET ANH\.m2\repository\org\aspectj\aspectjweaver\1.9.24\aspectjweaver-1.9.24.jar;C:\Users\VIET ANH\.m2\repository\org\springframework\boot\spring-boot-starter-validation\3.5.3\spring-boot-starter-validation-3.5.3.jar;C:\Users\VIET ANH\.m2\repository\org\apache\tomcat\embed\tomcat-embed-el\10.1.42\tomcat-embed-el-10.1.42.jar;C:\Users\VIET ANH\.m2\repository\org\hibernate\validator\hibernate-validator\8.0.2.Final\hibernate-validator-8.0.2.Final.jar;C:\Users\VIET ANH\.m2\repository\jakarta\validation\jakarta.validation-api\3.0.2\jakarta.validation-api-3.0.2.jar;C:\Users\VIET ANH\.m2\repository\org\springframework\boot\spring-boot-starter-web\3.5.3\spring-boot-starter-web-3.5.3.jar;C:\Users\VIET ANH\.m2\repository\org\springframework\boot\spring-boot-starter-json\3.5.3\spring-boot-starter-json-3.5.3.jar;C:\Users\VIET ANH\.m2\repository\com\fasterxml\jackson\datatype\jackson-datatype-jdk8\2.19.1\jackson-datatype-jdk8-2.19.1.jar;C:\Users\VIET ANH\.m2\repository\com\fasterxml\jackson\datatype\jackson-datatype-jsr310\2.19.1\jackson-datatype-jsr310-2.19.1.jar;C:\Users\VIET ANH\.m2\repository\com\fasterxml\jackson\module\jackson-module-parameter-names\2.19.1\jackson-module-parameter-names-2.19.1.jar;C:\Users\VIET ANH\.m2\repository\org\springframework\boot\spring-boot-starter-tomcat\3.5.3\spring-boot-starter-tomcat-3.5.3.jar;C:\Users\VIET ANH\.m2\repository\org\apache\tomcat\embed\tomcat-embed-core\10.1.42\tomcat-embed-core-10.1.42.jar;C:\Users\VIET ANH\.m2\repository\org\apache\tomcat\embed\tomcat-embed-websocket\10.1.42\tomcat-embed-websocket-10.1.42.jar;C:\Users\VIET ANH\.m2\repository\org\springframework\spring-web\6.2.8\spring-web-6.2.8.jar;C:\Users\VIET ANH\.m2\repository\io\micrometer\micrometer-observation\1.15.1\micrometer-observation-1.15.1.jar;C:\Users\VIET ANH\.m2\repository\io\micrometer\micrometer-commons\1.15.1\micrometer-commons-1.15.1.jar;C:\Users\VIET ANH\.m2\repository\org\springframework\spring-webmvc\6.2.8\spring-webmvc-6.2.8.jar;C:\Users\VIET ANH\.m2\repository\org\springframework\spring-expression\6.2.8\spring-expression-6.2.8.jar;C:\Users\VIET ANH\.m2\repository\org\mapstruct\mapstruct\1.5.5.Final\mapstruct-1.5.5.Final.jar;C:\Users\VIET ANH\.m2\repository\org\projectlombok\lombok-mapstruct-binding\0.2.0\lombok-mapstruct-binding-0.2.0.jar;C:\Users\VIET ANH\.m2\repository\com\mysql\mysql-connector-j\8.0.33\mysql-connector-j-8.0.33.jar;C:\Users\VIET ANH\.m2\repository\org\projectlombok\lombok\1.18.38\lombok-1.18.38.jar;C:\Users\VIET ANH\.m2\repository\jakarta\xml\bind\jakarta.xml.bind-api\4.0.2\jakarta.xml.bind-api-4.0.2.jar;C:\Users\VIET ANH\.m2\repository\jakarta\activation\jakarta.activation-api\2.1.3\jakarta.activation-api-2.1.3.jar;C:\Users\VIET ANH\.m2\repository\org\springframework\spring-core\6.2.8\spring-core-6.2.8.jar;C:\Users\VIET ANH\.m2\repository\org\springframework\spring-jcl\6.2.8\spring-jcl-6.2.8.jar;C:\Users\VIET ANH\.m2\repository\org\springframework\boot\spring-boot-starter-security\3.5.3\spring-boot-starter-security-3.5.3.jar;C:\Users\VIET ANH\.m2\repository\org\springframework\spring-aop\6.2.8\spring-aop-6.2.8.jar;C:\Users\VIET ANH\.m2\repository\org\springframework\security\spring-security-config\6.5.1\spring-security-config-6.5.1.jar;C:\Users\VIET ANH\.m2\repository\org\springframework\security\spring-security-web\6.5.1\spring-security-web-6.5.1.jar;C:\Users\VIET ANH\.m2\repository\org\springframework\boot\spring-boot-starter-oauth2-resource-server\3.5.3\spring-boot-starter-oauth2-resource-server-3.5.3.jar;C:\Users\VIET ANH\.m2\repository\org\springframework\security\spring-security-core\6.5.1\spring-security-core-6.5.1.jar;C:\Users\VIET ANH\.m2\repository\org\springframework\security\spring-security-crypto\6.5.1\spring-security-crypto-6.5.1.jar;C:\Users\VIET ANH\.m2\repository\org\springframework\security\spring-security-oauth2-resource-server\6.5.1\spring-security-oauth2-resource-server-6.5.1.jar;C:\Users\VIET ANH\.m2\repository\org\springframework\security\spring-security-oauth2-core\6.5.1\spring-security-oauth2-core-6.5.1.jar;C:\Users\VIET ANH\.m2\repository\org\springframework\security\spring-security-oauth2-jose\6.5.1\spring-security-oauth2-jose-6.5.1.jar;C:\Users\VIET ANH\.m2\repository\com\nimbusds\nimbus-jose-jwt\9.37.3\nimbus-jose-jwt-9.37.3.jar;C:\Users\VIET ANH\.m2\repository\com\github\stephenc\jcip\jcip-annotations\1.0-1\jcip-annotations-1.0-1.jar;C:\Users\VIET ANH\.m2\repository\io\jsonwebtoken\jjwt-api\0.11.5\jjwt-api-0.11.5.jar;C:\Users\VIET ANH\.m2\repository\io\jsonwebtoken\jjwt-impl\0.11.5\jjwt-impl-0.11.5.jar;C:\Users\VIET ANH\.m2\repository\io\jsonwebtoken\jjwt-jackson\0.11.5\jjwt-jackson-0.11.5.jar;C:\Users\VIET ANH\.m2\repository\com\fasterxml\jackson\core\jackson-databind\2.19.1\jackson-databind-2.19.1.jar;C:\Users\VIET ANH\.m2\repository\com\fasterxml\jackson\core\jackson-annotations\2.19.1\jackson-annotations-2.19.1.jar;C:\Users\VIET ANH\.m2\repository\com\fasterxml\jackson\core\jackson-core\2.19.1\jackson-core-2.19.1.jar;C:\Users\VIET ANH\.m2\repository\com\querydsl\querydsl-jpa\5.0.0\querydsl-jpa-5.0.0-jakarta.jar;C:\Users\VIET ANH\.m2\repository\com\querydsl\querydsl-core\5.0.0\querydsl-core-5.0.0.jar;C:\Users\VIET ANH\.m2\repository\com\mysema\commons\mysema-commons-lang\0.2.4\mysema-commons-lang-0.2.4.jar
Launcher Type: SUN_STANDARD

[Global flags]
     intx CICompilerCount                          = 4                                         {product} {ergonomic}
     uint ConcGCThreads                            = 2                                         {product} {ergonomic}
     uint G1ConcRefinementThreads                  = 8                                         {product} {ergonomic}
   size_t G1HeapRegionSize                         = 1048576                                   {product} {ergonomic}
   size_t InitialHeapSize                          = 132120576                                 {product} {ergonomic}
   size_t MarkStackSize                            = 4194304                                   {product} {ergonomic}
   size_t MarkStackSizeMax                         = 536870912                                 {product} {ergonomic}
   size_t MaxHeapSize                              = 2090860544                                {product} {ergonomic}
   size_t MaxNewSize                               = 1254096896                                {product} {ergonomic}
   size_t MinHeapDeltaBytes                        = 1048576                                   {product} {ergonomic}
   size_t MinHeapSize                              = 8388608                                   {product} {ergonomic}
    uintx NonNMethodCodeHeapSize                   = 5832704                                {pd product} {ergonomic}
    uintx NonProfiledCodeHeapSize                  = 122945536                              {pd product} {ergonomic}
    uintx ProfiledCodeHeapSize                     = 122880000                              {pd product} {ergonomic}
    uintx ReservedCodeCacheSize                    = 251658240                              {pd product} {ergonomic}
     bool SegmentedCodeCache                       = true                                      {product} {ergonomic}
   size_t SoftMaxHeapSize                          = 2090860544                             {manageable} {ergonomic}
     bool UseCompressedOops                        = true                           {product lp64_product} {ergonomic}
     bool UseG1GC                                  = true                                      {product} {ergonomic}
     bool UseLargePagesIndividualAllocation        = false                                  {pd product} {ergonomic}

Logging:
Log output configuration:
 #0: stdout all=warning uptime,level,tags foldmultilines=false
 #1: stderr all=off uptime,level,tags foldmultilines=false

Environment Variables:
PATH=C:\gurobi1201\win64\bin;C:\Program Files\Microsoft MPI\Bin\;C:\Program Files\Common Files\Oracle\Java\javapath;C:\Windows\system32;C:\Windows;C:\Windows\System32\Wbem;C:\Windows\System32\WindowsPowerShell\v1.0\;C:\Windows\System32\OpenSSH\;C:\Program Files (x86)\NVIDIA Corporation\PhysX\Common;C:\Program Files\NVIDIA Corporation\NVIDIA NvDLISR;C:\WINDOWS\system32;C:\WINDOWS;C:\WINDOWS\System32\Wbem;C:\WINDOWS\System32\WindowsPowerShell\v1.0\;C:\WINDOWS\System32\OpenSSH\;C:\Program Files (x86)\Microsoft SQL Server\160\Tools\Binn\;C:\Program Files\Microsoft SQL Server\160\Tools\Binn\;C:\Program Files\Microsoft SQL Server\Client SDK\ODBC\170\Tools\Binn\;C:\Program Files\Microsoft SQL Server\160\DTS\Binn\;C:\Program Files\Cloudflare\Cloudflare WARP\;C:\Program Files\Git\cmd;C:\Program Files\Docker\Docker\resources\bin;C:\Program Files\nodejs\;C:\Python39\Scripts\;C:\Python39\;C:\Users\VIET ANH\AppData\Local\Microsoft\WindowsApps;C:\MinGW\bin;C:\Users\VIET ANH\AppData\Local\Programs\Microsoft VS Code\bin;C:\Users\VIET ANH\OneDrive\Máy tính\Java\IntelliJ IDEA 2024.3.2.2\bin;;C:\Program Files\JetBrains\IntelliJ IDEA Community Edition 2024.3.2.2\bin;;C:\Users\VIET ANH\AppData\Roaming\npm
USERNAME=VIET ANH
OS=Windows_NT
PROCESSOR_IDENTIFIER=Intel64 Family 6 Model 140 Stepping 2, GenuineIntel
TMP=C:\Users\VIETAN~1\AppData\Local\Temp
TEMP=C:\Users\VIETAN~1\AppData\Local\Temp




Periodic native trim disabled

---------------  S Y S T E M  ---------------

OS:
 Windows 11 , 64 bit Build 26100 (10.0.26100.4484)
OS uptime: 12 days 0:32 hours
Hyper-V role detected

CPU: total 8 (initial active 8) (4 cores per cpu, 2 threads per core) family 6 model 140 stepping 2 microcode 0x26, cx8, cmov, fxsr, ht, mmx, 3dnowpref, sse, sse2, sse3, ssse3, sse4.1, sse4.2, popcnt, lzcnt, tsc, tscinvbit, avx, avx2, aes, erms, clmul, bmi1, bmi2, adx, avx512f, avx512dq, avx512cd, avx512bw, avx512vl, sha, fma, vzeroupper, avx512_vpopcntdq, avx512_vpclmulqdq, avx512_vaes, avx512_vnni, clflush, clflushopt, clwb, avx512_vbmi2, avx512_vbmi, hv, rdtscp, rdpid, fsrm, gfni, avx512_bitalg, f16c, cet_ibt, cet_ss, avx512_ifma
Processor Information for the first 8 processors :
  Max Mhz: 3187, Current Mhz: 3187, Mhz Limit: 3187

Memory: 4k page, system-wide physical 7975M (556M free)
TotalPageFile size 32551M (AvailPageFile size 7M)
current process WorkingSet (physical memory assigned to process): 49M, peak: 395M
current process commit charge ("private bytes"): 417M, peak: 462M

vm_info: OpenJDK 64-Bit Server VM (24.0.1+9-30) for windows-amd64 JRE (24.0.1+9-30), built on 2025-03-05T07:23:45Z with MS VC++ 17.6 (VS2022)

END.
