#
# There is insufficient memory for the Java Runtime Environment to continue.
# Native memory allocation (malloc) failed to allocate 1579152 bytes. Error detail: Chunk::new
# Possible reasons:
#   The system is out of physical RAM or swap space
#   This process is running with CompressedOops enabled, and the Java Heap may be blocking the growth of the native heap
# Possible solutions:
#   Reduce memory load on the system
#   Increase physical memory or swap space
#   Check if swap backing store is full
#   Decrease Java heap size (-Xmx/-Xms)
#   Decrease number of Java threads
#   Decrease Java thread stack sizes (-Xss)
#   Set larger code cache with -XX:ReservedCodeCacheSize=
#   JVM is running with Unscaled Compressed Oops mode in which the Java heap is
#     placed in the first 4GB address space. The Java Heap base address is the
#     maximum limit for the native heap growth. Please use -XX:HeapBaseMinAddress
#     to set the Java Heap base and to place the Java Heap above 4GB virtual address.
# This output file may be truncated or incomplete.
#
#  Out of Memory Error (arena.cpp:162), pid=27808, tid=22504
#
# JRE version: OpenJDK Runtime Environment (24.0.1+9) (build 24.0.1+9-30)
# Java VM: OpenJDK 64-Bit Server VM (24.0.1+9-30, mixed mode, sharing, tiered, compressed oops, compressed class ptrs, g1 gc, windows-amd64)
# No core dump will be written. Minidumps are not enabled by default on client versions of Windows
#

---------------  S U M M A R Y ------------

Command Line: -javaagent:C:\Program Files\JetBrains\IntelliJ IDEA 2025.1.2\lib\idea_rt.jar=52762 -Dfile.encoding=UTF-8 -Dsun.stdout.encoding=UTF-8 -Dsun.stderr.encoding=UTF-8 develop.circlek.CirclekApplication

Host: 11th Gen Intel(R) Core(TM) i5-11320H @ 3.20GHz, 8 cores, 7G,  Windows 11 , 64 bit Build 26100 (10.0.26100.4484)
Time: Sat Aug  2 23:19:17 2025 SE Asia Standard Time elapsed time: 1568.347874 seconds (0d 0h 26m 8s)

---------------  T H R E A D  ---------------

Current thread (0x0000020767a15410):  JavaThread "C2 CompilerThread0" daemon [_thread_in_native, id=22504, stack(0x0000009f7a900000,0x0000009f7aa00000) (1024K)]


Current CompileTask:
C2:1568348 11071       4       sun.security.util.DisabledAlgorithmConstraints::permits (70 bytes)

Stack: [0x0000009f7a900000,0x0000009f7aa00000]
Native frames: (J=compiled Java code, j=interpreted, Vv=VM code, C=native code)
V  [jvm.dll+0x730739]  (no source info available)
V  [jvm.dll+0x8d9b23]  (no source info available)
V  [jvm.dll+0x8dc00d]  (no source info available)
V  [jvm.dll+0x8dc683]  (no source info available)
V  [jvm.dll+0x2aa086]  (no source info available)
V  [jvm.dll+0xcedef]  (no source info available)
V  [jvm.dll+0xcf04f]  (no source info available)
V  [jvm.dll+0x154d83]  (no source info available)
V  [jvm.dll+0x735f5f]  (no source info available)
V  [jvm.dll+0x26fa1c]  (no source info available)
V  [jvm.dll+0x26ea3f]  (no source info available)
V  [jvm.dll+0x1e9d60]  (no source info available)
V  [jvm.dll+0x27e1fb]  (no source info available)
V  [jvm.dll+0x27c49a]  (no source info available)
V  [jvm.dll+0x42f456]  (no source info available)
V  [jvm.dll+0x87d76b]  (no source info available)
V  [jvm.dll+0x72ee55]  (no source info available)
C  [ucrtbase.dll+0x37b0]  (no source info available)
C  [KERNEL32.DLL+0x2e8d7]  (no source info available)
C  [ntdll.dll+0x3c34c]  (no source info available)

Lock stack of current Java thread (top to bottom):


---------------  P R O C E S S  ---------------

Threads class SMR info:
_java_thread_list=0x000002076a475ed0, length=37, elements={
0x0000020767a08820, 0x0000020767a09160, 0x0000020767a0ec30, 0x0000020767a11c70,
0x0000020767a12890, 0x0000020767a134b0, 0x0000020767a15410, 0x0000020767a31a60,
0x000002074521c370, 0x0000020745680cf0, 0x000002074568da20, 0x0000020745d62120,
0x0000020745e8c2a0, 0x0000020745eed460, 0x0000020745eee300, 0x0000020745eeb720,
0x0000020769931e20, 0x00000207699342b0, 0x0000020769937d30, 0x0000020769938480,
0x0000020769936740, 0x0000020745eedbb0, 0x00000207681ced50, 0x00000207681cc8c0,
0x00000207681cd010, 0x00000207681cf4a0, 0x00000207681cc170, 0x00000207681ce600,
0x00000207681cd760, 0x00000207681cdeb0, 0x000002074788e230, 0x000002074788dae0,
0x000002074788f0d0, 0x00000207459c30e0, 0x00000207459c4e20, 0x00000207459c5cc0,
0x000002076a466e70
}

Java Threads: ( => current thread )
  0x0000020767a08820 JavaThread "Reference Handler"          daemon [_thread_blocked, id=15272, stack(0x0000009f7a300000,0x0000009f7a400000) (1024K)]
  0x0000020767a09160 JavaThread "Finalizer"                  daemon [_thread_blocked, id=27972, stack(0x0000009f7a400000,0x0000009f7a500000) (1024K)]
  0x0000020767a0ec30 JavaThread "Signal Dispatcher"          daemon [_thread_blocked, id=17328, stack(0x0000009f7a500000,0x0000009f7a600000) (1024K)]
  0x0000020767a11c70 JavaThread "Attach Listener"            daemon [_thread_blocked, id=19288, stack(0x0000009f7a600000,0x0000009f7a700000) (1024K)]
  0x0000020767a12890 JavaThread "Service Thread"             daemon [_thread_blocked, id=21264, stack(0x0000009f7a700000,0x0000009f7a800000) (1024K)]
  0x0000020767a134b0 JavaThread "Monitor Deflation Thread"   daemon [_thread_blocked, id=18836, stack(0x0000009f7a800000,0x0000009f7a900000) (1024K)]
=>0x0000020767a15410 JavaThread "C2 CompilerThread0"         daemon [_thread_in_native, id=22504, stack(0x0000009f7a900000,0x0000009f7aa00000) (1024K)]
  0x0000020767a31a60 JavaThread "C1 CompilerThread0"         daemon [_thread_blocked, id=13476, stack(0x0000009f7aa00000,0x0000009f7ab00000) (1024K)]
  0x000002074521c370 JavaThread "Common-Cleaner"             daemon [_thread_blocked, id=17416, stack(0x0000009f7ab00000,0x0000009f7ac00000) (1024K)]
  0x0000020745680cf0 JavaThread "Monitor Ctrl-Break"         daemon [_thread_in_native, id=23112, stack(0x0000009f7ac00000,0x0000009f7ad00000) (1024K)]
  0x000002074568da20 JavaThread "Notification Thread"        daemon [_thread_blocked, id=23024, stack(0x0000009f7ad00000,0x0000009f7ae00000) (1024K)]
  0x0000020745d62120 JavaThread "RMI TCP Accept-0"           daemon [_thread_in_native, id=13912, stack(0x0000009f7af00000,0x0000009f7b000000) (1024K)]
  0x0000020745e8c2a0 JavaThread "RMI Scheduler(0)"           daemon [_thread_blocked, id=29724, stack(0x0000009f7b100000,0x0000009f7b200000) (1024K)]
  0x0000020745eed460 JavaThread "Catalina-utility-1"                [_thread_blocked, id=24568, stack(0x0000009f7bb00000,0x0000009f7bc00000) (1024K)]
  0x0000020745eee300 JavaThread "Catalina-utility-2"                [_thread_blocked, id=24836, stack(0x0000009f7bd00000,0x0000009f7be00000) (1024K)]
  0x0000020745eeb720 JavaThread "container-0"                       [_thread_blocked, id=20928, stack(0x0000009f7be00000,0x0000009f7bf00000) (1024K)]
  0x0000020769931e20 JavaThread "mysql-cj-abandoned-connection-cleanup" daemon [_thread_blocked, id=29156, stack(0x0000009f7bf00000,0x0000009f7c000000) (1024K)]
  0x00000207699342b0 JavaThread "HikariPool-1:housekeeper"   daemon [_thread_blocked, id=16832, stack(0x0000009f7ae00000,0x0000009f7af00000) (1024K)]
  0x0000020769937d30 JavaThread "http-nio-8080-exec-1"       daemon [_thread_blocked, id=15504, stack(0x0000009f7b300000,0x0000009f7b400000) (1024K)]
  0x0000020769938480 JavaThread "http-nio-8080-exec-2"       daemon [_thread_blocked, id=29760, stack(0x0000009f7c300000,0x0000009f7c400000) (1024K)]
  0x0000020769936740 JavaThread "http-nio-8080-exec-3"       daemon [_thread_blocked, id=18328, stack(0x0000009f7c400000,0x0000009f7c500000) (1024K)]
  0x0000020745eedbb0 JavaThread "http-nio-8080-exec-4"       daemon [_thread_blocked, id=8644, stack(0x0000009f7c500000,0x0000009f7c600000) (1024K)]
  0x00000207681ced50 JavaThread "http-nio-8080-exec-5"       daemon [_thread_blocked, id=3676, stack(0x0000009f7c600000,0x0000009f7c700000) (1024K)]
  0x00000207681cc8c0 JavaThread "http-nio-8080-exec-6"       daemon [_thread_blocked, id=20736, stack(0x0000009f7c700000,0x0000009f7c800000) (1024K)]
  0x00000207681cd010 JavaThread "http-nio-8080-exec-7"       daemon [_thread_blocked, id=14968, stack(0x0000009f7c800000,0x0000009f7c900000) (1024K)]
  0x00000207681cf4a0 JavaThread "http-nio-8080-exec-8"       daemon [_thread_blocked, id=6816, stack(0x0000009f7c900000,0x0000009f7ca00000) (1024K)]
  0x00000207681cc170 JavaThread "http-nio-8080-exec-9"       daemon [_thread_blocked, id=18948, stack(0x0000009f7ca00000,0x0000009f7cb00000) (1024K)]
  0x00000207681ce600 JavaThread "http-nio-8080-exec-10"      daemon [_thread_blocked, id=2232, stack(0x0000009f7cb00000,0x0000009f7cc00000) (1024K)]
  0x00000207681cd760 JavaThread "http-nio-8080-Poller"       daemon [_thread_in_native, id=18460, stack(0x0000009f7cc00000,0x0000009f7cd00000) (1024K)]
  0x00000207681cdeb0 JavaThread "http-nio-8080-Acceptor"     daemon [_thread_in_native, id=13352, stack(0x0000009f7cd00000,0x0000009f7ce00000) (1024K)]
  0x000002074788e230 JavaThread "DestroyJavaVM"                     [_thread_blocked, id=17780, stack(0x0000009f79b00000,0x0000009f79c00000) (1024K)]
  0x000002074788dae0 JavaThread "RMI TCP Connection(4)-192.168.1.9" daemon [_thread_in_native, id=1572, stack(0x0000009f79a00000,0x0000009f79b00000) (1024K)]
  0x000002074788f0d0 JavaThread "JMX server connection timeout 66" daemon [_thread_blocked, id=29220, stack(0x0000009f7b200000,0x0000009f7b300000) (1024K)]
  0x00000207459c30e0 JavaThread "RMI TCP Connection(idle)"   daemon [_thread_blocked, id=19104, stack(0x0000009f79800000,0x0000009f79900000) (1024K)]
  0x00000207459c4e20 JavaThread "HikariPool-1:connection-closer" daemon [_thread_blocked, id=7128, stack(0x0000009f79900000,0x0000009f79a00000) (1024K)]
  0x00000207459c5cc0 JavaThread "HikariPool-1:connection-adder" daemon [_thread_blocked, id=10568, stack(0x0000009f7c000000,0x0000009f7c100000) (1024K)]
  0x000002076a466e70 JavaThread "C2 CompilerThread1"         daemon [_thread_blocked, id=26588, stack(0x0000009f7c100000,0x0000009f7c200000) (1024K)]
Total: 37

Other Threads:
  0x00000207679f7610 VMThread "VM Thread"                           [id=21436, stack(0x0000009f7a200000,0x0000009f7a300000) (1024K)]
  0x00000207679e7a80 WatcherThread "VM Periodic Task Thread"        [id=30148, stack(0x0000009f7a100000,0x0000009f7a200000) (1024K)]
  0x000002074abb00b0 WorkerThread "GC Thread#0"                     [id=24580, stack(0x0000009f79c00000,0x0000009f79d00000) (1024K)]
  0x00000207462ca640 WorkerThread "GC Thread#1"                     [id=10984, stack(0x0000009f7b400000,0x0000009f7b500000) (1024K)]
  0x0000020746267160 WorkerThread "GC Thread#2"                     [id=9512, stack(0x0000009f7b500000,0x0000009f7b600000) (1024K)]
  0x00000207460f82c0 WorkerThread "GC Thread#3"                     [id=17232, stack(0x0000009f7b600000,0x0000009f7b700000) (1024K)]
  0x0000020746323460 WorkerThread "GC Thread#4"                     [id=4224, stack(0x0000009f7b700000,0x0000009f7b800000) (1024K)]
  0x00000207463230b0 WorkerThread "GC Thread#5"                     [id=14300, stack(0x0000009f7b800000,0x0000009f7b900000) (1024K)]
  0x0000020746322950 WorkerThread "GC Thread#6"                     [id=23704, stack(0x0000009f7b900000,0x0000009f7ba00000) (1024K)]
  0x00000207463225a0 WorkerThread "GC Thread#7"                     [id=27796, stack(0x0000009f7ba00000,0x0000009f7bb00000) (1024K)]
  0x000002074abc4890 ConcurrentGCThread "G1 Main Marker"            [id=2944, stack(0x0000009f79d00000,0x0000009f79e00000) (1024K)]
  0x000002074abc53a0 WorkerThread "G1 Conc#0"                       [id=9448, stack(0x0000009f79e00000,0x0000009f79f00000) (1024K)]
  0x000002074813d8f0 WorkerThread "G1 Conc#1"                       [id=12916, stack(0x0000009f7bc00000,0x0000009f7bd00000) (1024K)]
  0x000002074ac0e360 ConcurrentGCThread "G1 Refine#0"               [id=10224, stack(0x0000009f79f00000,0x0000009f7a000000) (1024K)]
  0x00000207678a0560 ConcurrentGCThread "G1 Service"                [id=19572, stack(0x0000009f7a000000,0x0000009f7a100000) (1024K)]
Total: 15

Threads with active compile tasks:
C2 CompilerThread0  1568663 11071       4       sun.security.util.DisabledAlgorithmConstraints::permits (70 bytes)
Total: 1

VM state: not at safepoint (normal execution)

VM Mutex/Monitor currently owned by a thread: None

Heap address: 0x0000000083600000, size: 1994 MB, Compressed Oops mode: 32-bit

CDS archive(s) mapped at: [0x0000020700000000-0x0000020700d40000-0x0000020700d40000), size 13893632, SharedBaseAddress: 0x0000020700000000, ArchiveRelocationMode: 1.
Compressed class space mapped at: 0x0000020701000000-0x0000020741000000, reserved size: 1073741824
UseCompressedClassPointers 1, UseCompactObjectHeaders 0
Narrow klass pointer bits 32, Max shift 3
Narrow klass base: 0x0000020700000000, Narrow klass shift: 0
Encoding Range: [0x0000020700000000 - 0x0000020800000000), (4294967296 bytes)
Klass Range:    [0x0000020700000000 - 0x0000020741000000), (1090519040 bytes)
Klass ID Range:  [8 - 1090519033) (1090519025)

GC Precious Log:
 CardTable entry size: 512
 Card Set container configuration: InlinePtr #cards 5 size 8 Array Of Cards #cards 10 size 36 Howl #buckets 4 coarsen threshold 1843 Howl Bitmap #cards 512 size 80 coarsen threshold 460 Card regions per heap region 1 cards per card region 2048
 CPUs: 8 total, 8 available
 Memory: 7975M
 Large Page Support: Disabled
 NUMA Support: Disabled
 Compressed Oops: Enabled (32-bit)
 Heap Region Size: 1M
 Heap Min Capacity: 8M
 Heap Initial Capacity: 126M
 Heap Max Capacity: 1994M
 Pre-touch: Disabled
 Parallel Workers: 8
 Concurrent Workers: 2
 Concurrent Refinement Workers: 8
 Periodic GC: Disabled

Heap:
 garbage-first heap   total reserved 2041856K, committed 78848K, used 48302K [0x0000000083600000, 0x0000000100000000)
  region size 1024K, 4 young (4096K), 1 survivors (1024K)
 Metaspace       used 87038K, committed 87744K, reserved 1179648K
  class space    used 9574K, committed 9856K, reserved 1048576K

Heap Regions: E=young(eden), S=young(survivor), O=old, HS=humongous(starts), HC=humongous(continues), CS=collection set, F=free, TAMS=top-at-mark-start, PB=parsable bottom
|   0|0x0000000083600000, 0x0000000083700000, 0x0000000083700000|100%|HS|  |TAMS 0x0000000083600000| PB 0x0000000083600000| Complete |  0
|   1|0x0000000083700000, 0x0000000083800000, 0x0000000083800000|100%|HS|  |TAMS 0x0000000083700000| PB 0x0000000083700000| Complete |  0
|   2|0x0000000083800000, 0x0000000083900000, 0x0000000083900000|100%| O|  |TAMS 0x0000000083800000| PB 0x0000000083800000| Untracked |  0
|   3|0x0000000083900000, 0x0000000083a00000, 0x0000000083a00000|100%| O|  |TAMS 0x0000000083900000| PB 0x0000000083900000| Untracked |  0
|   4|0x0000000083a00000, 0x0000000083b00000, 0x0000000083b00000|100%| O|  |TAMS 0x0000000083a00000| PB 0x0000000083a00000| Untracked |  0
|   5|0x0000000083b00000, 0x0000000083c00000, 0x0000000083c00000|100%| O|  |TAMS 0x0000000083b00000| PB 0x0000000083b00000| Untracked |  0
|   6|0x0000000083c00000, 0x0000000083d00000, 0x0000000083d00000|100%| O|  |TAMS 0x0000000083c00000| PB 0x0000000083c00000| Untracked |  0
|   7|0x0000000083d00000, 0x0000000083e00000, 0x0000000083e00000|100%| O|  |TAMS 0x0000000083d00000| PB 0x0000000083d00000| Untracked |  0
|   8|0x0000000083e00000, 0x0000000083f00000, 0x0000000083f00000|100%| O|  |TAMS 0x0000000083e00000| PB 0x0000000083e00000| Untracked |  0
|   9|0x0000000083f00000, 0x0000000084000000, 0x0000000084000000|100%| O|  |TAMS 0x0000000083f00000| PB 0x0000000083f00000| Untracked |  0
|  10|0x0000000084000000, 0x0000000084100000, 0x0000000084100000|100%| O|  |TAMS 0x0000000084000000| PB 0x0000000084000000| Untracked |  0
|  11|0x0000000084100000, 0x0000000084200000, 0x0000000084200000|100%| O|  |TAMS 0x0000000084100000| PB 0x0000000084100000| Untracked |  0
|  12|0x0000000084200000, 0x0000000084300000, 0x0000000084300000|100%| O|  |TAMS 0x0000000084200000| PB 0x0000000084200000| Untracked |  0
|  13|0x0000000084300000, 0x0000000084400000, 0x0000000084400000|100%| O|  |TAMS 0x0000000084300000| PB 0x0000000084300000| Untracked |  0
|  14|0x0000000084400000, 0x0000000084500000, 0x0000000084500000|100%| O|  |TAMS 0x0000000084400000| PB 0x0000000084400000| Untracked |  0
|  15|0x0000000084500000, 0x0000000084600000, 0x0000000084600000|100%| O|  |TAMS 0x0000000084500000| PB 0x0000000084500000| Untracked |  0
|  16|0x0000000084600000, 0x0000000084700000, 0x0000000084700000|100%| O|  |TAMS 0x0000000084600000| PB 0x0000000084600000| Untracked |  0
|  17|0x0000000084700000, 0x0000000084800000, 0x0000000084800000|100%| O|  |TAMS 0x0000000084700000| PB 0x0000000084700000| Untracked |  0
|  18|0x0000000084800000, 0x0000000084900000, 0x0000000084900000|100%| O|  |TAMS 0x0000000084800000| PB 0x0000000084800000| Untracked |  0
|  19|0x0000000084900000, 0x0000000084a00000, 0x0000000084a00000|100%| O|  |TAMS 0x0000000084900000| PB 0x0000000084900000| Untracked |  0
|  20|0x0000000084a00000, 0x0000000084b00000, 0x0000000084b00000|100%| O|  |TAMS 0x0000000084a00000| PB 0x0000000084a00000| Untracked |  0
|  21|0x0000000084b00000, 0x0000000084b00000, 0x0000000084c00000|  0%| F|  |TAMS 0x0000000084b00000| PB 0x0000000084b00000| Untracked |  0
|  22|0x0000000084c00000, 0x0000000084d00000, 0x0000000084d00000|100%| O|  |TAMS 0x0000000084c00000| PB 0x0000000084c00000| Untracked |  0
|  23|0x0000000084d00000, 0x0000000084e00000, 0x0000000084e00000|100%| O|  |TAMS 0x0000000084d00000| PB 0x0000000084d00000| Untracked |  0
|  24|0x0000000084e00000, 0x0000000084f00000, 0x0000000084f00000|100%| O|  |TAMS 0x0000000084e00000| PB 0x0000000084e00000| Untracked |  0
|  25|0x0000000084f00000, 0x0000000085000000, 0x0000000085000000|100%| O|  |TAMS 0x0000000084f00000| PB 0x0000000084f00000| Untracked |  0
|  26|0x0000000085000000, 0x0000000085100000, 0x0000000085100000|100%| O|  |TAMS 0x0000000085000000| PB 0x0000000085000000| Untracked |  0
|  27|0x0000000085100000, 0x0000000085200000, 0x0000000085200000|100%| O|  |TAMS 0x0000000085100000| PB 0x0000000085100000| Untracked |  0
|  28|0x0000000085200000, 0x0000000085300000, 0x0000000085300000|100%| O|  |TAMS 0x0000000085200000| PB 0x0000000085200000| Untracked |  0
|  29|0x0000000085300000, 0x0000000085400000, 0x0000000085400000|100%| O|  |TAMS 0x0000000085300000| PB 0x0000000085300000| Untracked |  0
|  30|0x0000000085400000, 0x0000000085500000, 0x0000000085500000|100%| O|  |TAMS 0x0000000085400000| PB 0x0000000085400000| Untracked |  0
|  31|0x0000000085500000, 0x0000000085600000, 0x0000000085600000|100%| O|  |TAMS 0x0000000085500000| PB 0x0000000085500000| Untracked |  0
|  32|0x0000000085600000, 0x0000000085600000, 0x0000000085700000|  0%| F|  |TAMS 0x0000000085600000| PB 0x0000000085600000| Untracked |  0
|  33|0x0000000085700000, 0x0000000085800000, 0x0000000085800000|100%| O|  |TAMS 0x0000000085700000| PB 0x0000000085700000| Untracked |  0
|  34|0x0000000085800000, 0x0000000085900000, 0x0000000085900000|100%| O|  |TAMS 0x0000000085800000| PB 0x0000000085800000| Untracked |  0
|  35|0x0000000085900000, 0x0000000085a00000, 0x0000000085a00000|100%| O|  |TAMS 0x0000000085900000| PB 0x0000000085900000| Untracked |  0
|  36|0x0000000085a00000, 0x0000000085b00000, 0x0000000085b00000|100%| O|  |TAMS 0x0000000085a00000| PB 0x0000000085a00000| Untracked |  0
|  37|0x0000000085b00000, 0x0000000085c00000, 0x0000000085c00000|100%| O|  |TAMS 0x0000000085b00000| PB 0x0000000085b00000| Untracked |  0
|  38|0x0000000085c00000, 0x0000000085d00000, 0x0000000085d00000|100%| O|  |TAMS 0x0000000085c00000| PB 0x0000000085c00000| Untracked |  0
|  39|0x0000000085d00000, 0x0000000085e00000, 0x0000000085e00000|100%| O|  |TAMS 0x0000000085d00000| PB 0x0000000085d00000| Untracked |  0
|  40|0x0000000085e00000, 0x0000000085f00000, 0x0000000085f00000|100%| O|  |TAMS 0x0000000085e00000| PB 0x0000000085e00000| Untracked |  0
|  41|0x0000000085f00000, 0x0000000086000000, 0x0000000086000000|100%| O|  |TAMS 0x0000000085f00000| PB 0x0000000085f00000| Untracked |  0
|  42|0x0000000086000000, 0x0000000086100000, 0x0000000086100000|100%| O|  |TAMS 0x0000000086000000| PB 0x0000000086000000| Untracked |  0
|  43|0x0000000086100000, 0x0000000086200000, 0x0000000086200000|100%| O|  |TAMS 0x0000000086100000| PB 0x0000000086100000| Untracked |  0
|  44|0x0000000086200000, 0x0000000086300000, 0x0000000086300000|100%| O|  |TAMS 0x0000000086200000| PB 0x0000000086200000| Untracked |  0
|  45|0x0000000086300000, 0x000000008632bac0, 0x0000000086400000| 17%| O|  |TAMS 0x0000000086300000| PB 0x0000000086300000| Untracked |  0
|  46|0x0000000086400000, 0x0000000086400000, 0x0000000086500000|  0%| F|  |TAMS 0x0000000086400000| PB 0x0000000086400000| Untracked |  0
|  47|0x0000000086500000, 0x0000000086500000, 0x0000000086600000|  0%| F|  |TAMS 0x0000000086500000| PB 0x0000000086500000| Untracked |  0
|  48|0x0000000086600000, 0x0000000086600000, 0x0000000086700000|  0%| F|  |TAMS 0x0000000086600000| PB 0x0000000086600000| Untracked |  0
|  49|0x0000000086700000, 0x0000000086700000, 0x0000000086800000|  0%| F|  |TAMS 0x0000000086700000| PB 0x0000000086700000| Untracked |  0
|  50|0x0000000086800000, 0x0000000086900000, 0x0000000086900000|100%| S|CS|TAMS 0x0000000086800000| PB 0x0000000086800000| Complete |  0
|  51|0x0000000086900000, 0x0000000086900000, 0x0000000086a00000|  0%| F|  |TAMS 0x0000000086900000| PB 0x0000000086900000| Untracked |  0
|  52|0x0000000086a00000, 0x0000000086a00000, 0x0000000086b00000|  0%| F|  |TAMS 0x0000000086a00000| PB 0x0000000086a00000| Untracked |  0
|  53|0x0000000086b00000, 0x0000000086b00000, 0x0000000086c00000|  0%| F|  |TAMS 0x0000000086b00000| PB 0x0000000086b00000| Untracked |  0
|  54|0x0000000086c00000, 0x0000000086c00000, 0x0000000086d00000|  0%| F|  |TAMS 0x0000000086c00000| PB 0x0000000086c00000| Untracked |  0
|  55|0x0000000086d00000, 0x0000000086d00000, 0x0000000086e00000|  0%| F|  |TAMS 0x0000000086d00000| PB 0x0000000086d00000| Untracked |  0
|  56|0x0000000086e00000, 0x0000000086e00000, 0x0000000086f00000|  0%| F|  |TAMS 0x0000000086e00000| PB 0x0000000086e00000| Untracked |  0
|  57|0x0000000086f00000, 0x0000000086f00000, 0x0000000087000000|  0%| F|  |TAMS 0x0000000086f00000| PB 0x0000000086f00000| Untracked |  0
|  58|0x0000000087000000, 0x0000000087000000, 0x0000000087100000|  0%| F|  |TAMS 0x0000000087000000| PB 0x0000000087000000| Untracked |  0
|  59|0x0000000087100000, 0x0000000087100000, 0x0000000087200000|  0%| F|  |TAMS 0x0000000087100000| PB 0x0000000087100000| Untracked |  0
|  60|0x0000000087200000, 0x0000000087200000, 0x0000000087300000|  0%| F|  |TAMS 0x0000000087200000| PB 0x0000000087200000| Untracked |  0
|  61|0x0000000087300000, 0x0000000087300000, 0x0000000087400000|  0%| F|  |TAMS 0x0000000087300000| PB 0x0000000087300000| Untracked |  0
|  62|0x0000000087400000, 0x0000000087400000, 0x0000000087500000|  0%| F|  |TAMS 0x0000000087400000| PB 0x0000000087400000| Untracked |  0
|  63|0x0000000087500000, 0x0000000087500000, 0x0000000087600000|  0%| F|  |TAMS 0x0000000087500000| PB 0x0000000087500000| Untracked |  0
|  64|0x0000000087600000, 0x0000000087600000, 0x0000000087700000|  0%| F|  |TAMS 0x0000000087600000| PB 0x0000000087600000| Untracked |  0
|  65|0x0000000087700000, 0x0000000087700000, 0x0000000087800000|  0%| F|  |TAMS 0x0000000087700000| PB 0x0000000087700000| Untracked |  0
|  66|0x0000000087800000, 0x0000000087800000, 0x0000000087900000|  0%| F|  |TAMS 0x0000000087800000| PB 0x0000000087800000| Untracked |  0
|  67|0x0000000087900000, 0x0000000087900000, 0x0000000087a00000|  0%| F|  |TAMS 0x0000000087900000| PB 0x0000000087900000| Untracked |  0
|  68|0x0000000087a00000, 0x0000000087a00000, 0x0000000087b00000|  0%| F|  |TAMS 0x0000000087a00000| PB 0x0000000087a00000| Untracked |  0
|  69|0x0000000087b00000, 0x0000000087b00000, 0x0000000087c00000|  0%| F|  |TAMS 0x0000000087b00000| PB 0x0000000087b00000| Untracked |  0
|  70|0x0000000087c00000, 0x0000000087c00000, 0x0000000087d00000|  0%| F|  |TAMS 0x0000000087c00000| PB 0x0000000087c00000| Untracked |  0
|  95|0x0000000089500000, 0x0000000089500000, 0x0000000089600000|  0%| F|  |TAMS 0x0000000089500000| PB 0x0000000089500000| Untracked |  0
|  96|0x0000000089600000, 0x0000000089600000, 0x0000000089700000|  0%| F|  |TAMS 0x0000000089600000| PB 0x0000000089600000| Untracked |  0
|  97|0x0000000089700000, 0x00000000897a2f08, 0x0000000089800000| 63%| E|  |TAMS 0x0000000089700000| PB 0x0000000089700000| Complete |  0
| 125|0x000000008b300000, 0x000000008b400000, 0x000000008b400000|100%| E|CS|TAMS 0x000000008b300000| PB 0x000000008b300000| Complete |  0
|1992|0x00000000ffe00000, 0x00000000fff00000, 0x00000000fff00000|100%| O|  |TAMS 0x00000000ffe00000| PB 0x00000000ffe00000| Untracked |  0
|1993|0x00000000fff00000, 0x0000000100000000, 0x0000000100000000|100%| E|CS|TAMS 0x00000000fff00000| PB 0x00000000fff00000| Complete |  0

Card table byte_map: [0x0000020762c20000,0x0000020763010000] _byte_map_base: 0x0000020762805000

Marking Bits: (CMBitMap*) 0x000002074abb07c0
 Bits: [0x0000020763010000, 0x0000020764f38000)

Polling page: 0x000002074a320000

Metaspace:

Usage:
  Non-class:     75.65 MB used.
      Class:      9.35 MB used.
       Both:     85.00 MB used.

Virtual space:
  Non-class space:      128.00 MB reserved,      76.06 MB ( 59%) committed,  2 nodes.
      Class space:        1.00 GB reserved,       9.62 MB ( <1%) committed,  1 nodes.
             Both:        1.12 GB reserved,      85.69 MB (  7%) committed. 

Chunk freelists:
   Non-Class:  3.56 MB
       Class:  6.42 MB
        Both:  9.98 MB

MaxMetaspaceSize: unlimited
CompressedClassSpaceSize: 1.00 GB
Initial GC threshold: 21.00 MB
Current GC threshold: 139.62 MB
CDS: on
 - commit_granule_bytes: 65536.
 - commit_granule_words: 8192.
 - virtual_space_node_default_size: 8388608.
 - enlarge_chunks_in_place: 1.
UseCompressedClassPointers 1, UseCompactObjectHeaders 0
Narrow klass pointer bits 32, Max shift 3
Narrow klass base: 0x0000020700000000, Narrow klass shift: 0
Encoding Range: [0x0000020700000000 - 0x0000020800000000), (4294967296 bytes)
Klass Range:    [0x0000020700000000 - 0x0000020741000000), (1090519040 bytes)
Klass ID Range:  [8 - 1090519033) (1090519025)


Internal statistics:

num_allocs_failed_limit: 6.
num_arena_births: 870.
num_arena_deaths: 0.
num_vsnodes_births: 3.
num_vsnodes_deaths: 0.
num_space_committed: 1371.
num_space_uncommitted: 0.
num_chunks_returned_to_freelist: 6.
num_chunks_taken_from_freelist: 3804.
num_chunk_merges: 6.
num_chunk_splits: 2769.
num_chunks_enlarged: 2275.
num_inconsistent_stats: 0.

CodeHeap 'non-profiled nmethods': size=120064Kb used=5455Kb max_used=5455Kb free=114608Kb
 bounds [0x000002075aeb0000, 0x000002075b410000, 0x00000207623f0000]
CodeHeap 'profiled nmethods': size=120000Kb used=15493Kb max_used=15493Kb free=104506Kb
 bounds [0x00000207533f0000, 0x0000020754320000, 0x000002075a920000]
CodeHeap 'non-nmethods': size=5696Kb used=1819Kb max_used=1953Kb free=3876Kb
 bounds [0x000002075a920000, 0x000002075ab90000, 0x000002075aeb0000]
CodeCache: size=245760Kb, used=22767Kb, max_used=22901Kb, free=222990Kb
 total_blobs=10254, nmethods=9477, adapters=680, full_count=0
Compilation: enabled, stopped_count=0, restarted_count=0

Compilation events (20 events):
Event: 1567.307 Thread 0x0000020767a31a60 nmethod 11075 0x0000020754301a88 code [0x0000020754301c40, 0x00000207543024f0]
Event: 1567.307 Thread 0x0000020767a31a60 11076       3       sun.security.util.math.intpoly.MontgomeryIntegerPolynomialP256::getSmallValue (6 bytes)
Event: 1567.307 Thread 0x0000020767a31a60 nmethod 11076 0x0000020754302588 code [0x00000207543026a0, 0x00000207543027d8]
Event: 1567.315 Thread 0x0000020767a31a60 11077       1       sun.security.util.math.intpoly.IntegerPolynomial::getSize (5 bytes)
Event: 1567.316 Thread 0x0000020767a31a60 nmethod 11077 0x000002075b3fee08 code [0x000002075b3fef00, 0x000002075b3fefc8]
Event: 1567.316 Thread 0x0000020767a31a60 11078 %     3       java.math.BigInteger::implMultiplyToLen @ 114 (195 bytes)
Event: 1567.318 Thread 0x0000020767a31a60 nmethod 11078% 0x0000020754302888 code [0x00000207543029e0, 0x0000020754302fa0]
Event: 1567.318 Thread 0x0000020767a31a60 11079       3       sun.security.util.math.intpoly.IntegerPolynomial::setLimbsValuePositive (45 bytes)
Event: 1567.318 Thread 0x0000020767a31a60 nmethod 11079 0x0000020754303008 code [0x0000020754303140, 0x00000207543033e0]
Event: 1567.318 Thread 0x0000020767a31a60 11080       3       java.math.MutableBigInteger::<init> (42 bytes)
Event: 1567.318 Thread 0x0000020767a31a60 nmethod 11080 0x0000020754303408 code [0x0000020754303540, 0x0000020754303758]
Event: 1567.318 Thread 0x0000020767a31a60 11081       3       java.math.MutableBigInteger::getMagnitudeArray (69 bytes)
Event: 1567.318 Thread 0x0000020767a31a60 nmethod 11081 0x0000020754303788 code [0x00000207543038c0, 0x0000020754303b30]
Event: 1567.319 Thread 0x0000020767a31a60 11082       3       sun.security.ssl.Record::putInt8 (17 bytes)
Event: 1567.320 Thread 0x0000020767a31a60 nmethod 11082 0x0000020754303b88 code [0x0000020754303ce0, 0x0000020754304148]
Event: 1567.320 Thread 0x0000020767a31a60 11083       3       sun.security.ssl.SignatureScheme::valueOf (39 bytes)
Event: 1567.320 Thread 0x0000020767a31a60 nmethod 11083 0x0000020754304188 code [0x00000207543042c0, 0x00000207543046b0]
Event: 1567.320 Thread 0x0000020767a31a60 11085   !   3       sun.security.ssl.SSLSocketInputRecord::readFully (75 bytes)
Event: 1567.321 Thread 0x0000020767a31a60 nmethod 11085 0x0000020754304708 code [0x00000207543048c0, 0x00000207543050c0]
Event: 1567.321 Thread 0x0000020767a31a60 11084   !   3       sun.security.ssl.SSLSocketInputRecord::decodeInputRecord (949 bytes)

GC Heap History (20 events):
Event: 17.051 GC heap before
{Heap before GC invocations=23 (full 0):
 garbage-first heap   total reserved 2041856K, committed 58368K, used 48879K [0x0000000083600000, 0x0000000100000000)
  region size 1024K, 16 young (16384K), 3 survivors (3072K)
 Metaspace       used 77540K, committed 78080K, reserved 1179648K
  class space    used 8477K, committed 8704K, reserved 1048576K
}
Event: 17.055 GC heap after
{Heap after GC invocations=24 (full 0):
 garbage-first heap   total reserved 2041856K, committed 58368K, used 37386K [0x0000000083600000, 0x0000000100000000)
  region size 1024K, 2 young (2048K), 2 survivors (2048K)
 Metaspace       used 77540K, committed 78080K, reserved 1179648K
  class space    used 8477K, committed 8704K, reserved 1048576K
}
Event: 17.086 GC heap before
{Heap before GC invocations=24 (full 0):
 garbage-first heap   total reserved 2041856K, committed 58368K, used 50698K [0x0000000083600000, 0x0000000100000000)
  region size 1024K, 15 young (15360K), 2 survivors (2048K)
 Metaspace       used 77558K, committed 78080K, reserved 1179648K
  class space    used 8477K, committed 8704K, reserved 1048576K
}
Event: 17.088 GC heap after
{Heap after GC invocations=25 (full 0):
 garbage-first heap   total reserved 2041856K, committed 58368K, used 37601K [0x0000000083600000, 0x0000000100000000)
  region size 1024K, 2 young (2048K), 2 survivors (2048K)
 Metaspace       used 77558K, committed 78080K, reserved 1179648K
  class space    used 8477K, committed 8704K, reserved 1048576K
}
Event: 17.328 GC heap before
{Heap before GC invocations=26 (full 0):
 garbage-first heap   total reserved 2041856K, committed 65536K, used 50913K [0x0000000083600000, 0x0000000100000000)
  region size 1024K, 15 young (15360K), 2 survivors (2048K)
 Metaspace       used 79093K, committed 79744K, reserved 1179648K
  class space    used 8683K, committed 8960K, reserved 1048576K
}
Event: 17.330 GC heap after
{Heap after GC invocations=27 (full 0):
 garbage-first heap   total reserved 2041856K, committed 65536K, used 38223K [0x0000000083600000, 0x0000000100000000)
  region size 1024K, 2 young (2048K), 2 survivors (2048K)
 Metaspace       used 79093K, committed 79744K, reserved 1179648K
  class space    used 8683K, committed 8960K, reserved 1048576K
}
Event: 17.436 GC heap before
{Heap before GC invocations=27 (full 0):
 garbage-first heap   total reserved 2041856K, committed 65536K, used 57679K [0x0000000083600000, 0x0000000100000000)
  region size 1024K, 21 young (21504K), 2 survivors (2048K)
 Metaspace       used 79239K, committed 79872K, reserved 1179648K
  class space    used 8690K, committed 8960K, reserved 1048576K
}
Event: 17.439 GC heap after
{Heap after GC invocations=28 (full 0):
 garbage-first heap   total reserved 2041856K, committed 65536K, used 39330K [0x0000000083600000, 0x0000000100000000)
  region size 1024K, 3 young (3072K), 3 survivors (3072K)
 Metaspace       used 79239K, committed 79872K, reserved 1179648K
  class space    used 8690K, committed 8960K, reserved 1048576K
}
Event: 17.622 GC heap before
{Heap before GC invocations=28 (full 0):
 garbage-first heap   total reserved 2041856K, committed 65536K, used 56738K [0x0000000083600000, 0x0000000100000000)
  region size 1024K, 20 young (20480K), 3 survivors (3072K)
 Metaspace       used 79726K, committed 80320K, reserved 1179648K
  class space    used 8758K, committed 9024K, reserved 1048576K
}
Event: 17.626 GC heap after
{Heap after GC invocations=29 (full 0):
 garbage-first heap   total reserved 2041856K, committed 78848K, used 39427K [0x0000000083600000, 0x0000000100000000)
  region size 1024K, 2 young (2048K), 2 survivors (2048K)
 Metaspace       used 79726K, committed 80320K, reserved 1179648K
  class space    used 8758K, committed 9024K, reserved 1048576K
}
Event: 18.212 GC heap before
{Heap before GC invocations=30 (full 0):
 garbage-first heap   total reserved 2041856K, committed 78848K, used 71171K [0x0000000083600000, 0x0000000100000000)
  region size 1024K, 33 young (33792K), 2 survivors (2048K)
 Metaspace       used 81297K, committed 81920K, reserved 1179648K
  class space    used 8934K, committed 9216K, reserved 1048576K
}
Event: 18.217 GC heap after
{Heap after GC invocations=31 (full 0):
 garbage-first heap   total reserved 2041856K, committed 78848K, used 41366K [0x0000000083600000, 0x0000000100000000)
  region size 1024K, 4 young (4096K), 4 survivors (4096K)
 Metaspace       used 81297K, committed 81920K, reserved 1179648K
  class space    used 8934K, committed 9216K, reserved 1048576K
}
Event: 18.975 GC heap before
{Heap before GC invocations=31 (full 0):
 garbage-first heap   total reserved 2041856K, committed 78848K, used 69014K [0x0000000083600000, 0x0000000100000000)
  region size 1024K, 31 young (31744K), 4 survivors (4096K)
 Metaspace       used 83707K, committed 84352K, reserved 1179648K
  class space    used 9233K, committed 9472K, reserved 1048576K
}
Event: 18.981 GC heap after
{Heap after GC invocations=32 (full 0):
 garbage-first heap   total reserved 2041856K, committed 78848K, used 43733K [0x0000000083600000, 0x0000000100000000)
  region size 1024K, 4 young (4096K), 4 survivors (4096K)
 Metaspace       used 83707K, committed 84352K, reserved 1179648K
  class space    used 9233K, committed 9472K, reserved 1048576K
}
Event: 19.356 GC heap before
{Heap before GC invocations=32 (full 0):
 garbage-first heap   total reserved 2041856K, committed 78848K, used 69333K [0x0000000083600000, 0x0000000100000000)
  region size 1024K, 29 young (29696K), 4 survivors (4096K)
 Metaspace       used 85027K, committed 85696K, reserved 1179648K
  class space    used 9375K, committed 9664K, reserved 1048576K
}
Event: 19.361 GC heap after
{Heap after GC invocations=33 (full 0):
 garbage-first heap   total reserved 2041856K, committed 78848K, used 46142K [0x0000000083600000, 0x0000000100000000)
  region size 1024K, 3 young (3072K), 3 survivors (3072K)
 Metaspace       used 85027K, committed 85696K, reserved 1179648K
  class space    used 9375K, committed 9664K, reserved 1048576K
}
Event: 231.115 GC heap before
{Heap before GC invocations=34 (full 0):
 garbage-first heap   total reserved 2041856K, committed 78848K, used 68670K [0x0000000083600000, 0x0000000100000000)
  region size 1024K, 26 young (26624K), 3 survivors (3072K)
 Metaspace       used 86810K, committed 87488K, reserved 1179648K
  class space    used 9567K, committed 9856K, reserved 1048576K
}
Event: 231.206 GC heap after
{Heap after GC invocations=35 (full 0):
 garbage-first heap   total reserved 2041856K, committed 78848K, used 46297K [0x0000000083600000, 0x0000000100000000)
  region size 1024K, 3 young (3072K), 3 survivors (3072K)
 Metaspace       used 86810K, committed 87488K, reserved 1179648K
  class space    used 9567K, committed 9856K, reserved 1048576K
}
Event: 1518.210 GC heap before
{Heap before GC invocations=35 (full 0):
 garbage-first heap   total reserved 2041856K, committed 78848K, used 69849K [0x0000000083600000, 0x0000000100000000)
  region size 1024K, 26 young (26624K), 3 survivors (3072K)
 Metaspace       used 86999K, committed 87616K, reserved 1179648K
  class space    used 9574K, committed 9856K, reserved 1048576K
}
Event: 1518.323 GC heap after
{Heap after GC invocations=36 (full 0):
 garbage-first heap   total reserved 2041856K, committed 78848K, used 46254K [0x0000000083600000, 0x0000000100000000)
  region size 1024K, 1 young (1024K), 1 survivors (1024K)
 Metaspace       used 86999K, committed 87616K, reserved 1179648K
  class space    used 9574K, committed 9856K, reserved 1048576K
}

Dll operation events (13 events):
Event: 0.032 Loaded shared library C:\Users\VIET ANH\.jdks\openjdk-24.0.1\bin\java.dll
Event: 0.119 Loaded shared library C:\Users\VIET ANH\.jdks\openjdk-24.0.1\bin\jsvml.dll
Event: 0.314 Loaded shared library C:\Users\VIET ANH\.jdks\openjdk-24.0.1\bin\zip.dll
Event: 0.320 Loaded shared library C:\Users\VIET ANH\.jdks\openjdk-24.0.1\bin\instrument.dll
Event: 0.331 Loaded shared library C:\Users\VIET ANH\.jdks\openjdk-24.0.1\bin\net.dll
Event: 0.334 Loaded shared library C:\Users\VIET ANH\.jdks\openjdk-24.0.1\bin\nio.dll
Event: 0.340 Loaded shared library C:\Users\VIET ANH\.jdks\openjdk-24.0.1\bin\zip.dll
Event: 1.448 Loaded shared library C:\Users\VIET ANH\.jdks\openjdk-24.0.1\bin\jimage.dll
Event: 2.540 Loaded shared library C:\Users\VIET ANH\.jdks\openjdk-24.0.1\bin\extnet.dll
Event: 2.583 Loaded shared library C:\Users\VIET ANH\.jdks\openjdk-24.0.1\bin\management.dll
Event: 2.601 Loaded shared library C:\Users\VIET ANH\.jdks\openjdk-24.0.1\bin\management_ext.dll
Event: 5.317 Loaded shared library C:\Users\VIET ANH\.jdks\openjdk-24.0.1\bin\sunmscapi.dll
Event: 11.807 Loaded shared library C:\Users\VIET ANH\.jdks\openjdk-24.0.1\bin\verify.dll

Deoptimization events (20 events):
Event: 1273.159 Thread 0x0000020745db4500 Uncommon trap: trap_request=0xffffff4d fr.pc=0x000002075b3a32ec relative=0x00000000000003ec
Event: 1273.159 Thread 0x0000020745db4500 Uncommon trap: reason=unstable_if action=reinterpret pc=0x000002075b3a32ec method=java.io.ClassCache.get(Ljava/lang/Class;)Ljava/lang/Object; @ 22 c2
Event: 1273.159 Thread 0x0000020745db4500 DEOPT PACKING pc=0x000002075b3a32ec sp=0x0000009f7b0febb0
Event: 1273.159 Thread 0x0000020745db4500 DEOPT UNPACKING pc=0x000002075aa48a82 sp=0x0000009f7b0feb78 mode 2
Event: 1273.160 Thread 0x0000020745db4500 Uncommon trap: trap_request=0xffffff4d fr.pc=0x000002075b3a6c88 relative=0x0000000000002428
Event: 1273.160 Thread 0x0000020745db4500 Uncommon trap: reason=unstable_if action=reinterpret pc=0x000002075b3a6c88 method=java.io.ClassCache.get(Ljava/lang/Class;)Ljava/lang/Object; @ 22 c2
Event: 1273.160 Thread 0x0000020745db4500 DEOPT PACKING pc=0x000002075b3a6c88 sp=0x0000009f7b0fefc0
Event: 1273.160 Thread 0x0000020745db4500 DEOPT UNPACKING pc=0x000002075aa48a82 sp=0x0000009f7b0feea8 mode 2
Event: 1273.163 Thread 0x0000020745db4500 Uncommon trap: trap_request=0xffffff4d fr.pc=0x000002075b3b2ea0 relative=0x0000000000005100
Event: 1273.163 Thread 0x0000020745db4500 Uncommon trap: reason=unstable_if action=reinterpret pc=0x000002075b3b2ea0 method=java.io.ObjectStreamClass.getSerialVersionUID()J @ 4 c2
Event: 1273.163 Thread 0x0000020745db4500 DEOPT PACKING pc=0x000002075b3b2ea0 sp=0x0000009f7b0fe9b0
Event: 1273.163 Thread 0x0000020745db4500 DEOPT UNPACKING pc=0x000002075aa48a82 sp=0x0000009f7b0fe878 mode 2
Event: 1273.168 Thread 0x000002074788dae0 Uncommon trap: trap_request=0xffffff4d fr.pc=0x000002075b3a895c relative=0x000000000000005c
Event: 1273.168 Thread 0x000002074788dae0 Uncommon trap: reason=unstable_if action=reinterpret pc=0x000002075b3a895c method=java.io.ObjectStreamClass.getSerialVersionUID()J @ 4 c2
Event: 1273.168 Thread 0x000002074788dae0 DEOPT PACKING pc=0x000002075b3a895c sp=0x0000009f79afeac0
Event: 1273.168 Thread 0x000002074788dae0 DEOPT UNPACKING pc=0x000002075aa48a82 sp=0x0000009f79afea58 mode 2
Event: 1273.171 Thread 0x000002074788dae0 Uncommon trap: trap_request=0xffffff54 fr.pc=0x000002075af92a80 relative=0x00000000000076a0
Event: 1273.171 Thread 0x000002074788dae0 Uncommon trap: reason=speculate_null_assert action=make_not_entrant pc=0x000002075af92a80 method=jdk.internal.util.ReferencedKeyMap.internKey(Ljdk/internal/util/ReferencedKeyMap;Ljava/lang/Object;)Ljava/lang/Object; @ 28 c2
Event: 1273.172 Thread 0x000002074788dae0 DEOPT PACKING pc=0x000002075af92a80 sp=0x0000009f79afe4c0
Event: 1273.172 Thread 0x000002074788dae0 DEOPT UNPACKING pc=0x000002075aa48a82 sp=0x0000009f79afe390 mode 2

Classes loaded (20 events):
Event: 19.420 Loading class java/nio/channels/Pipe$SinkChannel done
Event: 19.420 Loading class sun/nio/ch/SinkChannelImpl done
Event: 19.426 Loading class java/util/TreeMap$ValueSpliterator
Event: 19.426 Loading class java/util/TreeMap$TreeMapSpliterator
Event: 19.426 Loading class java/util/TreeMap$TreeMapSpliterator done
Event: 19.426 Loading class java/util/TreeMap$ValueSpliterator done
Event: 19.445 Loading class java/util/IdentityHashMap$KeySpliterator
Event: 19.445 Loading class java/util/IdentityHashMap$IdentityHashMapSpliterator
Event: 19.445 Loading class java/util/IdentityHashMap$IdentityHashMapSpliterator done
Event: 19.445 Loading class java/util/IdentityHashMap$KeySpliterator done
Event: 1272.893 Loading class java/rmi/server/UnicastRemoteObject
Event: 1272.932 Loading class java/rmi/server/UnicastRemoteObject done
Event: 1273.139 Loading class java/lang/Throwable$PrintStreamOrWriter
Event: 1273.141 Loading class java/lang/Throwable$PrintStreamOrWriter done
Event: 1476.956 Loading class sun/security/ssl/Alert
Event: 1477.007 Loading class sun/security/ssl/Alert done
Event: 1477.019 Loading class sun/security/ssl/Alert$AlertConsumer
Event: 1477.031 Loading class sun/security/ssl/Alert$AlertConsumer done
Event: 1477.031 Loading class sun/security/ssl/Alert$Level
Event: 1477.033 Loading class sun/security/ssl/Alert$Level done

Classes unloaded (0 events):
No events

Classes redefined (0 events):
No events

Internal exceptions (20 events):
Event: 16.083 Thread 0x000002074ab58f60 Exception <a 'java/lang/IncompatibleClassChangeError'{0x00000000fffbac30}: Found class java.lang.Object, but interface was expected> (0x00000000fffbac30) 
thrown [s\open\src\hotspot\share\interpreter\linkResolver.cpp, line 872]
Event: 16.335 Thread 0x000002074ab58f60 Exception <a 'java/lang/IncompatibleClassChangeError'{0x00000000866654a0}: Found class java.lang.Object, but interface was expected> (0x00000000866654a0) 
thrown [s\open\src\hotspot\share\interpreter\linkResolver.cpp, line 872]
Event: 16.336 Thread 0x000002074ab58f60 Exception <a 'java/lang/IncompatibleClassChangeError'{0x0000000086675530}: Found class java.lang.Object, but interface was expected> (0x0000000086675530) 
thrown [s\open\src\hotspot\share\interpreter\linkResolver.cpp, line 872]
Event: 16.406 Thread 0x000002074ab58f60 Exception <a 'java/lang/NoSuchMethodError'{0x00000000865eef40}: 'java.lang.Object java.lang.invoke.DirectMethodHandle$Holder.invokeStatic(java.lang.Object, int, java.lang.Object)'> (0x00000000865eef40) 
thrown [s\open\src\hotspot\share\interpreter\linkResolver.cpp, line 805]
Event: 17.513 Thread 0x000002074ab58f60 Exception <a 'java/lang/NoSuchMethodError'{0x000000008694ea80}: 'void java.lang.invoke.DelegatingMethodHandle$Holder.reinvoke_L(java.lang.Object, java.lang.Object, long)'> (0x000000008694ea80) 
thrown [s\open\src\hotspot\share\interpreter\linkResolver.cpp, line 805]
Event: 17.524 Thread 0x000002074ab58f60 Exception <a 'java/lang/NoSuchMethodError'{0x00000000869bc8f0}: 'int java.lang.invoke.DirectMethodHandle$Holder.invokeStaticInit(java.lang.Object, int, java.lang.Object, java.lang.Object, java.lang.Object, java.lang.Object)'> (0x00000000869bc8f0) 
thrown [s\open\src\hotspot\share\interpreter\linkResolver.cpp, line 805]
Event: 18.037 Thread 0x000002074ab58f60 Exception <a 'java/lang/NoSuchMethodError'{0x0000000086756c18}: 'java.lang.Object java.lang.invoke.DirectMethodHandle$Holder.newInvokeSpecial(java.lang.Object, java.lang.Object, java.lang.Object, java.lang.Object, java.lang.Object, java.lang.Object, java.lang.Object, java.lang.Object)'> (0x0000000086756c18) 
thrown [s\open\src\hotspot\share\interpreter\linkResolver.cpp, line 805]
Event: 18.105 Thread 0x000002074ab58f60 Exception <a 'java/io/IOException'{0x0000000086409980}> (0x0000000086409980) 
thrown [s\open\src\hotspot\share\prims\jni.cpp, line 518]
Event: 18.570 Thread 0x000002074ab58f60 Exception <a 'java/lang/IncompatibleClassChangeError'{0x0000000087631c80}: Found class java.lang.Object, but interface was expected> (0x0000000087631c80) 
thrown [s\open\src\hotspot\share\interpreter\linkResolver.cpp, line 872]
Event: 18.896 Thread 0x000002074ab58f60 Exception <a 'java/lang/NoSuchMethodError'{0x0000000086be1028}: 'java.lang.Object java.lang.invoke.DirectMethodHandle$Holder.invokeInterface(java.lang.Object, java.lang.Object, java.lang.Object, java.lang.Object)'> (0x0000000086be1028) 
thrown [s\open\src\hotspot\share\interpreter\linkResolver.cpp, line 805]
Event: 19.010 Thread 0x000002074ab58f60 Implicit null exception at 0x000002075b329527 to 0x000002075b32a2b8
Event: 19.130 Thread 0x000002074ab58f60 Exception <a 'java/lang/NoSuchMethodError'{0x00000000872c86b0}: 'int java.lang.invoke.DirectMethodHandle$Holder.invokeStaticInit(java.lang.Object, java.lang.Object, java.lang.Object, java.lang.Object)'> (0x00000000872c86b0) 
thrown [s\open\src\hotspot\share\interpreter\linkResolver.cpp, line 805]
Event: 19.135 Thread 0x000002074ab58f60 Implicit null exception at 0x000002075b0cf1af to 0x000002075b0cf5e8
Event: 19.193 Thread 0x000002074ab58f60 Exception <a 'java/lang/IncompatibleClassChangeError'{0x0000000086f41480}: Found class java.lang.Object, but interface was expected> (0x0000000086f41480) 
thrown [s\open\src\hotspot\share\interpreter\linkResolver.cpp, line 872]
Event: 19.372 Thread 0x000002074ab58f60 Exception <a 'java/lang/NoSuchMethodError'{0x00000000fff4df78}: 'java.lang.Object java.lang.invoke.DirectMethodHandle$Holder.newInvokeSpecial(java.lang.Object, java.lang.Object, int, java.lang.Object, java.lang.Object)'> (0x00000000fff4df78) 
thrown [s\open\src\hotspot\share\interpreter\linkResolver.cpp, line 805]
Event: 19.501 Thread 0x000002074ab58f60 Exception <a 'java/lang/IncompatibleClassChangeError'{0x00000000874575a8}: Found class java.lang.Object, but interface was expected> (0x00000000874575a8) 
thrown [s\open\src\hotspot\share\interpreter\linkResolver.cpp, line 872]
Event: 19.580 Thread 0x000002074ab58f60 Implicit null exception at 0x000002075b06d978 to 0x000002075b06de04
Event: 1273.165 Thread 0x0000020745db4500 Exception <a 'java/lang/NoSuchMethodError'{0x00000000872fb9a8}: static [Ljava/lang/StackTraceElement;.<clinit>()V> (0x00000000872fb9a8) 
thrown [s\open\src\hotspot\share\prims\jni.cpp, line 1108]
Event: 1273.169 Thread 0x000002074788dae0 Exception <a 'java/lang/NoSuchMethodError'{0x00000000872f1690}: static [Ljava/lang/StackTraceElement;.<clinit>()V> (0x00000000872f1690) 
thrown [s\open\src\hotspot\share\prims\jni.cpp, line 1108]
Event: 1273.308 Thread 0x000002074788dae0 Exception <a 'java/lang/NoSuchMethodError'{0x000000008713eaf8}: static [Ljava/lang/Integer;.<clinit>()V> (0x000000008713eaf8) 
thrown [s\open\src\hotspot\share\prims\jni.cpp, line 1108]

VM Operations (20 events):
Event: 19.356 Executing VM operation: G1CollectForAllocation (G1 Evacuation Pause)
Event: 19.361 Executing VM operation: G1CollectForAllocation (G1 Evacuation Pause) done
Event: 19.399 Executing VM operation: G1PauseRemark
Event: 19.403 Executing VM operation: G1PauseRemark done
Event: 19.416 Executing VM operation: G1PauseCleanup
Event: 19.417 Executing VM operation: G1PauseCleanup done
Event: 19.511 Executing VM operation: HandshakeAllThreads (Deoptimize)
Event: 19.511 Executing VM operation: HandshakeAllThreads (Deoptimize) done
Event: 60.113 Executing VM operation: HandshakeAllThreads (HandshakeForDeflation)
Event: 60.113 Executing VM operation: HandshakeAllThreads (HandshakeForDeflation) done
Event: 60.113 Executing VM operation: RendezvousGCThreads
Event: 60.113 Executing VM operation: RendezvousGCThreads done
Event: 231.110 Executing VM operation: G1CollectForAllocation (G1 Evacuation Pause)
Event: 231.206 Executing VM operation: G1CollectForAllocation (G1 Evacuation Pause) done
Event: 1277.363 Executing VM operation: HandshakeAllThreads (HandshakeForDeflation)
Event: 1277.364 Executing VM operation: HandshakeAllThreads (HandshakeForDeflation) done
Event: 1277.364 Executing VM operation: RendezvousGCThreads
Event: 1277.364 Executing VM operation: RendezvousGCThreads done
Event: 1518.208 Executing VM operation: G1CollectForAllocation (G1 Evacuation Pause)
Event: 1518.324 Executing VM operation: G1CollectForAllocation (G1 Evacuation Pause) done

Memory protections (0 events):
No events

Nmethod flushes (20 events):
Event: 19.402 Thread 0x00000207679f7610 flushing  nmethod 0x0000020753bf1688
Event: 19.402 Thread 0x00000207679f7610 flushing  nmethod 0x0000020753bf1988
Event: 19.402 Thread 0x00000207679f7610 flushing  nmethod 0x0000020753bf4688
Event: 19.402 Thread 0x00000207679f7610 flushing  nmethod 0x0000020753bf8388
Event: 19.402 Thread 0x00000207679f7610 flushing  nmethod 0x0000020753bf8988
Event: 19.402 Thread 0x00000207679f7610 flushing  nmethod 0x0000020753bf8e08
Event: 19.402 Thread 0x00000207679f7610 flushing  nmethod 0x0000020753ca6808
Event: 19.402 Thread 0x00000207679f7610 flushing  nmethod 0x0000020753f99d88
Event: 19.402 Thread 0x00000207679f7610 flushing  nmethod 0x000002075af56088
Event: 19.402 Thread 0x00000207679f7610 flushing  nmethod 0x000002075af57608
Event: 19.402 Thread 0x00000207679f7610 flushing  nmethod 0x000002075b1ae008
Event: 19.402 Thread 0x00000207679f7610 flushing  nmethod 0x000002075b1b0e08
Event: 19.402 Thread 0x00000207679f7610 flushing  nmethod 0x000002075b27e388
Event: 19.402 Thread 0x00000207679f7610 flushing  nmethod 0x000002075b27f908
Event: 19.402 Thread 0x00000207679f7610 flushing  nmethod 0x00000207535ea108
Event: 19.402 Thread 0x00000207679f7610 flushing  nmethod 0x00000207536e2408
Event: 19.402 Thread 0x00000207679f7610 flushing  nmethod 0x0000020753785c08
Event: 19.402 Thread 0x00000207679f7610 flushing  nmethod 0x0000020753869688
Event: 19.402 Thread 0x00000207679f7610 flushing  nmethod 0x0000020753b3a908
Event: 19.402 Thread 0x00000207679f7610 flushing  nmethod 0x0000020753d19a88

Events (20 events):
Event: 1272.891 Thread 0x0000020745e8f4a0 Thread exited: 0x0000020745e8f4a0
Event: 1272.937 Thread 0x000002074788dae0 Thread exited: 0x000002074788dae0
Event: 1273.158 Thread 0x0000020745d62120 Thread added: 0x000002074788dae0
Event: 1273.250 Thread 0x000002074788dae0 Thread added: 0x000002074788f0d0
Event: 1333.187 Thread 0x0000020745db4500 Thread exited: 0x0000020745db4500
Event: 1476.939 Thread 0x00000207699342b0 Thread added: 0x000002074788f820
Event: 1477.047 Thread 0x000002074788f820 Thread added: 0x00000207459c3f80
Event: 1482.071 Thread 0x000002074788f820 Thread exited: 0x000002074788f820
Event: 1482.267 Thread 0x00000207459c3f80 Thread exited: 0x00000207459c3f80
Event: 1499.578 Thread 0x00000207699342b0 Thread added: 0x000002074788f820
Event: 1499.589 Thread 0x000002074788f820 Thread added: 0x00000207459c5cc0
Event: 1504.601 Thread 0x000002074788f820 Thread exited: 0x000002074788f820
Event: 1504.680 Thread 0x00000207459c5cc0 Thread exited: 0x00000207459c5cc0
Event: 1518.168 Thread 0x00000207699342b0 Thread added: 0x000002074788f820
Event: 1518.174 Thread 0x000002074788f820 Thread added: 0x00000207459c2990
Event: 1526.100 Thread 0x000002074788f820 Thread exited: 0x000002074788f820
Event: 1526.187 Thread 0x0000020745d62120 Thread added: 0x00000207459c30e0
Event: 1526.334 Thread 0x00000207459c2990 Thread exited: 0x00000207459c2990
Event: 1567.264 Thread 0x00000207699342b0 Thread added: 0x00000207459c4e20
Event: 1567.275 Thread 0x00000207459c4e20 Thread added: 0x00000207459c5cc0


Dynamic libraries:
0x00007ff67a310000 - 0x00007ff67a31e000 	C:\Users\VIET ANH\.jdks\openjdk-24.0.1\bin\java.exe
0x00007fffc9aa0000 - 0x00007fffc9d08000 	C:\WINDOWS\SYSTEM32\ntdll.dll
0x00007fffc81f0000 - 0x00007fffc82b9000 	C:\WINDOWS\System32\KERNEL32.DLL
0x00007fffc7310000 - 0x00007fffc76fd000 	C:\WINDOWS\System32\KERNELBASE.dll
0x00007fffc6d70000 - 0x00007fffc6ebb000 	C:\WINDOWS\System32\ucrtbase.dll
0x00007fff5d8a0000 - 0x00007fff5d8bb000 	C:\Users\VIET ANH\.jdks\openjdk-24.0.1\bin\VCRUNTIME140.dll
0x00007fffc5880000 - 0x00007fffc5896000 	C:\Users\VIET ANH\.jdks\openjdk-24.0.1\bin\jli.dll
0x00007fffc8f20000 - 0x00007fffc90ec000 	C:\WINDOWS\System32\USER32.dll
0x00007fffc6070000 - 0x00007fffc630a000 	C:\WINDOWS\WinSxS\amd64_microsoft.windows.common-controls_6595b64144ccf1df_6.0.26100.4484_none_3e0e6d4ce32ef3b3\COMCTL32.dll
0x00007fffc7230000 - 0x00007fffc7257000 	C:\WINDOWS\System32\win32u.dll
0x00007fffc99b0000 - 0x00007fffc9a59000 	C:\WINDOWS\System32\msvcrt.dll
0x00007fffc82d0000 - 0x00007fffc82fb000 	C:\WINDOWS\System32\GDI32.dll
0x00007fffc7700000 - 0x00007fffc7837000 	C:\WINDOWS\System32\gdi32full.dll
0x00007fffc7260000 - 0x00007fffc7303000 	C:\WINDOWS\System32\msvcp_win.dll
0x00007fffc81b0000 - 0x00007fffc81df000 	C:\WINDOWS\System32\IMM32.DLL
0x00007fffb1e50000 - 0x00007fffb1e5c000 	C:\Users\VIET ANH\.jdks\openjdk-24.0.1\bin\vcruntime140_1.dll
0x00007fff5d4d0000 - 0x00007fff5d55e000 	C:\Users\VIET ANH\.jdks\openjdk-24.0.1\bin\msvcp140.dll
0x00007ffefff90000 - 0x00007fff00d32000 	C:\Users\VIET ANH\.jdks\openjdk-24.0.1\bin\server\jvm.dll
0x00007fffc7890000 - 0x00007fffc7944000 	C:\WINDOWS\System32\ADVAPI32.dll
0x00007fffc9260000 - 0x00007fffc9306000 	C:\WINDOWS\System32\sechost.dll
0x00007fffc9310000 - 0x00007fffc9428000 	C:\WINDOWS\System32\RPCRT4.dll
0x00007fffc7e50000 - 0x00007fffc7ec4000 	C:\WINDOWS\System32\WS2_32.dll
0x00007fffc6470000 - 0x00007fffc64ce000 	C:\WINDOWS\SYSTEM32\POWRPROF.dll
0x00007fffbb780000 - 0x00007fffbb7b5000 	C:\WINDOWS\SYSTEM32\WINMM.dll
0x00007fffc47d0000 - 0x00007fffc47db000 	C:\WINDOWS\SYSTEM32\VERSION.dll
0x00007fffc6310000 - 0x00007fffc6324000 	C:\WINDOWS\SYSTEM32\UMPDC.dll
0x00007fffc5c00000 - 0x00007fffc5c1b000 	C:\WINDOWS\SYSTEM32\kernel.appcore.dll
0x00007fffa7420000 - 0x00007fffa742a000 	C:\Users\VIET ANH\.jdks\openjdk-24.0.1\bin\jimage.dll
0x00007fffc6500000 - 0x00007fffc6741000 	C:\WINDOWS\SYSTEM32\DBGHELP.DLL
0x00007fffc7ac0000 - 0x00007fffc7e46000 	C:\WINDOWS\System32\combase.dll
0x00007fffc8360000 - 0x00007fffc8440000 	C:\WINDOWS\System32\OLEAUT32.dll
0x00007fffc6330000 - 0x00007fffc6373000 	C:\WINDOWS\SYSTEM32\dbgcore.DLL
0x00007fffc70d0000 - 0x00007fffc7169000 	C:\WINDOWS\System32\bcryptPrimitives.dll
0x00007fffa2ce0000 - 0x00007fffa2cef000 	C:\Users\VIET ANH\.jdks\openjdk-24.0.1\bin\instrument.dll
0x00007fff5d880000 - 0x00007fff5d89e000 	C:\Users\VIET ANH\.jdks\openjdk-24.0.1\bin\java.dll
0x00007fffc8460000 - 0x00007fffc85fe000 	C:\WINDOWS\System32\ole32.dll
0x00007fffc8710000 - 0x00007fffc8e5a000 	C:\WINDOWS\System32\SHELL32.dll
0x00007fffc6bf0000 - 0x00007fffc6d64000 	C:\WINDOWS\System32\wintypes.dll
0x00007fffc3820000 - 0x00007fffc407b000 	C:\WINDOWS\SYSTEM32\windows.storage.dll
0x00007fffc8610000 - 0x00007fffc8705000 	C:\WINDOWS\System32\SHCORE.dll
0x00007fffc91f0000 - 0x00007fffc925a000 	C:\WINDOWS\System32\shlwapi.dll
0x00007fffc6b00000 - 0x00007fffc6b2f000 	C:\WINDOWS\SYSTEM32\profapi.dll
0x00007fff51b60000 - 0x00007fff51c37000 	C:\Users\VIET ANH\.jdks\openjdk-24.0.1\bin\jsvml.dll
0x00007fff5d840000 - 0x00007fff5d857000 	C:\Users\VIET ANH\.jdks\openjdk-24.0.1\bin\zip.dll
0x00007fffa31a0000 - 0x00007fffa31b0000 	C:\Users\VIET ANH\.jdks\openjdk-24.0.1\bin\net.dll
0x00007fffc4f90000 - 0x00007fffc4ffa000 	C:\WINDOWS\system32\mswsock.dll
0x00007fff5d860000 - 0x00007fff5d876000 	C:\Users\VIET ANH\.jdks\openjdk-24.0.1\bin\nio.dll
0x00007fffa0070000 - 0x00007fffa0079000 	C:\Users\VIET ANH\.jdks\openjdk-24.0.1\bin\extnet.dll
0x00007fffc4510000 - 0x00007fffc4636000 	C:\WINDOWS\SYSTEM32\DNSAPI.dll
0x00007fffc44d0000 - 0x00007fffc4503000 	C:\WINDOWS\SYSTEM32\IPHLPAPI.DLL
0x00007fffc8f10000 - 0x00007fffc8f1a000 	C:\WINDOWS\System32\NSI.dll
0x00007fffbaf80000 - 0x00007fffbaf8b000 	C:\Windows\System32\rasadhlp.dll
0x00007fffbf260000 - 0x00007fffbf2e6000 	C:\WINDOWS\System32\fwpuclnt.dll
0x00007fff9de20000 - 0x00007fff9de2a000 	C:\Users\VIET ANH\.jdks\openjdk-24.0.1\bin\management.dll
0x00007fff9af10000 - 0x00007fff9af1b000 	C:\Users\VIET ANH\.jdks\openjdk-24.0.1\bin\management_ext.dll
0x00007fffc9980000 - 0x00007fffc9988000 	C:\WINDOWS\System32\PSAPI.DLL
0x00007fffc64e0000 - 0x00007fffc64fb000 	C:\WINDOWS\SYSTEM32\CRYPTSP.dll
0x00007fffc49a0000 - 0x00007fffc49db000 	C:\WINDOWS\system32\rsaenh.dll
0x00007fffc5030000 - 0x00007fffc505b000 	C:\WINDOWS\SYSTEM32\USERENV.dll
0x00007fffc6ad0000 - 0x00007fffc6af6000 	C:\WINDOWS\SYSTEM32\bcrypt.dll
0x00007fffc5bf0000 - 0x00007fffc5bfc000 	C:\WINDOWS\SYSTEM32\CRYPTBASE.dll
0x00007fffb1fc0000 - 0x00007fffb1fd8000 	C:\WINDOWS\system32\napinsp.dll
0x00007fffb1fa0000 - 0x00007fffb1fb2000 	C:\WINDOWS\System32\winrnr.dll
0x00007fff457f0000 - 0x00007fff45820000 	C:\WINDOWS\system32\nlansp_c.dll
0x00007fffb00d0000 - 0x00007fffb00f0000 	C:\WINDOWS\system32\wshbth.dll
0x00007fffa8160000 - 0x00007fffa81ae000 	C:\WINDOWS\SYSTEM32\pdh.dll
0x00007fffc5ae0000 - 0x00007fffc5af2000 	C:\WINDOWS\System32\perfproc.dll
0x00007fff981b0000 - 0x00007fff981be000 	C:\Users\VIET ANH\.jdks\openjdk-24.0.1\bin\sunmscapi.dll
0x00007fffc6ec0000 - 0x00007fffc7037000 	C:\WINDOWS\System32\CRYPT32.dll
0x00007fffc5cc0000 - 0x00007fffc5cf0000 	C:\WINDOWS\SYSTEM32\ncrypt.dll
0x00007fffc5ba0000 - 0x00007fffc5bdf000 	C:\WINDOWS\SYSTEM32\NTASN1.dll
0x00007fffa2fb0000 - 0x00007fffa2fc0000 	C:\Users\VIET ANH\.jdks\openjdk-24.0.1\bin\verify.dll
0x00007fffa76d0000 - 0x00007fffa76d8000 	C:\WINDOWS\system32\wshunix.dll

JVMTI agents:
C:\Program Files\JetBrains\IntelliJ IDEA 2025.1.2\lib\idea_rt.jar path:C:\Users\VIET ANH\.jdks\openjdk-24.0.1\bin\instrument.dll, loaded, initialized, instrumentlib options:52762

dbghelp: loaded successfully - version: 4.0.5 - missing functions: none
symbol engine: initialized successfully - sym options: 0x614 - pdb path: .;C:\Users\VIET ANH\.jdks\openjdk-24.0.1\bin;C:\WINDOWS\SYSTEM32;C:\WINDOWS\WinSxS\amd64_microsoft.windows.common-controls_6595b64144ccf1df_6.0.26100.4484_none_3e0e6d4ce32ef3b3;C:\Users\VIET ANH\.jdks\openjdk-24.0.1\bin\server

VM Arguments:
jvm_args: -javaagent:C:\Program Files\JetBrains\IntelliJ IDEA 2025.1.2\lib\idea_rt.jar=52762 -Dfile.encoding=UTF-8 -Dsun.stdout.encoding=UTF-8 -Dsun.stderr.encoding=UTF-8 
java_command: develop.circlek.CirclekApplication
java_class_path (initial): C:\Users\VIET ANH\OneDrive\Máy tính\Spring Boot\rs-management4\target\classes;C:\Users\VIET ANH\.m2\repository\org\springframework\boot\spring-boot-starter-data-jpa\3.5.3\spring-boot-starter-data-jpa-3.5.3.jar;C:\Users\VIET ANH\.m2\repository\org\springframework\boot\spring-boot-starter\3.5.3\spring-boot-starter-3.5.3.jar;C:\Users\VIET ANH\.m2\repository\org\springframework\boot\spring-boot\3.5.3\spring-boot-3.5.3.jar;C:\Users\VIET ANH\.m2\repository\org\springframework\boot\spring-boot-autoconfigure\3.5.3\spring-boot-autoconfigure-3.5.3.jar;C:\Users\VIET ANH\.m2\repository\org\springframework\boot\spring-boot-starter-logging\3.5.3\spring-boot-starter-logging-3.5.3.jar;C:\Users\VIET ANH\.m2\repository\ch\qos\logback\logback-classic\1.5.18\logback-classic-1.5.18.jar;C:\Users\VIET ANH\.m2\repository\ch\qos\logback\logback-core\1.5.18\logback-core-1.5.18.jar;C:\Users\VIET ANH\.m2\repository\org\apache\logging\log4j\log4j-to-slf4j\2.24.3\log4j-to-slf4j-2.24.3.jar;C:\Users\VIET ANH\.m2\repository\org\apache\logging\log4j\log4j-api\2.24.3\log4j-api-2.24.3.jar;C:\Users\VIET ANH\.m2\repository\org\slf4j\jul-to-slf4j\2.0.17\jul-to-slf4j-2.0.17.jar;C:\Users\VIET ANH\.m2\repository\jakarta\annotation\jakarta.annotation-api\2.1.1\jakarta.annotation-api-2.1.1.jar;C:\Users\VIET ANH\.m2\repository\org\yaml\snakeyaml\2.4\snakeyaml-2.4.jar;C:\Users\VIET ANH\.m2\repository\org\springframework\boot\spring-boot-starter-jdbc\3.5.3\spring-boot-starter-jdbc-3.5.3.jar;C:\Users\VIET ANH\.m2\repository\com\zaxxer\HikariCP\6.3.0\HikariCP-6.3.0.jar;C:\Users\VIET ANH\.m2\repository\org\springframework\spring-jdbc\6.2.8\spring-jdbc-6.2.8.jar;C:\Users\VIET ANH\.m2\repository\org\hibernate\orm\hibernate-core\6.6.18.Final\hibernate-core-6.6.18.Final.jar;C:\Users\VIET ANH\.m2\repository\jakarta\persistence\jakarta.persistence-api\3.1.0\jakarta.persistence-api-3.1.0.jar;C:\Users\VIET ANH\.m2\repository\jakarta\transaction\jakarta.transaction-api\2.0.1\jakarta.transaction-api-2.0.1.jar;C:\Users\VIET ANH\.m2\repository\org\jboss\logging\jboss-logging\3.6.1.Final\jboss-logging-3.6.1.Final.jar;C:\Users\VIET ANH\.m2\repository\org\hibernate\common\hibernate-commons-annotations\7.0.3.Final\hibernate-commons-annotations-7.0.3.Final.jar;C:\Users\VIET ANH\.m2\repository\io\smallrye\jandex\3.2.0\jandex-3.2.0.jar;C:\Users\VIET ANH\.m2\repository\com\fasterxml\classmate\1.7.0\classmate-1.7.0.jar;C:\Users\VIET ANH\.m2\repository\net\bytebuddy\byte-buddy\1.17.6\byte-buddy-1.17.6.jar;C:\Users\VIET ANH\.m2\repository\org\glassfish\jaxb\jaxb-runtime\4.0.5\jaxb-runtime-4.0.5.jar;C:\Users\VIET ANH\.m2\repository\org\glassfish\jaxb\jaxb-core\4.0.5\jaxb-core-4.0.5.jar;C:\Users\VIET ANH\.m2\repository\org\eclipse\angus\angus-activation\2.0.2\angus-activation-2.0.2.jar;C:\Users\VIET ANH\.m2\repository\org\glassfish\jaxb\txw2\4.0.5\txw2-4.0.5.jar;C:\Users\VIET ANH\.m2\repository\com\sun\istack\istack-commons-runtime\4.1.2\istack-commons-runtime-4.1.2.jar;C:\Users\VIET ANH\.m2\repository\jakarta\inject\jakarta.inject-api\2.0.1\jakarta.inject-api-2.0.1.jar;C:\Users\VIET ANH\.m2\repository\org\antlr\antlr4-runtime\4.13.0\antlr4-runtime-4.13.0.jar;C:\Users\VIET ANH\.m2\repository\org\springframework\data\spring-data-jpa\3.5.1\spring-data-jpa-3.5.1.jar;C:\Users\VIET ANH\.m2\repository\org\springframework\data\spring-data-commons\3.5.1\spring-data-commons-3.5.1.jar;C:\Users\VIET ANH\.m2\repository\org\springframework\spring-orm\6.2.8\spring-orm-6.2.8.jar;C:\Users\VIET ANH\.m2\repository\org\springframework\spring-context\6.2.8\spring-context-6.2.8.jar;C:\Users\VIET ANH\.m2\repository\org\springframework\spring-tx\6.2.8\spring-tx-6.2.8.jar;C:\Users\VIET ANH\.m2\repository\org\springframework\spring-beans\6.2.8\spring-beans-6.2.8.jar;C:\Users\VIET ANH\.m2\repository\org\slf4j\slf4j-api\2.0.17\slf4j-api-2.0.17.jar;C:\Users\VIET ANH\.m2\repository\org\springframework\spring-aspects\6.2.8\spring-aspects-6.2.8.jar;C:\Users\VIET ANH\.m2\repository\org\aspectj\aspectjweaver\1.9.24\aspectjweaver-1.9.24.jar;C:\Users\VIET ANH\.m2\repository\org\springframework\boot\spring-boot-starter-validation\3.5.3\spring-boot-starter-validation-3.5.3.jar;C:\Users\VIET ANH\.m2\repository\org\apache\tomcat\embed\tomcat-embed-el\10.1.42\tomcat-embed-el-10.1.42.jar;C:\Users\VIET ANH\.m2\repository\org\hibernate\validator\hibernate-validator\8.0.2.Final\hibernate-validator-8.0.2.Final.jar;C:\Users\VIET ANH\.m2\repository\jakarta\validation\jakarta.validation-api\3.0.2\jakarta.validation-api-3.0.2.jar;C:\Users\VIET ANH\.m2\repository\org\springframework\boot\spring-boot-starter-web\3.5.3\spring-boot-starter-web-3.5.3.jar;C:\Users\VIET ANH\.m2\repository\org\springframework\boot\spring-boot-starter-json\3.5.3\spring-boot-starter-json-3.5.3.jar;C:\Users\VIET ANH\.m2\repository\com\fasterxml\jackson\datatype\jackson-datatype-jdk8\2.19.1\jackson-datatype-jdk8-2.19.1.jar;C:\Users\VIET ANH\.m2\repository\com\fasterxml\jackson\datatype\jackson-datatype-jsr310\2.19.1\jackson-datatype-jsr310-2.19.1.jar;C:\Users\VIET ANH\.m2\repository\com\fasterxml\jackson\module\jackson-module-parameter-names\2.19.1\jackson-module-parameter-names-2.19.1.jar;C:\Users\VIET ANH\.m2\repository\org\springframework\boot\spring-boot-starter-tomcat\3.5.3\spring-boot-starter-tomcat-3.5.3.jar;C:\Users\VIET ANH\.m2\repository\org\apache\tomcat\embed\tomcat-embed-core\10.1.42\tomcat-embed-core-10.1.42.jar;C:\Users\VIET ANH\.m2\repository\org\apache\tomcat\embed\tomcat-embed-websocket\10.1.42\tomcat-embed-websocket-10.1.42.jar;C:\Users\VIET ANH\.m2\repository\org\springframework\spring-web\6.2.8\spring-web-6.2.8.jar;C:\Users\VIET ANH\.m2\repository\io\micrometer\micrometer-observation\1.15.1\micrometer-observation-1.15.1.jar;C:\Users\VIET ANH\.m2\repository\io\micrometer\micrometer-commons\1.15.1\micrometer-commons-1.15.1.jar;C:\Users\VIET ANH\.m2\repository\org\springframework\spring-webmvc\6.2.8\spring-webmvc-6.2.8.jar;C:\Users\VIET ANH\.m2\repository\org\springframework\spring-expression\6.2.8\spring-expression-6.2.8.jar;C:\Users\VIET ANH\.m2\repository\org\mapstruct\mapstruct\1.5.5.Final\mapstruct-1.5.5.Final.jar;C:\Users\VIET ANH\.m2\repository\org\projectlombok\lombok-mapstruct-binding\0.2.0\lombok-mapstruct-binding-0.2.0.jar;C:\Users\VIET ANH\.m2\repository\com\mysql\mysql-connector-j\8.0.33\mysql-connector-j-8.0.33.jar;C:\Users\VIET ANH\.m2\repository\org\projectlombok\lombok\1.18.38\lombok-1.18.38.jar;C:\Users\VIET ANH\.m2\repository\jakarta\xml\bind\jakarta.xml.bind-api\4.0.2\jakarta.xml.bind-api-4.0.2.jar;C:\Users\VIET ANH\.m2\repository\jakarta\activation\jakarta.activation-api\2.1.3\jakarta.activation-api-2.1.3.jar;C:\Users\VIET ANH\.m2\repository\org\springframework\spring-core\6.2.8\spring-core-6.2.8.jar;C:\Users\VIET ANH\.m2\repository\org\springframework\spring-jcl\6.2.8\spring-jcl-6.2.8.jar;C:\Users\VIET ANH\.m2\repository\org\springframework\boot\spring-boot-starter-security\3.5.3\spring-boot-starter-security-3.5.3.jar;C:\Users\VIET ANH\.m2\repository\org\springframework\spring-aop\6.2.8\spring-aop-6.2.8.jar;C:\Users\VIET ANH\.m2\repository\org\springframework\security\spring-security-config\6.5.1\spring-security-config-6.5.1.jar;C:\Users\VIET ANH\.m2\repository\org\springframework\security\spring-security-web\6.5.1\spring-security-web-6.5.1.jar;C:\Users\VIET ANH\.m2\repository\org\springframework\boot\spring-boot-starter-oauth2-resource-server\3.5.3\spring-boot-starter-oauth2-resource-server-3.5.3.jar;C:\Users\VIET ANH\.m2\repository\org\springframework\security\spring-security-core\6.5.1\spring-security-core-6.5.1.jar;C:\Users\VIET ANH\.m2\repository\org\springframework\security\spring-security-crypto\6.5.1\spring-security-crypto-6.5.1.jar;C:\Users\VIET ANH\.m2\repository\org\springframework\security\spring-security-oauth2-resource-server\6.5.1\spring-security-oauth2-resource-server-6.5.1.jar;C:\Users\VIET ANH\.m2\repository\org\springframework\security\spring-security-oauth2-core\6.5.1\spring-security-oauth2-core-6.5.1.jar;C:\Users\VIET ANH\.m2\repository\org\springframework\security\spring-security-oauth2-jose\6.5.1\spring-security-oauth2-jose-6.5.1.jar;C:\Users\VIET ANH\.m2\repository\com\nimbusds\nimbus-jose-jwt\9.37.3\nimbus-jose-jwt-9.37.3.jar;C:\Users\VIET ANH\.m2\repository\com\github\stephenc\jcip\jcip-annotations\1.0-1\jcip-annotations-1.0-1.jar;C:\Users\VIET ANH\.m2\repository\io\jsonwebtoken\jjwt-api\0.11.5\jjwt-api-0.11.5.jar;C:\Users\VIET ANH\.m2\repository\io\jsonwebtoken\jjwt-impl\0.11.5\jjwt-impl-0.11.5.jar;C:\Users\VIET ANH\.m2\repository\io\jsonwebtoken\jjwt-jackson\0.11.5\jjwt-jackson-0.11.5.jar;C:\Users\VIET ANH\.m2\repository\com\fasterxml\jackson\core\jackson-databind\2.19.1\jackson-databind-2.19.1.jar;C:\Users\VIET ANH\.m2\repository\com\fasterxml\jackson\core\jackson-annotations\2.19.1\jackson-annotations-2.19.1.jar;C:\Users\VIET ANH\.m2\repository\com\fasterxml\jackson\core\jackson-core\2.19.1\jackson-core-2.19.1.jar;C:\Users\VIET ANH\.m2\repository\com\querydsl\querydsl-jpa\5.0.0\querydsl-jpa-5.0.0-jakarta.jar;C:\Users\VIET ANH\.m2\repository\com\querydsl\querydsl-core\5.0.0\querydsl-core-5.0.0.jar;C:\Users\VIET ANH\.m2\repository\com\mysema\commons\mysema-commons-lang\0.2.4\mysema-commons-lang-0.2.4.jar
Launcher Type: SUN_STANDARD

[Global flags]
     intx CICompilerCount                          = 4                                         {product} {ergonomic}
     uint ConcGCThreads                            = 2                                         {product} {ergonomic}
     uint G1ConcRefinementThreads                  = 8                                         {product} {ergonomic}
   size_t G1HeapRegionSize                         = 1048576                                   {product} {ergonomic}
   size_t InitialHeapSize                          = 132120576                                 {product} {ergonomic}
   size_t MarkStackSize                            = 4194304                                   {product} {ergonomic}
   size_t MarkStackSizeMax                         = 536870912                                 {product} {ergonomic}
   size_t MaxHeapSize                              = 2090860544                                {product} {ergonomic}
   size_t MaxNewSize                               = 1254096896                                {product} {ergonomic}
   size_t MinHeapDeltaBytes                        = 1048576                                   {product} {ergonomic}
   size_t MinHeapSize                              = 8388608                                   {product} {ergonomic}
    uintx NonNMethodCodeHeapSize                   = 5832704                                {pd product} {ergonomic}
    uintx NonProfiledCodeHeapSize                  = 122945536                              {pd product} {ergonomic}
    uintx ProfiledCodeHeapSize                     = 122880000                              {pd product} {ergonomic}
    uintx ReservedCodeCacheSize                    = 251658240                              {pd product} {ergonomic}
     bool SegmentedCodeCache                       = true                                      {product} {ergonomic}
   size_t SoftMaxHeapSize                          = 2090860544                             {manageable} {ergonomic}
     bool UseCompressedOops                        = true                           {product lp64_product} {ergonomic}
     bool UseG1GC                                  = true                                      {product} {ergonomic}
     bool UseLargePagesIndividualAllocation        = false                                  {pd product} {ergonomic}

Logging:
Log output configuration:
 #0: stdout all=warning uptime,level,tags foldmultilines=false
 #1: stderr all=off uptime,level,tags foldmultilines=false

Environment Variables:
PATH=C:\gurobi1201\win64\bin;C:\Program Files\Microsoft MPI\Bin\;C:\Program Files\Common Files\Oracle\Java\javapath;C:\Windows\system32;C:\Windows;C:\Windows\System32\Wbem;C:\Windows\System32\WindowsPowerShell\v1.0\;C:\Windows\System32\OpenSSH\;C:\Program Files (x86)\NVIDIA Corporation\PhysX\Common;C:\Program Files\NVIDIA Corporation\NVIDIA NvDLISR;C:\WINDOWS\system32;C:\WINDOWS;C:\WINDOWS\System32\Wbem;C:\WINDOWS\System32\WindowsPowerShell\v1.0\;C:\WINDOWS\System32\OpenSSH\;C:\Program Files (x86)\Microsoft SQL Server\160\Tools\Binn\;C:\Program Files\Microsoft SQL Server\160\Tools\Binn\;C:\Program Files\Microsoft SQL Server\Client SDK\ODBC\170\Tools\Binn\;C:\Program Files\Microsoft SQL Server\160\DTS\Binn\;C:\Program Files\Cloudflare\Cloudflare WARP\;C:\Program Files\Git\cmd;C:\Program Files\Docker\Docker\resources\bin;C:\Program Files\nodejs\;C:\Python39\Scripts\;C:\Python39\;C:\Users\VIET ANH\AppData\Local\Microsoft\WindowsApps;C:\MinGW\bin;C:\Users\VIET ANH\AppData\Local\Programs\Microsoft VS Code\bin;C:\Users\VIET ANH\OneDrive\Máy tính\Java\IntelliJ IDEA 2024.3.2.2\bin;;C:\Program Files\JetBrains\IntelliJ IDEA Community Edition 2024.3.2.2\bin;;C:\Users\VIET ANH\AppData\Roaming\npm
USERNAME=VIET ANH
OS=Windows_NT
PROCESSOR_IDENTIFIER=Intel64 Family 6 Model 140 Stepping 2, GenuineIntel
TMP=C:\Users\VIETAN~1\AppData\Local\Temp
TEMP=C:\Users\VIETAN~1\AppData\Local\Temp




Periodic native trim disabled

---------------  S Y S T E M  ---------------

OS:
 Windows 11 , 64 bit Build 26100 (10.0.26100.4484)
OS uptime: 11 days 2:21 hours
Hyper-V role detected

CPU: total 8 (initial active 8) (4 cores per cpu, 2 threads per core) family 6 model 140 stepping 2 microcode 0x26, cx8, cmov, fxsr, ht, mmx, 3dnowpref, sse, sse2, sse3, ssse3, sse4.1, sse4.2, popcnt, lzcnt, tsc, tscinvbit, avx, avx2, aes, erms, clmul, bmi1, bmi2, adx, avx512f, avx512dq, avx512cd, avx512bw, avx512vl, sha, fma, vzeroupper, avx512_vpopcntdq, avx512_vpclmulqdq, avx512_vaes, avx512_vnni, clflush, clflushopt, clwb, avx512_vbmi2, avx512_vbmi, hv, rdtscp, rdpid, fsrm, gfni, avx512_bitalg, f16c, cet_ibt, cet_ss, avx512_ifma
Processor Information for the first 8 processors :
  Max Mhz: 3187, Current Mhz: 3187, Mhz Limit: 3187

Memory: 4k page, system-wide physical 7975M (599M free)
TotalPageFile size 32551M (AvailPageFile size 183M)
current process WorkingSet (physical memory assigned to process): 51M, peak: 323M
current process commit charge ("private bytes"): 320M, peak: 368M

vm_info: OpenJDK 64-Bit Server VM (24.0.1+9-30) for windows-amd64 JRE (24.0.1+9-30), built on 2025-03-05T07:23:45Z with MS VC++ 17.6 (VS2022)

END.
