#
# There is insufficient memory for the Java Runtime Environment to continue.
# Native memory allocation (malloc) failed to allocate 2401168 bytes. Error detail: Chunk::new
# Possible reasons:
#   The system is out of physical RAM or swap space
#   This process is running with CompressedOops enabled, and the Java Heap may be blocking the growth of the native heap
# Possible solutions:
#   Reduce memory load on the system
#   Increase physical memory or swap space
#   Check if swap backing store is full
#   Decrease Java heap size (-Xmx/-Xms)
#   Decrease number of Java threads
#   Decrease Java thread stack sizes (-Xss)
#   Set larger code cache with -XX:ReservedCodeCacheSize=
#   JVM is running with Unscaled Compressed Oops mode in which the Java heap is
#     placed in the first 4GB address space. The Java Heap base address is the
#     maximum limit for the native heap growth. Please use -XX:HeapBaseMinAddress
#     to set the Java Heap base and to place the Java Heap above 4GB virtual address.
# This output file may be truncated or incomplete.
#
#  Out of Memory Error (arena.cpp:162), pid=2376, tid=27324
#
# JRE version: OpenJDK Runtime Environment (24.0.1+9) (build 24.0.1+9-30)
# Java VM: OpenJDK 64-Bit Server VM (24.0.1+9-30, mixed mode, sharing, tiered, compressed oops, compressed class ptrs, g1 gc, windows-amd64)
# No core dump will be written. Minidumps are not enabled by default on client versions of Windows
#

---------------  S U M M A R Y ------------

Command Line: -javaagent:C:\Program Files\JetBrains\IntelliJ IDEA 2025.1.2\lib\idea_rt.jar=54161 -Dfile.encoding=UTF-8 -Dsun.stdout.encoding=UTF-8 -Dsun.stderr.encoding=UTF-8 develop.circlek.CirclekApplication

Host: 11th Gen Intel(R) Core(TM) i5-11320H @ 3.20GHz, 8 cores, 7G,  Windows 11 , 64 bit Build 26100 (10.0.26100.4484)
Time: Tue Aug  5 18:37:54 2025 SE Asia Standard Time elapsed time: 3046.216998 seconds (0d 0h 50m 46s)

---------------  T H R E A D  ---------------

Current thread (0x000001dfb8a367a0):  JavaThread "C2 CompilerThread0" daemon [_thread_in_native, id=27324, stack(0x000000c162300000,0x000000c162400000) (1024K)]


Current CompileTask:
C2:3046217 14036   !   4       org.springframework.util.ConcurrentReferenceHashMap$Segment::restructure (411 bytes)

Stack: [0x000000c162300000,0x000000c162400000]
Native frames: (J=compiled Java code, j=interpreted, Vv=VM code, C=native code)
V  [jvm.dll+0x730739]  (no source info available)
V  [jvm.dll+0x8d9b23]  (no source info available)
V  [jvm.dll+0x8dc00d]  (no source info available)
V  [jvm.dll+0x8dc683]  (no source info available)
V  [jvm.dll+0x2aa086]  (no source info available)
V  [jvm.dll+0xcedef]  (no source info available)
V  [jvm.dll+0xcf04f]  (no source info available)
V  [jvm.dll+0x154d83]  (no source info available)
V  [jvm.dll+0x735f5f]  (no source info available)
V  [jvm.dll+0x26fa1c]  (no source info available)
V  [jvm.dll+0x26ea3f]  (no source info available)
V  [jvm.dll+0x1e9d60]  (no source info available)
V  [jvm.dll+0x27e1fb]  (no source info available)
V  [jvm.dll+0x27c49a]  (no source info available)
V  [jvm.dll+0x42f456]  (no source info available)
V  [jvm.dll+0x87d76b]  (no source info available)
V  [jvm.dll+0x72ee55]  (no source info available)
C  [ucrtbase.dll+0x37b0]  (no source info available)
C  [KERNEL32.DLL+0x2e8d7]  (no source info available)
C  [ntdll.dll+0x3c34c]  (no source info available)

Lock stack of current Java thread (top to bottom):


---------------  P R O C E S S  ---------------

Threads class SMR info:
_java_thread_list=0x000001df81a98a30, length=33, elements={
0x000001dfb8a2bfd0, 0x000001dfb8a2dc90, 0x000001dfb8a323e0, 0x000001dfb8a34010,
0x000001dfb8a34c30, 0x000001dfb8a35850, 0x000001dfb8a367a0, 0x000001dfb8a45900,
0x000001dfb8bed3a0, 0x000001dffe0deb80, 0x000001dffe15c140, 0x000001dffeb391d0,
0x000001dffeb24fa0, 0x000001dffeb23380, 0x000001dffecb5f80, 0x000001dffecb4240,
0x000001dffecb7570, 0x000001dffecb4990, 0x000001dffe54b950, 0x000001dffe54dde0,
0x000001dffe551fb0, 0x000001dffe552700, 0x000001dffe551860, 0x000001df82206a10,
0x000001df82203e30, 0x000001df82204580, 0x000001df822062c0, 0x000001df82204cd0,
0x000001df82205420, 0x000001df82205b70, 0x000001df822036e0, 0x000001df830b6780,
0x000001df830bb0a0
}

Java Threads: ( => current thread )
  0x000001dfb8a2bfd0 JavaThread "Reference Handler"          daemon [_thread_blocked, id=9588, stack(0x000000c161d00000,0x000000c161e00000) (1024K)]
  0x000001dfb8a2dc90 JavaThread "Finalizer"                  daemon [_thread_blocked, id=11224, stack(0x000000c161e00000,0x000000c161f00000) (1024K)]
  0x000001dfb8a323e0 JavaThread "Signal Dispatcher"          daemon [_thread_blocked, id=24116, stack(0x000000c161f00000,0x000000c162000000) (1024K)]
  0x000001dfb8a34010 JavaThread "Attach Listener"            daemon [_thread_blocked, id=21468, stack(0x000000c162000000,0x000000c162100000) (1024K)]
  0x000001dfb8a34c30 JavaThread "Service Thread"             daemon [_thread_blocked, id=17612, stack(0x000000c162100000,0x000000c162200000) (1024K)]
  0x000001dfb8a35850 JavaThread "Monitor Deflation Thread"   daemon [_thread_blocked, id=21184, stack(0x000000c162200000,0x000000c162300000) (1024K)]
=>0x000001dfb8a367a0 JavaThread "C2 CompilerThread0"         daemon [_thread_in_native, id=27324, stack(0x000000c162300000,0x000000c162400000) (1024K)]
  0x000001dfb8a45900 JavaThread "C1 CompilerThread0"         daemon [_thread_blocked, id=17292, stack(0x000000c162400000,0x000000c162500000) (1024K)]
  0x000001dfb8bed3a0 JavaThread "Common-Cleaner"             daemon [_thread_blocked, id=1016, stack(0x000000c162600000,0x000000c162700000) (1024K)]
  0x000001dffe0deb80 JavaThread "Monitor Ctrl-Break"         daemon [_thread_in_native, id=29504, stack(0x000000c162700000,0x000000c162800000) (1024K)]
  0x000001dffe15c140 JavaThread "Notification Thread"        daemon [_thread_blocked, id=920, stack(0x000000c162800000,0x000000c162900000) (1024K)]
  0x000001dffeb391d0 JavaThread "RMI TCP Accept-0"           daemon [_thread_in_native, id=26980, stack(0x000000c162900000,0x000000c162a00000) (1024K)]
  0x000001dffeb24fa0 JavaThread "RMI Scheduler(0)"           daemon [_thread_blocked, id=26760, stack(0x000000c162b00000,0x000000c162c00000) (1024K)]
  0x000001dffeb23380 JavaThread "JMX server connection timeout 31" daemon [_thread_blocked, id=10252, stack(0x000000c162c00000,0x000000c162d00000) (1024K)]
  0x000001dffecb5f80 JavaThread "Catalina-utility-1"                [_thread_blocked, id=27820, stack(0x000000c163500000,0x000000c163600000) (1024K)]
  0x000001dffecb4240 JavaThread "Catalina-utility-2"                [_thread_blocked, id=24856, stack(0x000000c163700000,0x000000c163800000) (1024K)]
  0x000001dffecb7570 JavaThread "container-0"                       [_thread_blocked, id=17628, stack(0x000000c163800000,0x000000c163900000) (1024K)]
  0x000001dffecb4990 JavaThread "mysql-cj-abandoned-connection-cleanup" daemon [_thread_blocked, id=17976, stack(0x000000c163900000,0x000000c163a00000) (1024K)]
  0x000001dffe54b950 JavaThread "HikariPool-1:housekeeper"   daemon [_thread_blocked, id=14760, stack(0x000000c163b00000,0x000000c163c00000) (1024K)]
  0x000001dffe54dde0 JavaThread "http-nio-8080-exec-1"       daemon [_thread_blocked, id=13620, stack(0x000000c163c00000,0x000000c163d00000) (1024K)]
  0x000001dffe551fb0 JavaThread "http-nio-8080-exec-2"       daemon [_thread_blocked, id=6072, stack(0x000000c163d00000,0x000000c163e00000) (1024K)]
  0x000001dffe552700 JavaThread "http-nio-8080-exec-3"       daemon [_thread_blocked, id=5932, stack(0x000000c163e00000,0x000000c163f00000) (1024K)]
  0x000001dffe551860 JavaThread "http-nio-8080-exec-4"       daemon [_thread_blocked, id=22608, stack(0x000000c163f00000,0x000000c164000000) (1024K)]
  0x000001df82206a10 JavaThread "http-nio-8080-exec-5"       daemon [_thread_blocked, id=15576, stack(0x000000c164000000,0x000000c164100000) (1024K)]
  0x000001df82203e30 JavaThread "http-nio-8080-exec-6"       daemon [_thread_blocked, id=9008, stack(0x000000c164100000,0x000000c164200000) (1024K)]
  0x000001df82204580 JavaThread "http-nio-8080-exec-7"       daemon [_thread_blocked, id=24432, stack(0x000000c164200000,0x000000c164300000) (1024K)]
  0x000001df822062c0 JavaThread "http-nio-8080-exec-8"       daemon [_thread_blocked, id=6516, stack(0x000000c164300000,0x000000c164400000) (1024K)]
  0x000001df82204cd0 JavaThread "http-nio-8080-exec-9"       daemon [_thread_blocked, id=4192, stack(0x000000c164400000,0x000000c164500000) (1024K)]
  0x000001df82205420 JavaThread "http-nio-8080-exec-10"      daemon [_thread_blocked, id=544, stack(0x000000c164500000,0x000000c164600000) (1024K)]
  0x000001df82205b70 JavaThread "http-nio-8080-Poller"       daemon [_thread_in_native, id=10076, stack(0x000000c164600000,0x000000c164700000) (1024K)]
  0x000001df822036e0 JavaThread "http-nio-8080-Acceptor"     daemon [_thread_in_native, id=9092, stack(0x000000c164700000,0x000000c164800000) (1024K)]
  0x000001df830b6780 JavaThread "DestroyJavaVM"                     [_thread_blocked, id=2688, stack(0x000000c161500000,0x000000c161600000) (1024K)]
  0x000001df830bb0a0 JavaThread "RMI TCP Connection(3)-192.168.1.14" daemon [_thread_in_native, id=18816, stack(0x000000c161200000,0x000000c161300000) (1024K)]
Total: 33

Other Threads:
  0x000001dfb8a17850 VMThread "VM Thread"                           [id=22288, stack(0x000000c161c00000,0x000000c161d00000) (1024K)]
  0x000001dfb8a05c00 WatcherThread "VM Periodic Task Thread"        [id=25744, stack(0x000000c161b00000,0x000000c161c00000) (1024K)]
  0x000001df9bc63fd0 WorkerThread "GC Thread#0"                     [id=10724, stack(0x000000c161600000,0x000000c161700000) (1024K)]
  0x000001dfff19d200 WorkerThread "GC Thread#1"                     [id=28820, stack(0x000000c162e00000,0x000000c162f00000) (1024K)]
  0x000001dfff19ce50 WorkerThread "GC Thread#2"                     [id=5940, stack(0x000000c162f00000,0x000000c163000000) (1024K)]
  0x000001dfff19d5b0 WorkerThread "GC Thread#3"                     [id=18924, stack(0x000000c163000000,0x000000c163100000) (1024K)]
  0x000001dfff19c6f0 WorkerThread "GC Thread#4"                     [id=13156, stack(0x000000c163100000,0x000000c163200000) (1024K)]
  0x000001dfff19d960 WorkerThread "GC Thread#5"                     [id=28136, stack(0x000000c163200000,0x000000c163300000) (1024K)]
  0x000001dfff19c340 WorkerThread "GC Thread#6"                     [id=12272, stack(0x000000c163300000,0x000000c163400000) (1024K)]
  0x000001dffed07600 WorkerThread "GC Thread#7"                     [id=344, stack(0x000000c163400000,0x000000c163500000) (1024K)]
  0x000001df9983ddd0 ConcurrentGCThread "G1 Main Marker"            [id=20320, stack(0x000000c161700000,0x000000c161800000) (1024K)]
  0x000001df9983e8e0 WorkerThread "G1 Conc#0"                       [id=6828, stack(0x000000c161800000,0x000000c161900000) (1024K)]
  0x000001dffed05c30 WorkerThread "G1 Conc#1"                       [id=23440, stack(0x000000c163600000,0x000000c163700000) (1024K)]
  0x000001dfb88bf550 ConcurrentGCThread "G1 Refine#0"               [id=16460, stack(0x000000c161900000,0x000000c161a00000) (1024K)]
  0x000001df9bcbe440 ConcurrentGCThread "G1 Service"                [id=2620, stack(0x000000c161a00000,0x000000c161b00000) (1024K)]
Total: 15

Threads with active compile tasks:
C2 CompilerThread0  3046312 14036   !   4       org.springframework.util.ConcurrentReferenceHashMap$Segment::restructure (411 bytes)
Total: 1

VM state: not at safepoint (normal execution)

VM Mutex/Monitor currently owned by a thread: None

Heap address: 0x0000000083600000, size: 1994 MB, Compressed Oops mode: 32-bit

CDS archive(s) mapped at: [0x000001dfb9000000-0x000001dfb9d40000-0x000001dfb9d40000), size 13893632, SharedBaseAddress: 0x000001dfb9000000, ArchiveRelocationMode: 1.
Compressed class space mapped at: 0x000001dfba000000-0x000001dffa000000, reserved size: 1073741824
UseCompressedClassPointers 1, UseCompactObjectHeaders 0
Narrow klass pointer bits 32, Max shift 3
Narrow klass base: 0x000001dfb9000000, Narrow klass shift: 0
Encoding Range: [0x000001dfb9000000 - 0x000001e0b9000000), (4294967296 bytes)
Klass Range:    [0x000001dfb9000000 - 0x000001dffa000000), (1090519040 bytes)
Klass ID Range:  [8 - 1090519033) (1090519025)

GC Precious Log:
 CardTable entry size: 512
 Card Set container configuration: InlinePtr #cards 5 size 8 Array Of Cards #cards 10 size 36 Howl #buckets 4 coarsen threshold 1843 Howl Bitmap #cards 512 size 80 coarsen threshold 460 Card regions per heap region 1 cards per card region 2048
 CPUs: 8 total, 8 available
 Memory: 7975M
 Large Page Support: Disabled
 NUMA Support: Disabled
 Compressed Oops: Enabled (32-bit)
 Heap Region Size: 1M
 Heap Min Capacity: 8M
 Heap Initial Capacity: 126M
 Heap Max Capacity: 1994M
 Pre-touch: Disabled
 Parallel Workers: 8
 Concurrent Workers: 2
 Concurrent Refinement Workers: 8
 Periodic GC: Disabled

Heap:
 garbage-first heap   total reserved 2041856K, committed 89088K, used 52432K [0x0000000083600000, 0x0000000100000000)
  region size 1024K, 3 young (3072K), 2 survivors (2048K)
 Metaspace       used 94897K, committed 95808K, reserved 1179648K
  class space    used 10300K, committed 10688K, reserved 1048576K

Heap Regions: E=young(eden), S=young(survivor), O=old, HS=humongous(starts), HC=humongous(continues), CS=collection set, F=free, TAMS=top-at-mark-start, PB=parsable bottom
|   0|0x0000000083600000, 0x0000000083700000, 0x0000000083700000|100%|HS|  |TAMS 0x0000000083600000| PB 0x0000000083600000| Complete |  0
|   1|0x0000000083700000, 0x0000000083800000, 0x0000000083800000|100%|HS|  |TAMS 0x0000000083700000| PB 0x0000000083700000| Complete |  0
|   2|0x0000000083800000, 0x0000000083900000, 0x0000000083900000|100%| O|  |TAMS 0x0000000083800000| PB 0x0000000083800000| Untracked |  0
|   3|0x0000000083900000, 0x0000000083a00000, 0x0000000083a00000|100%| O|  |TAMS 0x0000000083900000| PB 0x0000000083900000| Untracked |  0
|   4|0x0000000083a00000, 0x0000000083b00000, 0x0000000083b00000|100%| O|  |TAMS 0x0000000083a00000| PB 0x0000000083a00000| Untracked |  0
|   5|0x0000000083b00000, 0x0000000083c00000, 0x0000000083c00000|100%| O|  |TAMS 0x0000000083b00000| PB 0x0000000083b00000| Untracked |  0
|   6|0x0000000083c00000, 0x0000000083d00000, 0x0000000083d00000|100%| O|  |TAMS 0x0000000083c00000| PB 0x0000000083c00000| Untracked |  0
|   7|0x0000000083d00000, 0x0000000083e00000, 0x0000000083e00000|100%| O|  |TAMS 0x0000000083d00000| PB 0x0000000083d00000| Untracked |  0
|   8|0x0000000083e00000, 0x0000000083f00000, 0x0000000083f00000|100%| O|  |TAMS 0x0000000083e00000| PB 0x0000000083e00000| Untracked |  0
|   9|0x0000000083f00000, 0x0000000084000000, 0x0000000084000000|100%| O|  |TAMS 0x0000000083f00000| PB 0x0000000083f00000| Untracked |  0
|  10|0x0000000084000000, 0x0000000084100000, 0x0000000084100000|100%| O|  |TAMS 0x0000000084000000| PB 0x0000000084000000| Untracked |  0
|  11|0x0000000084100000, 0x0000000084200000, 0x0000000084200000|100%| O|  |TAMS 0x0000000084100000| PB 0x0000000084100000| Untracked |  0
|  12|0x0000000084200000, 0x0000000084300000, 0x0000000084300000|100%| O|  |TAMS 0x0000000084200000| PB 0x0000000084200000| Untracked |  0
|  13|0x0000000084300000, 0x0000000084400000, 0x0000000084400000|100%| O|  |TAMS 0x0000000084300000| PB 0x0000000084300000| Untracked |  0
|  14|0x0000000084400000, 0x0000000084500000, 0x0000000084500000|100%| O|  |TAMS 0x0000000084400000| PB 0x0000000084400000| Untracked |  0
|  15|0x0000000084500000, 0x0000000084600000, 0x0000000084600000|100%| O|  |TAMS 0x0000000084500000| PB 0x0000000084500000| Untracked |  0
|  16|0x0000000084600000, 0x0000000084700000, 0x0000000084700000|100%| O|  |TAMS 0x0000000084600000| PB 0x0000000084600000| Untracked |  0
|  17|0x0000000084700000, 0x0000000084800000, 0x0000000084800000|100%| O|Cm|TAMS 0x0000000084700000| PB 0x0000000084700000| Complete |  0
|  18|0x0000000084800000, 0x0000000084900000, 0x0000000084900000|100%| O|  |TAMS 0x0000000084800000| PB 0x0000000084800000| Untracked |  0
|  19|0x0000000084900000, 0x0000000084a00000, 0x0000000084a00000|100%| O|  |TAMS 0x0000000084900000| PB 0x0000000084900000| Untracked |  0
|  20|0x0000000084a00000, 0x0000000084b00000, 0x0000000084b00000|100%| O|Cm|TAMS 0x0000000084a00000| PB 0x0000000084a00000| Complete |  0
|  21|0x0000000084b00000, 0x0000000084b00000, 0x0000000084c00000|  0%| F|  |TAMS 0x0000000084b00000| PB 0x0000000084b00000| Untracked |  0
|  22|0x0000000084c00000, 0x0000000084d00000, 0x0000000084d00000|100%| O|  |TAMS 0x0000000084c00000| PB 0x0000000084c00000| Untracked |  0
|  23|0x0000000084d00000, 0x0000000084e00000, 0x0000000084e00000|100%| O|Cm|TAMS 0x0000000084d00000| PB 0x0000000084d00000| Complete |  0
|  24|0x0000000084e00000, 0x0000000084f00000, 0x0000000084f00000|100%| O|Cm|TAMS 0x0000000084e00000| PB 0x0000000084e00000| Complete |  0
|  25|0x0000000084f00000, 0x0000000085000000, 0x0000000085000000|100%| O|  |TAMS 0x0000000084f00000| PB 0x0000000084f00000| Untracked |  0
|  26|0x0000000085000000, 0x0000000085100000, 0x0000000085100000|100%| O|  |TAMS 0x0000000085000000| PB 0x0000000085000000| Untracked |  0
|  27|0x0000000085100000, 0x0000000085200000, 0x0000000085200000|100%| O|  |TAMS 0x0000000085100000| PB 0x0000000085100000| Untracked |  0
|  28|0x0000000085200000, 0x0000000085300000, 0x0000000085300000|100%| O|  |TAMS 0x0000000085200000| PB 0x0000000085200000| Untracked |  0
|  29|0x0000000085300000, 0x0000000085400000, 0x0000000085400000|100%| O|  |TAMS 0x0000000085300000| PB 0x0000000085300000| Untracked |  0
|  30|0x0000000085400000, 0x0000000085500000, 0x0000000085500000|100%| O|Cm|TAMS 0x0000000085400000| PB 0x0000000085400000| Complete |  0
|  31|0x0000000085500000, 0x0000000085600000, 0x0000000085600000|100%| O|  |TAMS 0x0000000085500000| PB 0x0000000085500000| Untracked |  0
|  32|0x0000000085600000, 0x0000000085700000, 0x0000000085700000|100%| O|  |TAMS 0x0000000085600000| PB 0x0000000085600000| Untracked |  0
|  33|0x0000000085700000, 0x0000000085800000, 0x0000000085800000|100%| O|Cm|TAMS 0x0000000085700000| PB 0x0000000085700000| Complete |  0
|  34|0x0000000085800000, 0x0000000085900000, 0x0000000085900000|100%| O|  |TAMS 0x0000000085800000| PB 0x0000000085800000| Untracked |  0
|  35|0x0000000085900000, 0x0000000085a00000, 0x0000000085a00000|100%| O|  |TAMS 0x0000000085900000| PB 0x0000000085900000| Untracked |  0
|  36|0x0000000085a00000, 0x0000000085b00000, 0x0000000085b00000|100%| O|Cm|TAMS 0x0000000085a00000| PB 0x0000000085a00000| Complete |  0
|  37|0x0000000085b00000, 0x0000000085c00000, 0x0000000085c00000|100%| O|Cm|TAMS 0x0000000085b00000| PB 0x0000000085b00000| Complete |  0
|  38|0x0000000085c00000, 0x0000000085d00000, 0x0000000085d00000|100%| O|  |TAMS 0x0000000085c00000| PB 0x0000000085c00000| Untracked |  0
|  39|0x0000000085d00000, 0x0000000085e00000, 0x0000000085e00000|100%| O|  |TAMS 0x0000000085d00000| PB 0x0000000085d00000| Untracked |  0
|  40|0x0000000085e00000, 0x0000000085f00000, 0x0000000085f00000|100%| O|Cm|TAMS 0x0000000085e00000| PB 0x0000000085e00000| Complete |  0
|  41|0x0000000085f00000, 0x0000000086000000, 0x0000000086000000|100%| O|Cm|TAMS 0x0000000085f00000| PB 0x0000000085f00000| Complete |  0
|  42|0x0000000086000000, 0x0000000086100000, 0x0000000086100000|100%| O|Cm|TAMS 0x0000000086000000| PB 0x0000000086000000| Complete |  0
|  43|0x0000000086100000, 0x0000000086200000, 0x0000000086200000|100%| O|Cm|TAMS 0x0000000086100000| PB 0x0000000086100000| Complete |  0
|  44|0x0000000086200000, 0x0000000086200000, 0x0000000086300000|  0%| F|  |TAMS 0x0000000086200000| PB 0x0000000086200000| Untracked |  0
|  45|0x0000000086300000, 0x0000000086400000, 0x0000000086400000|100%| O|  |TAMS 0x0000000086300000| PB 0x0000000086300000| Untracked |  0
|  46|0x0000000086400000, 0x0000000086400000, 0x0000000086500000|  0%| F|  |TAMS 0x0000000086400000| PB 0x0000000086400000| Untracked |  0
|  47|0x0000000086500000, 0x0000000086600000, 0x0000000086600000|100%| O|  |TAMS 0x0000000086500000| PB 0x0000000086500000| Untracked |  0
|  48|0x0000000086600000, 0x0000000086700000, 0x0000000086700000|100%| O|  |TAMS 0x0000000086600000| PB 0x0000000086600000| Untracked |  0
|  49|0x0000000086700000, 0x0000000086800000, 0x0000000086800000|100%| O|  |TAMS 0x0000000086700000| PB 0x0000000086700000| Untracked |  0
|  50|0x0000000086800000, 0x0000000086900000, 0x0000000086900000|100%| O|  |TAMS 0x0000000086800000| PB 0x0000000086800000| Untracked |  0
|  51|0x0000000086900000, 0x000000008699f848, 0x0000000086a00000| 62%| O|  |TAMS 0x0000000086900000| PB 0x0000000086900000| Untracked |  0
|  52|0x0000000086a00000, 0x0000000086a00000, 0x0000000086b00000|  0%| F|  |TAMS 0x0000000086a00000| PB 0x0000000086a00000| Untracked |  0
|  53|0x0000000086b00000, 0x0000000086b00000, 0x0000000086c00000|  0%| F|  |TAMS 0x0000000086b00000| PB 0x0000000086b00000| Untracked |  0
|  54|0x0000000086c00000, 0x0000000086c947c8, 0x0000000086d00000| 58%| S|CS|TAMS 0x0000000086c00000| PB 0x0000000086c00000| Complete |  0
|  55|0x0000000086d00000, 0x0000000086d00000, 0x0000000086e00000|  0%| F|  |TAMS 0x0000000086d00000| PB 0x0000000086d00000| Untracked |  0
|  56|0x0000000086e00000, 0x0000000086e00000, 0x0000000086f00000|  0%| F|  |TAMS 0x0000000086e00000| PB 0x0000000086e00000| Untracked |  0
|  57|0x0000000086f00000, 0x0000000087000000, 0x0000000087000000|100%| S|CS|TAMS 0x0000000086f00000| PB 0x0000000086f00000| Complete |  0
|  58|0x0000000087000000, 0x0000000087000000, 0x0000000087100000|  0%| F|  |TAMS 0x0000000087000000| PB 0x0000000087000000| Untracked |  0
|  59|0x0000000087100000, 0x0000000087100000, 0x0000000087200000|  0%| F|  |TAMS 0x0000000087100000| PB 0x0000000087100000| Untracked |  0
|  60|0x0000000087200000, 0x0000000087200000, 0x0000000087300000|  0%| F|  |TAMS 0x0000000087200000| PB 0x0000000087200000| Untracked |  0
|  61|0x0000000087300000, 0x0000000087300000, 0x0000000087400000|  0%| F|  |TAMS 0x0000000087300000| PB 0x0000000087300000| Untracked |  0
|  62|0x0000000087400000, 0x0000000087400000, 0x0000000087500000|  0%| F|  |TAMS 0x0000000087400000| PB 0x0000000087400000| Untracked |  0
|  63|0x0000000087500000, 0x0000000087500000, 0x0000000087600000|  0%| F|  |TAMS 0x0000000087500000| PB 0x0000000087500000| Untracked |  0
|  64|0x0000000087600000, 0x0000000087600000, 0x0000000087700000|  0%| F|  |TAMS 0x0000000087600000| PB 0x0000000087600000| Untracked |  0
|  65|0x0000000087700000, 0x0000000087700000, 0x0000000087800000|  0%| F|  |TAMS 0x0000000087700000| PB 0x0000000087700000| Untracked |  0
|  66|0x0000000087800000, 0x0000000087800000, 0x0000000087900000|  0%| F|  |TAMS 0x0000000087800000| PB 0x0000000087800000| Untracked |  0
|  67|0x0000000087900000, 0x0000000087900000, 0x0000000087a00000|  0%| F|  |TAMS 0x0000000087900000| PB 0x0000000087900000| Untracked |  0
|  68|0x0000000087a00000, 0x0000000087a00000, 0x0000000087b00000|  0%| F|  |TAMS 0x0000000087a00000| PB 0x0000000087a00000| Untracked |  0
|  69|0x0000000087b00000, 0x0000000087b00000, 0x0000000087c00000|  0%| F|  |TAMS 0x0000000087b00000| PB 0x0000000087b00000| Untracked |  0
|  70|0x0000000087c00000, 0x0000000087c00000, 0x0000000087d00000|  0%| F|  |TAMS 0x0000000087c00000| PB 0x0000000087c00000| Untracked |  0
|  71|0x0000000087d00000, 0x0000000087d00000, 0x0000000087e00000|  0%| F|  |TAMS 0x0000000087d00000| PB 0x0000000087d00000| Untracked |  0
|  72|0x0000000087e00000, 0x0000000087e00000, 0x0000000087f00000|  0%| F|  |TAMS 0x0000000087e00000| PB 0x0000000087e00000| Untracked |  0
|  73|0x0000000087f00000, 0x0000000087f00000, 0x0000000088000000|  0%| F|  |TAMS 0x0000000087f00000| PB 0x0000000087f00000| Untracked |  0
|  74|0x0000000088000000, 0x0000000088000000, 0x0000000088100000|  0%| F|  |TAMS 0x0000000088000000| PB 0x0000000088000000| Untracked |  0
|  75|0x0000000088100000, 0x0000000088100000, 0x0000000088200000|  0%| F|  |TAMS 0x0000000088100000| PB 0x0000000088100000| Untracked |  0
|  76|0x0000000088200000, 0x0000000088200000, 0x0000000088300000|  0%| F|  |TAMS 0x0000000088200000| PB 0x0000000088200000| Untracked |  0
|  77|0x0000000088300000, 0x0000000088300000, 0x0000000088400000|  0%| F|  |TAMS 0x0000000088300000| PB 0x0000000088300000| Untracked |  0
|  78|0x0000000088400000, 0x0000000088400000, 0x0000000088500000|  0%| F|  |TAMS 0x0000000088400000| PB 0x0000000088400000| Untracked |  0
|  79|0x0000000088500000, 0x0000000088500000, 0x0000000088600000|  0%| F|  |TAMS 0x0000000088500000| PB 0x0000000088500000| Untracked |  0
|  80|0x0000000088600000, 0x0000000088600000, 0x0000000088700000|  0%| F|  |TAMS 0x0000000088600000| PB 0x0000000088600000| Untracked |  0
|  93|0x0000000089300000, 0x0000000089300000, 0x0000000089400000|  0%| F|  |TAMS 0x0000000089300000| PB 0x0000000089300000| Untracked |  0
|  94|0x0000000089400000, 0x0000000089400000, 0x0000000089500000|  0%| F|  |TAMS 0x0000000089400000| PB 0x0000000089400000| Untracked |  0
|  95|0x0000000089500000, 0x0000000089500000, 0x0000000089600000|  0%| F|  |TAMS 0x0000000089500000| PB 0x0000000089500000| Untracked |  0
| 125|0x000000008b300000, 0x000000008b300000, 0x000000008b400000|  0%| F|  |TAMS 0x000000008b300000| PB 0x000000008b300000| Untracked |  0
|1992|0x00000000ffe00000, 0x00000000fff00000, 0x00000000fff00000|100%| O|  |TAMS 0x00000000ffe00000| PB 0x00000000ffe00000| Untracked |  0
|1993|0x00000000fff00000, 0x00000000fff946b0, 0x0000000100000000| 57%| E|  |TAMS 0x00000000fff00000| PB 0x00000000fff00000| Complete |  0

Card table byte_map: [0x000001dfb3cd0000,0x000001dfb40c0000] _byte_map_base: 0x000001dfb38b5000

Marking Bits: (CMBitMap*) 0x000001df9bc646e0
 Bits: [0x000001dfb40c0000, 0x000001dfb5fe8000)

Polling page: 0x000001df999b0000

Metaspace:

Usage:
  Non-class:     82.61 MB used.
      Class:     10.06 MB used.
       Both:     92.67 MB used.

Virtual space:
  Non-class space:      128.00 MB reserved,      83.12 MB ( 65%) committed,  2 nodes.
      Class space:        1.00 GB reserved,      10.44 MB (  1%) committed,  1 nodes.
             Both:        1.12 GB reserved,      93.56 MB (  8%) committed. 

Chunk freelists:
   Non-Class:  13.06 MB
       Class:  5.54 MB
        Both:  18.60 MB

MaxMetaspaceSize: unlimited
CompressedClassSpaceSize: 1.00 GB
Initial GC threshold: 21.00 MB
Current GC threshold: 155.94 MB
CDS: on
 - commit_granule_bytes: 65536.
 - commit_granule_words: 8192.
 - virtual_space_node_default_size: 8388608.
 - enlarge_chunks_in_place: 1.
UseCompressedClassPointers 1, UseCompactObjectHeaders 0
Narrow klass pointer bits 32, Max shift 3
Narrow klass base: 0x000001dfb9000000, Narrow klass shift: 0
Encoding Range: [0x000001dfb9000000 - 0x000001e0b9000000), (4294967296 bytes)
Klass Range:    [0x000001dfb9000000 - 0x000001dffa000000), (1090519040 bytes)
Klass ID Range:  [8 - 1090519033) (1090519025)


Internal statistics:

num_allocs_failed_limit: 6.
num_arena_births: 964.
num_arena_deaths: 246.
num_vsnodes_births: 3.
num_vsnodes_deaths: 0.
num_space_committed: 1497.
num_space_uncommitted: 0.
num_chunks_returned_to_freelist: 259.
num_chunks_taken_from_freelist: 4179.
num_chunk_merges: 66.
num_chunk_splits: 3073.
num_chunks_enlarged: 2533.
num_inconsistent_stats: 0.

CodeHeap 'non-profiled nmethods': size=120064Kb used=5261Kb max_used=6708Kb free=114802Kb
 bounds [0x000001dfabf60000, 0x000001dfac5f0000, 0x000001dfb34a0000]
CodeHeap 'profiled nmethods': size=120000Kb used=14393Kb max_used=19041Kb free=105606Kb
 bounds [0x000001dfa44a0000, 0x000001dfa5740000, 0x000001dfab9d0000]
CodeHeap 'non-nmethods': size=5696Kb used=1850Kb max_used=1970Kb free=3845Kb
 bounds [0x000001dfab9d0000, 0x000001dfabc40000, 0x000001dfabf60000]
CodeCache: size=245760Kb, used=21504Kb, max_used=27719Kb, free=224253Kb
 total_blobs=9562, nmethods=8759, adapters=706, full_count=0
Compilation: enabled, stopped_count=0, restarted_count=0

Compilation events (20 events):
Event: 3044.749 Thread 0x000001dfb8a45900 14029       1       org.apache.catalina.core.ApplicationFilterChain::setServlet (6 bytes)
Event: 3044.750 Thread 0x000001dfb8a45900 nmethod 14029 0x000001dfac5ed008 code [0x000001dfac5ed120, 0x000001dfac5ed230]
Event: 3045.170 Thread 0x000001dfb8a367a0 14035       4       com.mysql.cj.protocol.a.NativePacketPayload::ensureCapacity (93 bytes)
Event: 3045.173 Thread 0x000001dfb8a45900 14037       3       org.springframework.util.ConcurrentReferenceHashMap$ReferenceManager::pollForPurge (11 bytes)
Event: 3045.174 Thread 0x000001dfb8a45900 nmethod 14037 0x000001dfa44d6208 code [0x000001dfa44d6320, 0x000001dfa44d65d8]
Event: 3045.174 Thread 0x000001dfb8a45900 14038       3       org.springframework.util.ConcurrentReferenceHashMap$Segment::restructureIfNecessary (56 bytes)
Event: 3045.175 Thread 0x000001dfb8a367a0 nmethod 14035 0x000001dfabfa8188 code [0x000001dfabfa82c0, 0x000001dfabfa8798]
Event: 3045.175 Thread 0x000001dfb8a367a0 14036   !   4       org.springframework.util.ConcurrentReferenceHashMap$Segment::restructure (411 bytes)
Event: 3045.176 Thread 0x000001dfb8a45900 nmethod 14038 0x000001dfa44cea08 code [0x000001dfa44ceb60, 0x000001dfa44cf070]
Event: 3045.176 Thread 0x000001dfb8a45900 14039       3       org.springframework.core.ResolvableType::hasUnresolvableGenerics (28 bytes)
Event: 3045.176 Thread 0x000001dfb8a45900 nmethod 14039 0x000001dfa44d0708 code [0x000001dfa44d0840, 0x000001dfa44d0b70]
Event: 3045.176 Thread 0x000001dfb8a45900 14040       3       com.fasterxml.jackson.databind.util.internal.LinkedDeque::unlink (67 bytes)
Event: 3045.177 Thread 0x000001dfb8a45900 nmethod 14040 0x000001dfa465e508 code [0x000001dfa465e680, 0x000001dfa465f0a0]
Event: 3046.024 Thread 0x000001dfb8a45900 14041       1       org.hibernate.query.sqm.tree.jpa.AbstractJpaSelection::isCompoundSelection (2 bytes)
Event: 3046.024 Thread 0x000001dfb8a45900 nmethod 14041 0x000001dfabf61608 code [0x000001dfabf61700, 0x000001dfabf617c8]
Event: 3046.024 Thread 0x000001dfb8a45900 14042       1       org.springframework.jdbc.support.JdbcAccessor::getDataSource (5 bytes)
Event: 3046.024 Thread 0x000001dfb8a45900 nmethod 14042 0x000001dfabf61c08 code [0x000001dfabf61d00, 0x000001dfabf61dc8]
Event: 3046.028 Thread 0x000001dfb8a45900 14043   !   3       com.mysql.cj.jdbc.ConnectionImpl::nativeSQL (107 bytes)
Event: 3046.211 Thread 0x000001dfb8a45900 nmethod 14043 0x000001dfa469c588 code [0x000001dfa469c820, 0x000001dfa469dce0]
Event: 3046.211 Thread 0x000001dfb8a45900 14048       1       java.lang.ClassValue::version (5 bytes)

GC Heap History (20 events):
Event: 14.788 GC heap before
{Heap before GC invocations=32 (full 0):
 garbage-first heap   total reserved 2041856K, committed 84992K, used 74926K [0x0000000083600000, 0x0000000100000000)
  region size 1024K, 34 young (34816K), 4 survivors (4096K)
 Metaspace       used 80162K, committed 80704K, reserved 1179648K
  class space    used 8799K, committed 9024K, reserved 1048576K
}
Event: 14.790 GC heap after
{Heap after GC invocations=33 (full 0):
 garbage-first heap   total reserved 2041856K, committed 84992K, used 41694K [0x0000000083600000, 0x0000000100000000)
  region size 1024K, 1 young (1024K), 1 survivors (1024K)
 Metaspace       used 80162K, committed 80704K, reserved 1179648K
  class space    used 8799K, committed 9024K, reserved 1048576K
}
Event: 15.162 GC heap before
{Heap before GC invocations=34 (full 0):
 garbage-first heap   total reserved 2041856K, committed 84992K, used 75486K [0x0000000083600000, 0x0000000100000000)
  region size 1024K, 34 young (34816K), 1 survivors (1024K)
 Metaspace       used 80934K, committed 81536K, reserved 1179648K
  class space    used 8848K, committed 9088K, reserved 1048576K
}
Event: 15.164 GC heap after
{Heap after GC invocations=35 (full 0):
 garbage-first heap   total reserved 2041856K, committed 84992K, used 43577K [0x0000000083600000, 0x0000000100000000)
  region size 1024K, 3 young (3072K), 3 survivors (3072K)
 Metaspace       used 80934K, committed 81536K, reserved 1179648K
  class space    used 8848K, committed 9088K, reserved 1048576K
}
Event: 16.040 GC heap before
{Heap before GC invocations=35 (full 0):
 garbage-first heap   total reserved 2041856K, committed 84992K, used 75321K [0x0000000083600000, 0x0000000100000000)
  region size 1024K, 34 young (34816K), 3 survivors (3072K)
 Metaspace       used 83278K, committed 83840K, reserved 1179648K
  class space    used 9111K, committed 9344K, reserved 1048576K
}
Event: 16.047 GC heap after
{Heap after GC invocations=36 (full 0):
 garbage-first heap   total reserved 2041856K, committed 84992K, used 45698K [0x0000000083600000, 0x0000000100000000)
  region size 1024K, 5 young (5120K), 5 survivors (5120K)
 Metaspace       used 83278K, committed 83840K, reserved 1179648K
  class space    used 9111K, committed 9344K, reserved 1048576K
}
Event: 16.723 GC heap before
{Heap before GC invocations=36 (full 0):
 garbage-first heap   total reserved 2041856K, committed 84992K, used 74370K [0x0000000083600000, 0x0000000100000000)
  region size 1024K, 33 young (33792K), 5 survivors (5120K)
 Metaspace       used 85751K, committed 86400K, reserved 1179648K
  class space    used 9426K, committed 9664K, reserved 1048576K
}
Event: 16.729 GC heap after
{Heap after GC invocations=37 (full 0):
 garbage-first heap   total reserved 2041856K, committed 84992K, used 48952K [0x0000000083600000, 0x0000000100000000)
  region size 1024K, 3 young (3072K), 3 survivors (3072K)
 Metaspace       used 85751K, committed 86400K, reserved 1179648K
  class space    used 9426K, committed 9664K, reserved 1048576K
}
Event: 610.859 GC heap before
{Heap before GC invocations=38 (full 0):
 garbage-first heap   total reserved 2041856K, committed 84992K, used 75576K [0x0000000083600000, 0x0000000100000000)
  region size 1024K, 30 young (30720K), 3 survivors (3072K)
 Metaspace       used 87629K, committed 88256K, reserved 1179648K
  class space    used 9614K, committed 9856K, reserved 1048576K
}
Event: 611.011 GC heap after
{Heap after GC invocations=39 (full 0):
 garbage-first heap   total reserved 2041856K, committed 84992K, used 49320K [0x0000000083600000, 0x0000000100000000)
  region size 1024K, 1 young (1024K), 1 survivors (1024K)
 Metaspace       used 87629K, committed 88256K, reserved 1179648K
  class space    used 9614K, committed 9856K, reserved 1048576K
}
Event: 1061.015 GC heap before
{Heap before GC invocations=39 (full 0):
 garbage-first heap   total reserved 2041856K, committed 84992K, used 76968K [0x0000000083600000, 0x0000000100000000)
  region size 1024K, 29 young (29696K), 1 survivors (1024K)
 Metaspace       used 92431K, committed 93120K, reserved 1179648K
  class space    used 10205K, committed 10496K, reserved 1048576K
}
Event: 1061.034 GC heap after
{Heap after GC invocations=40 (full 0):
 garbage-first heap   total reserved 2041856K, committed 84992K, used 50874K [0x0000000083600000, 0x0000000100000000)
  region size 1024K, 3 young (3072K), 3 survivors (3072K)
 Metaspace       used 92431K, committed 93120K, reserved 1179648K
  class space    used 10205K, committed 10496K, reserved 1048576K
}
Event: 1068.391 GC heap before
{Heap before GC invocations=40 (full 0):
 garbage-first heap   total reserved 2041856K, committed 84992K, used 75450K [0x0000000083600000, 0x0000000100000000)
  region size 1024K, 27 young (27648K), 3 survivors (3072K)
 Metaspace       used 93817K, committed 94464K, reserved 1179648K
  class space    used 10335K, committed 10624K, reserved 1048576K
}
Event: 1068.406 GC heap after
{Heap after GC invocations=41 (full 0):
 garbage-first heap   total reserved 2041856K, committed 84992K, used 52716K [0x0000000083600000, 0x0000000100000000)
  region size 1024K, 4 young (4096K), 4 survivors (4096K)
 Metaspace       used 93817K, committed 94464K, reserved 1179648K
  class space    used 10335K, committed 10624K, reserved 1048576K
}
Event: 1612.452 GC heap before
{Heap before GC invocations=42 (full 0):
 garbage-first heap   total reserved 2041856K, committed 89088K, used 75244K [0x0000000083600000, 0x0000000100000000)
  region size 1024K, 26 young (26624K), 4 survivors (4096K)
 Metaspace       used 94273K, committed 94976K, reserved 1179648K
  class space    used 10354K, committed 10624K, reserved 1048576K
}
Event: 1612.513 GC heap after
{Heap after GC invocations=43 (full 0):
 garbage-first heap   total reserved 2041856K, committed 89088K, used 53153K [0x0000000083600000, 0x0000000100000000)
  region size 1024K, 3 young (3072K), 3 survivors (3072K)
 Metaspace       used 94273K, committed 94976K, reserved 1179648K
  class space    used 10354K, committed 10624K, reserved 1048576K
}
Event: 2435.001 GC heap before
{Heap before GC invocations=43 (full 0):
 garbage-first heap   total reserved 2041856K, committed 89088K, used 78753K [0x0000000083600000, 0x0000000100000000)
  region size 1024K, 29 young (29696K), 3 survivors (3072K)
 Metaspace       used 94536K, committed 95232K, reserved 1179648K
  class space    used 10359K, committed 10688K, reserved 1048576K
}
Event: 2435.042 GC heap after
{Heap after GC invocations=44 (full 0):
 garbage-first heap   total reserved 2041856K, committed 89088K, used 52259K [0x0000000083600000, 0x0000000100000000)
  region size 1024K, 2 young (2048K), 2 survivors (2048K)
 Metaspace       used 94536K, committed 95232K, reserved 1179648K
  class space    used 10359K, committed 10688K, reserved 1048576K
}
Event: 3044.684 GC heap before
{Heap before GC invocations=44 (full 0):
 garbage-first heap   total reserved 2041856K, committed 89088K, used 79907K [0x0000000083600000, 0x0000000100000000)
  region size 1024K, 30 young (30720K), 2 survivors (2048K)
 Metaspace       used 95095K, committed 95808K, reserved 1179648K
  class space    used 10365K, committed 10688K, reserved 1048576K
}
Event: 3044.737 GC heap after
{Heap after GC invocations=45 (full 0):
 garbage-first heap   total reserved 2041856K, committed 89088K, used 52432K [0x0000000083600000, 0x0000000100000000)
  region size 1024K, 2 young (2048K), 2 survivors (2048K)
 Metaspace       used 95095K, committed 95808K, reserved 1179648K
  class space    used 10365K, committed 10688K, reserved 1048576K
}

Dll operation events (13 events):
Event: 0.055 Loaded shared library C:\Users\VIET ANH\.jdks\openjdk-24.0.1\bin\java.dll
Event: 0.141 Loaded shared library C:\Users\VIET ANH\.jdks\openjdk-24.0.1\bin\jsvml.dll
Event: 0.371 Loaded shared library C:\Users\VIET ANH\.jdks\openjdk-24.0.1\bin\zip.dll
Event: 0.474 Loaded shared library C:\Users\VIET ANH\.jdks\openjdk-24.0.1\bin\instrument.dll
Event: 0.504 Loaded shared library C:\Users\VIET ANH\.jdks\openjdk-24.0.1\bin\net.dll
Event: 0.507 Loaded shared library C:\Users\VIET ANH\.jdks\openjdk-24.0.1\bin\nio.dll
Event: 0.522 Loaded shared library C:\Users\VIET ANH\.jdks\openjdk-24.0.1\bin\zip.dll
Event: 0.560 Loaded shared library C:\Users\VIET ANH\.jdks\openjdk-24.0.1\bin\jimage.dll
Event: 0.870 Loaded shared library C:\Users\VIET ANH\.jdks\openjdk-24.0.1\bin\extnet.dll
Event: 0.950 Loaded shared library C:\Users\VIET ANH\.jdks\openjdk-24.0.1\bin\management.dll
Event: 0.988 Loaded shared library C:\Users\VIET ANH\.jdks\openjdk-24.0.1\bin\management_ext.dll
Event: 3.981 Loaded shared library C:\Users\VIET ANH\.jdks\openjdk-24.0.1\bin\sunmscapi.dll
Event: 8.803 Loaded shared library C:\Users\VIET ANH\.jdks\openjdk-24.0.1\bin\verify.dll

Deoptimization events (20 events):
Event: 2921.822 Thread 0x000001dffe54ec80 DEOPT UNPACKING pc=0x000001dfabaf8a82 sp=0x000000c1614fec08 mode 2
Event: 3045.171 Thread 0x000001dffe551fb0 Uncommon trap: trap_request=0xffffff54 fr.pc=0x000001dfac0039ec relative=0x000000000000054c
Event: 3045.171 Thread 0x000001dffe551fb0 Uncommon trap: reason=speculate_null_assert action=make_not_entrant pc=0x000001dfac0039ec method=org.springframework.util.ConcurrentReferenceHashMap$Segment.restructureIfNecessary(Z)V @ 41 c2
Event: 3045.171 Thread 0x000001dffe551fb0 DEOPT PACKING pc=0x000001dfac0039ec sp=0x000000c163df9380
Event: 3045.172 Thread 0x000001dffe551fb0 DEOPT UNPACKING pc=0x000001dfabaf8a82 sp=0x000000c163df91c8 mode 2
Event: 3045.172 Thread 0x000001dffe551fb0 Uncommon trap: trap_request=0xffffff54 fr.pc=0x000001dfac1990ec relative=0x0000000000000e4c
Event: 3045.172 Thread 0x000001dffe551fb0 Uncommon trap: reason=speculate_null_assert action=make_not_entrant pc=0x000001dfac1990ec method=org.springframework.util.ConcurrentReferenceHashMap$Segment.restructureIfNecessary(Z)V @ 41 c2
Event: 3045.172 Thread 0x000001dffe551fb0 DEOPT PACKING pc=0x000001dfac1990ec sp=0x000000c163dfaa10
Event: 3045.172 Thread 0x000001dffe551fb0 DEOPT UNPACKING pc=0x000001dfabaf8a82 sp=0x000000c163dfa918 mode 2
Event: 3045.172 Thread 0x000001dffe551fb0 Uncommon trap: trap_request=0xffffff4d fr.pc=0x000001dfac0157cc relative=0x00000000000000ac
Event: 3045.172 Thread 0x000001dffe551fb0 Uncommon trap: reason=unstable_if action=reinterpret pc=0x000001dfac0157cc method=java.lang.ref.ReferenceQueue.poll()Ljava/lang/ref/Reference; @ 4 c2
Event: 3045.173 Thread 0x000001dffe551fb0 DEOPT PACKING pc=0x000001dfac0157cc sp=0x000000c163dfa980
Event: 3045.173 Thread 0x000001dffe551fb0 DEOPT UNPACKING pc=0x000001dfabaf8a82 sp=0x000000c163dfa830 mode 2
Event: 3045.783 Thread 0x000001df830bb0a0 Uncommon trap: trap_request=0xffffff4d fr.pc=0x000001dfac55a9e0 relative=0x0000000000001940
Event: 3045.783 Thread 0x000001df830bb0a0 Uncommon trap: reason=unstable_if action=reinterpret pc=0x000001dfac55a9e0 method=java.io.ClassCache.processQueue()V @ 9 c2
Event: 3045.783 Thread 0x000001df830bb0a0 DEOPT PACKING pc=0x000001dfac55a9e0 sp=0x000000c1612feb80
Event: 3046.210 Thread 0x000001df830bb0a0 DEOPT UNPACKING pc=0x000001dfabaf8a82 sp=0x000000c1612fea08 mode 2
Event: 3046.211 Thread 0x000001df830bb0a0 Uncommon trap: trap_request=0xffffff4d fr.pc=0x000001dfac484c2c relative=0x000000000000010c
Event: 3046.211 Thread 0x000001df830bb0a0 Uncommon trap: reason=unstable_if action=reinterpret pc=0x000001dfac484c2c method=java.lang.ClassValue.match(Ljava/lang/ClassValue$Entry;)Z @ 12 c2
Event: 3046.211 Thread 0x000001df830bb0a0 DEOPT PACKING pc=0x000001dfac484c2c sp=0x000000c1612fea50

Classes loaded (20 events):
Event: 1052.900 Loading class java/util/stream/LongStream
Event: 1052.901 Loading class java/util/stream/LongStream done
Event: 1052.901 Loading class java/util/stream/DoubleStream
Event: 1052.902 Loading class java/util/stream/DoubleStream done
Event: 1053.015 Loading class org/w3c/dom/Node
Event: 1053.018 Loading class org/w3c/dom/Node done
Event: 1053.018 Loading class org/w3c/dom/Document
Event: 1053.020 Loading class org/w3c/dom/Document done
Event: 1060.317 Loading class java/io/PushbackInputStream
Event: 1060.318 Loading class java/io/PushbackInputStream done
Event: 1068.133 Loading class java/lang/invoke/MethodHandleImpl$WrappedMember
Event: 1068.137 Loading class java/lang/invoke/MethodHandleImpl$WrappedMember done
Event: 1068.347 Loading class java/util/function/LongSupplier
Event: 1068.347 Loading class java/util/function/LongSupplier done
Event: 1451.064 Loading class sun/security/ssl/Alert
Event: 1451.115 Loading class sun/security/ssl/Alert done
Event: 1451.127 Loading class sun/security/ssl/Alert$AlertConsumer
Event: 1451.141 Loading class sun/security/ssl/Alert$AlertConsumer done
Event: 1451.141 Loading class sun/security/ssl/Alert$Level
Event: 1451.143 Loading class sun/security/ssl/Alert$Level done

Classes unloaded (20 events):
Event: 3044.909 Thread 0x000001dfb8a17850 Unloading class 0x000001dfba0a8400 'java/lang/invoke/LambdaForm$MH+0x000001dfba0a8400'
Event: 3044.910 Thread 0x000001dfb8a17850 Unloading class 0x000001dfba0a8000 'java/lang/invoke/LambdaForm$MH+0x000001dfba0a8000'
Event: 3044.910 Thread 0x000001dfb8a17850 Unloading class 0x000001dfba0a3400 'java/lang/invoke/LambdaForm$MH+0x000001dfba0a3400'
Event: 3044.910 Thread 0x000001dfb8a17850 Unloading class 0x000001dfba0a3000 'java/lang/invoke/LambdaForm$MH+0x000001dfba0a3000'
Event: 3044.910 Thread 0x000001dfb8a17850 Unloading class 0x000001dfba0a2c00 'java/lang/invoke/LambdaForm$MH+0x000001dfba0a2c00'
Event: 3044.910 Thread 0x000001dfb8a17850 Unloading class 0x000001dfba0a1800 'java/lang/invoke/LambdaForm$MH+0x000001dfba0a1800'
Event: 3044.910 Thread 0x000001dfb8a17850 Unloading class 0x000001dfba0a1000 'java/lang/invoke/LambdaForm$MH+0x000001dfba0a1000'
Event: 3044.910 Thread 0x000001dfb8a17850 Unloading class 0x000001dfba0a0c00 'java/lang/invoke/LambdaForm$MH+0x000001dfba0a0c00'
Event: 3044.910 Thread 0x000001dfb8a17850 Unloading class 0x000001dfba0a0800 'java/lang/invoke/LambdaForm$MH+0x000001dfba0a0800'
Event: 3044.910 Thread 0x000001dfb8a17850 Unloading class 0x000001dfba0a0400 'java/lang/invoke/LambdaForm$BMH+0x000001dfba0a0400'
Event: 3044.910 Thread 0x000001dfb8a17850 Unloading class 0x000001dfba08c400 'java/lang/invoke/LambdaForm$MH+0x000001dfba08c400'
Event: 3044.910 Thread 0x000001dfb8a17850 Unloading class 0x000001dfba085400 'java/lang/invoke/LambdaForm$DMH+0x000001dfba085400'
Event: 3044.911 Thread 0x000001dfb8a17850 Unloading class 0x000001dfba084400 'java/lang/invoke/LambdaForm$DMH+0x000001dfba084400'
Event: 3044.911 Thread 0x000001dfb8a17850 Unloading class 0x000001dfba084000 'java/lang/invoke/LambdaForm$DMH+0x000001dfba084000'
Event: 3044.911 Thread 0x000001dfb8a17850 Unloading class 0x000001dfba01d800 'java/lang/invoke/LambdaForm$DMH+0x000001dfba01d800'
Event: 3044.911 Thread 0x000001dfb8a17850 Unloading class 0x000001dfba011000 'java/lang/invoke/LambdaForm$BMH+0x000001dfba011000'
Event: 3044.911 Thread 0x000001dfb8a17850 Unloading class 0x000001dfba003400 'java/lang/invoke/LambdaForm$MH+0x000001dfba003400'
Event: 3044.911 Thread 0x000001dfb8a17850 Unloading class 0x000001dfba003000 'java/lang/invoke/LambdaForm$MH+0x000001dfba003000'
Event: 3044.911 Thread 0x000001dfb8a17850 Unloading class 0x000001dfba002c00 'java/lang/invoke/LambdaForm$MH+0x000001dfba002c00'
Event: 3044.911 Thread 0x000001dfb8a17850 Unloading class 0x000001dfba002400 'java/lang/invoke/LambdaForm$MH+0x000001dfba002400'

Classes redefined (0 events):
No events

Internal exceptions (20 events):
Event: 16.919 Thread 0x000001df9bc0d220 Implicit null exception at 0x000001dfac11f2f8 to 0x000001dfac11f784
Event: 1049.963 Thread 0x000001df822036e0 Exception <a 'java/lang/NoSuchMethodError'{0x0000000087d4fff0}: 'java.lang.Object java.lang.invoke.DirectMethodHandle$Holder.invokeStatic(java.lang.Object, java.lang.Object, java.lang.Object, int, int)'> (0x0000000087d4fff0) 
thrown [s\open\src\hotspot\share\interpreter\linkResolver.cpp, line 805]
Event: 1050.029 Thread 0x000001df822036e0 Exception <a 'java/lang/NoSuchMethodError'{0x0000000087d57f60}: 'java.lang.Object java.lang.invoke.DirectMethodHandle$Holder.invokeStaticInit(java.lang.Object, java.lang.Object, java.lang.Object, int, int)'> (0x0000000087d57f60) 
thrown [s\open\src\hotspot\share\interpreter\linkResolver.cpp, line 805]
Event: 1051.153 Thread 0x000001dffe54dde0 Exception <a 'java/lang/NoSuchMethodError'{0x0000000087c8edd0}: 'java.lang.Object java.lang.invoke.DirectMethodHandle$Holder.invokeSpecial(java.lang.Object, java.lang.Object, java.lang.Object, java.lang.Object, java.lang.Object, long)'> (0x0000000087c8edd0) 
thrown [s\open\src\hotspot\share\interpreter\linkResolver.cpp, line 805]
Event: 1051.160 Thread 0x000001dffe54dde0 Exception <a 'java/lang/NoSuchMethodError'{0x0000000087cb0cf0}: 'java.lang.Object java.lang.invoke.DirectMethodHandle$Holder.invokeSpecial(java.lang.Object, java.lang.Object, java.lang.Object, java.lang.Object, java.lang.Object, java.lang.Object, long)'> (0x0000000087cb0cf0) 
thrown [s\open\src\hotspot\share\interpreter\linkResolver.cpp, line 805]
Event: 1051.162 Thread 0x000001dffe54dde0 Exception <a 'java/lang/NoSuchMethodError'{0x0000000087cb9068}: 'java.lang.Object java.lang.invoke.DelegatingMethodHandle$Holder.reinvoke_L(java.lang.Object, java.lang.Object, java.lang.Object, java.lang.Object, java.lang.Object, long)'> (0x0000000087cb9068) 
thrown [s\open\src\hotspot\share\interpreter\linkResolver.cpp, line 805]
Event: 1051.170 Thread 0x000001dffe54dde0 Exception <a 'java/lang/NoSuchMethodError'{0x0000000087cc9678}: 'java.lang.Object java.lang.invoke.Invokers$Holder.linkToTargetMethod(java.lang.Object, java.lang.Object, java.lang.Object, long, java.lang.Object)'> (0x0000000087cc9678) 
thrown [s\open\src\hotspot\share\interpreter\linkResolver.cpp, line 805]
Event: 1052.444 Thread 0x000001dffe551860 Implicit null exception at 0x000001dfac3763d8 to 0x000001dfac376968
Event: 1060.596 Thread 0x000001df82204580 Exception <a 'java/lang/NoSuchMethodError'{0x0000000086f2b6f0}: 'void java.lang.invoke.DirectMethodHandle$Holder.invokeSpecialIFC(java.lang.Object, java.lang.Object, int, java.lang.Object, java.lang.Object, java.lang.Object, java.lang.Object)'> (0x0000000086f2b6f0) 
thrown [s\open\src\hotspot\share\interpreter\linkResolver.cpp, line 805]
Event: 1061.002 Thread 0x000001df82204580 Exception <a 'java/lang/NoSuchMethodError'{0x0000000086b9a1e0}: 'java.lang.Object java.lang.invoke.Invokers$Holder.linkToTargetMethod(java.lang.Object, int, java.lang.Object, java.lang.Object, java.lang.Object, java.lang.Object)'> (0x0000000086b9a1e0) 
thrown [s\open\src\hotspot\share\interpreter\linkResolver.cpp, line 805]
Event: 1061.003 Thread 0x000001df82204580 Exception <a 'java/lang/NoSuchMethodError'{0x0000000086bb47a8}: 'int java.lang.invoke.DirectMethodHandle$Holder.invokeStatic(java.lang.Object, java.lang.Object, int, java.lang.Object)'> (0x0000000086bb47a8) 
thrown [s\open\src\hotspot\share\interpreter\linkResolver.cpp, line 805]
Event: 1061.129 Thread 0x000001df82204580 Exception <a 'java/lang/IncompatibleClassChangeError'{0x00000000ffff4470}: Found class java.lang.Object, but interface was expected> (0x00000000ffff4470) 
thrown [s\open\src\hotspot\share\interpreter\linkResolver.cpp, line 872]
Event: 1061.167 Thread 0x000001df82204580 Implicit null exception at 0x000001dfac369019 to 0x000001dfac369414
Event: 1061.174 Thread 0x000001df82204580 Implicit null exception at 0x000001dfac3698cd to 0x000001dfac369a14
Event: 1061.481 Thread 0x000001df82205420 Exception <a 'java/io/IOException'{0x00000000895c1ee8}> (0x00000000895c1ee8) 
thrown [s\open\src\hotspot\share\prims\jni.cpp, line 518]
Event: 1068.014 Thread 0x000001dffe54dde0 Exception <a 'java/lang/NoSuchMethodError'{0x00000000882d51b8}: 'java.lang.Object java.lang.invoke.DirectMethodHandle$Holder.invokeVirtual(java.lang.Object, java.lang.Object, int, int)'> (0x00000000882d51b8) 
thrown [s\open\src\hotspot\share\interpreter\linkResolver.cpp, line 805]
Event: 1068.016 Thread 0x000001dffe551fb0 Exception <a 'java/lang/NoSuchMethodError'{0x00000000882be6f8}: 'java.lang.Object java.lang.invoke.DirectMethodHandle$Holder.invokeVirtual(java.lang.Object, java.lang.Object, int, int)'> (0x00000000882be6f8) 
thrown [s\open\src\hotspot\share\interpreter\linkResolver.cpp, line 805]
Event: 1068.096 Thread 0x000001dffe551fb0 Exception <a 'java/lang/NoSuchMethodError'{0x000000008810bb88}: 'java.lang.Object java.lang.invoke.DirectMethodHandle$Holder.invokeSpecialIFC(java.lang.Object, java.lang.Object, int, int)'> (0x000000008810bb88) 
thrown [s\open\src\hotspot\share\interpreter\linkResolver.cpp, line 805]
Event: 1068.106 Thread 0x000001dffe551fb0 Exception <a 'java/lang/NoSuchMethodError'{0x00000000881109f8}: 'java.lang.Object java.lang.invoke.Invokers$Holder.invoker(java.lang.Object, java.lang.Object, java.lang.Object, java.lang.Object)'> (0x00000000881109f8) 
thrown [s\open\src\hotspot\share\interpreter\linkResolver.cpp, line 805]
Event: 1068.453 Thread 0x000001dffe551fb0 Exception <a 'java/lang/NoSuchMethodError'{0x000000008b3e4490}: 'java.lang.Object java.lang.invoke.DirectMethodHandle$Holder.invokeInterface(java.lang.Object, java.lang.Object, int)'> (0x000000008b3e4490) 
thrown [s\open\src\hotspot\share\interpreter\linkResolver.cpp, line 805]

VM Operations (20 events):
Event: 1984.401 Executing VM operation: RendezvousGCThreads
Event: 1984.401 Executing VM operation: RendezvousGCThreads done
Event: 2434.999 Executing VM operation: G1CollectForAllocation (G1 Evacuation Pause)
Event: 2435.042 Executing VM operation: G1CollectForAllocation (G1 Evacuation Pause) done
Event: 2465.393 Executing VM operation: HandshakeAllThreads (HandshakeForDeflation)
Event: 2465.393 Executing VM operation: HandshakeAllThreads (HandshakeForDeflation) done
Event: 2465.393 Executing VM operation: RendezvousGCThreads
Event: 2465.393 Executing VM operation: RendezvousGCThreads done
Event: 2886.031 Executing VM operation: HandshakeAllThreads (HandshakeForDeflation)
Event: 2886.031 Executing VM operation: HandshakeAllThreads (HandshakeForDeflation) done
Event: 2886.031 Executing VM operation: RendezvousGCThreads
Event: 2886.031 Executing VM operation: RendezvousGCThreads done
Event: 2946.035 Executing VM operation: HandshakeAllThreads (HandshakeForDeflation)
Event: 2946.035 Executing VM operation: HandshakeAllThreads (HandshakeForDeflation) done
Event: 2946.035 Executing VM operation: RendezvousGCThreads
Event: 2946.035 Executing VM operation: RendezvousGCThreads done
Event: 3044.682 Executing VM operation: G1CollectForAllocation (G1 Evacuation Pause)
Event: 3044.737 Executing VM operation: G1CollectForAllocation (G1 Evacuation Pause) done
Event: 3044.900 Executing VM operation: G1PauseRemark
Event: 3045.169 Executing VM operation: G1PauseRemark done

Memory protections (0 events):
No events

Nmethod flushes (20 events):
Event: 3045.161 Thread 0x000001dfb8a17850 flushing  nmethod 0x000001dfa50d3a08
Event: 3045.161 Thread 0x000001dfb8a17850 flushing  nmethod 0x000001dfa50d3f08
Event: 3045.161 Thread 0x000001dfb8a17850 flushing  nmethod 0x000001dfa50d4a88
Event: 3045.161 Thread 0x000001dfb8a17850 flushing  nmethod 0x000001dfa50d4d88
Event: 3045.161 Thread 0x000001dfb8a17850 flushing  nmethod 0x000001dfa50d5088
Event: 3045.161 Thread 0x000001dfb8a17850 flushing  nmethod 0x000001dfa50d5388
Event: 3045.161 Thread 0x000001dfb8a17850 flushing  nmethod 0x000001dfa50d7908
Event: 3045.161 Thread 0x000001dfb8a17850 flushing  nmethod 0x000001dfa50d7c08
Event: 3045.161 Thread 0x000001dfb8a17850 flushing  nmethod 0x000001dfa50da208
Event: 3045.161 Thread 0x000001dfb8a17850 flushing  nmethod 0x000001dfa50da508
Event: 3045.161 Thread 0x000001dfb8a17850 flushing  nmethod 0x000001dfa50dac08
Event: 3045.161 Thread 0x000001dfb8a17850 flushing  nmethod 0x000001dfa50db188
Event: 3045.161 Thread 0x000001dfb8a17850 flushing  nmethod 0x000001dfa5306d08
Event: 3045.161 Thread 0x000001dfb8a17850 flushing  nmethod 0x000001dfa5308808
Event: 3045.161 Thread 0x000001dfb8a17850 flushing  nmethod 0x000001dfa5308b08
Event: 3045.161 Thread 0x000001dfb8a17850 flushing  nmethod 0x000001dfa5309d08
Event: 3045.161 Thread 0x000001dfb8a17850 flushing  nmethod 0x000001dfa530a908
Event: 3045.161 Thread 0x000001dfb8a17850 flushing  nmethod 0x000001dfa530b308
Event: 3045.161 Thread 0x000001dfb8a17850 flushing  nmethod 0x000001dfa530c888
Event: 3045.161 Thread 0x000001dfb8a17850 flushing  nmethod 0x000001dfa530d588

Events (20 events):
Event: 1767.984 Thread 0x000001df830bb0a0 Thread exited: 0x000001df830bb0a0
Event: 1768.063 Thread 0x000001df830b9ab0 Thread exited: 0x000001df830b9ab0
Event: 1807.995 Thread 0x000001dffe54b950 Thread added: 0x000001df830ba200
Event: 1808.001 Thread 0x000001df830ba200 Thread added: 0x000001df830b9360
Event: 1813.002 Thread 0x000001df830ba200 Thread exited: 0x000001df830ba200
Event: 1813.081 Thread 0x000001df830b9360 Thread exited: 0x000001df830b9360
Event: 2014.638 Thread 0x000001dffeb391d0 Thread added: 0x000001df830bb0a0
Event: 2100.503 Thread 0x000001df830b6030 Thread exited: 0x000001df830b6030
Event: 2921.700 Thread 0x000001dffe54b950 Thread added: 0x000001df830bbf40
Event: 2921.715 Thread 0x000001df830bbf40 Thread added: 0x000001dffe54ec80
Event: 2926.717 Thread 0x000001df830bbf40 Thread exited: 0x000001df830bbf40
Event: 2926.865 Thread 0x000001dffe54ec80 Thread exited: 0x000001dffe54ec80
Event: 2978.966 Thread 0x000001dffe54b950 Thread added: 0x000001dffe54ec80
Event: 2978.975 Thread 0x000001dffe54ec80 Thread added: 0x000001dffe54f3d0
Event: 2983.987 Thread 0x000001dffe54ec80 Thread exited: 0x000001dffe54ec80
Event: 2984.116 Thread 0x000001dffe54f3d0 Thread exited: 0x000001dffe54f3d0
Event: 3037.644 Thread 0x000001dffe54b950 Thread added: 0x000001dffe54ec80
Event: 3037.650 Thread 0x000001dffe54ec80 Thread added: 0x000001dffe5509c0
Event: 3042.659 Thread 0x000001dffe54ec80 Thread exited: 0x000001dffe54ec80
Event: 3042.734 Thread 0x000001dffe5509c0 Thread exited: 0x000001dffe5509c0


Dynamic libraries:
0x00007ff7e50e0000 - 0x00007ff7e50ee000 	C:\Users\VIET ANH\.jdks\openjdk-24.0.1\bin\java.exe
0x00007fffc9aa0000 - 0x00007fffc9d08000 	C:\WINDOWS\SYSTEM32\ntdll.dll
0x00007fffc81f0000 - 0x00007fffc82b9000 	C:\WINDOWS\System32\KERNEL32.DLL
0x00007fffc7310000 - 0x00007fffc76fd000 	C:\WINDOWS\System32\KERNELBASE.dll
0x00007fffc6d70000 - 0x00007fffc6ebb000 	C:\WINDOWS\System32\ucrtbase.dll
0x00007fffadcc0000 - 0x00007fffadcd6000 	C:\Users\VIET ANH\.jdks\openjdk-24.0.1\bin\jli.dll
0x00007fffc8f20000 - 0x00007fffc90ec000 	C:\WINDOWS\System32\USER32.dll
0x00007fffc7230000 - 0x00007fffc7257000 	C:\WINDOWS\System32\win32u.dll
0x00007fffac1d0000 - 0x00007fffac1eb000 	C:\Users\VIET ANH\.jdks\openjdk-24.0.1\bin\VCRUNTIME140.dll
0x00007fffc82d0000 - 0x00007fffc82fb000 	C:\WINDOWS\System32\GDI32.dll
0x00007fffc7700000 - 0x00007fffc7837000 	C:\WINDOWS\System32\gdi32full.dll
0x00007fffc7260000 - 0x00007fffc7303000 	C:\WINDOWS\System32\msvcp_win.dll
0x00007fffc6070000 - 0x00007fffc630a000 	C:\WINDOWS\WinSxS\amd64_microsoft.windows.common-controls_6595b64144ccf1df_6.0.26100.4484_none_3e0e6d4ce32ef3b3\COMCTL32.dll
0x00007fffc99b0000 - 0x00007fffc9a59000 	C:\WINDOWS\System32\msvcrt.dll
0x00007fffc81b0000 - 0x00007fffc81df000 	C:\WINDOWS\System32\IMM32.DLL
0x00007fffb0a50000 - 0x00007fffb0a5c000 	C:\Users\VIET ANH\.jdks\openjdk-24.0.1\bin\vcruntime140_1.dll
0x00007fff61ae0000 - 0x00007fff61b6e000 	C:\Users\VIET ANH\.jdks\openjdk-24.0.1\bin\msvcp140.dll
0x00007fff20d80000 - 0x00007fff21b22000 	C:\Users\VIET ANH\.jdks\openjdk-24.0.1\bin\server\jvm.dll
0x00007fffc7890000 - 0x00007fffc7944000 	C:\WINDOWS\System32\ADVAPI32.dll
0x00007fffc9260000 - 0x00007fffc9306000 	C:\WINDOWS\System32\sechost.dll
0x00007fffc9310000 - 0x00007fffc9428000 	C:\WINDOWS\System32\RPCRT4.dll
0x00007fffc7e50000 - 0x00007fffc7ec4000 	C:\WINDOWS\System32\WS2_32.dll
0x00007fffc6470000 - 0x00007fffc64ce000 	C:\WINDOWS\SYSTEM32\POWRPROF.dll
0x00007fffbb780000 - 0x00007fffbb7b5000 	C:\WINDOWS\SYSTEM32\WINMM.dll
0x00007fffc47d0000 - 0x00007fffc47db000 	C:\WINDOWS\SYSTEM32\VERSION.dll
0x00007fffc6310000 - 0x00007fffc6324000 	C:\WINDOWS\SYSTEM32\UMPDC.dll
0x00007fffc5c00000 - 0x00007fffc5c1b000 	C:\WINDOWS\SYSTEM32\kernel.appcore.dll
0x00007fffadcf0000 - 0x00007fffadcfa000 	C:\Users\VIET ANH\.jdks\openjdk-24.0.1\bin\jimage.dll
0x00007fffc6500000 - 0x00007fffc6741000 	C:\WINDOWS\SYSTEM32\DBGHELP.DLL
0x00007fffc7ac0000 - 0x00007fffc7e46000 	C:\WINDOWS\System32\combase.dll
0x00007fffc8360000 - 0x00007fffc8440000 	C:\WINDOWS\System32\OLEAUT32.dll
0x00007fffc6330000 - 0x00007fffc6373000 	C:\WINDOWS\SYSTEM32\dbgcore.DLL
0x00007fffc70d0000 - 0x00007fffc7169000 	C:\WINDOWS\System32\bcryptPrimitives.dll
0x00007fffac1c0000 - 0x00007fffac1cf000 	C:\Users\VIET ANH\.jdks\openjdk-24.0.1\bin\instrument.dll
0x00007fff97370000 - 0x00007fff9738e000 	C:\Users\VIET ANH\.jdks\openjdk-24.0.1\bin\java.dll
0x00007fffc8460000 - 0x00007fffc85fe000 	C:\WINDOWS\System32\ole32.dll
0x00007fffc8710000 - 0x00007fffc8e5a000 	C:\WINDOWS\System32\SHELL32.dll
0x00007fffc6bf0000 - 0x00007fffc6d64000 	C:\WINDOWS\System32\wintypes.dll
0x00007fffc3820000 - 0x00007fffc407b000 	C:\WINDOWS\SYSTEM32\windows.storage.dll
0x00007fffc8610000 - 0x00007fffc8705000 	C:\WINDOWS\System32\SHCORE.dll
0x00007fffc91f0000 - 0x00007fffc925a000 	C:\WINDOWS\System32\shlwapi.dll
0x00007fffc6b00000 - 0x00007fffc6b2f000 	C:\WINDOWS\SYSTEM32\profapi.dll
0x00007fff600c0000 - 0x00007fff60197000 	C:\Users\VIET ANH\.jdks\openjdk-24.0.1\bin\jsvml.dll
0x00007fff94f60000 - 0x00007fff94f77000 	C:\Users\VIET ANH\.jdks\openjdk-24.0.1\bin\zip.dll
0x00007fffac4d0000 - 0x00007fffac4e0000 	C:\Users\VIET ANH\.jdks\openjdk-24.0.1\bin\net.dll
0x00007fffc4f90000 - 0x00007fffc4ffa000 	C:\WINDOWS\system32\mswsock.dll
0x00007fff96e10000 - 0x00007fff96e26000 	C:\Users\VIET ANH\.jdks\openjdk-24.0.1\bin\nio.dll
0x00007fffabfb0000 - 0x00007fffabfb9000 	C:\Users\VIET ANH\.jdks\openjdk-24.0.1\bin\extnet.dll
0x00007fffc4510000 - 0x00007fffc4636000 	C:\WINDOWS\SYSTEM32\DNSAPI.dll
0x00007fffc44d0000 - 0x00007fffc4503000 	C:\WINDOWS\SYSTEM32\IPHLPAPI.DLL
0x00007fffc8f10000 - 0x00007fffc8f1a000 	C:\WINDOWS\System32\NSI.dll
0x00007fffbaf80000 - 0x00007fffbaf8b000 	C:\Windows\System32\rasadhlp.dll
0x00007fffbf260000 - 0x00007fffbf2e6000 	C:\WINDOWS\System32\fwpuclnt.dll
0x00007fffab7f0000 - 0x00007fffab7fa000 	C:\Users\VIET ANH\.jdks\openjdk-24.0.1\bin\management.dll
0x00007fffaa1c0000 - 0x00007fffaa1cb000 	C:\Users\VIET ANH\.jdks\openjdk-24.0.1\bin\management_ext.dll
0x00007fffc9980000 - 0x00007fffc9988000 	C:\WINDOWS\System32\PSAPI.DLL
0x00007fffc64e0000 - 0x00007fffc64fb000 	C:\WINDOWS\SYSTEM32\CRYPTSP.dll
0x00007fffc49a0000 - 0x00007fffc49db000 	C:\WINDOWS\system32\rsaenh.dll
0x00007fffc5030000 - 0x00007fffc505b000 	C:\WINDOWS\SYSTEM32\USERENV.dll
0x00007fffc6ad0000 - 0x00007fffc6af6000 	C:\WINDOWS\SYSTEM32\bcrypt.dll
0x00007fffc5bf0000 - 0x00007fffc5bfc000 	C:\WINDOWS\SYSTEM32\CRYPTBASE.dll
0x00007fffb1fc0000 - 0x00007fffb1fd8000 	C:\WINDOWS\system32\napinsp.dll
0x00007fffb1fa0000 - 0x00007fffb1fb2000 	C:\WINDOWS\System32\winrnr.dll
0x00007fff457f0000 - 0x00007fff45820000 	C:\WINDOWS\system32\nlansp_c.dll
0x00007fffb00d0000 - 0x00007fffb00f0000 	C:\WINDOWS\system32\wshbth.dll
0x00007fffa8160000 - 0x00007fffa81ae000 	C:\WINDOWS\SYSTEM32\pdh.dll
0x00007fffc5b30000 - 0x00007fffc5b42000 	C:\WINDOWS\System32\perfproc.dll
0x00007fffa8af0000 - 0x00007fffa8afe000 	C:\Users\VIET ANH\.jdks\openjdk-24.0.1\bin\sunmscapi.dll
0x00007fffc6ec0000 - 0x00007fffc7037000 	C:\WINDOWS\System32\CRYPT32.dll
0x00007fffc5cc0000 - 0x00007fffc5cf0000 	C:\WINDOWS\SYSTEM32\ncrypt.dll
0x00007fffc5ba0000 - 0x00007fffc5bdf000 	C:\WINDOWS\SYSTEM32\NTASN1.dll
0x00007fffa89d0000 - 0x00007fffa89e0000 	C:\Users\VIET ANH\.jdks\openjdk-24.0.1\bin\verify.dll
0x00007fffa76d0000 - 0x00007fffa76d8000 	C:\WINDOWS\system32\wshunix.dll

JVMTI agents:
C:\Program Files\JetBrains\IntelliJ IDEA 2025.1.2\lib\idea_rt.jar path:C:\Users\VIET ANH\.jdks\openjdk-24.0.1\bin\instrument.dll, loaded, initialized, instrumentlib options:54161

dbghelp: loaded successfully - version: 4.0.5 - missing functions: none
symbol engine: initialized successfully - sym options: 0x614 - pdb path: .;C:\Users\VIET ANH\.jdks\openjdk-24.0.1\bin;C:\WINDOWS\SYSTEM32;C:\WINDOWS\WinSxS\amd64_microsoft.windows.common-controls_6595b64144ccf1df_6.0.26100.4484_none_3e0e6d4ce32ef3b3;C:\Users\VIET ANH\.jdks\openjdk-24.0.1\bin\server

VM Arguments:
jvm_args: -javaagent:C:\Program Files\JetBrains\IntelliJ IDEA 2025.1.2\lib\idea_rt.jar=54161 -Dfile.encoding=UTF-8 -Dsun.stdout.encoding=UTF-8 -Dsun.stderr.encoding=UTF-8 
java_command: develop.circlek.CirclekApplication
java_class_path (initial): C:\Users\VIET ANH\OneDrive\Máy tính\Spring Boot\rs-management4\target\classes;C:\Users\VIET ANH\.m2\repository\org\springframework\boot\spring-boot-starter-data-jpa\3.5.3\spring-boot-starter-data-jpa-3.5.3.jar;C:\Users\VIET ANH\.m2\repository\org\springframework\boot\spring-boot-starter\3.5.3\spring-boot-starter-3.5.3.jar;C:\Users\VIET ANH\.m2\repository\org\springframework\boot\spring-boot\3.5.3\spring-boot-3.5.3.jar;C:\Users\VIET ANH\.m2\repository\org\springframework\boot\spring-boot-autoconfigure\3.5.3\spring-boot-autoconfigure-3.5.3.jar;C:\Users\VIET ANH\.m2\repository\org\springframework\boot\spring-boot-starter-logging\3.5.3\spring-boot-starter-logging-3.5.3.jar;C:\Users\VIET ANH\.m2\repository\ch\qos\logback\logback-classic\1.5.18\logback-classic-1.5.18.jar;C:\Users\VIET ANH\.m2\repository\ch\qos\logback\logback-core\1.5.18\logback-core-1.5.18.jar;C:\Users\VIET ANH\.m2\repository\org\apache\logging\log4j\log4j-to-slf4j\2.24.3\log4j-to-slf4j-2.24.3.jar;C:\Users\VIET ANH\.m2\repository\org\apache\logging\log4j\log4j-api\2.24.3\log4j-api-2.24.3.jar;C:\Users\VIET ANH\.m2\repository\org\slf4j\jul-to-slf4j\2.0.17\jul-to-slf4j-2.0.17.jar;C:\Users\VIET ANH\.m2\repository\jakarta\annotation\jakarta.annotation-api\2.1.1\jakarta.annotation-api-2.1.1.jar;C:\Users\VIET ANH\.m2\repository\org\yaml\snakeyaml\2.4\snakeyaml-2.4.jar;C:\Users\VIET ANH\.m2\repository\org\springframework\boot\spring-boot-starter-jdbc\3.5.3\spring-boot-starter-jdbc-3.5.3.jar;C:\Users\VIET ANH\.m2\repository\com\zaxxer\HikariCP\6.3.0\HikariCP-6.3.0.jar;C:\Users\VIET ANH\.m2\repository\org\springframework\spring-jdbc\6.2.8\spring-jdbc-6.2.8.jar;C:\Users\VIET ANH\.m2\repository\org\hibernate\orm\hibernate-core\6.6.18.Final\hibernate-core-6.6.18.Final.jar;C:\Users\VIET ANH\.m2\repository\jakarta\persistence\jakarta.persistence-api\3.1.0\jakarta.persistence-api-3.1.0.jar;C:\Users\VIET ANH\.m2\repository\jakarta\transaction\jakarta.transaction-api\2.0.1\jakarta.transaction-api-2.0.1.jar;C:\Users\VIET ANH\.m2\repository\org\jboss\logging\jboss-logging\3.6.1.Final\jboss-logging-3.6.1.Final.jar;C:\Users\VIET ANH\.m2\repository\org\hibernate\common\hibernate-commons-annotations\7.0.3.Final\hibernate-commons-annotations-7.0.3.Final.jar;C:\Users\VIET ANH\.m2\repository\io\smallrye\jandex\3.2.0\jandex-3.2.0.jar;C:\Users\VIET ANH\.m2\repository\com\fasterxml\classmate\1.7.0\classmate-1.7.0.jar;C:\Users\VIET ANH\.m2\repository\net\bytebuddy\byte-buddy\1.17.6\byte-buddy-1.17.6.jar;C:\Users\VIET ANH\.m2\repository\org\glassfish\jaxb\jaxb-runtime\4.0.5\jaxb-runtime-4.0.5.jar;C:\Users\VIET ANH\.m2\repository\org\glassfish\jaxb\jaxb-core\4.0.5\jaxb-core-4.0.5.jar;C:\Users\VIET ANH\.m2\repository\org\eclipse\angus\angus-activation\2.0.2\angus-activation-2.0.2.jar;C:\Users\VIET ANH\.m2\repository\org\glassfish\jaxb\txw2\4.0.5\txw2-4.0.5.jar;C:\Users\VIET ANH\.m2\repository\com\sun\istack\istack-commons-runtime\4.1.2\istack-commons-runtime-4.1.2.jar;C:\Users\VIET ANH\.m2\repository\jakarta\inject\jakarta.inject-api\2.0.1\jakarta.inject-api-2.0.1.jar;C:\Users\VIET ANH\.m2\repository\org\antlr\antlr4-runtime\4.13.0\antlr4-runtime-4.13.0.jar;C:\Users\VIET ANH\.m2\repository\org\springframework\data\spring-data-jpa\3.5.1\spring-data-jpa-3.5.1.jar;C:\Users\VIET ANH\.m2\repository\org\springframework\data\spring-data-commons\3.5.1\spring-data-commons-3.5.1.jar;C:\Users\VIET ANH\.m2\repository\org\springframework\spring-orm\6.2.8\spring-orm-6.2.8.jar;C:\Users\VIET ANH\.m2\repository\org\springframework\spring-context\6.2.8\spring-context-6.2.8.jar;C:\Users\VIET ANH\.m2\repository\org\springframework\spring-tx\6.2.8\spring-tx-6.2.8.jar;C:\Users\VIET ANH\.m2\repository\org\springframework\spring-beans\6.2.8\spring-beans-6.2.8.jar;C:\Users\VIET ANH\.m2\repository\org\slf4j\slf4j-api\2.0.17\slf4j-api-2.0.17.jar;C:\Users\VIET ANH\.m2\repository\org\springframework\spring-aspects\6.2.8\spring-aspects-6.2.8.jar;C:\Users\VIET ANH\.m2\repository\org\aspectj\aspectjweaver\1.9.24\aspectjweaver-1.9.24.jar;C:\Users\VIET ANH\.m2\repository\org\springframework\boot\spring-boot-starter-validation\3.5.3\spring-boot-starter-validation-3.5.3.jar;C:\Users\VIET ANH\.m2\repository\org\apache\tomcat\embed\tomcat-embed-el\10.1.42\tomcat-embed-el-10.1.42.jar;C:\Users\VIET ANH\.m2\repository\org\hibernate\validator\hibernate-validator\8.0.2.Final\hibernate-validator-8.0.2.Final.jar;C:\Users\VIET ANH\.m2\repository\jakarta\validation\jakarta.validation-api\3.0.2\jakarta.validation-api-3.0.2.jar;C:\Users\VIET ANH\.m2\repository\org\springframework\boot\spring-boot-starter-web\3.5.3\spring-boot-starter-web-3.5.3.jar;C:\Users\VIET ANH\.m2\repository\org\springframework\boot\spring-boot-starter-json\3.5.3\spring-boot-starter-json-3.5.3.jar;C:\Users\VIET ANH\.m2\repository\com\fasterxml\jackson\datatype\jackson-datatype-jdk8\2.19.1\jackson-datatype-jdk8-2.19.1.jar;C:\Users\VIET ANH\.m2\repository\com\fasterxml\jackson\datatype\jackson-datatype-jsr310\2.19.1\jackson-datatype-jsr310-2.19.1.jar;C:\Users\VIET ANH\.m2\repository\com\fasterxml\jackson\module\jackson-module-parameter-names\2.19.1\jackson-module-parameter-names-2.19.1.jar;C:\Users\VIET ANH\.m2\repository\org\springframework\boot\spring-boot-starter-tomcat\3.5.3\spring-boot-starter-tomcat-3.5.3.jar;C:\Users\VIET ANH\.m2\repository\org\apache\tomcat\embed\tomcat-embed-core\10.1.42\tomcat-embed-core-10.1.42.jar;C:\Users\VIET ANH\.m2\repository\org\apache\tomcat\embed\tomcat-embed-websocket\10.1.42\tomcat-embed-websocket-10.1.42.jar;C:\Users\VIET ANH\.m2\repository\org\springframework\spring-web\6.2.8\spring-web-6.2.8.jar;C:\Users\VIET ANH\.m2\repository\io\micrometer\micrometer-observation\1.15.1\micrometer-observation-1.15.1.jar;C:\Users\VIET ANH\.m2\repository\io\micrometer\micrometer-commons\1.15.1\micrometer-commons-1.15.1.jar;C:\Users\VIET ANH\.m2\repository\org\springframework\spring-webmvc\6.2.8\spring-webmvc-6.2.8.jar;C:\Users\VIET ANH\.m2\repository\org\springframework\spring-expression\6.2.8\spring-expression-6.2.8.jar;C:\Users\VIET ANH\.m2\repository\org\mapstruct\mapstruct\1.5.5.Final\mapstruct-1.5.5.Final.jar;C:\Users\VIET ANH\.m2\repository\org\projectlombok\lombok-mapstruct-binding\0.2.0\lombok-mapstruct-binding-0.2.0.jar;C:\Users\VIET ANH\.m2\repository\com\mysql\mysql-connector-j\8.0.33\mysql-connector-j-8.0.33.jar;C:\Users\VIET ANH\.m2\repository\org\projectlombok\lombok\1.18.38\lombok-1.18.38.jar;C:\Users\VIET ANH\.m2\repository\jakarta\xml\bind\jakarta.xml.bind-api\4.0.2\jakarta.xml.bind-api-4.0.2.jar;C:\Users\VIET ANH\.m2\repository\jakarta\activation\jakarta.activation-api\2.1.3\jakarta.activation-api-2.1.3.jar;C:\Users\VIET ANH\.m2\repository\org\springframework\spring-core\6.2.8\spring-core-6.2.8.jar;C:\Users\VIET ANH\.m2\repository\org\springframework\spring-jcl\6.2.8\spring-jcl-6.2.8.jar;C:\Users\VIET ANH\.m2\repository\org\springframework\boot\spring-boot-starter-security\3.5.3\spring-boot-starter-security-3.5.3.jar;C:\Users\VIET ANH\.m2\repository\org\springframework\spring-aop\6.2.8\spring-aop-6.2.8.jar;C:\Users\VIET ANH\.m2\repository\org\springframework\security\spring-security-config\6.5.1\spring-security-config-6.5.1.jar;C:\Users\VIET ANH\.m2\repository\org\springframework\security\spring-security-web\6.5.1\spring-security-web-6.5.1.jar;C:\Users\VIET ANH\.m2\repository\org\springframework\boot\spring-boot-starter-oauth2-resource-server\3.5.3\spring-boot-starter-oauth2-resource-server-3.5.3.jar;C:\Users\VIET ANH\.m2\repository\org\springframework\security\spring-security-core\6.5.1\spring-security-core-6.5.1.jar;C:\Users\VIET ANH\.m2\repository\org\springframework\security\spring-security-crypto\6.5.1\spring-security-crypto-6.5.1.jar;C:\Users\VIET ANH\.m2\repository\org\springframework\security\spring-security-oauth2-resource-server\6.5.1\spring-security-oauth2-resource-server-6.5.1.jar;C:\Users\VIET ANH\.m2\repository\org\springframework\security\spring-security-oauth2-core\6.5.1\spring-security-oauth2-core-6.5.1.jar;C:\Users\VIET ANH\.m2\repository\org\springframework\security\spring-security-oauth2-jose\6.5.1\spring-security-oauth2-jose-6.5.1.jar;C:\Users\VIET ANH\.m2\repository\com\nimbusds\nimbus-jose-jwt\9.37.3\nimbus-jose-jwt-9.37.3.jar;C:\Users\VIET ANH\.m2\repository\com\github\stephenc\jcip\jcip-annotations\1.0-1\jcip-annotations-1.0-1.jar;C:\Users\VIET ANH\.m2\repository\io\jsonwebtoken\jjwt-api\0.11.5\jjwt-api-0.11.5.jar;C:\Users\VIET ANH\.m2\repository\io\jsonwebtoken\jjwt-impl\0.11.5\jjwt-impl-0.11.5.jar;C:\Users\VIET ANH\.m2\repository\io\jsonwebtoken\jjwt-jackson\0.11.5\jjwt-jackson-0.11.5.jar;C:\Users\VIET ANH\.m2\repository\com\fasterxml\jackson\core\jackson-databind\2.19.1\jackson-databind-2.19.1.jar;C:\Users\VIET ANH\.m2\repository\com\fasterxml\jackson\core\jackson-annotations\2.19.1\jackson-annotations-2.19.1.jar;C:\Users\VIET ANH\.m2\repository\com\fasterxml\jackson\core\jackson-core\2.19.1\jackson-core-2.19.1.jar;C:\Users\VIET ANH\.m2\repository\com\querydsl\querydsl-jpa\5.0.0\querydsl-jpa-5.0.0-jakarta.jar;C:\Users\VIET ANH\.m2\repository\com\querydsl\querydsl-core\5.0.0\querydsl-core-5.0.0.jar;C:\Users\VIET ANH\.m2\repository\com\mysema\commons\mysema-commons-lang\0.2.4\mysema-commons-lang-0.2.4.jar
Launcher Type: SUN_STANDARD

[Global flags]
     intx CICompilerCount                          = 4                                         {product} {ergonomic}
     uint ConcGCThreads                            = 2                                         {product} {ergonomic}
     uint G1ConcRefinementThreads                  = 8                                         {product} {ergonomic}
   size_t G1HeapRegionSize                         = 1048576                                   {product} {ergonomic}
   size_t InitialHeapSize                          = 132120576                                 {product} {ergonomic}
   size_t MarkStackSize                            = 4194304                                   {product} {ergonomic}
   size_t MarkStackSizeMax                         = 536870912                                 {product} {ergonomic}
   size_t MaxHeapSize                              = 2090860544                                {product} {ergonomic}
   size_t MaxNewSize                               = 1254096896                                {product} {ergonomic}
   size_t MinHeapDeltaBytes                        = 1048576                                   {product} {ergonomic}
   size_t MinHeapSize                              = 8388608                                   {product} {ergonomic}
    uintx NonNMethodCodeHeapSize                   = 5832704                                {pd product} {ergonomic}
    uintx NonProfiledCodeHeapSize                  = 122945536                              {pd product} {ergonomic}
    uintx ProfiledCodeHeapSize                     = 122880000                              {pd product} {ergonomic}
    uintx ReservedCodeCacheSize                    = 251658240                              {pd product} {ergonomic}
     bool SegmentedCodeCache                       = true                                      {product} {ergonomic}
   size_t SoftMaxHeapSize                          = 2090860544                             {manageable} {ergonomic}
     bool UseCompressedOops                        = true                           {product lp64_product} {ergonomic}
     bool UseG1GC                                  = true                                      {product} {ergonomic}
     bool UseLargePagesIndividualAllocation        = false                                  {pd product} {ergonomic}

Logging:
Log output configuration:
 #0: stdout all=warning uptime,level,tags foldmultilines=false
 #1: stderr all=off uptime,level,tags foldmultilines=false

Environment Variables:
PATH=C:\gurobi1201\win64\bin;C:\Program Files\Microsoft MPI\Bin\;C:\Program Files\Common Files\Oracle\Java\javapath;C:\Windows\system32;C:\Windows;C:\Windows\System32\Wbem;C:\Windows\System32\WindowsPowerShell\v1.0\;C:\Windows\System32\OpenSSH\;C:\Program Files (x86)\NVIDIA Corporation\PhysX\Common;C:\Program Files\NVIDIA Corporation\NVIDIA NvDLISR;C:\WINDOWS\system32;C:\WINDOWS;C:\WINDOWS\System32\Wbem;C:\WINDOWS\System32\WindowsPowerShell\v1.0\;C:\WINDOWS\System32\OpenSSH\;C:\Program Files (x86)\Microsoft SQL Server\160\Tools\Binn\;C:\Program Files\Microsoft SQL Server\160\Tools\Binn\;C:\Program Files\Microsoft SQL Server\Client SDK\ODBC\170\Tools\Binn\;C:\Program Files\Microsoft SQL Server\160\DTS\Binn\;C:\Program Files\Cloudflare\Cloudflare WARP\;C:\Program Files\Git\cmd;C:\Program Files\Docker\Docker\resources\bin;C:\Program Files\nodejs\;C:\Python39\Scripts\;C:\Python39\;C:\Users\VIET ANH\AppData\Local\Microsoft\WindowsApps;C:\MinGW\bin;C:\Users\VIET ANH\AppData\Local\Programs\Microsoft VS Code\bin;C:\Users\VIET ANH\OneDrive\Máy tính\Java\IntelliJ IDEA 2024.3.2.2\bin;;C:\Program Files\JetBrains\IntelliJ IDEA Community Edition 2024.3.2.2\bin;;C:\Users\VIET ANH\AppData\Roaming\npm
USERNAME=VIET ANH
OS=Windows_NT
PROCESSOR_IDENTIFIER=Intel64 Family 6 Model 140 Stepping 2, GenuineIntel
TMP=C:\Users\VIETAN~1\AppData\Local\Temp
TEMP=C:\Users\VIETAN~1\AppData\Local\Temp




Periodic native trim disabled

---------------  S Y S T E M  ---------------

OS:
 Windows 11 , 64 bit Build 26100 (10.0.26100.4484)
OS uptime: 13 days 21:39 hours
Hyper-V role detected

CPU: total 8 (initial active 8) (4 cores per cpu, 2 threads per core) family 6 model 140 stepping 2 microcode 0x26, cx8, cmov, fxsr, ht, mmx, 3dnowpref, sse, sse2, sse3, ssse3, sse4.1, sse4.2, popcnt, lzcnt, tsc, tscinvbit, avx, avx2, aes, erms, clmul, bmi1, bmi2, adx, avx512f, avx512dq, avx512cd, avx512bw, avx512vl, sha, fma, vzeroupper, avx512_vpopcntdq, avx512_vpclmulqdq, avx512_vaes, avx512_vnni, clflush, clflushopt, clwb, avx512_vbmi2, avx512_vbmi, hv, rdtscp, rdpid, fsrm, gfni, avx512_bitalg, f16c, cet_ibt, cet_ss, avx512_ifma
Processor Information for the first 8 processors :
  Max Mhz: 3187, Current Mhz: 3187, Mhz Limit: 3187

Memory: 4k page, system-wide physical 7975M (408M free)
TotalPageFile size 32551M (AvailPageFile size 95M)
current process WorkingSet (physical memory assigned to process): 231M, peak: 320M
current process commit charge ("private bytes"): 370M, peak: 386M

vm_info: OpenJDK 64-Bit Server VM (24.0.1+9-30) for windows-amd64 JRE (24.0.1+9-30), built on 2025-03-05T07:23:45Z with MS VC++ 17.6 (VS2022)

END.
