#
# There is insufficient memory for the Java Runtime Environment to continue.
# Native memory allocation (malloc) failed to allocate 1115856 bytes. Error detail: Chunk::new
# Possible reasons:
#   The system is out of physical RAM or swap space
#   This process is running with CompressedOops enabled, and the Java Heap may be blocking the growth of the native heap
# Possible solutions:
#   Reduce memory load on the system
#   Increase physical memory or swap space
#   Check if swap backing store is full
#   Decrease Java heap size (-Xmx/-Xms)
#   Decrease number of Java threads
#   Decrease Java thread stack sizes (-Xss)
#   Set larger code cache with -XX:ReservedCodeCacheSize=
#   JVM is running with Unscaled Compressed Oops mode in which the Java heap is
#     placed in the first 4GB address space. The Java Heap base address is the
#     maximum limit for the native heap growth. Please use -XX:HeapBaseMinAddress
#     to set the Java Heap base and to place the Java Heap above 4GB virtual address.
# This output file may be truncated or incomplete.
#
#  Out of Memory Error (arena.cpp:162), pid=16500, tid=8700
#
# JRE version: OpenJDK Runtime Environment (24.0.1+9) (build 24.0.1+9-30)
# Java VM: OpenJDK 64-Bit Server VM (24.0.1+9-30, mixed mode, sharing, tiered, compressed oops, compressed class ptrs, g1 gc, windows-amd64)
# No core dump will be written. Minidumps are not enabled by default on client versions of Windows
#

---------------  S U M M A R Y ------------

Command Line: -javaagent:C:\Program Files\JetBrains\IntelliJ IDEA 2025.1.2\lib\idea_rt.jar=52085 -Dfile.encoding=UTF-8 -Dsun.stdout.encoding=UTF-8 -Dsun.stderr.encoding=UTF-8 develop.circlek.CirclekApplication

Host: 11th Gen Intel(R) Core(TM) i5-11320H @ 3.20GHz, 8 cores, 7G,  Windows 11 , 64 bit Build 26100 (10.0.26100.4484)
Time: Sun Aug  3 16:25:29 2025 SE Asia Standard Time elapsed time: 918.533646 seconds (0d 0h 15m 18s)

---------------  T H R E A D  ---------------

Current thread (0x0000016fd0979cc0):  JavaThread "C2 CompilerThread0" daemon [_thread_in_native, id=8700, stack(0x0000002c04c00000,0x0000002c04d00000) (1024K)]


Current CompileTask:
C2:918535 11897       4       java.io.ObjectInputStream::readClassDesc (121 bytes)

Stack: [0x0000002c04c00000,0x0000002c04d00000]
Native frames: (J=compiled Java code, j=interpreted, Vv=VM code, C=native code)
V  [jvm.dll+0x730739]  (no source info available)
V  [jvm.dll+0x8d9b23]  (no source info available)
V  [jvm.dll+0x8dc00d]  (no source info available)
V  [jvm.dll+0x8dc683]  (no source info available)
V  [jvm.dll+0x2aa086]  (no source info available)
V  [jvm.dll+0xcedef]  (no source info available)
V  [jvm.dll+0xcf04f]  (no source info available)
V  [jvm.dll+0x3f3702]  (no source info available)
V  [jvm.dll+0x3c0100]  (no source info available)
V  [jvm.dll+0x3bf58a]  (no source info available)
V  [jvm.dll+0x26f777]  (no source info available)
V  [jvm.dll+0x26ea3f]  (no source info available)
V  [jvm.dll+0x1e9d60]  (no source info available)
V  [jvm.dll+0x27e1fb]  (no source info available)
V  [jvm.dll+0x27c49a]  (no source info available)
V  [jvm.dll+0x42f456]  (no source info available)
V  [jvm.dll+0x87d76b]  (no source info available)
V  [jvm.dll+0x72ee55]  (no source info available)
C  [ucrtbase.dll+0x37b0]  (no source info available)
C  [KERNEL32.DLL+0x2e8d7]  (no source info available)
C  [ntdll.dll+0x3c34c]  (no source info available)

Lock stack of current Java thread (top to bottom):


---------------  P R O C E S S  ---------------

Threads class SMR info:
_java_thread_list=0x0000017019323a70, length=33, elements={
0x0000016fd096c080, 0x0000016fd096f540, 0x0000016fd0973580, 0x0000016fd0974400,
0x0000016fd0975cc0, 0x0000016fd0977bf0, 0x0000016fd0979cc0, 0x0000016fd097dfc0,
0x000001701620d780, 0x0000017016275730, 0x00000170165f8590, 0x0000017016e29740,
0x0000017016e8edf0, 0x0000017016e906f0, 0x00000170175abb50, 0x0000017019393580,
0x0000017019393cd0, 0x0000017019391f90, 0x00000170193910f0, 0x0000017019d2c670,
0x0000017019d29340, 0x0000017019d2e3b0, 0x0000017019d2b080, 0x0000017019d2d510,
0x0000017019d2cdc0, 0x0000017019d2dc60, 0x0000017019d2eb00, 0x0000017019d2f250,
0x0000017019d2bf20, 0x000001701b703c20, 0x000001701b701790, 0x000001701b701040,
0x000001701b705210
}

Java Threads: ( => current thread )
  0x0000016fd096c080 JavaThread "Reference Handler"          daemon [_thread_blocked, id=10676, stack(0x0000002c04600000,0x0000002c04700000) (1024K)]
  0x0000016fd096f540 JavaThread "Finalizer"                  daemon [_thread_blocked, id=16348, stack(0x0000002c04700000,0x0000002c04800000) (1024K)]
  0x0000016fd0973580 JavaThread "Signal Dispatcher"          daemon [_thread_blocked, id=17060, stack(0x0000002c04800000,0x0000002c04900000) (1024K)]
  0x0000016fd0974400 JavaThread "Attach Listener"            daemon [_thread_blocked, id=18856, stack(0x0000002c04900000,0x0000002c04a00000) (1024K)]
  0x0000016fd0975cc0 JavaThread "Service Thread"             daemon [_thread_blocked, id=26388, stack(0x0000002c04a00000,0x0000002c04b00000) (1024K)]
  0x0000016fd0977bf0 JavaThread "Monitor Deflation Thread"   daemon [_thread_blocked, id=1696, stack(0x0000002c04b00000,0x0000002c04c00000) (1024K)]
=>0x0000016fd0979cc0 JavaThread "C2 CompilerThread0"         daemon [_thread_in_native, id=8700, stack(0x0000002c04c00000,0x0000002c04d00000) (1024K)]
  0x0000016fd097dfc0 JavaThread "C1 CompilerThread0"         daemon [_thread_blocked, id=19252, stack(0x0000002c04d00000,0x0000002c04e00000) (1024K)]
  0x000001701620d780 JavaThread "Common-Cleaner"             daemon [_thread_blocked, id=1844, stack(0x0000002c04f00000,0x0000002c05000000) (1024K)]
  0x0000017016275730 JavaThread "Monitor Ctrl-Break"         daemon [_thread_in_native, id=26828, stack(0x0000002c05000000,0x0000002c05100000) (1024K)]
  0x00000170165f8590 JavaThread "Notification Thread"        daemon [_thread_blocked, id=17560, stack(0x0000002c05100000,0x0000002c05200000) (1024K)]
  0x0000017016e29740 JavaThread "RMI TCP Accept-0"           daemon [_thread_in_native, id=13176, stack(0x0000002c05200000,0x0000002c05300000) (1024K)]
  0x0000017016e8edf0 JavaThread "RMI Scheduler(0)"           daemon [_thread_blocked, id=25400, stack(0x0000002c05400000,0x0000002c05500000) (1024K)]
  0x0000017016e906f0 JavaThread "JMX server connection timeout 31" daemon [_thread_blocked, id=14696, stack(0x0000002c05500000,0x0000002c05600000) (1024K)]
  0x00000170175abb50 JavaThread "Catalina-utility-1"                [_thread_blocked, id=30284, stack(0x0000002c05e00000,0x0000002c05f00000) (1024K)]
  0x0000017019393580 JavaThread "Catalina-utility-2"                [_thread_blocked, id=4568, stack(0x0000002c06000000,0x0000002c06100000) (1024K)]
  0x0000017019393cd0 JavaThread "container-0"                       [_thread_blocked, id=22832, stack(0x0000002c06100000,0x0000002c06200000) (1024K)]
  0x0000017019391f90 JavaThread "mysql-cj-abandoned-connection-cleanup" daemon [_thread_blocked, id=29976, stack(0x0000002c06200000,0x0000002c06300000) (1024K)]
  0x00000170193910f0 JavaThread "HikariPool-1:housekeeper"   daemon [_thread_blocked, id=2800, stack(0x0000002c06400000,0x0000002c06500000) (1024K)]
  0x0000017019d2c670 JavaThread "http-nio-8080-exec-1"       daemon [_thread_blocked, id=6324, stack(0x0000002c06600000,0x0000002c06700000) (1024K)]
  0x0000017019d29340 JavaThread "http-nio-8080-exec-2"       daemon [_thread_blocked, id=18288, stack(0x0000002c06700000,0x0000002c06800000) (1024K)]
  0x0000017019d2e3b0 JavaThread "http-nio-8080-exec-3"       daemon [_thread_blocked, id=25092, stack(0x0000002c06800000,0x0000002c06900000) (1024K)]
  0x0000017019d2b080 JavaThread "http-nio-8080-exec-4"       daemon [_thread_blocked, id=7792, stack(0x0000002c06900000,0x0000002c06a00000) (1024K)]
  0x0000017019d2d510 JavaThread "http-nio-8080-exec-5"       daemon [_thread_blocked, id=25824, stack(0x0000002c06a00000,0x0000002c06b00000) (1024K)]
  0x0000017019d2cdc0 JavaThread "http-nio-8080-exec-6"       daemon [_thread_blocked, id=15128, stack(0x0000002c06b00000,0x0000002c06c00000) (1024K)]
  0x0000017019d2dc60 JavaThread "http-nio-8080-exec-7"       daemon [_thread_blocked, id=22648, stack(0x0000002c06c00000,0x0000002c06d00000) (1024K)]
  0x0000017019d2eb00 JavaThread "http-nio-8080-exec-8"       daemon [_thread_blocked, id=25252, stack(0x0000002c06d00000,0x0000002c06e00000) (1024K)]
  0x0000017019d2f250 JavaThread "http-nio-8080-exec-9"       daemon [_thread_blocked, id=18228, stack(0x0000002c06e00000,0x0000002c06f00000) (1024K)]
  0x0000017019d2bf20 JavaThread "http-nio-8080-exec-10"      daemon [_thread_blocked, id=22724, stack(0x0000002c06f00000,0x0000002c07000000) (1024K)]
  0x000001701b703c20 JavaThread "http-nio-8080-Poller"       daemon [_thread_in_native, id=12212, stack(0x0000002c07000000,0x0000002c07100000) (1024K)]
  0x000001701b701790 JavaThread "http-nio-8080-Acceptor"     daemon [_thread_in_native, id=30580, stack(0x0000002c07100000,0x0000002c07200000) (1024K)]
  0x000001701b701040 JavaThread "DestroyJavaVM"                     [_thread_blocked, id=21648, stack(0x0000002c03e00000,0x0000002c03f00000) (1024K)]
  0x000001701b705210 JavaThread "RMI TCP Connection(4)-192.168.1.9" daemon [_thread_in_native, id=25012, stack(0x0000002c03b00000,0x0000002c03c00000) (1024K)]
Total: 33

Other Threads:
  0x0000016fd095a2f0 VMThread "VM Thread"                           [id=17796, stack(0x0000002c04500000,0x0000002c04600000) (1024K)]
  0x0000016fd09479d0 WatcherThread "VM Periodic Task Thread"        [id=26800, stack(0x0000002c04400000,0x0000002c04500000) (1024K)]
  0x0000016fb3dff0a0 WorkerThread "GC Thread#0"                     [id=8112, stack(0x0000002c03f00000,0x0000002c04000000) (1024K)]
  0x00000170171bce70 WorkerThread "GC Thread#1"                     [id=8636, stack(0x0000002c05700000,0x0000002c05800000) (1024K)]
  0x00000170171bdd80 WorkerThread "GC Thread#2"                     [id=9456, stack(0x0000002c05800000,0x0000002c05900000) (1024K)]
  0x00000170171be130 WorkerThread "GC Thread#3"                     [id=4488, stack(0x0000002c05900000,0x0000002c05a00000) (1024K)]
  0x00000170171bd620 WorkerThread "GC Thread#4"                     [id=12616, stack(0x0000002c05a00000,0x0000002c05b00000) (1024K)]
  0x00000170171bd9d0 WorkerThread "GC Thread#5"                     [id=14288, stack(0x0000002c05b00000,0x0000002c05c00000) (1024K)]
  0x00000170171be4e0 WorkerThread "GC Thread#6"                     [id=10584, stack(0x0000002c05c00000,0x0000002c05d00000) (1024K)]
  0x00000170171be890 WorkerThread "GC Thread#7"                     [id=22552, stack(0x0000002c05d00000,0x0000002c05e00000) (1024K)]
  0x0000016fb3e14770 ConcurrentGCThread "G1 Main Marker"            [id=22316, stack(0x0000002c04000000,0x0000002c04100000) (1024K)]
  0x0000016fb3e15280 WorkerThread "G1 Conc#0"                       [id=12588, stack(0x0000002c04100000,0x0000002c04200000) (1024K)]
  0x00000170174b7720 WorkerThread "G1 Conc#1"                       [id=10576, stack(0x0000002c05f00000,0x0000002c06000000) (1024K)]
  0x0000016fd0806480 ConcurrentGCThread "G1 Refine#0"               [id=12168, stack(0x0000002c04200000,0x0000002c04300000) (1024K)]
  0x0000016fd0806cb0 ConcurrentGCThread "G1 Service"                [id=22088, stack(0x0000002c04300000,0x0000002c04400000) (1024K)]
Total: 15

Threads with active compile tasks:
C2 CompilerThread0  918640 11897       4       java.io.ObjectInputStream::readClassDesc (121 bytes)
Total: 1

VM state: not at safepoint (normal execution)

VM Mutex/Monitor currently owned by a thread: None

Heap address: 0x0000000083600000, size: 1994 MB, Compressed Oops mode: 32-bit

CDS archive(s) mapped at: [0x0000016fd1000000-0x0000016fd1d40000-0x0000016fd1d40000), size 13893632, SharedBaseAddress: 0x0000016fd1000000, ArchiveRelocationMode: 1.
Compressed class space mapped at: 0x0000016fd2000000-0x0000017012000000, reserved size: 1073741824
UseCompressedClassPointers 1, UseCompactObjectHeaders 0
Narrow klass pointer bits 32, Max shift 3
Narrow klass base: 0x0000016fd1000000, Narrow klass shift: 0
Encoding Range: [0x0000016fd1000000 - 0x00000170d1000000), (4294967296 bytes)
Klass Range:    [0x0000016fd1000000 - 0x0000017012000000), (1090519040 bytes)
Klass ID Range:  [8 - 1090519033) (1090519025)

GC Precious Log:
 CardTable entry size: 512
 Card Set container configuration: InlinePtr #cards 5 size 8 Array Of Cards #cards 10 size 36 Howl #buckets 4 coarsen threshold 1843 Howl Bitmap #cards 512 size 80 coarsen threshold 460 Card regions per heap region 1 cards per card region 2048
 CPUs: 8 total, 8 available
 Memory: 7975M
 Large Page Support: Disabled
 NUMA Support: Disabled
 Compressed Oops: Enabled (32-bit)
 Heap Region Size: 1M
 Heap Min Capacity: 8M
 Heap Initial Capacity: 126M
 Heap Max Capacity: 1994M
 Pre-touch: Disabled
 Parallel Workers: 8
 Concurrent Workers: 2
 Concurrent Refinement Workers: 8
 Periodic GC: Disabled

Heap:
 garbage-first heap   total reserved 2041856K, committed 138240K, used 96911K [0x0000000083600000, 0x0000000100000000)
  region size 1024K, 57 young (58368K), 8 survivors (8192K)
 Metaspace       used 92578K, committed 93184K, reserved 1179648K
  class space    used 10229K, committed 10496K, reserved 1048576K

Heap Regions: E=young(eden), S=young(survivor), O=old, HS=humongous(starts), HC=humongous(continues), CS=collection set, F=free, TAMS=top-at-mark-start, PB=parsable bottom
|   0|0x0000000083600000, 0x0000000083700000, 0x0000000083700000|100%|HS|  |TAMS 0x0000000083600000| PB 0x0000000083600000| Complete |  0
|   1|0x0000000083700000, 0x0000000083800000, 0x0000000083800000|100%|HS|  |TAMS 0x0000000083700000| PB 0x0000000083700000| Complete |  0
|   2|0x0000000083800000, 0x0000000083900000, 0x0000000083900000|100%| O|  |TAMS 0x0000000083800000| PB 0x0000000083800000| Untracked |  0
|   3|0x0000000083900000, 0x0000000083a00000, 0x0000000083a00000|100%| O|  |TAMS 0x0000000083900000| PB 0x0000000083900000| Untracked |  0
|   4|0x0000000083a00000, 0x0000000083b00000, 0x0000000083b00000|100%| O|  |TAMS 0x0000000083a00000| PB 0x0000000083a00000| Untracked |  0
|   5|0x0000000083b00000, 0x0000000083c00000, 0x0000000083c00000|100%| O|  |TAMS 0x0000000083b00000| PB 0x0000000083b00000| Untracked |  0
|   6|0x0000000083c00000, 0x0000000083d00000, 0x0000000083d00000|100%| O|  |TAMS 0x0000000083c00000| PB 0x0000000083c00000| Untracked |  0
|   7|0x0000000083d00000, 0x0000000083e00000, 0x0000000083e00000|100%| O|  |TAMS 0x0000000083d00000| PB 0x0000000083d00000| Untracked |  0
|   8|0x0000000083e00000, 0x0000000083f00000, 0x0000000083f00000|100%| O|  |TAMS 0x0000000083e00000| PB 0x0000000083e00000| Untracked |  0
|   9|0x0000000083f00000, 0x0000000084000000, 0x0000000084000000|100%| O|  |TAMS 0x0000000083f00000| PB 0x0000000083f00000| Untracked |  0
|  10|0x0000000084000000, 0x0000000084100000, 0x0000000084100000|100%| O|  |TAMS 0x0000000084000000| PB 0x0000000084000000| Untracked |  0
|  11|0x0000000084100000, 0x0000000084200000, 0x0000000084200000|100%| O|  |TAMS 0x0000000084100000| PB 0x0000000084100000| Untracked |  0
|  12|0x0000000084200000, 0x0000000084300000, 0x0000000084300000|100%| O|  |TAMS 0x0000000084200000| PB 0x0000000084200000| Untracked |  0
|  13|0x0000000084300000, 0x0000000084400000, 0x0000000084400000|100%| O|  |TAMS 0x0000000084300000| PB 0x0000000084300000| Untracked |  0
|  14|0x0000000084400000, 0x0000000084500000, 0x0000000084500000|100%| O|  |TAMS 0x0000000084400000| PB 0x0000000084400000| Untracked |  0
|  15|0x0000000084500000, 0x0000000084600000, 0x0000000084600000|100%| O|  |TAMS 0x0000000084500000| PB 0x0000000084500000| Untracked |  0
|  16|0x0000000084600000, 0x0000000084700000, 0x0000000084700000|100%| O|  |TAMS 0x0000000084600000| PB 0x0000000084600000| Untracked |  0
|  17|0x0000000084700000, 0x0000000084800000, 0x0000000084800000|100%| O|  |TAMS 0x0000000084700000| PB 0x0000000084700000| Untracked |  0
|  18|0x0000000084800000, 0x0000000084900000, 0x0000000084900000|100%| O|  |TAMS 0x0000000084800000| PB 0x0000000084800000| Untracked |  0
|  19|0x0000000084900000, 0x0000000084a00000, 0x0000000084a00000|100%| O|  |TAMS 0x0000000084900000| PB 0x0000000084900000| Untracked |  0
|  20|0x0000000084a00000, 0x0000000084b00000, 0x0000000084b00000|100%| O|  |TAMS 0x0000000084a00000| PB 0x0000000084a00000| Untracked |  0
|  21|0x0000000084b00000, 0x0000000084c00000, 0x0000000084c00000|100%| O|  |TAMS 0x0000000084b00000| PB 0x0000000084b00000| Untracked |  0
|  22|0x0000000084c00000, 0x0000000084d00000, 0x0000000084d00000|100%| O|  |TAMS 0x0000000084c00000| PB 0x0000000084c00000| Untracked |  0
|  23|0x0000000084d00000, 0x0000000084e00000, 0x0000000084e00000|100%| O|  |TAMS 0x0000000084d00000| PB 0x0000000084d00000| Untracked |  0
|  24|0x0000000084e00000, 0x0000000084f00000, 0x0000000084f00000|100%| O|  |TAMS 0x0000000084e00000| PB 0x0000000084e00000| Untracked |  0
|  25|0x0000000084f00000, 0x0000000084f00000, 0x0000000085000000|  0%| F|  |TAMS 0x0000000084f00000| PB 0x0000000084f00000| Untracked |  0
|  26|0x0000000085000000, 0x0000000085100000, 0x0000000085100000|100%| O|  |TAMS 0x0000000085000000| PB 0x0000000085000000| Untracked |  0
|  27|0x0000000085100000, 0x0000000085200000, 0x0000000085200000|100%| O|  |TAMS 0x0000000085100000| PB 0x0000000085100000| Untracked |  0
|  28|0x0000000085200000, 0x0000000085300000, 0x0000000085300000|100%| O|  |TAMS 0x0000000085200000| PB 0x0000000085200000| Untracked |  0
|  29|0x0000000085300000, 0x0000000085400000, 0x0000000085400000|100%| O|  |TAMS 0x0000000085300000| PB 0x0000000085300000| Untracked |  0
|  30|0x0000000085400000, 0x0000000085500000, 0x0000000085500000|100%| O|  |TAMS 0x0000000085400000| PB 0x0000000085400000| Untracked |  0
|  31|0x0000000085500000, 0x0000000085600000, 0x0000000085600000|100%| O|  |TAMS 0x0000000085500000| PB 0x0000000085500000| Untracked |  0
|  32|0x0000000085600000, 0x0000000085700000, 0x0000000085700000|100%| O|  |TAMS 0x0000000085600000| PB 0x0000000085600000| Untracked |  0
|  33|0x0000000085700000, 0x0000000085800000, 0x0000000085800000|100%| O|  |TAMS 0x0000000085700000| PB 0x0000000085700000| Untracked |  0
|  34|0x0000000085800000, 0x0000000085900000, 0x0000000085900000|100%| O|  |TAMS 0x0000000085800000| PB 0x0000000085800000| Untracked |  0
|  35|0x0000000085900000, 0x0000000085a00000, 0x0000000085a00000|100%| O|  |TAMS 0x0000000085900000| PB 0x0000000085900000| Untracked |  0
|  36|0x0000000085a00000, 0x0000000085b00000, 0x0000000085b00000|100%| O|  |TAMS 0x0000000085a00000| PB 0x0000000085a00000| Untracked |  0
|  37|0x0000000085b00000, 0x0000000085c00000, 0x0000000085c00000|100%| O|  |TAMS 0x0000000085b00000| PB 0x0000000085b00000| Untracked |  0
|  38|0x0000000085c00000, 0x0000000085d00000, 0x0000000085d00000|100%| O|  |TAMS 0x0000000085c00000| PB 0x0000000085c00000| Untracked |  0
|  39|0x0000000085d00000, 0x0000000085e00000, 0x0000000085e00000|100%| O|  |TAMS 0x0000000085d00000| PB 0x0000000085d00000| Untracked |  0
|  40|0x0000000085e00000, 0x0000000085e54a10, 0x0000000085f00000| 33%| O|  |TAMS 0x0000000085e00000| PB 0x0000000085e00000| Untracked |  0
|  41|0x0000000085f00000, 0x0000000085f00000, 0x0000000086000000|  0%| F|  |TAMS 0x0000000085f00000| PB 0x0000000085f00000| Untracked |  0
|  42|0x0000000086000000, 0x0000000086000000, 0x0000000086100000|  0%| F|  |TAMS 0x0000000086000000| PB 0x0000000086000000| Untracked |  0
|  43|0x0000000086100000, 0x0000000086100000, 0x0000000086200000|  0%| F|  |TAMS 0x0000000086100000| PB 0x0000000086100000| Untracked |  0
|  44|0x0000000086200000, 0x0000000086200000, 0x0000000086300000|  0%| F|  |TAMS 0x0000000086200000| PB 0x0000000086200000| Untracked |  0
|  45|0x0000000086300000, 0x0000000086300000, 0x0000000086400000|  0%| F|  |TAMS 0x0000000086300000| PB 0x0000000086300000| Untracked |  0
|  46|0x0000000086400000, 0x0000000086400000, 0x0000000086500000|  0%| F|  |TAMS 0x0000000086400000| PB 0x0000000086400000| Untracked |  0
|  47|0x0000000086500000, 0x0000000086500000, 0x0000000086600000|  0%| F|  |TAMS 0x0000000086500000| PB 0x0000000086500000| Untracked |  0
|  48|0x0000000086600000, 0x0000000086600000, 0x0000000086700000|  0%| F|  |TAMS 0x0000000086600000| PB 0x0000000086600000| Untracked |  0
|  49|0x0000000086700000, 0x0000000086700000, 0x0000000086800000|  0%| F|  |TAMS 0x0000000086700000| PB 0x0000000086700000| Untracked |  0
|  50|0x0000000086800000, 0x0000000086800000, 0x0000000086900000|  0%| F|  |TAMS 0x0000000086800000| PB 0x0000000086800000| Untracked |  0
|  51|0x0000000086900000, 0x0000000086900000, 0x0000000086a00000|  0%| F|  |TAMS 0x0000000086900000| PB 0x0000000086900000| Untracked |  0
|  52|0x0000000086a00000, 0x0000000086a00000, 0x0000000086b00000|  0%| F|  |TAMS 0x0000000086a00000| PB 0x0000000086a00000| Untracked |  0
|  53|0x0000000086b00000, 0x0000000086b00000, 0x0000000086c00000|  0%| F|  |TAMS 0x0000000086b00000| PB 0x0000000086b00000| Untracked |  0
|  54|0x0000000086c00000, 0x0000000086c00000, 0x0000000086d00000|  0%| F|  |TAMS 0x0000000086c00000| PB 0x0000000086c00000| Untracked |  0
|  55|0x0000000086d00000, 0x0000000086d00000, 0x0000000086e00000|  0%| F|  |TAMS 0x0000000086d00000| PB 0x0000000086d00000| Untracked |  0
|  56|0x0000000086e00000, 0x0000000086e00000, 0x0000000086f00000|  0%| F|  |TAMS 0x0000000086e00000| PB 0x0000000086e00000| Untracked |  0
|  57|0x0000000086f00000, 0x0000000086f4f520, 0x0000000087000000| 30%| S|CS|TAMS 0x0000000086f00000| PB 0x0000000086f00000| Complete |  0
|  58|0x0000000087000000, 0x0000000087100000, 0x0000000087100000|100%| S|CS|TAMS 0x0000000087000000| PB 0x0000000087000000| Complete |  0
|  59|0x0000000087100000, 0x0000000087200000, 0x0000000087200000|100%| S|CS|TAMS 0x0000000087100000| PB 0x0000000087100000| Complete |  0
|  60|0x0000000087200000, 0x0000000087300000, 0x0000000087300000|100%| S|CS|TAMS 0x0000000087200000| PB 0x0000000087200000| Complete |  0
|  61|0x0000000087300000, 0x0000000087400000, 0x0000000087400000|100%| S|CS|TAMS 0x0000000087300000| PB 0x0000000087300000| Complete |  0
|  62|0x0000000087400000, 0x0000000087500000, 0x0000000087500000|100%| S|CS|TAMS 0x0000000087400000| PB 0x0000000087400000| Complete |  0
|  63|0x0000000087500000, 0x0000000087600000, 0x0000000087600000|100%| S|CS|TAMS 0x0000000087500000| PB 0x0000000087500000| Complete |  0
|  64|0x0000000087600000, 0x0000000087700000, 0x0000000087700000|100%| S|CS|TAMS 0x0000000087600000| PB 0x0000000087600000| Complete |  0
|  65|0x0000000087700000, 0x0000000087700000, 0x0000000087800000|  0%| F|  |TAMS 0x0000000087700000| PB 0x0000000087700000| Untracked |  0
|  66|0x0000000087800000, 0x0000000087800000, 0x0000000087900000|  0%| F|  |TAMS 0x0000000087800000| PB 0x0000000087800000| Untracked |  0
|  67|0x0000000087900000, 0x0000000087900000, 0x0000000087a00000|  0%| F|  |TAMS 0x0000000087900000| PB 0x0000000087900000| Untracked |  0
|  68|0x0000000087a00000, 0x0000000087a00000, 0x0000000087b00000|  0%| F|  |TAMS 0x0000000087a00000| PB 0x0000000087a00000| Untracked |  0
|  69|0x0000000087b00000, 0x0000000087b00000, 0x0000000087c00000|  0%| F|  |TAMS 0x0000000087b00000| PB 0x0000000087b00000| Untracked |  0
|  70|0x0000000087c00000, 0x0000000087c00000, 0x0000000087d00000|  0%| F|  |TAMS 0x0000000087c00000| PB 0x0000000087c00000| Untracked |  0
|  71|0x0000000087d00000, 0x0000000087d00000, 0x0000000087e00000|  0%| F|  |TAMS 0x0000000087d00000| PB 0x0000000087d00000| Untracked |  0
|  72|0x0000000087e00000, 0x0000000087e00000, 0x0000000087f00000|  0%| F|  |TAMS 0x0000000087e00000| PB 0x0000000087e00000| Untracked |  0
|  73|0x0000000087f00000, 0x0000000087f00000, 0x0000000088000000|  0%| F|  |TAMS 0x0000000087f00000| PB 0x0000000087f00000| Untracked |  0
|  74|0x0000000088000000, 0x0000000088000000, 0x0000000088100000|  0%| F|  |TAMS 0x0000000088000000| PB 0x0000000088000000| Untracked |  0
|  75|0x0000000088100000, 0x0000000088100000, 0x0000000088200000|  0%| F|  |TAMS 0x0000000088100000| PB 0x0000000088100000| Untracked |  0
|  76|0x0000000088200000, 0x0000000088200000, 0x0000000088300000|  0%| F|  |TAMS 0x0000000088200000| PB 0x0000000088200000| Untracked |  0
|  77|0x0000000088300000, 0x0000000088300000, 0x0000000088400000|  0%| F|  |TAMS 0x0000000088300000| PB 0x0000000088300000| Untracked |  0
|  78|0x0000000088400000, 0x0000000088400000, 0x0000000088500000|  0%| F|  |TAMS 0x0000000088400000| PB 0x0000000088400000| Untracked |  0
|  79|0x0000000088500000, 0x0000000088500000, 0x0000000088600000|  0%| F|  |TAMS 0x0000000088500000| PB 0x0000000088500000| Untracked |  0
|  80|0x0000000088600000, 0x0000000088600000, 0x0000000088700000|  0%| F|  |TAMS 0x0000000088600000| PB 0x0000000088600000| Untracked |  0
|  81|0x0000000088700000, 0x0000000088700000, 0x0000000088800000|  0%| F|  |TAMS 0x0000000088700000| PB 0x0000000088700000| Untracked |  0
|  82|0x0000000088800000, 0x0000000088800000, 0x0000000088900000|  0%| F|  |TAMS 0x0000000088800000| PB 0x0000000088800000| Untracked |  0
|  83|0x0000000088900000, 0x0000000088900000, 0x0000000088a00000|  0%| F|  |TAMS 0x0000000088900000| PB 0x0000000088900000| Untracked |  0
|  84|0x0000000088a00000, 0x0000000088a00000, 0x0000000088b00000|  0%| F|  |TAMS 0x0000000088a00000| PB 0x0000000088a00000| Untracked |  0
|  85|0x0000000088b00000, 0x0000000088bcaeb0, 0x0000000088c00000| 79%| E|  |TAMS 0x0000000088b00000| PB 0x0000000088b00000| Complete |  0
|  86|0x0000000088c00000, 0x0000000088d00000, 0x0000000088d00000|100%| E|CS|TAMS 0x0000000088c00000| PB 0x0000000088c00000| Complete |  0
|  87|0x0000000088d00000, 0x0000000088e00000, 0x0000000088e00000|100%| E|CS|TAMS 0x0000000088d00000| PB 0x0000000088d00000| Complete |  0
|  88|0x0000000088e00000, 0x0000000088f00000, 0x0000000088f00000|100%| E|CS|TAMS 0x0000000088e00000| PB 0x0000000088e00000| Complete |  0
|  89|0x0000000088f00000, 0x0000000089000000, 0x0000000089000000|100%| E|CS|TAMS 0x0000000088f00000| PB 0x0000000088f00000| Complete |  0
|  90|0x0000000089000000, 0x0000000089100000, 0x0000000089100000|100%| E|CS|TAMS 0x0000000089000000| PB 0x0000000089000000| Complete |  0
|  91|0x0000000089100000, 0x0000000089200000, 0x0000000089200000|100%| E|CS|TAMS 0x0000000089100000| PB 0x0000000089100000| Complete |  0
|  92|0x0000000089200000, 0x0000000089300000, 0x0000000089300000|100%| E|CS|TAMS 0x0000000089200000| PB 0x0000000089200000| Complete |  0
|  93|0x0000000089300000, 0x0000000089400000, 0x0000000089400000|100%| E|CS|TAMS 0x0000000089300000| PB 0x0000000089300000| Complete |  0
|  94|0x0000000089400000, 0x0000000089500000, 0x0000000089500000|100%| E|CS|TAMS 0x0000000089400000| PB 0x0000000089400000| Complete |  0
|  95|0x0000000089500000, 0x0000000089600000, 0x0000000089600000|100%| E|CS|TAMS 0x0000000089500000| PB 0x0000000089500000| Complete |  0
|  96|0x0000000089600000, 0x0000000089700000, 0x0000000089700000|100%| E|CS|TAMS 0x0000000089600000| PB 0x0000000089600000| Complete |  0
|  97|0x0000000089700000, 0x0000000089800000, 0x0000000089800000|100%| E|CS|TAMS 0x0000000089700000| PB 0x0000000089700000| Complete |  0
|  98|0x0000000089800000, 0x0000000089900000, 0x0000000089900000|100%| E|CS|TAMS 0x0000000089800000| PB 0x0000000089800000| Complete |  0
|  99|0x0000000089900000, 0x0000000089a00000, 0x0000000089a00000|100%| E|CS|TAMS 0x0000000089900000| PB 0x0000000089900000| Complete |  0
| 100|0x0000000089a00000, 0x0000000089b00000, 0x0000000089b00000|100%| E|CS|TAMS 0x0000000089a00000| PB 0x0000000089a00000| Complete |  0
| 101|0x0000000089b00000, 0x0000000089c00000, 0x0000000089c00000|100%| E|CS|TAMS 0x0000000089b00000| PB 0x0000000089b00000| Complete |  0
| 102|0x0000000089c00000, 0x0000000089d00000, 0x0000000089d00000|100%| E|CS|TAMS 0x0000000089c00000| PB 0x0000000089c00000| Complete |  0
| 103|0x0000000089d00000, 0x0000000089e00000, 0x0000000089e00000|100%| E|CS|TAMS 0x0000000089d00000| PB 0x0000000089d00000| Complete |  0
| 104|0x0000000089e00000, 0x0000000089f00000, 0x0000000089f00000|100%| E|CS|TAMS 0x0000000089e00000| PB 0x0000000089e00000| Complete |  0
| 105|0x0000000089f00000, 0x000000008a000000, 0x000000008a000000|100%| E|CS|TAMS 0x0000000089f00000| PB 0x0000000089f00000| Complete |  0
| 106|0x000000008a000000, 0x000000008a100000, 0x000000008a100000|100%| E|CS|TAMS 0x000000008a000000| PB 0x000000008a000000| Complete |  0
| 107|0x000000008a100000, 0x000000008a200000, 0x000000008a200000|100%| E|CS|TAMS 0x000000008a100000| PB 0x000000008a100000| Complete |  0
| 108|0x000000008a200000, 0x000000008a300000, 0x000000008a300000|100%| E|CS|TAMS 0x000000008a200000| PB 0x000000008a200000| Complete |  0
| 109|0x000000008a300000, 0x000000008a400000, 0x000000008a400000|100%| E|CS|TAMS 0x000000008a300000| PB 0x000000008a300000| Complete |  0
| 110|0x000000008a400000, 0x000000008a500000, 0x000000008a500000|100%| E|CS|TAMS 0x000000008a400000| PB 0x000000008a400000| Complete |  0
| 111|0x000000008a500000, 0x000000008a600000, 0x000000008a600000|100%| E|CS|TAMS 0x000000008a500000| PB 0x000000008a500000| Complete |  0
| 112|0x000000008a600000, 0x000000008a700000, 0x000000008a700000|100%| E|CS|TAMS 0x000000008a600000| PB 0x000000008a600000| Complete |  0
| 113|0x000000008a700000, 0x000000008a800000, 0x000000008a800000|100%| E|CS|TAMS 0x000000008a700000| PB 0x000000008a700000| Complete |  0
| 114|0x000000008a800000, 0x000000008a900000, 0x000000008a900000|100%| E|CS|TAMS 0x000000008a800000| PB 0x000000008a800000| Complete |  0
| 115|0x000000008a900000, 0x000000008aa00000, 0x000000008aa00000|100%| E|CS|TAMS 0x000000008a900000| PB 0x000000008a900000| Complete |  0
| 116|0x000000008aa00000, 0x000000008ab00000, 0x000000008ab00000|100%| E|CS|TAMS 0x000000008aa00000| PB 0x000000008aa00000| Complete |  0
| 117|0x000000008ab00000, 0x000000008ac00000, 0x000000008ac00000|100%| E|CS|TAMS 0x000000008ab00000| PB 0x000000008ab00000| Complete |  0
| 118|0x000000008ac00000, 0x000000008ad00000, 0x000000008ad00000|100%| E|CS|TAMS 0x000000008ac00000| PB 0x000000008ac00000| Complete |  0
| 119|0x000000008ad00000, 0x000000008ae00000, 0x000000008ae00000|100%| E|CS|TAMS 0x000000008ad00000| PB 0x000000008ad00000| Complete |  0
| 120|0x000000008ae00000, 0x000000008af00000, 0x000000008af00000|100%| E|  |TAMS 0x000000008ae00000| PB 0x000000008ae00000| Complete |  0
| 121|0x000000008af00000, 0x000000008b000000, 0x000000008b000000|100%| E|CS|TAMS 0x000000008af00000| PB 0x000000008af00000| Complete |  0
| 122|0x000000008b000000, 0x000000008b100000, 0x000000008b100000|100%| E|CS|TAMS 0x000000008b000000| PB 0x000000008b000000| Complete |  0
| 123|0x000000008b100000, 0x000000008b200000, 0x000000008b200000|100%| E|CS|TAMS 0x000000008b100000| PB 0x000000008b100000| Complete |  0
| 124|0x000000008b200000, 0x000000008b300000, 0x000000008b300000|100%| E|CS|TAMS 0x000000008b200000| PB 0x000000008b200000| Complete |  0
| 125|0x000000008b300000, 0x000000008b400000, 0x000000008b400000|100%| E|CS|TAMS 0x000000008b300000| PB 0x000000008b300000| Complete |  0
| 126|0x000000008b400000, 0x000000008b500000, 0x000000008b500000|100%| E|CS|TAMS 0x000000008b400000| PB 0x000000008b400000| Complete |  0
| 127|0x000000008b500000, 0x000000008b600000, 0x000000008b600000|100%| E|CS|TAMS 0x000000008b500000| PB 0x000000008b500000| Complete |  0
| 128|0x000000008b600000, 0x000000008b700000, 0x000000008b700000|100%| E|CS|TAMS 0x000000008b600000| PB 0x000000008b600000| Complete |  0
| 129|0x000000008b700000, 0x000000008b800000, 0x000000008b800000|100%| E|CS|TAMS 0x000000008b700000| PB 0x000000008b700000| Complete |  0
| 130|0x000000008b800000, 0x000000008b900000, 0x000000008b900000|100%| E|CS|TAMS 0x000000008b800000| PB 0x000000008b800000| Complete |  0
| 131|0x000000008b900000, 0x000000008ba00000, 0x000000008ba00000|100%| E|CS|TAMS 0x000000008b900000| PB 0x000000008b900000| Complete |  0
| 132|0x000000008ba00000, 0x000000008bb00000, 0x000000008bb00000|100%| E|CS|TAMS 0x000000008ba00000| PB 0x000000008ba00000| Complete |  0
|1992|0x00000000ffe00000, 0x00000000fff00000, 0x00000000fff00000|100%| O|  |TAMS 0x00000000ffe00000| PB 0x00000000ffe00000| Untracked |  0
|1993|0x00000000fff00000, 0x0000000100000000, 0x0000000100000000|100%| E|CS|TAMS 0x00000000fff00000| PB 0x00000000fff00000| Complete |  0

Card table byte_map: [0x0000016fcbe80000,0x0000016fcc270000] _byte_map_base: 0x0000016fcba65000

Marking Bits: (CMBitMap*) 0x0000016fb3dff7b0
 Bits: [0x0000016fcc270000, 0x0000016fce198000)

Polling page: 0x0000016fb1db0000

Metaspace:

Usage:
  Non-class:     80.42 MB used.
      Class:      9.99 MB used.
       Both:     90.41 MB used.

Virtual space:
  Non-class space:      128.00 MB reserved,      80.75 MB ( 63%) committed,  2 nodes.
      Class space:        1.00 GB reserved,      10.25 MB (  1%) committed,  1 nodes.
             Both:        1.12 GB reserved,      91.00 MB (  8%) committed. 

Chunk freelists:
   Non-Class:  14.51 MB
       Class:  5.58 MB
        Both:  20.09 MB

MaxMetaspaceSize: unlimited
CompressedClassSpaceSize: 1.00 GB
Initial GC threshold: 21.00 MB
Current GC threshold: 131.19 MB
CDS: on
 - commit_granule_bytes: 65536.
 - commit_granule_words: 8192.
 - virtual_space_node_default_size: 8388608.
 - enlarge_chunks_in_place: 1.
UseCompressedClassPointers 1, UseCompactObjectHeaders 0
Narrow klass pointer bits 32, Max shift 3
Narrow klass base: 0x0000016fd1000000, Narrow klass shift: 0
Encoding Range: [0x0000016fd1000000 - 0x00000170d1000000), (4294967296 bytes)
Klass Range:    [0x0000016fd1000000 - 0x0000017012000000), (1090519040 bytes)
Klass ID Range:  [8 - 1090519033) (1090519025)


Internal statistics:

num_allocs_failed_limit: 6.
num_arena_births: 896.
num_arena_deaths: 0.
num_vsnodes_births: 3.
num_vsnodes_deaths: 0.
num_space_committed: 1456.
num_space_uncommitted: 0.
num_chunks_returned_to_freelist: 6.
num_chunks_taken_from_freelist: 4039.
num_chunk_merges: 6.
num_chunk_splits: 2986.
num_chunks_enlarged: 2441.
num_inconsistent_stats: 0.

CodeHeap 'non-profiled nmethods': size=120064Kb used=6094Kb max_used=6094Kb free=113969Kb
 bounds [0x0000016fc4100000, 0x0000016fc4700000, 0x0000016fcb640000]
CodeHeap 'profiled nmethods': size=120000Kb used=16890Kb max_used=16890Kb free=103109Kb
 bounds [0x0000016fbc640000, 0x0000016fbd6c0000, 0x0000016fc3b70000]
CodeHeap 'non-nmethods': size=5696Kb used=1843Kb max_used=1959Kb free=3852Kb
 bounds [0x0000016fc3b70000, 0x0000016fc3de0000, 0x0000016fc4100000]
CodeCache: size=245760Kb, used=24827Kb, max_used=24943Kb, free=220930Kb
 total_blobs=11124, nmethods=10320, adapters=705, full_count=0
Compilation: enabled, stopped_count=0, restarted_count=0

Compilation events (20 events):
Event: 901.630 Thread 0x0000016fd097dfc0 nmethod 11889 0x0000016fbd6bb008 code [0x0000016fbd6bb180, 0x0000016fbd6bb838]
Event: 901.630 Thread 0x0000016fd097dfc0 11890       3       com.sun.crypto.provider.AEADBufferedStream::<init> (6 bytes)
Event: 901.630 Thread 0x0000016fd097dfc0 nmethod 11890 0x0000016fbd6bb888 code [0x0000016fbd6bb9a0, 0x0000016fbd6bbad0]
Event: 901.630 Thread 0x0000016fd097dfc0 11891       3       com.sun.crypto.provider.AEADBufferedStream::write (30 bytes)
Event: 901.631 Thread 0x0000016fd097dfc0 nmethod 11891 0x0000016fbd6bbb88 code [0x0000016fbd6bbcc0, 0x0000016fbd6bbef8]
Event: 901.631 Thread 0x0000016fd097dfc0 11892       3       com.sun.crypto.provider.AEADBufferedStream::checkCapacity (34 bytes)
Event: 901.632 Thread 0x0000016fd097dfc0 nmethod 11892 0x0000016fbd6bbf88 code [0x0000016fbd6bc0e0, 0x0000016fbd6bc460]
Event: 901.632 Thread 0x0000016fd097dfc0 11893       3       com.sun.crypto.provider.GaloisCounterMode::engineDoFinal (21 bytes)
Event: 901.633 Thread 0x0000016fd097dfc0 nmethod 11893 0x0000016fbd6bc488 code [0x0000016fbd6bc5c0, 0x0000016fbd6bc8a0]
Event: 901.633 Thread 0x0000016fd097dfc0 11888       3       com.sun.crypto.provider.GaloisCounterMode::engineUpdateAAD (15 bytes)
Event: 901.633 Thread 0x0000016fd097dfc0 nmethod 11888 0x0000016fbd6bc908 code [0x0000016fbd6bca40, 0x0000016fbd6bcce8]
Event: 901.633 Thread 0x0000016fd097dfc0 11887       3       sun.security.ssl.Authenticator$TLS13Authenticator::acquireAuthenticationBytes (44 bytes)
Event: 901.634 Thread 0x0000016fd097dfc0 nmethod 11887 0x0000016fbd6bcd88 code [0x0000016fbd6bcec0, 0x0000016fbd6bd160]
Event: 901.634 Thread 0x0000016fd097dfc0 11894   !   3       com.sun.crypto.provider.GaloisCounterMode::init (296 bytes)
Event: 901.649 Thread 0x0000016fd097dfc0 nmethod 11894 0x0000016fbd6bd188 code [0x0000016fbd6bd480, 0x0000016fbd6be9b8]
Event: 903.674 Thread 0x0000016fd0979cc0 11895       4       java.util.concurrent.locks.ReentrantLock$Sync::isHeldExclusively (16 bytes)
Event: 903.675 Thread 0x0000016fd0979cc0 nmethod 11895 0x0000016fc46f3408 code [0x0000016fc46f3500, 0x0000016fc46f35a8]
Event: 916.675 Thread 0x0000016fd0979cc0 11896       4       java.util.concurrent.ScheduledThreadPoolExecutor$ScheduledFutureTask::compareTo (101 bytes)
Event: 916.678 Thread 0x0000016fd0979cc0 nmethod 11896 0x0000016fc46f3708 code [0x0000016fc46f3820, 0x0000016fc46f3930]
Event: 917.426 Thread 0x0000016fd0979cc0 11897       4       java.io.ObjectInputStream::readClassDesc (121 bytes)

GC Heap History (20 events):
Event: 9.231 GC heap before
{Heap before GC invocations=18 (full 0):
 garbage-first heap   total reserved 2041856K, committed 67584K, used 59267K [0x0000000083600000, 0x0000000100000000)
  region size 1024K, 29 young (29696K), 2 survivors (2048K)
 Metaspace       used 70998K, committed 71616K, reserved 1114112K
  class space    used 7407K, committed 7680K, reserved 1048576K
}
Event: 9.235 GC heap after
{Heap after GC invocations=19 (full 0):
 garbage-first heap   total reserved 2041856K, committed 67584K, used 35021K [0x0000000083600000, 0x0000000100000000)
  region size 1024K, 4 young (4096K), 4 survivors (4096K)
 Metaspace       used 70998K, committed 71616K, reserved 1114112K
  class space    used 7407K, committed 7680K, reserved 1048576K
}
Event: 9.781 GC heap before
{Heap before GC invocations=19 (full 0):
 garbage-first heap   total reserved 2041856K, committed 67584K, used 57549K [0x0000000083600000, 0x0000000100000000)
  region size 1024K, 27 young (27648K), 4 survivors (4096K)
 Metaspace       used 76111K, committed 76672K, reserved 1179648K
  class space    used 8153K, committed 8384K, reserved 1048576K
}
Event: 9.786 GC heap after
{Heap after GC invocations=20 (full 0):
 garbage-first heap   total reserved 2041856K, committed 67584K, used 37382K [0x0000000083600000, 0x0000000100000000)
  region size 1024K, 3 young (3072K), 3 survivors (3072K)
 Metaspace       used 76111K, committed 76672K, reserved 1179648K
  class space    used 8153K, committed 8384K, reserved 1048576K
}
Event: 9.975 GC heap before
{Heap before GC invocations=20 (full 0):
 garbage-first heap   total reserved 2041856K, committed 67584K, used 57862K [0x0000000083600000, 0x0000000100000000)
  region size 1024K, 24 young (24576K), 3 survivors (3072K)
 Metaspace       used 77957K, committed 78464K, reserved 1179648K
  class space    used 8539K, committed 8768K, reserved 1048576K
}
Event: 9.979 GC heap after
{Heap after GC invocations=21 (full 0):
 garbage-first heap   total reserved 2041856K, committed 67584K, used 39627K [0x0000000083600000, 0x0000000100000000)
  region size 1024K, 3 young (3072K), 3 survivors (3072K)
 Metaspace       used 77957K, committed 78464K, reserved 1179648K
  class space    used 8539K, committed 8768K, reserved 1048576K
}
Event: 10.023 GC heap before
{Heap before GC invocations=22 (full 0):
 garbage-first heap   total reserved 2041856K, committed 68608K, used 59083K [0x0000000083600000, 0x0000000100000000)
  region size 1024K, 22 young (22528K), 3 survivors (3072K)
 Metaspace       used 77964K, committed 78528K, reserved 1179648K
  class space    used 8539K, committed 8768K, reserved 1048576K
}
Event: 10.025 GC heap after
{Heap after GC invocations=23 (full 0):
 garbage-first heap   total reserved 2041856K, committed 68608K, used 39592K [0x0000000083600000, 0x0000000100000000)
  region size 1024K, 1 young (1024K), 1 survivors (1024K)
 Metaspace       used 77964K, committed 78528K, reserved 1179648K
  class space    used 8539K, committed 8768K, reserved 1048576K
}
Event: 10.219 GC heap before
{Heap before GC invocations=23 (full 0):
 garbage-first heap   total reserved 2041856K, committed 68608K, used 63144K [0x0000000083600000, 0x0000000100000000)
  region size 1024K, 24 young (24576K), 1 survivors (1024K)
 Metaspace       used 79493K, committed 80064K, reserved 1179648K
  class space    used 8735K, committed 8960K, reserved 1048576K
}
Event: 10.222 GC heap after
{Heap after GC invocations=24 (full 0):
 garbage-first heap   total reserved 2041856K, committed 68608K, used 39882K [0x0000000083600000, 0x0000000100000000)
  region size 1024K, 2 young (2048K), 2 survivors (2048K)
 Metaspace       used 79493K, committed 80064K, reserved 1179648K
  class space    used 8735K, committed 8960K, reserved 1048576K
}
Event: 10.336 GC heap before
{Heap before GC invocations=24 (full 0):
 garbage-first heap   total reserved 2041856K, committed 68608K, used 61386K [0x0000000083600000, 0x0000000100000000)
  region size 1024K, 23 young (23552K), 2 survivors (2048K)
 Metaspace       used 79973K, committed 80576K, reserved 1179648K
  class space    used 8802K, committed 9024K, reserved 1048576K
}
Event: 10.339 GC heap after
{Heap after GC invocations=25 (full 0):
 garbage-first heap   total reserved 2041856K, committed 68608K, used 40492K [0x0000000083600000, 0x0000000100000000)
  region size 1024K, 2 young (2048K), 2 survivors (2048K)
 Metaspace       used 79973K, committed 80576K, reserved 1179648K
  class space    used 8802K, committed 9024K, reserved 1048576K
}
Event: 10.383 GC heap before
{Heap before GC invocations=26 (full 0):
 garbage-first heap   total reserved 2041856K, committed 68608K, used 61996K [0x0000000083600000, 0x0000000100000000)
  region size 1024K, 23 young (23552K), 2 survivors (2048K)
 Metaspace       used 79982K, committed 80576K, reserved 1179648K
  class space    used 8802K, committed 9024K, reserved 1048576K
}
Event: 10.385 GC heap after
{Heap after GC invocations=27 (full 0):
 garbage-first heap   total reserved 2041856K, committed 138240K, used 41311K [0x0000000083600000, 0x0000000100000000)
  region size 1024K, 3 young (3072K), 3 survivors (3072K)
 Metaspace       used 79982K, committed 80576K, reserved 1179648K
  class space    used 8802K, committed 9024K, reserved 1048576K
}
Event: 10.494 GC heap before
{Heap before GC invocations=27 (full 0):
 garbage-first heap   total reserved 2041856K, committed 138240K, used 121183K [0x0000000083600000, 0x0000000100000000)
  region size 1024K, 81 young (82944K), 3 survivors (3072K)
 Metaspace       used 80018K, committed 80576K, reserved 1179648K
  class space    used 8810K, committed 9024K, reserved 1048576K
}
Event: 10.499 GC heap after
{Heap after GC invocations=28 (full 0):
 garbage-first heap   total reserved 2041856K, committed 138240K, used 46497K [0x0000000083600000, 0x0000000100000000)
  region size 1024K, 8 young (8192K), 8 survivors (8192K)
 Metaspace       used 80018K, committed 80576K, reserved 1179648K
  class space    used 8810K, committed 9024K, reserved 1048576K
}
Event: 10.871 GC heap before
{Heap before GC invocations=28 (full 0):
 garbage-first heap   total reserved 2041856K, committed 138240K, used 109985K [0x0000000083600000, 0x0000000100000000)
  region size 1024K, 70 young (71680K), 8 survivors (8192K)
 Metaspace       used 80855K, committed 81408K, reserved 1179648K
  class space    used 8869K, committed 9088K, reserved 1048576K
}
Event: 10.877 GC heap after
{Heap after GC invocations=29 (full 0):
 garbage-first heap   total reserved 2041856K, committed 138240K, used 43786K [0x0000000083600000, 0x0000000100000000)
  region size 1024K, 3 young (3072K), 3 survivors (3072K)
 Metaspace       used 80855K, committed 81408K, reserved 1179648K
  class space    used 8869K, committed 9088K, reserved 1048576K
}
Event: 12.666 GC heap before
{Heap before GC invocations=29 (full 0):
 garbage-first heap   total reserved 2041856K, committed 138240K, used 111370K [0x0000000083600000, 0x0000000100000000)
  region size 1024K, 69 young (70656K), 3 survivors (3072K)
 Metaspace       used 85978K, committed 86656K, reserved 1179648K
  class space    used 9478K, committed 9792K, reserved 1048576K
}
Event: 12.673 GC heap after
{Heap after GC invocations=30 (full 0):
 garbage-first heap   total reserved 2041856K, committed 138240K, used 48783K [0x0000000083600000, 0x0000000100000000)
  region size 1024K, 8 young (8192K), 8 survivors (8192K)
 Metaspace       used 85978K, committed 86656K, reserved 1179648K
  class space    used 9478K, committed 9792K, reserved 1048576K
}

Dll operation events (13 events):
Event: 0.020 Loaded shared library C:\Users\VIET ANH\.jdks\openjdk-24.0.1\bin\java.dll
Event: 0.062 Loaded shared library C:\Users\VIET ANH\.jdks\openjdk-24.0.1\bin\jsvml.dll
Event: 0.224 Loaded shared library C:\Users\VIET ANH\.jdks\openjdk-24.0.1\bin\zip.dll
Event: 0.228 Loaded shared library C:\Users\VIET ANH\.jdks\openjdk-24.0.1\bin\instrument.dll
Event: 0.236 Loaded shared library C:\Users\VIET ANH\.jdks\openjdk-24.0.1\bin\net.dll
Event: 0.238 Loaded shared library C:\Users\VIET ANH\.jdks\openjdk-24.0.1\bin\nio.dll
Event: 0.242 Loaded shared library C:\Users\VIET ANH\.jdks\openjdk-24.0.1\bin\zip.dll
Event: 0.367 Loaded shared library C:\Users\VIET ANH\.jdks\openjdk-24.0.1\bin\extnet.dll
Event: 0.409 Loaded shared library C:\Users\VIET ANH\.jdks\openjdk-24.0.1\bin\jimage.dll
Event: 0.884 Loaded shared library C:\Users\VIET ANH\.jdks\openjdk-24.0.1\bin\management.dll
Event: 0.899 Loaded shared library C:\Users\VIET ANH\.jdks\openjdk-24.0.1\bin\management_ext.dll
Event: 2.669 Loaded shared library C:\Users\VIET ANH\.jdks\openjdk-24.0.1\bin\sunmscapi.dll
Event: 6.545 Loaded shared library C:\Users\VIET ANH\.jdks\openjdk-24.0.1\bin\verify.dll

Deoptimization events (20 events):
Event: 61.440 Thread 0x0000017019d2eb00 Uncommon trap: trap_request=0xffffffde fr.pc=0x0000016fc4596764 relative=0x0000000000000824
Event: 61.440 Thread 0x0000017019d2eb00 Uncommon trap: reason=class_check action=maybe_recompile pc=0x0000016fc4596764 method=org.springframework.core.MethodParameter.getGenericParameterType()Ljava/lang/reflect/Type; @ 17 c2
Event: 61.440 Thread 0x0000017019d2eb00 DEOPT PACKING pc=0x0000016fc4596764 sp=0x0000002c06dfb8c0
Event: 61.440 Thread 0x0000017019d2eb00 DEOPT UNPACKING pc=0x0000016fc3c93282 sp=0x0000002c06dfb830 mode 2
Event: 106.133 Thread 0x0000017019d2c670 Uncommon trap: trap_request=0xffffffde fr.pc=0x0000016fc4631d5c relative=0x000000000000079c
Event: 106.133 Thread 0x0000017019d2c670 Uncommon trap: reason=class_check action=maybe_recompile pc=0x0000016fc4631d5c method=org.springframework.core.MethodParameter.getGenericParameterType()Ljava/lang/reflect/Type; @ 17 c2
Event: 106.133 Thread 0x0000017019d2c670 DEOPT PACKING pc=0x0000016fc4631d5c sp=0x0000002c066fb750
Event: 106.134 Thread 0x0000017019d2c670 DEOPT UNPACKING pc=0x0000016fc3c93282 sp=0x0000002c066fb718 mode 2
Event: 301.294 Thread 0x000001701b702630 Uncommon trap: trap_request=0xffffff4d fr.pc=0x0000016fc46a6aac relative=0x00000000000024ec
Event: 301.294 Thread 0x000001701b702630 Uncommon trap: reason=unstable_if action=reinterpret pc=0x0000016fc46a6aac method=java.io.ObjectStreamField.isPrimitive()Z @ 14 c2
Event: 301.295 Thread 0x000001701b702630 DEOPT PACKING pc=0x0000016fc46a6aac sp=0x0000002c04efe9c0
Event: 301.296 Thread 0x000001701b702630 DEOPT UNPACKING pc=0x0000016fc3c93282 sp=0x0000002c04efe868 mode 2
Event: 301.297 Thread 0x000001701b702630 Uncommon trap: trap_request=0xffffff4d fr.pc=0x0000016fc46b1c04 relative=0x0000000000000f84
Event: 301.297 Thread 0x000001701b702630 Uncommon trap: reason=unstable_if action=reinterpret pc=0x0000016fc46b1c04 method=java.io.ObjectStreamClass$FieldReflector.getObjFieldValues(Ljava/lang/Object;[Ljava/lang/Object;)V @ 39 c2
Event: 301.297 Thread 0x000001701b702630 DEOPT PACKING pc=0x0000016fc46b1c04 sp=0x0000002c04efe9e0
Event: 301.298 Thread 0x000001701b702630 DEOPT UNPACKING pc=0x0000016fc3c93282 sp=0x0000002c04efe8a0 mode 2
Event: 301.298 Thread 0x000001701b702630 Uncommon trap: trap_request=0xffffff4d fr.pc=0x0000016fc4693028 relative=0x0000000000002c08
Event: 301.298 Thread 0x000001701b702630 Uncommon trap: reason=unstable_if action=reinterpret pc=0x0000016fc4693028 method=java.io.ObjectOutputStream.writeObject0(Ljava/lang/Object;Z)V @ 459 c2
Event: 301.298 Thread 0x000001701b702630 DEOPT PACKING pc=0x0000016fc4693028 sp=0x0000002c04efe900
Event: 301.298 Thread 0x000001701b702630 DEOPT UNPACKING pc=0x0000016fc3c93282 sp=0x0000002c04efe8e8 mode 2

Classes loaded (20 events):
Event: 35.671 Loading class com/sun/crypto/provider/HmacCore$HmacSHA256
Event: 35.672 Loading class com/sun/crypto/provider/HmacCore$HmacSHA256 done
Event: 35.702 Loading class java/util/stream/LongStream
Event: 35.703 Loading class java/util/stream/LongStream done
Event: 35.703 Loading class java/util/stream/DoubleStream
Event: 35.712 Loading class java/util/stream/DoubleStream done
Event: 153.956 Loading class java/util/ArrayList$SubList$2
Event: 153.961 Loading class java/util/ArrayList$SubList$2 done
Event: 154.066 Loading class java/util/stream/ReferencePipeline$4
Event: 154.070 Loading class java/util/stream/IntPipeline$StatelessOp
Event: 154.072 Loading class java/util/stream/IntPipeline$StatelessOp done
Event: 154.076 Loading class java/util/stream/ReferencePipeline$4 done
Event: 154.114 Loading class java/util/function/IntBinaryOperator
Event: 154.115 Loading class java/util/function/IntBinaryOperator done
Event: 154.116 Loading class java/util/stream/ReduceOps$7
Event: 154.117 Loading class java/util/stream/ReduceOps$7 done
Event: 154.118 Loading class java/util/stream/ReduceOps$6ReducingSink
Event: 154.119 Loading class java/util/stream/ReduceOps$6ReducingSink done
Event: 154.119 Loading class java/util/stream/ReferencePipeline$4$1
Event: 154.119 Loading class java/util/stream/ReferencePipeline$4$1 done

Classes unloaded (0 events):
No events

Classes redefined (0 events):
No events

Internal exceptions (20 events):
Event: 12.416 Thread 0x0000016fb1a80ae0 Implicit null exception at 0x0000016fc4322777 to 0x0000016fc4322bdc
Event: 12.487 Thread 0x0000016fb1a80ae0 Exception <a 'java/lang/IncompatibleClassChangeError'{0x00000000887cbeb0}: Found class java.lang.Object, but interface was expected> (0x00000000887cbeb0) 
thrown [s\open\src\hotspot\share\interpreter\linkResolver.cpp, line 872]
Event: 12.633 Thread 0x0000016fb1a80ae0 Exception <a 'java/lang/NoSuchMethodError'{0x00000000881d03b0}: 'java.lang.Object java.lang.invoke.DirectMethodHandle$Holder.newInvokeSpecial(java.lang.Object, java.lang.Object, int, java.lang.Object, java.lang.Object)'> (0x00000000881d03b0) 
thrown [s\open\src\hotspot\share\interpreter\linkResolver.cpp, line 805]
Event: 12.742 Thread 0x0000016fb1a80ae0 Exception <a 'java/lang/IncompatibleClassChangeError'{0x000000008b927fd8}: Found class java.lang.Object, but interface was expected> (0x000000008b927fd8) 
thrown [s\open\src\hotspot\share\interpreter\linkResolver.cpp, line 872]
Event: 12.806 Thread 0x0000016fb1a80ae0 Implicit null exception at 0x0000016fc42caaf5 to 0x0000016fc42caf7c
Event: 34.548 Thread 0x000001701b701790 Exception <a 'java/lang/NoSuchMethodError'{0x000000008b4cb958}: 'java.lang.Object java.lang.invoke.DirectMethodHandle$Holder.invokeStatic(java.lang.Object, java.lang.Object, java.lang.Object, int, int)'> (0x000000008b4cb958) 
thrown [s\open\src\hotspot\share\interpreter\linkResolver.cpp, line 805]
Event: 34.549 Thread 0x000001701b701790 Exception <a 'java/lang/NoSuchMethodError'{0x000000008b4d38c8}: 'java.lang.Object java.lang.invoke.DirectMethodHandle$Holder.invokeStaticInit(java.lang.Object, java.lang.Object, java.lang.Object, int, int)'> (0x000000008b4d38c8) 
thrown [s\open\src\hotspot\share\interpreter\linkResolver.cpp, line 805]
Event: 34.617 Thread 0x0000017019d2c670 Exception <a 'java/lang/NoSuchMethodError'{0x000000008b3d9f10}: 'java.lang.Object java.lang.invoke.DirectMethodHandle$Holder.invokeSpecial(java.lang.Object, java.lang.Object, java.lang.Object, java.lang.Object, java.lang.Object, long)'> (0x000000008b3d9f10) 
thrown [s\open\src\hotspot\share\interpreter\linkResolver.cpp, line 805]
Event: 34.618 Thread 0x0000017019d2c670 Exception <a 'java/lang/NoSuchMethodError'{0x000000008b3e2830}: 'java.lang.Object java.lang.invoke.DirectMethodHandle$Holder.invokeSpecial(java.lang.Object, java.lang.Object, java.lang.Object, java.lang.Object, java.lang.Object, java.lang.Object, long)'> (0x000000008b3e2830) 
thrown [s\open\src\hotspot\share\interpreter\linkResolver.cpp, line 805]
Event: 34.618 Thread 0x0000017019d2c670 Exception <a 'java/lang/NoSuchMethodError'{0x000000008b3eaba8}: 'java.lang.Object java.lang.invoke.DelegatingMethodHandle$Holder.reinvoke_L(java.lang.Object, java.lang.Object, java.lang.Object, java.lang.Object, java.lang.Object, long)'> (0x000000008b3eaba8) 
thrown [s\open\src\hotspot\share\interpreter\linkResolver.cpp, line 805]
Event: 34.619 Thread 0x0000017019d2c670 Exception <a 'java/lang/NoSuchMethodError'{0x000000008b3fbfa0}: 'java.lang.Object java.lang.invoke.Invokers$Holder.linkToTargetMethod(java.lang.Object, java.lang.Object, java.lang.Object, long, java.lang.Object)'> (0x000000008b3fbfa0) 
thrown [s\open\src\hotspot\share\interpreter\linkResolver.cpp, line 805]
Event: 34.995 Thread 0x0000017019d29340 Exception <a 'java/lang/NoSuchMethodError'{0x000000008abff500}: 'void java.lang.invoke.DirectMethodHandle$Holder.invokeSpecialIFC(java.lang.Object, java.lang.Object, int, java.lang.Object, java.lang.Object, java.lang.Object, java.lang.Object)'> (0x000000008abff500) 
thrown [s\open\src\hotspot\share\interpreter\linkResolver.cpp, line 805]
Event: 35.379 Thread 0x0000017019d29340 Exception <a 'java/lang/NoSuchMethodError'{0x000000008a75ce50}: 'java.lang.Object java.lang.invoke.Invokers$Holder.linkToTargetMethod(java.lang.Object, int, java.lang.Object, java.lang.Object, java.lang.Object, java.lang.Object)'> (0x000000008a75ce50) 
thrown [s\open\src\hotspot\share\interpreter\linkResolver.cpp, line 805]
Event: 35.381 Thread 0x0000017019d29340 Exception <a 'java/lang/NoSuchMethodError'{0x000000008a777020}: 'int java.lang.invoke.DirectMethodHandle$Holder.invokeStatic(java.lang.Object, java.lang.Object, int, java.lang.Object)'> (0x000000008a777020) 
thrown [s\open\src\hotspot\share\interpreter\linkResolver.cpp, line 805]
Event: 35.545 Thread 0x0000017019d29340 Exception <a 'java/lang/IncompatibleClassChangeError'{0x000000008a6bd548}: Found class java.lang.Object, but interface was expected> (0x000000008a6bd548) 
thrown [s\open\src\hotspot\share\interpreter\linkResolver.cpp, line 872]
Event: 35.601 Thread 0x0000017019d29340 Implicit null exception at 0x0000016fc4637983 to 0x0000016fc4637b40
Event: 35.620 Thread 0x0000017019d29340 Implicit null exception at 0x0000016fc42e3358 to 0x0000016fc42e38f0
Event: 35.644 Thread 0x0000017019d29340 Implicit null exception at 0x0000016fc4228599 to 0x0000016fc4228994
Event: 35.669 Thread 0x0000017019d29340 Implicit null exception at 0x0000016fc43eb94d to 0x0000016fc43eba94
Event: 153.938 Thread 0x0000017019d2dc60 Exception <a 'java/lang/NoSuchMethodError'{0x000000008a19fb40}: 'java.lang.Object java.lang.invoke.DirectMethodHandle$Holder.invokeStatic(java.lang.Object, int, int)'> (0x000000008a19fb40) 
thrown [s\open\src\hotspot\share\interpreter\linkResolver.cpp, line 805]

VM Operations (20 events):
Event: 35.003 Executing VM operation: HandshakeAllThreads (Deoptimize)
Event: 35.003 Executing VM operation: HandshakeAllThreads (Deoptimize) done
Event: 35.344 Executing VM operation: HandshakeAllThreads (Deoptimize)
Event: 35.344 Executing VM operation: HandshakeAllThreads (Deoptimize) done
Event: 35.694 Executing VM operation: HandshakeAllThreads (Deoptimize)
Event: 35.694 Executing VM operation: HandshakeAllThreads (Deoptimize) done
Event: 60.218 Executing VM operation: HandshakeAllThreads (HandshakeForDeflation)
Event: 60.218 Executing VM operation: HandshakeAllThreads (HandshakeForDeflation) done
Event: 60.218 Executing VM operation: RendezvousGCThreads
Event: 60.218 Executing VM operation: RendezvousGCThreads done
Event: 120.420 Executing VM operation: HandshakeAllThreads (HandshakeForDeflation)
Event: 120.420 Executing VM operation: HandshakeAllThreads (HandshakeForDeflation) done
Event: 120.420 Executing VM operation: RendezvousGCThreads
Event: 120.420 Executing VM operation: RendezvousGCThreads done
Event: 154.112 Executing VM operation: HandshakeAllThreads (Deoptimize)
Event: 154.113 Executing VM operation: HandshakeAllThreads (Deoptimize) done
Event: 180.658 Executing VM operation: HandshakeAllThreads (HandshakeForDeflation)
Event: 180.658 Executing VM operation: HandshakeAllThreads (HandshakeForDeflation) done
Event: 180.658 Executing VM operation: RendezvousGCThreads
Event: 180.658 Executing VM operation: RendezvousGCThreads done

Memory protections (0 events):
No events

Nmethod flushes (20 events):
Event: 10.374 Thread 0x0000016fd095a2f0 flushing  nmethod 0x0000016fbcf66c08
Event: 10.374 Thread 0x0000016fd095a2f0 flushing  nmethod 0x0000016fbcf68488
Event: 10.374 Thread 0x0000016fd095a2f0 flushing  nmethod 0x0000016fbcf68988
Event: 10.374 Thread 0x0000016fd095a2f0 flushing  nmethod 0x0000016fbcf68d08
Event: 10.374 Thread 0x0000016fd095a2f0 flushing  nmethod 0x0000016fbd0aae88
Event: 10.374 Thread 0x0000016fd095a2f0 flushing  nmethod 0x0000016fbd0ab208
Event: 10.374 Thread 0x0000016fd095a2f0 flushing  nmethod 0x0000016fbd0ab888
Event: 10.374 Thread 0x0000016fd095a2f0 flushing  nmethod 0x0000016fbd0abc88
Event: 10.374 Thread 0x0000016fd095a2f0 flushing  nmethod 0x0000016fbd0ac608
Event: 10.374 Thread 0x0000016fd095a2f0 flushing  nmethod 0x0000016fbd0acd08
Event: 10.374 Thread 0x0000016fd095a2f0 flushing  nmethod 0x0000016fbd0ae088
Event: 10.374 Thread 0x0000016fd095a2f0 flushing  nmethod 0x0000016fbd0aed88
Event: 10.374 Thread 0x0000016fd095a2f0 flushing  nmethod 0x0000016fbd0b0908
Event: 10.374 Thread 0x0000016fd095a2f0 flushing  nmethod 0x0000016fbd184588
Event: 10.374 Thread 0x0000016fd095a2f0 flushing  nmethod 0x0000016fbd282588
Event: 10.374 Thread 0x0000016fd095a2f0 flushing  nmethod 0x0000016fbd284f88
Event: 10.374 Thread 0x0000016fd095a2f0 flushing  nmethod 0x0000016fbd2ba708
Event: 10.374 Thread 0x0000016fd095a2f0 flushing  nmethod 0x0000016fbd2bfa88
Event: 10.374 Thread 0x0000016fd095a2f0 flushing  nmethod 0x0000016fbd2c0508
Event: 10.374 Thread 0x0000016fd095a2f0 flushing  nmethod 0x0000016fbd2c0808

Events (20 events):
Event: 12.645 Thread 0x0000016fb1a80ae0 Thread added: 0x0000017019d2cdc0
Event: 12.645 Thread 0x0000016fb1a80ae0 Thread added: 0x0000017019d2dc60
Event: 12.645 Thread 0x0000016fb1a80ae0 Thread added: 0x0000017019d2eb00
Event: 12.645 Thread 0x0000016fb1a80ae0 Thread added: 0x0000017019d2f250
Event: 12.645 Thread 0x0000016fb1a80ae0 Thread added: 0x0000017019d2bf20
Event: 12.658 Thread 0x0000016fb1a80ae0 Thread added: 0x000001701b703c20
Event: 12.660 Thread 0x0000016fb1a80ae0 Thread added: 0x000001701b701790
Event: 12.812 Thread 0x0000016fb1a80ae0 Thread exited: 0x0000016fb1a80ae0
Event: 12.812 Thread 0x000001701b701040 Thread added: 0x000001701b701040
Event: 12.948 Thread 0x0000017019392e30 Thread exited: 0x0000017019392e30
Event: 13.780 Thread 0x0000017017b42ef0 Thread exited: 0x0000017017b42ef0
Event: 13.814 Thread 0x00000170161aada0 Thread exited: 0x00000170161aada0
Event: 22.507 Thread 0x0000017016e29740 Thread added: 0x000001701b702630
Event: 34.987 Thread 0x0000016fd097dfc0 Thread added: 0x0000017017416e60
Event: 35.742 Thread 0x0000017017416e60 Thread exited: 0x0000017017416e60
Event: 106.270 Thread 0x0000017017054490 Thread exited: 0x0000017017054490
Event: 301.321 Thread 0x0000017016e29740 Thread added: 0x000001701b706f50
Event: 376.400 Thread 0x000001701b702630 Thread exited: 0x000001701b702630
Event: 725.390 Thread 0x0000017016e29740 Thread added: 0x000001701b705210
Event: 800.380 Thread 0x000001701b706f50 Thread exited: 0x000001701b706f50


Dynamic libraries:
0x00007ff60b940000 - 0x00007ff60b94e000 	C:\Users\VIET ANH\.jdks\openjdk-24.0.1\bin\java.exe
0x00007fffc9aa0000 - 0x00007fffc9d08000 	C:\WINDOWS\SYSTEM32\ntdll.dll
0x00007fffc81f0000 - 0x00007fffc82b9000 	C:\WINDOWS\System32\KERNEL32.DLL
0x00007fffc7310000 - 0x00007fffc76fd000 	C:\WINDOWS\System32\KERNELBASE.dll
0x00007fffc6d70000 - 0x00007fffc6ebb000 	C:\WINDOWS\System32\ucrtbase.dll
0x00007fffc59e0000 - 0x00007fffc59fb000 	C:\Users\VIET ANH\.jdks\openjdk-24.0.1\bin\VCRUNTIME140.dll
0x00007fffc5810000 - 0x00007fffc5826000 	C:\Users\VIET ANH\.jdks\openjdk-24.0.1\bin\jli.dll
0x00007fffc8f20000 - 0x00007fffc90ec000 	C:\WINDOWS\System32\USER32.dll
0x00007fffc7230000 - 0x00007fffc7257000 	C:\WINDOWS\System32\win32u.dll
0x00007fffc82d0000 - 0x00007fffc82fb000 	C:\WINDOWS\System32\GDI32.dll
0x00007fffc7700000 - 0x00007fffc7837000 	C:\WINDOWS\System32\gdi32full.dll
0x00007fffc7260000 - 0x00007fffc7303000 	C:\WINDOWS\System32\msvcp_win.dll
0x00007fffc6070000 - 0x00007fffc630a000 	C:\WINDOWS\WinSxS\amd64_microsoft.windows.common-controls_6595b64144ccf1df_6.0.26100.4484_none_3e0e6d4ce32ef3b3\COMCTL32.dll
0x00007fffc99b0000 - 0x00007fffc9a59000 	C:\WINDOWS\System32\msvcrt.dll
0x00007fffc81b0000 - 0x00007fffc81df000 	C:\WINDOWS\System32\IMM32.DLL
0x00007fffc5b50000 - 0x00007fffc5b5c000 	C:\Users\VIET ANH\.jdks\openjdk-24.0.1\bin\vcruntime140_1.dll
0x00007fffa3520000 - 0x00007fffa35ae000 	C:\Users\VIET ANH\.jdks\openjdk-24.0.1\bin\msvcp140.dll
0x00007fff2af70000 - 0x00007fff2bd12000 	C:\Users\VIET ANH\.jdks\openjdk-24.0.1\bin\server\jvm.dll
0x00007fffc7890000 - 0x00007fffc7944000 	C:\WINDOWS\System32\ADVAPI32.dll
0x00007fffc9260000 - 0x00007fffc9306000 	C:\WINDOWS\System32\sechost.dll
0x00007fffc9310000 - 0x00007fffc9428000 	C:\WINDOWS\System32\RPCRT4.dll
0x00007fffc7e50000 - 0x00007fffc7ec4000 	C:\WINDOWS\System32\WS2_32.dll
0x00007fffbb780000 - 0x00007fffbb7b5000 	C:\WINDOWS\SYSTEM32\WINMM.dll
0x00007fffc6470000 - 0x00007fffc64ce000 	C:\WINDOWS\SYSTEM32\POWRPROF.dll
0x00007fffc47d0000 - 0x00007fffc47db000 	C:\WINDOWS\SYSTEM32\VERSION.dll
0x00007fffc6310000 - 0x00007fffc6324000 	C:\WINDOWS\SYSTEM32\UMPDC.dll
0x00007fffc5c00000 - 0x00007fffc5c1b000 	C:\WINDOWS\SYSTEM32\kernel.appcore.dll
0x00007fffc54b0000 - 0x00007fffc54ba000 	C:\Users\VIET ANH\.jdks\openjdk-24.0.1\bin\jimage.dll
0x00007fffc6500000 - 0x00007fffc6741000 	C:\WINDOWS\SYSTEM32\DBGHELP.DLL
0x00007fffc7ac0000 - 0x00007fffc7e46000 	C:\WINDOWS\System32\combase.dll
0x00007fffc8360000 - 0x00007fffc8440000 	C:\WINDOWS\System32\OLEAUT32.dll
0x00007fffc6330000 - 0x00007fffc6373000 	C:\WINDOWS\SYSTEM32\dbgcore.DLL
0x00007fffc70d0000 - 0x00007fffc7169000 	C:\WINDOWS\System32\bcryptPrimitives.dll
0x00007fffc5490000 - 0x00007fffc549f000 	C:\Users\VIET ANH\.jdks\openjdk-24.0.1\bin\instrument.dll
0x00007fffc5470000 - 0x00007fffc548e000 	C:\Users\VIET ANH\.jdks\openjdk-24.0.1\bin\java.dll
0x00007fffc8460000 - 0x00007fffc85fe000 	C:\WINDOWS\System32\ole32.dll
0x00007fffc8710000 - 0x00007fffc8e5a000 	C:\WINDOWS\System32\SHELL32.dll
0x00007fffc6bf0000 - 0x00007fffc6d64000 	C:\WINDOWS\System32\wintypes.dll
0x00007fffc3820000 - 0x00007fffc407b000 	C:\WINDOWS\SYSTEM32\windows.storage.dll
0x00007fffc8610000 - 0x00007fffc8705000 	C:\WINDOWS\System32\SHCORE.dll
0x00007fffc91f0000 - 0x00007fffc925a000 	C:\WINDOWS\System32\shlwapi.dll
0x00007fffc6b00000 - 0x00007fffc6b2f000 	C:\WINDOWS\SYSTEM32\profapi.dll
0x00007fff53e40000 - 0x00007fff53f17000 	C:\Users\VIET ANH\.jdks\openjdk-24.0.1\bin\jsvml.dll
0x00007fffa87c0000 - 0x00007fffa87d7000 	C:\Users\VIET ANH\.jdks\openjdk-24.0.1\bin\zip.dll
0x00007fffb2010000 - 0x00007fffb2020000 	C:\Users\VIET ANH\.jdks\openjdk-24.0.1\bin\net.dll
0x00007fffc4f90000 - 0x00007fffc4ffa000 	C:\WINDOWS\system32\mswsock.dll
0x00007fffb1be0000 - 0x00007fffb1bf6000 	C:\Users\VIET ANH\.jdks\openjdk-24.0.1\bin\nio.dll
0x00007fffb2000000 - 0x00007fffb2009000 	C:\Users\VIET ANH\.jdks\openjdk-24.0.1\bin\extnet.dll
0x00007fffc4510000 - 0x00007fffc4636000 	C:\WINDOWS\SYSTEM32\DNSAPI.dll
0x00007fffc44d0000 - 0x00007fffc4503000 	C:\WINDOWS\SYSTEM32\IPHLPAPI.DLL
0x00007fffc8f10000 - 0x00007fffc8f1a000 	C:\WINDOWS\System32\NSI.dll
0x00007fffbaf80000 - 0x00007fffbaf8b000 	C:\Windows\System32\rasadhlp.dll
0x00007fffbf260000 - 0x00007fffbf2e6000 	C:\WINDOWS\System32\fwpuclnt.dll
0x00007fffb1d80000 - 0x00007fffb1d8a000 	C:\Users\VIET ANH\.jdks\openjdk-24.0.1\bin\management.dll
0x00007fffaf2f0000 - 0x00007fffaf2fb000 	C:\Users\VIET ANH\.jdks\openjdk-24.0.1\bin\management_ext.dll
0x00007fffc9980000 - 0x00007fffc9988000 	C:\WINDOWS\System32\PSAPI.DLL
0x00007fffc64e0000 - 0x00007fffc64fb000 	C:\WINDOWS\SYSTEM32\CRYPTSP.dll
0x00007fffc49a0000 - 0x00007fffc49db000 	C:\WINDOWS\system32\rsaenh.dll
0x00007fffc5030000 - 0x00007fffc505b000 	C:\WINDOWS\SYSTEM32\USERENV.dll
0x00007fffc6ad0000 - 0x00007fffc6af6000 	C:\WINDOWS\SYSTEM32\bcrypt.dll
0x00007fffc5bf0000 - 0x00007fffc5bfc000 	C:\WINDOWS\SYSTEM32\CRYPTBASE.dll
0x00007fffb1fc0000 - 0x00007fffb1fd8000 	C:\WINDOWS\system32\napinsp.dll
0x00007fffb1fa0000 - 0x00007fffb1fb2000 	C:\WINDOWS\System32\winrnr.dll
0x00007fff457f0000 - 0x00007fff45820000 	C:\WINDOWS\system32\nlansp_c.dll
0x00007fffb00d0000 - 0x00007fffb00f0000 	C:\WINDOWS\system32\wshbth.dll
0x00007fffa8160000 - 0x00007fffa81ae000 	C:\WINDOWS\SYSTEM32\pdh.dll
0x00007fffc5b30000 - 0x00007fffc5b42000 	C:\WINDOWS\System32\perfproc.dll
0x00007fffb1fe0000 - 0x00007fffb1fee000 	C:\Users\VIET ANH\.jdks\openjdk-24.0.1\bin\sunmscapi.dll
0x00007fffc6ec0000 - 0x00007fffc7037000 	C:\WINDOWS\System32\CRYPT32.dll
0x00007fffc5cc0000 - 0x00007fffc5cf0000 	C:\WINDOWS\SYSTEM32\ncrypt.dll
0x00007fffc5ba0000 - 0x00007fffc5bdf000 	C:\WINDOWS\SYSTEM32\NTASN1.dll
0x00007fffaf0c0000 - 0x00007fffaf0d0000 	C:\Users\VIET ANH\.jdks\openjdk-24.0.1\bin\verify.dll
0x00007fffa76d0000 - 0x00007fffa76d8000 	C:\WINDOWS\system32\wshunix.dll

JVMTI agents:
C:\Program Files\JetBrains\IntelliJ IDEA 2025.1.2\lib\idea_rt.jar path:C:\Users\VIET ANH\.jdks\openjdk-24.0.1\bin\instrument.dll, loaded, initialized, instrumentlib options:52085

dbghelp: loaded successfully - version: 4.0.5 - missing functions: none
symbol engine: initialized successfully - sym options: 0x614 - pdb path: .;C:\Users\VIET ANH\.jdks\openjdk-24.0.1\bin;C:\WINDOWS\SYSTEM32;C:\WINDOWS\WinSxS\amd64_microsoft.windows.common-controls_6595b64144ccf1df_6.0.26100.4484_none_3e0e6d4ce32ef3b3;C:\Users\VIET ANH\.jdks\openjdk-24.0.1\bin\server

VM Arguments:
jvm_args: -javaagent:C:\Program Files\JetBrains\IntelliJ IDEA 2025.1.2\lib\idea_rt.jar=52085 -Dfile.encoding=UTF-8 -Dsun.stdout.encoding=UTF-8 -Dsun.stderr.encoding=UTF-8 
java_command: develop.circlek.CirclekApplication
java_class_path (initial): C:\Users\VIET ANH\OneDrive\Máy tính\Spring Boot\rs-management4\target\classes;C:\Users\VIET ANH\.m2\repository\org\springframework\boot\spring-boot-starter-data-jpa\3.5.3\spring-boot-starter-data-jpa-3.5.3.jar;C:\Users\VIET ANH\.m2\repository\org\springframework\boot\spring-boot-starter\3.5.3\spring-boot-starter-3.5.3.jar;C:\Users\VIET ANH\.m2\repository\org\springframework\boot\spring-boot\3.5.3\spring-boot-3.5.3.jar;C:\Users\VIET ANH\.m2\repository\org\springframework\boot\spring-boot-autoconfigure\3.5.3\spring-boot-autoconfigure-3.5.3.jar;C:\Users\VIET ANH\.m2\repository\org\springframework\boot\spring-boot-starter-logging\3.5.3\spring-boot-starter-logging-3.5.3.jar;C:\Users\VIET ANH\.m2\repository\ch\qos\logback\logback-classic\1.5.18\logback-classic-1.5.18.jar;C:\Users\VIET ANH\.m2\repository\ch\qos\logback\logback-core\1.5.18\logback-core-1.5.18.jar;C:\Users\VIET ANH\.m2\repository\org\apache\logging\log4j\log4j-to-slf4j\2.24.3\log4j-to-slf4j-2.24.3.jar;C:\Users\VIET ANH\.m2\repository\org\apache\logging\log4j\log4j-api\2.24.3\log4j-api-2.24.3.jar;C:\Users\VIET ANH\.m2\repository\org\slf4j\jul-to-slf4j\2.0.17\jul-to-slf4j-2.0.17.jar;C:\Users\VIET ANH\.m2\repository\jakarta\annotation\jakarta.annotation-api\2.1.1\jakarta.annotation-api-2.1.1.jar;C:\Users\VIET ANH\.m2\repository\org\yaml\snakeyaml\2.4\snakeyaml-2.4.jar;C:\Users\VIET ANH\.m2\repository\org\springframework\boot\spring-boot-starter-jdbc\3.5.3\spring-boot-starter-jdbc-3.5.3.jar;C:\Users\VIET ANH\.m2\repository\com\zaxxer\HikariCP\6.3.0\HikariCP-6.3.0.jar;C:\Users\VIET ANH\.m2\repository\org\springframework\spring-jdbc\6.2.8\spring-jdbc-6.2.8.jar;C:\Users\VIET ANH\.m2\repository\org\hibernate\orm\hibernate-core\6.6.18.Final\hibernate-core-6.6.18.Final.jar;C:\Users\VIET ANH\.m2\repository\jakarta\persistence\jakarta.persistence-api\3.1.0\jakarta.persistence-api-3.1.0.jar;C:\Users\VIET ANH\.m2\repository\jakarta\transaction\jakarta.transaction-api\2.0.1\jakarta.transaction-api-2.0.1.jar;C:\Users\VIET ANH\.m2\repository\org\jboss\logging\jboss-logging\3.6.1.Final\jboss-logging-3.6.1.Final.jar;C:\Users\VIET ANH\.m2\repository\org\hibernate\common\hibernate-commons-annotations\7.0.3.Final\hibernate-commons-annotations-7.0.3.Final.jar;C:\Users\VIET ANH\.m2\repository\io\smallrye\jandex\3.2.0\jandex-3.2.0.jar;C:\Users\VIET ANH\.m2\repository\com\fasterxml\classmate\1.7.0\classmate-1.7.0.jar;C:\Users\VIET ANH\.m2\repository\net\bytebuddy\byte-buddy\1.17.6\byte-buddy-1.17.6.jar;C:\Users\VIET ANH\.m2\repository\org\glassfish\jaxb\jaxb-runtime\4.0.5\jaxb-runtime-4.0.5.jar;C:\Users\VIET ANH\.m2\repository\org\glassfish\jaxb\jaxb-core\4.0.5\jaxb-core-4.0.5.jar;C:\Users\VIET ANH\.m2\repository\org\eclipse\angus\angus-activation\2.0.2\angus-activation-2.0.2.jar;C:\Users\VIET ANH\.m2\repository\org\glassfish\jaxb\txw2\4.0.5\txw2-4.0.5.jar;C:\Users\VIET ANH\.m2\repository\com\sun\istack\istack-commons-runtime\4.1.2\istack-commons-runtime-4.1.2.jar;C:\Users\VIET ANH\.m2\repository\jakarta\inject\jakarta.inject-api\2.0.1\jakarta.inject-api-2.0.1.jar;C:\Users\VIET ANH\.m2\repository\org\antlr\antlr4-runtime\4.13.0\antlr4-runtime-4.13.0.jar;C:\Users\VIET ANH\.m2\repository\org\springframework\data\spring-data-jpa\3.5.1\spring-data-jpa-3.5.1.jar;C:\Users\VIET ANH\.m2\repository\org\springframework\data\spring-data-commons\3.5.1\spring-data-commons-3.5.1.jar;C:\Users\VIET ANH\.m2\repository\org\springframework\spring-orm\6.2.8\spring-orm-6.2.8.jar;C:\Users\VIET ANH\.m2\repository\org\springframework\spring-context\6.2.8\spring-context-6.2.8.jar;C:\Users\VIET ANH\.m2\repository\org\springframework\spring-tx\6.2.8\spring-tx-6.2.8.jar;C:\Users\VIET ANH\.m2\repository\org\springframework\spring-beans\6.2.8\spring-beans-6.2.8.jar;C:\Users\VIET ANH\.m2\repository\org\slf4j\slf4j-api\2.0.17\slf4j-api-2.0.17.jar;C:\Users\VIET ANH\.m2\repository\org\springframework\spring-aspects\6.2.8\spring-aspects-6.2.8.jar;C:\Users\VIET ANH\.m2\repository\org\aspectj\aspectjweaver\1.9.24\aspectjweaver-1.9.24.jar;C:\Users\VIET ANH\.m2\repository\org\springframework\boot\spring-boot-starter-validation\3.5.3\spring-boot-starter-validation-3.5.3.jar;C:\Users\VIET ANH\.m2\repository\org\apache\tomcat\embed\tomcat-embed-el\10.1.42\tomcat-embed-el-10.1.42.jar;C:\Users\VIET ANH\.m2\repository\org\hibernate\validator\hibernate-validator\8.0.2.Final\hibernate-validator-8.0.2.Final.jar;C:\Users\VIET ANH\.m2\repository\jakarta\validation\jakarta.validation-api\3.0.2\jakarta.validation-api-3.0.2.jar;C:\Users\VIET ANH\.m2\repository\org\springframework\boot\spring-boot-starter-web\3.5.3\spring-boot-starter-web-3.5.3.jar;C:\Users\VIET ANH\.m2\repository\org\springframework\boot\spring-boot-starter-json\3.5.3\spring-boot-starter-json-3.5.3.jar;C:\Users\VIET ANH\.m2\repository\com\fasterxml\jackson\datatype\jackson-datatype-jdk8\2.19.1\jackson-datatype-jdk8-2.19.1.jar;C:\Users\VIET ANH\.m2\repository\com\fasterxml\jackson\datatype\jackson-datatype-jsr310\2.19.1\jackson-datatype-jsr310-2.19.1.jar;C:\Users\VIET ANH\.m2\repository\com\fasterxml\jackson\module\jackson-module-parameter-names\2.19.1\jackson-module-parameter-names-2.19.1.jar;C:\Users\VIET ANH\.m2\repository\org\springframework\boot\spring-boot-starter-tomcat\3.5.3\spring-boot-starter-tomcat-3.5.3.jar;C:\Users\VIET ANH\.m2\repository\org\apache\tomcat\embed\tomcat-embed-core\10.1.42\tomcat-embed-core-10.1.42.jar;C:\Users\VIET ANH\.m2\repository\org\apache\tomcat\embed\tomcat-embed-websocket\10.1.42\tomcat-embed-websocket-10.1.42.jar;C:\Users\VIET ANH\.m2\repository\org\springframework\spring-web\6.2.8\spring-web-6.2.8.jar;C:\Users\VIET ANH\.m2\repository\io\micrometer\micrometer-observation\1.15.1\micrometer-observation-1.15.1.jar;C:\Users\VIET ANH\.m2\repository\io\micrometer\micrometer-commons\1.15.1\micrometer-commons-1.15.1.jar;C:\Users\VIET ANH\.m2\repository\org\springframework\spring-webmvc\6.2.8\spring-webmvc-6.2.8.jar;C:\Users\VIET ANH\.m2\repository\org\springframework\spring-expression\6.2.8\spring-expression-6.2.8.jar;C:\Users\VIET ANH\.m2\repository\org\mapstruct\mapstruct\1.5.5.Final\mapstruct-1.5.5.Final.jar;C:\Users\VIET ANH\.m2\repository\org\projectlombok\lombok-mapstruct-binding\0.2.0\lombok-mapstruct-binding-0.2.0.jar;C:\Users\VIET ANH\.m2\repository\com\mysql\mysql-connector-j\8.0.33\mysql-connector-j-8.0.33.jar;C:\Users\VIET ANH\.m2\repository\org\projectlombok\lombok\1.18.38\lombok-1.18.38.jar;C:\Users\VIET ANH\.m2\repository\jakarta\xml\bind\jakarta.xml.bind-api\4.0.2\jakarta.xml.bind-api-4.0.2.jar;C:\Users\VIET ANH\.m2\repository\jakarta\activation\jakarta.activation-api\2.1.3\jakarta.activation-api-2.1.3.jar;C:\Users\VIET ANH\.m2\repository\org\springframework\spring-core\6.2.8\spring-core-6.2.8.jar;C:\Users\VIET ANH\.m2\repository\org\springframework\spring-jcl\6.2.8\spring-jcl-6.2.8.jar;C:\Users\VIET ANH\.m2\repository\org\springframework\boot\spring-boot-starter-security\3.5.3\spring-boot-starter-security-3.5.3.jar;C:\Users\VIET ANH\.m2\repository\org\springframework\spring-aop\6.2.8\spring-aop-6.2.8.jar;C:\Users\VIET ANH\.m2\repository\org\springframework\security\spring-security-config\6.5.1\spring-security-config-6.5.1.jar;C:\Users\VIET ANH\.m2\repository\org\springframework\security\spring-security-web\6.5.1\spring-security-web-6.5.1.jar;C:\Users\VIET ANH\.m2\repository\org\springframework\boot\spring-boot-starter-oauth2-resource-server\3.5.3\spring-boot-starter-oauth2-resource-server-3.5.3.jar;C:\Users\VIET ANH\.m2\repository\org\springframework\security\spring-security-core\6.5.1\spring-security-core-6.5.1.jar;C:\Users\VIET ANH\.m2\repository\org\springframework\security\spring-security-crypto\6.5.1\spring-security-crypto-6.5.1.jar;C:\Users\VIET ANH\.m2\repository\org\springframework\security\spring-security-oauth2-resource-server\6.5.1\spring-security-oauth2-resource-server-6.5.1.jar;C:\Users\VIET ANH\.m2\repository\org\springframework\security\spring-security-oauth2-core\6.5.1\spring-security-oauth2-core-6.5.1.jar;C:\Users\VIET ANH\.m2\repository\org\springframework\security\spring-security-oauth2-jose\6.5.1\spring-security-oauth2-jose-6.5.1.jar;C:\Users\VIET ANH\.m2\repository\com\nimbusds\nimbus-jose-jwt\9.37.3\nimbus-jose-jwt-9.37.3.jar;C:\Users\VIET ANH\.m2\repository\com\github\stephenc\jcip\jcip-annotations\1.0-1\jcip-annotations-1.0-1.jar;C:\Users\VIET ANH\.m2\repository\io\jsonwebtoken\jjwt-api\0.11.5\jjwt-api-0.11.5.jar;C:\Users\VIET ANH\.m2\repository\io\jsonwebtoken\jjwt-impl\0.11.5\jjwt-impl-0.11.5.jar;C:\Users\VIET ANH\.m2\repository\io\jsonwebtoken\jjwt-jackson\0.11.5\jjwt-jackson-0.11.5.jar;C:\Users\VIET ANH\.m2\repository\com\fasterxml\jackson\core\jackson-databind\2.19.1\jackson-databind-2.19.1.jar;C:\Users\VIET ANH\.m2\repository\com\fasterxml\jackson\core\jackson-annotations\2.19.1\jackson-annotations-2.19.1.jar;C:\Users\VIET ANH\.m2\repository\com\fasterxml\jackson\core\jackson-core\2.19.1\jackson-core-2.19.1.jar;C:\Users\VIET ANH\.m2\repository\com\querydsl\querydsl-jpa\5.0.0\querydsl-jpa-5.0.0-jakarta.jar;C:\Users\VIET ANH\.m2\repository\com\querydsl\querydsl-core\5.0.0\querydsl-core-5.0.0.jar;C:\Users\VIET ANH\.m2\repository\com\mysema\commons\mysema-commons-lang\0.2.4\mysema-commons-lang-0.2.4.jar
Launcher Type: SUN_STANDARD

[Global flags]
     intx CICompilerCount                          = 4                                         {product} {ergonomic}
     uint ConcGCThreads                            = 2                                         {product} {ergonomic}
     uint G1ConcRefinementThreads                  = 8                                         {product} {ergonomic}
   size_t G1HeapRegionSize                         = 1048576                                   {product} {ergonomic}
   size_t InitialHeapSize                          = 132120576                                 {product} {ergonomic}
   size_t MarkStackSize                            = 4194304                                   {product} {ergonomic}
   size_t MarkStackSizeMax                         = 536870912                                 {product} {ergonomic}
   size_t MaxHeapSize                              = 2090860544                                {product} {ergonomic}
   size_t MaxNewSize                               = 1254096896                                {product} {ergonomic}
   size_t MinHeapDeltaBytes                        = 1048576                                   {product} {ergonomic}
   size_t MinHeapSize                              = 8388608                                   {product} {ergonomic}
    uintx NonNMethodCodeHeapSize                   = 5832704                                {pd product} {ergonomic}
    uintx NonProfiledCodeHeapSize                  = 122945536                              {pd product} {ergonomic}
    uintx ProfiledCodeHeapSize                     = 122880000                              {pd product} {ergonomic}
    uintx ReservedCodeCacheSize                    = 251658240                              {pd product} {ergonomic}
     bool SegmentedCodeCache                       = true                                      {product} {ergonomic}
   size_t SoftMaxHeapSize                          = 2090860544                             {manageable} {ergonomic}
     bool UseCompressedOops                        = true                           {product lp64_product} {ergonomic}
     bool UseG1GC                                  = true                                      {product} {ergonomic}
     bool UseLargePagesIndividualAllocation        = false                                  {pd product} {ergonomic}

Logging:
Log output configuration:
 #0: stdout all=warning uptime,level,tags foldmultilines=false
 #1: stderr all=off uptime,level,tags foldmultilines=false

Environment Variables:
PATH=C:\gurobi1201\win64\bin;C:\Program Files\Microsoft MPI\Bin\;C:\Program Files\Common Files\Oracle\Java\javapath;C:\Windows\system32;C:\Windows;C:\Windows\System32\Wbem;C:\Windows\System32\WindowsPowerShell\v1.0\;C:\Windows\System32\OpenSSH\;C:\Program Files (x86)\NVIDIA Corporation\PhysX\Common;C:\Program Files\NVIDIA Corporation\NVIDIA NvDLISR;C:\WINDOWS\system32;C:\WINDOWS;C:\WINDOWS\System32\Wbem;C:\WINDOWS\System32\WindowsPowerShell\v1.0\;C:\WINDOWS\System32\OpenSSH\;C:\Program Files (x86)\Microsoft SQL Server\160\Tools\Binn\;C:\Program Files\Microsoft SQL Server\160\Tools\Binn\;C:\Program Files\Microsoft SQL Server\Client SDK\ODBC\170\Tools\Binn\;C:\Program Files\Microsoft SQL Server\160\DTS\Binn\;C:\Program Files\Cloudflare\Cloudflare WARP\;C:\Program Files\Git\cmd;C:\Program Files\Docker\Docker\resources\bin;C:\Program Files\nodejs\;C:\Python39\Scripts\;C:\Python39\;C:\Users\VIET ANH\AppData\Local\Microsoft\WindowsApps;C:\MinGW\bin;C:\Users\VIET ANH\AppData\Local\Programs\Microsoft VS Code\bin;C:\Users\VIET ANH\OneDrive\Máy tính\Java\IntelliJ IDEA 2024.3.2.2\bin;;C:\Program Files\JetBrains\IntelliJ IDEA Community Edition 2024.3.2.2\bin;;C:\Users\VIET ANH\AppData\Roaming\npm
USERNAME=VIET ANH
OS=Windows_NT
PROCESSOR_IDENTIFIER=Intel64 Family 6 Model 140 Stepping 2, GenuineIntel
TMP=C:\Users\VIETAN~1\AppData\Local\Temp
TEMP=C:\Users\VIETAN~1\AppData\Local\Temp




Periodic native trim disabled

---------------  S Y S T E M  ---------------

OS:
 Windows 11 , 64 bit Build 26100 (10.0.26100.4484)
OS uptime: 11 days 19:27 hours
Hyper-V role detected

CPU: total 8 (initial active 8) (4 cores per cpu, 2 threads per core) family 6 model 140 stepping 2 microcode 0x26, cx8, cmov, fxsr, ht, mmx, 3dnowpref, sse, sse2, sse3, ssse3, sse4.1, sse4.2, popcnt, lzcnt, tsc, tscinvbit, avx, avx2, aes, erms, clmul, bmi1, bmi2, adx, avx512f, avx512dq, avx512cd, avx512bw, avx512vl, sha, fma, vzeroupper, avx512_vpopcntdq, avx512_vpclmulqdq, avx512_vaes, avx512_vnni, clflush, clflushopt, clwb, avx512_vbmi2, avx512_vbmi, hv, rdtscp, rdpid, fsrm, gfni, avx512_bitalg, f16c, cet_ibt, cet_ss, avx512_ifma
Processor Information for the first 8 processors :
  Max Mhz: 3187, Current Mhz: 3187, Mhz Limit: 3187

Memory: 4k page, system-wide physical 7975M (428M free)
TotalPageFile size 32551M (AvailPageFile size 96M)
current process WorkingSet (physical memory assigned to process): 45M, peak: 390M
current process commit charge ("private bytes"): 404M, peak: 436M

vm_info: OpenJDK 64-Bit Server VM (24.0.1+9-30) for windows-amd64 JRE (24.0.1+9-30), built on 2025-03-05T07:23:45Z with MS VC++ 17.6 (VS2022)

END.
